Symbol="NVDA"
AssetType="Common Stock"
Name="NVIDIA Corporation"
Description="Nvidia Corporation is an American multinational technology company incorporated in Delaware and based in Santa Clara, California. It designs graphics processing units (GPUs) for the gaming and professional markets, as well as system on a chip units (SoCs) for the mobile computing and automotive market."
CIK="1045810"
Exchange="NASDAQ"
Currency="USD"
Country="USA"
Sector="MANUFACTURING"
Industry="SEMICONDUCTORS & RELATED DEVICES"
Address="2701 SAN TOMAS EXPRESSWAY, SANTA CLARA, CA, US"
FiscalYearEnd="January"
LatestQuarter="2023-04-30"
MarketCapitalization="1039944122000"
EBITDA="6090000000"
PERatio="212.64"
PEGRatio="4.041"
BookValue="9.91"
DividendPerShare="0.16"
DividendYield="0.0004"
EPS="1.98"
RevenuePerShareTTM="10.44"
ProfitMargin="0.185"
OperatingMarginTTM="0.174"
ReturnOnAssetsTTM="0.0627"
ReturnOnEquityTTM="0.189"
RevenueTTM="25878000000"
GrossProfitTTM="15356000000"
DilutedEPSTTM="1.98"
QuarterlyEarningsGrowthYOY="0.281"
QuarterlyRevenueGrowthYOY="-0.132"
AnalystTargetPrice="434.95"
TrailingPE="212.64"
ForwardPE="39.53"
PriceToSalesRatioTTM="14.79"
PriceToBookRatio="19.59"
EVToRevenue="14.59"
EVToEBITDA="56.0"
Beta="1.751"
num_52WeekHigh="439.9"
num_52WeekLow="108.07"
num_50DayMovingAverage="355.52"
num_200DayMovingAverage="228.88"
SharesOutstanding="2470000000"
DividendDate="2023-06-30"
ExDividendDate="2023-06-07"
symbol="NVDA"
open="423.22"
high="432.14"
low="421.80"
price="425.03"
volume="35588147.00"
latest_trading_day="2023-07-07"
previous_close="421.03"
change="4.00"
change_percent="0.9501%"
aroon_positive_momentum_days="100"
aroon_negative_momentum_days="0"
trend_strength="Strong Trend"
buying_signal="Strong Buy Signal"
volume_analysis="Trending Low"
value_analysis="Bearish Trend"
Aroon_change="FALSE"
Aroon_momentum="100"
Volume_recent_avg="48086499"
Change_recent_avg="0.95"
Delta_recent_avg="9.93"
Variance_recent_avg="4.96"
Change_ratio_recent_avg="0.31"
RSI_change="FALSE"
ADX_change="FALSE"
Aroon_signal="positive"
Aroon_change="FALSE"
Aroon_momentum_positive="100"
Aroon_momentum_negative="0"
image_negative_thumbnail_id_1="516"
image_negative_url_1="https://hehge.com/wp-content/uploads/sites/16/2023/06/MI_Finance_Negative_Landscape_0089.jpeg"
image_negative_thumbnail_id_2="1161"
image_negative_url_2="https://hehge.com/wp-content/uploads/sites/16/2023/06/MI_Finance_Negative_Landscape_0195.jpeg"
image_neutral_thumbnail_id_1="527"
image_neutral_url_1="https://hehge.com/wp-content/uploads/sites/16/2023/06/MI_Finance_Neutral_Landscape_0072.jpeg"
image_neutral_thumbnail_id_2="582"
image_neutral_url_2="https://hehge.com/wp-content/uploads/sites/16/2023/06/MI_Finance_Neutral_Landscape_0017.jpeg"
image_positive_thumbnail_id_1="954"
image_positive_url_1="https://hehge.com/wp-content/uploads/sites/16/2023/06/MI_Finance_Positive_Landscape_0116.jpeg"
image_positive_thumbnail_id_2="702"
image_positive_url_2="https://hehge.com/wp-content/uploads/sites/16/2023/06/MI_Finance_Positive_Landscape_0006.jpeg"
image_professor_thumbnail_id_1="1201"
image_professor_url_1="https://hehge.com/wp-content/uploads/sites/16/2023/06/MI_Finance_Professor_Landscape_0035.jpeg"
image_professor_thumbnail_id_2="1170"
image_professor_url_2="https://hehge.com/wp-content/uploads/sites/16/2023/06/MI_Finance_Professor_Landscape_0004.jpeg"
