Symbol="BRID"
AssetType="Common Stock"
Name="Bridgford Foods Corporation"
Description="Bridgford Foods Corporation manufactures, markets and distributes frozen, refrigerated food and snack products in the United States. "
CIK="14177"
Exchange="NASDAQ"
Currency="USD"
Country="USA"
Sector="MANUFACTURING"
Industry="SAUSAGES & OTHER PREPARED MEAT PRODUCTS"
Address="1308 N PATT ST, P O BOX 3773, ANAHEIM, CA, US"
FiscalYearEnd="November"
LatestQuarter="2023-05-31"
MarketCapitalization="102840000"
EBITDA="11999000"
PERatio="23.6"
PEGRatio="0"
BookValue="14.11"
DividendPerShare="0"
DividendYield="0"
EPS="0.48"
RevenuePerShareTTM="28.53"
ProfitMargin="0.174"
OperatingMarginTTM="0.021"
ReturnOnAssetsTTM="0.0204"
ReturnOnEquityTTM="0.443"
RevenueTTM="258958000"
GrossProfitTTM="68163000"
DilutedEPSTTM="0.48"
QuarterlyEarningsGrowthYOY="-0.983"
QuarterlyRevenueGrowthYOY="-0.09"
AnalystTargetPrice="7.93"
TrailingPE="23.6"
ForwardPE="-"
PriceToSalesRatioTTM="0.435"
PriceToBookRatio="0.931"
EVToRevenue="0.36"
EVToEBITDA="1.5"
Beta="-0.523"
num_52WeekHigh="15.38"
num_52WeekLow="10.71"
num_50DayMovingAverage="11.71"
num_200DayMovingAverage="12.3"
SharesOutstanding="9076800"
DividendDate="2012-12-24"
ExDividendDate="2012-11-23"
symbol="BRID"
open="11.65"
high="11.76"
low="11.33"
price="11.33"
volume="8106.00"
latest_trading_day="2023-08-24"
previous_close="11.50"
change="-0.17"
change_percent="-1.4783%"
aroon_positive_momentum_days="29"
aroon_negative_momentum_days="0"
trend_strength="Absent or Weak Trend"
buying_signal="Strong Buy Signal"
volume_analysis="Target Volume"
value_analysis="Expected Range"
Aroon_change="FALSE"
Aroon_momentum="29"
Volume_recent_avg="3993"
Change_recent_avg="-0.05"
Delta_recent_avg="0.31"
Variance_recent_avg="0.16"
Change_ratio_recent_avg="-0.47"
RSI_change="FALSE"
ADX_change="FALSE"

event="FALSE"
Aroon_signal="positive"
Aroon_change="FALSE"
Aroon_momentum_positive="29"
Aroon_momentum_negative="71"
image_negative_thumbnail_id_1="502"
image_negative_url_1="https://hehge.com/wp-content/uploads/sites/16/2023/06/MI_Finance_Negative_Landscape_0103.jpeg"
image_negative_thumbnail_id_2="1120"
image_negative_url_2="https://hehge.com/wp-content/uploads/sites/16/2023/06/MI_Finance_Negative_Landscape_0153.jpeg"
image_neutral_thumbnail_id_1="580"
image_neutral_url_1="https://hehge.com/wp-content/uploads/sites/16/2023/06/MI_Finance_Neutral_Landscape_0019.jpeg"
image_neutral_thumbnail_id_2="589"
image_neutral_url_2="https://hehge.com/wp-content/uploads/sites/16/2023/06/MI_Finance_Neutral_Landscape_0010.jpeg"
image_positive_thumbnail_id_1="976"
image_positive_url_1="https://hehge.com/wp-content/uploads/sites/16/2023/06/MI_Finance_Positive_Landscape_0138.jpeg"
image_positive_thumbnail_id_2="630"
image_positive_url_2="https://hehge.com/wp-content/uploads/sites/16/2023/06/MI_Finance_Positive_Landscape_0078.jpeg"
image_professor_thumbnail_id_1="1179"
image_professor_url_1="https://hehge.com/wp-content/uploads/sites/16/2023/06/MI_Finance_Professor_Landscape_0013.jpeg"
image_professor_thumbnail_id_2="1202"
image_professor_url_2="https://hehge.com/wp-content/uploads/sites/16/2023/06/MI_Finance_Professor_Landscape_0036.jpeg"
