Symbol="MNST"
AssetType="Common Stock"
Name="Monster Beverage Corp"
Description="Monster Beverage Corporation is an American beverage company that manufactures energy drinks including Monster Energy, Relentless and Burn."
CIK="865752"
Exchange="NASDAQ"
Currency="USD"
Country="USA"
Sector="MANUFACTURING"
Industry="BOTTLED & CANNED SOFT DRINKS & CARBONATED WATERS"
Address="1 MONSTER WAY, CORONA, CA, US"
FiscalYearEnd="December"
LatestQuarter="2023-06-30"
MarketCapitalization="61269447000"
EBITDA="1884345000"
PERatio="43.01"
PEGRatio="3.395"
BookValue="7.49"
DividendPerShare="0"
DividendYield="0"
EPS="1.36"
RevenuePerShareTTM="6.39"
ProfitMargin="0.214"
OperatingMarginTTM="0.272"
ReturnOnAssetsTTM="0.131"
ReturnOnEquityTTM="0.196"
RevenueTTM="6691108000"
GrossProfitTTM="3174567000"
DilutedEPSTTM="1.36"
QuarterlyEarningsGrowthYOY="0.508"
QuarterlyRevenueGrowthYOY="0.121"
AnalystTargetPrice="62.41"
TrailingPE="43.01"
ForwardPE="32.79"
PriceToSalesRatioTTM="8.36"
PriceToBookRatio="7.66"
EVToRevenue="7.97"
EVToEBITDA="29.84"
Beta="0.831"
num_52WeekHigh="60.47"
num_52WeekLow="42.8"
num_50DayMovingAverage="57.56"
num_200DayMovingAverage="54.09"
SharesOutstanding="1047520000"
DividendDate="None"
ExDividendDate="None"
symbol="MNST"
open="57.71"
high="58.60"
low="57.60"
price="58.49"
volume="3403945.00"
latest_trading_day="2023-08-29"
previous_close="57.71"
change="0.78"
change_percent="1.3516%"
aroon_positive_momentum_days="0"
aroon_negative_momentum_days="25"
trend_strength="Absent or Weak Trend"
buying_signal="Weak Sell Signal"
volume_analysis="Target Volume"
value_analysis="Expected Range"
Aroon_change="FALSE"
Aroon_momentum="75"
Volume_recent_avg="4263921"
Change_recent_avg="0.02"
Delta_recent_avg="0.92"
Variance_recent_avg="0.46"
Change_ratio_recent_avg="0.03"
RSI_change="FALSE"
ADX_change="FALSE"

event="FALSE"
Aroon_signal="negative"
Aroon_change="FALSE"
Aroon_momentum_positive="75"
Aroon_momentum_negative="25"
image_negative_thumbnail_id_1="488"
image_negative_url_1="https://hehge.com/wp-content/uploads/sites/16/2023/06/MI_Finance_Negative_Landscape_0117.jpeg"
image_negative_thumbnail_id_2="112"
image_negative_url_2="https://hehge.com/wp-content/uploads/sites/16/2023/05/MI_Finance_Negative_Landscape_0064.jpeg"
image_neutral_thumbnail_id_1="590"
image_neutral_url_1="https://hehge.com/wp-content/uploads/sites/16/2023/06/MI_Finance_Neutral_Landscape_0009.jpeg"
image_neutral_thumbnail_id_2="527"
image_neutral_url_2="https://hehge.com/wp-content/uploads/sites/16/2023/06/MI_Finance_Neutral_Landscape_0072.jpeg"
image_positive_thumbnail_id_1="956"
image_positive_url_1="https://hehge.com/wp-content/uploads/sites/16/2023/06/MI_Finance_Positive_Landscape_0118.jpeg"
image_positive_thumbnail_id_2="991"
image_positive_url_2="https://hehge.com/wp-content/uploads/sites/16/2023/06/MI_Finance_Positive_Landscape_0153.jpeg"
image_professor_thumbnail_id_1="1188"
image_professor_url_1="https://hehge.com/wp-content/uploads/sites/16/2023/06/MI_Finance_Professor_Landscape_0022.jpeg"
image_professor_thumbnail_id_2="1170"
image_professor_url_2="https://hehge.com/wp-content/uploads/sites/16/2023/06/MI_Finance_Professor_Landscape_0004.jpeg"
