Symbol="OST"
AssetType="Common Stock"
Name="Ostin Technology Group Co Ltd"
Description="None"
CIK="1803407"
Exchange="NASDAQ"
Currency="USD"
Country="USA"
Sector="MANUFACTURING"
Industry="ELECTRONIC COMPONENTS, NEC"
Address="ROOM 101 BUILDING 2 KECHUANG ROAD 1, QIXIA DISTRICT, NANJIANG JIANGSU, CHINA"
FiscalYearEnd="September"
LatestQuarter="2022-03-31"
MarketCapitalization="10546700"
EBITDA="-4684036"
PERatio="37.65"
PEGRatio="None"
BookValue="1.424"
DividendPerShare="0"
DividendYield="0"
EPS="0.02"
RevenuePerShareTTM="5.81"
ProfitMargin="-0.0752"
OperatingMarginTTM="-0.0907"
ReturnOnAssetsTTM="-0.0721"
ReturnOnEquityTTM="-0.331"
RevenueTTM="79617000"
GrossProfitTTM="12612300"
DilutedEPSTTM="0.02"
QuarterlyEarningsGrowthYOY="-0.161"
QuarterlyRevenueGrowthYOY="-0.429"
AnalystTargetPrice="None"
TrailingPE="37.65"
ForwardPE="-"
PriceToSalesRatioTTM="0.0923"
PriceToBookRatio="0.881"
EVToRevenue="0.3"
EVToEBITDA="8.03"
Beta="None"
num_52WeekHigh="2.518"
num_52WeekLow="0.61"
num_50DayMovingAverage="0.933"
num_200DayMovingAverage="1.0"
SharesOutstanding="14006200"
DividendDate="None"
ExDividendDate="None"
symbol="OST"
open="0.78"
high="0.78"
low="0.75"
price="0.75"
volume="18153.00"
latest_trading_day="2023-08-11"
previous_close="0.77"
change="-0.02"
change_percent="-2.4611%"
aroon_positive_momentum_days="0"
aroon_negative_momentum_days="61"
trend_strength="Absent or Weak Trend"
buying_signal="Weak Sell Signal"
volume_analysis="Trending High"
value_analysis="Bullish Trend"
Aroon_change="FALSE"
Aroon_momentum="39"
Volume_recent_avg="85319"
Change_recent_avg="0.01"
Delta_recent_avg="0.09"
Variance_recent_avg="0.05"
Change_ratio_recent_avg="0.51"
RSI_change="FALSE"
ADX_change="FALSE"

event="FALSE"
Aroon_signal="negative"
Aroon_change="FALSE"
Aroon_momentum_positive="39"
Aroon_momentum_negative="61"
image_negative_thumbnail_id_1="117"
image_negative_url_1="https://hehge.com/wp-content/uploads/sites/16/2023/05/MI_Finance_Negative_Landscape_0059.jpeg"
image_negative_thumbnail_id_2="119"
image_negative_url_2="https://hehge.com/wp-content/uploads/sites/16/2023/05/MI_Finance_Negative_Landscape_0057.jpeg"
image_neutral_thumbnail_id_1="595"
image_neutral_url_1="https://hehge.com/wp-content/uploads/sites/16/2023/06/MI_Finance_Neutral_Landscape_0004.jpeg"
image_neutral_thumbnail_id_2="576"
image_neutral_url_2="https://hehge.com/wp-content/uploads/sites/16/2023/06/MI_Finance_Neutral_Landscape_0023.jpeg"
image_positive_thumbnail_id_1="987"
image_positive_url_1="https://hehge.com/wp-content/uploads/sites/16/2023/06/MI_Finance_Positive_Landscape_0149.jpeg"
image_positive_thumbnail_id_2="953"
image_positive_url_2="https://hehge.com/wp-content/uploads/sites/16/2023/06/MI_Finance_Positive_Landscape_0115.jpeg"
image_professor_thumbnail_id_1="1186"
image_professor_url_1="https://hehge.com/wp-content/uploads/sites/16/2023/06/MI_Finance_Professor_Landscape_0020.jpeg"
image_professor_thumbnail_id_2="1192"
image_professor_url_2="https://hehge.com/wp-content/uploads/sites/16/2023/06/MI_Finance_Professor_Landscape_0026.jpeg"
