Symbol="MINM"
AssetType="Common Stock"
Name="Minim Inc"
Description="Minim, Inc. designs, manufactures, markets, sells, and supports Internet access and other communications-related products in North America and internationally. The company is headquartered in Manchester, New Hampshire."
CIK="1467761"
Exchange="NASDAQ"
Currency="USD"
Country="USA"
Sector="MANUFACTURING"
Industry="TELEPHONE & TELEGRAPH APPARATUS"
Address="848 ELM STREET, MANCHESTER, NH, UNITED STATES"
FiscalYearEnd="December"
LatestQuarter="2022-12-31"
MarketCapitalization="5884600"
EBITDA="-14207812"
PERatio="None"
PEGRatio="None"
BookValue="8.7"
DividendPerShare="0"
DividendYield="0"
EPS="-9.54"
RevenuePerShareTTM="27.27"
ProfitMargin="-0.307"
OperatingMarginTTM="-0.297"
ReturnOnAssetsTTM="-0.221"
ReturnOnEquityTTM="-0.664"
RevenueTTM="50622000"
GrossProfitTTM="11926000"
DilutedEPSTTM="-9.54"
QuarterlyEarningsGrowthYOY="0"
QuarterlyRevenueGrowthYOY="0.014"
AnalystTargetPrice="8.75"
TrailingPE="-"
ForwardPE="-"
PriceToSalesRatioTTM="0.161"
PriceToBookRatio="0.338"
EVToRevenue="0.23"
EVToEBITDA="-1.325"
Beta="0.394"
num_52WeekHigh="10.5"
num_52WeekLow="1.8"
num_50DayMovingAverage="3.899"
num_200DayMovingAverage="4.197"
SharesOutstanding="1886100"
DividendDate="None"
ExDividendDate="None"
symbol="MINM"
open="3.17"
high="3.49"
low="2.80"
price="2.80"
volume="16640.00"
latest_trading_day="2023-08-15"
previous_close="3.23"
change="-0.43"
change_percent="-13.2755%"
aroon_positive_momentum_days="0"
aroon_negative_momentum_days="98"
trend_strength="Strong Trend"
buying_signal="Strong Sell Signal"
volume_analysis="Target Volume"
value_analysis="Expected Range"
Aroon_change="FALSE"
Aroon_momentum="2"
Volume_recent_avg="1337487"
Change_recent_avg="0.02"
Delta_recent_avg="0.64"
Variance_recent_avg="0.32"
Change_ratio_recent_avg="-0.07"
RSI_change="FALSE"
ADX_change="FALSE"

event="aroon_milestone_negative_10"
Aroon_signal="negative"
Aroon_change="FALSE"
Aroon_momentum_positive="2"
Aroon_momentum_negative="98"
image_negative_thumbnail_id_1="500"
image_negative_url_1="https://hehge.com/wp-content/uploads/sites/16/2023/06/MI_Finance_Negative_Landscape_0105.jpeg"
image_negative_thumbnail_id_2="117"
image_negative_url_2="https://hehge.com/wp-content/uploads/sites/16/2023/05/MI_Finance_Negative_Landscape_0059.jpeg"
image_neutral_thumbnail_id_1="432"
image_neutral_url_1="https://hehge.com/wp-content/uploads/sites/16/2023/05/MI_Finance_Neutral_Landscape_0019.jpeg"
image_neutral_thumbnail_id_2="538"
image_neutral_url_2="https://hehge.com/wp-content/uploads/sites/16/2023/06/MI_Finance_Neutral_Landscape_0061.jpeg"
image_positive_thumbnail_id_1="671"
image_positive_url_1="https://hehge.com/wp-content/uploads/sites/16/2023/06/MI_Finance_Positive_Landscape_0037.jpeg"
image_positive_thumbnail_id_2="655"
image_positive_url_2="https://hehge.com/wp-content/uploads/sites/16/2023/06/MI_Finance_Positive_Landscape_0053.jpeg"
image_professor_thumbnail_id_1="1182"
image_professor_url_1="https://hehge.com/wp-content/uploads/sites/16/2023/06/MI_Finance_Professor_Landscape_0016.jpeg"
image_professor_thumbnail_id_2="1190"
image_professor_url_2="https://hehge.com/wp-content/uploads/sites/16/2023/06/MI_Finance_Professor_Landscape_0024.jpeg"
