Symbol="HEAR"
AssetType="Common Stock"
Name="Turtle Beach Corp"
Description="Turtle Beach Corporation is an audio technology company. The company is headquartered in San Diego, California."
CIK="1493761"
Exchange="NASDAQ"
Currency="USD"
Country="USA"
Sector="MANUFACTURING"
Industry="COMMUNICATIONS EQUIPMENT, NEC"
Address="11011 VIA FRONTERA, SUITE A, SAN DIEGO, CA, US"
FiscalYearEnd="December"
LatestQuarter="2023-03-31"
MarketCapitalization="192774000"
EBITDA="-41381000"
PERatio="None"
PEGRatio="1.192"
BookValue="5.11"
DividendPerShare="0"
DividendYield="0"
EPS="-3.39"
RevenuePerShareTTM="14.8"
ProfitMargin="-0.244"
OperatingMarginTTM="-0.192"
ReturnOnAssetsTTM="-0.166"
ReturnOnEquityTTM="-0.541"
RevenueTTM="244948000"
GrossProfitTTM="49187000"
DilutedEPSTTM="-3.39"
QuarterlyEarningsGrowthYOY="-0.73"
QuarterlyRevenueGrowthYOY="0.102"
AnalystTargetPrice="14.8"
TrailingPE="-"
ForwardPE="19.08"
PriceToSalesRatioTTM="0.509"
PriceToBookRatio="1.239"
EVToRevenue="0.682"
EVToEBITDA="-5.16"
Beta="1.889"
num_52WeekHigh="14.74"
num_52WeekLow="6.17"
num_50DayMovingAverage="11.21"
num_200DayMovingAverage="9.39"
SharesOutstanding="17135500"
DividendDate="2018-04-09"
ExDividendDate="None"
symbol="HEAR"
open="10.79"
high="11.28"
low="10.78"
price="11.25"
volume="107211.00"
latest_trading_day="2023-07-31"
previous_close="10.73"
change="0.52"
change_percent="4.8462%"
aroon_positive_momentum_days="0"
aroon_negative_momentum_days="16"
trend_strength="Absent or Weak Trend"
buying_signal="Strong Sell Signal"
volume_analysis="Target Volume"
value_analysis="Expected Range"
Aroon_change="FALSE"
Aroon_momentum="84"
Volume_recent_avg="278170"
Change_recent_avg="0.04"
Delta_recent_avg="0.53"
Variance_recent_avg="0.26"
Change_ratio_recent_avg="0.42"
RSI_change="FALSE"
ADX_change="FALSE"

event="FALSE"
Aroon_signal="negative"
Aroon_change="FALSE"
Aroon_momentum_positive="84"
Aroon_momentum_negative="16"
image_negative_thumbnail_id_1="107"
image_negative_url_1="https://hehge.com/wp-content/uploads/sites/16/2023/05/MI_Finance_Negative_Landscape_0069.jpeg"
image_negative_thumbnail_id_2="130"
image_negative_url_2="https://hehge.com/wp-content/uploads/sites/16/2023/05/MI_Finance_Negative_Landscape_0046.jpeg"
image_neutral_thumbnail_id_1="534"
image_neutral_url_1="https://hehge.com/wp-content/uploads/sites/16/2023/06/MI_Finance_Neutral_Landscape_0065.jpeg"
image_neutral_thumbnail_id_2="567"
image_neutral_url_2="https://hehge.com/wp-content/uploads/sites/16/2023/06/MI_Finance_Neutral_Landscape_0032.jpeg"
image_positive_thumbnail_id_1="993"
image_positive_url_1="https://hehge.com/wp-content/uploads/sites/16/2023/06/MI_Finance_Positive_Landscape_0155.jpeg"
image_positive_thumbnail_id_2="953"
image_positive_url_2="https://hehge.com/wp-content/uploads/sites/16/2023/06/MI_Finance_Positive_Landscape_0115.jpeg"
image_professor_thumbnail_id_1="1178"
image_professor_url_1="https://hehge.com/wp-content/uploads/sites/16/2023/06/MI_Finance_Professor_Landscape_0012.jpeg"
image_professor_thumbnail_id_2="1170"
image_professor_url_2="https://hehge.com/wp-content/uploads/sites/16/2023/06/MI_Finance_Professor_Landscape_0004.jpeg"
