Symbol="BLBD"
AssetType="Common Stock"
Name="Blue Bird Corp"
Description="Blue Bird Corporation designs, designs, manufactures, and sells school buses and related parts in the United States, Canada, and internationally. The company is headquartered in Macon, Georgia."
CIK="1589526"
Exchange="NASDAQ"
Currency="USD"
Country="USA"
Sector="MANUFACTURING"
Industry="TRUCK & BUS BODIES"
Address="402 BLUE BIRD BOULEVARD, FORT VALLEY, GA, US"
FiscalYearEnd="September"
LatestQuarter="2023-06-30"
MarketCapitalization="697697000"
EBITDA="14536000"
PERatio="None"
PEGRatio="1.13"
BookValue="0.325"
DividendPerShare="0"
DividendYield="0"
EPS="-1.07"
RevenuePerShareTTM="33.94"
ProfitMargin="-0.0165"
OperatingMarginTTM="0.0003"
ReturnOnAssetsTTM="0.0004"
ReturnOnEquityTTM="-1.104"
RevenueTTM="1087502000"
GrossProfitTTM="36546000"
DilutedEPSTTM="-1.07"
QuarterlyEarningsGrowthYOY="2.351"
QuarterlyRevenueGrowthYOY="0.428"
AnalystTargetPrice="29.67"
TrailingPE="-"
ForwardPE="25.97"
PriceToSalesRatioTTM="0.407"
PriceToBookRatio="210.41"
EVToRevenue="0.565"
EVToEBITDA="-18.61"
Beta="1.295"
num_52WeekHigh="28.8"
num_52WeekLow="7.13"
num_50DayMovingAverage="21.52"
num_200DayMovingAverage="18.1"
SharesOutstanding="32092800"
DividendDate="None"
ExDividendDate="None"
symbol="BLBD"
open="20.61"
high="21.90"
low="20.50"
price="21.74"
volume="284776.00"
latest_trading_day="2023-08-18"
previous_close="20.49"
change="1.25"
change_percent="6.1005%"
aroon_positive_momentum_days="0"
aroon_negative_momentum_days="11"
trend_strength="Absent or Weak Trend"
buying_signal="Strong Sell Signal"
volume_analysis="Target Volume"
value_analysis="Expected Range"
Aroon_change="FALSE"
Aroon_momentum="89"
Volume_recent_avg="335430"
Change_recent_avg="-0.01"
Delta_recent_avg="1.12"
Variance_recent_avg="0.56"
Change_ratio_recent_avg="-0.14"
RSI_change="FALSE"
ADX_change="FALSE"

event="FALSE"
Aroon_signal="negative"
Aroon_change="FALSE"
Aroon_momentum_positive="89"
Aroon_momentum_negative="11"
image_negative_thumbnail_id_1="505"
image_negative_url_1="https://hehge.com/wp-content/uploads/sites/16/2023/06/MI_Finance_Negative_Landscape_0100.jpeg"
image_negative_thumbnail_id_2="500"
image_negative_url_2="https://hehge.com/wp-content/uploads/sites/16/2023/06/MI_Finance_Negative_Landscape_0105.jpeg"
image_neutral_thumbnail_id_1="521"
image_neutral_url_1="https://hehge.com/wp-content/uploads/sites/16/2023/06/MI_Finance_Neutral_Landscape_0078.jpeg"
image_neutral_thumbnail_id_2="572"
image_neutral_url_2="https://hehge.com/wp-content/uploads/sites/16/2023/06/MI_Finance_Neutral_Landscape_0027.jpeg"
image_positive_thumbnail_id_1="647"
image_positive_url_1="https://hehge.com/wp-content/uploads/sites/16/2023/06/MI_Finance_Positive_Landscape_0061.jpeg"
image_positive_thumbnail_id_2="977"
image_positive_url_2="https://hehge.com/wp-content/uploads/sites/16/2023/06/MI_Finance_Positive_Landscape_0139.jpeg"
image_professor_thumbnail_id_1="1204"
image_professor_url_1="https://hehge.com/wp-content/uploads/sites/16/2023/06/MI_Finance_Professor_Landscape_0038.jpeg"
image_professor_thumbnail_id_2="1185"
image_professor_url_2="https://hehge.com/wp-content/uploads/sites/16/2023/06/MI_Finance_Professor_Landscape_0019.jpeg"
