Symbol="CPSH"
AssetType="Common Stock"
Name="Cps Technologies"
Description="CPS Technologies Corporation produces and sells advanced materials solutions for the transportation, automotive, energy, computing / internet, telecommunications, aerospace, defense, and oil and gas markets. The company is headquartered in Norton, Massachusetts."
CIK="814676"
Exchange="NASDAQ"
Currency="USD"
Country="USA"
Sector="MANUFACTURING"
Industry="POTTERY & RELATED PRODUCTS"
Address="111 SOUTH WORCESTER STREET, NORTON, MA, US"
FiscalYearEnd="December"
LatestQuarter="2023-06-30"
MarketCapitalization="40355900"
EBITDA="2930000"
PERatio="17.38"
PEGRatio="0"
BookValue="1.168"
DividendPerShare="0"
DividendYield="0"
EPS="0.16"
RevenuePerShareTTM="1.894"
ProfitMargin="0.0846"
OperatingMarginTTM="0.0892"
ReturnOnAssetsTTM="0.0736"
ReturnOnEquityTTM="0.148"
RevenueTTM="27381900"
GrossProfitTTM="7301100"
DilutedEPSTTM="0.16"
QuarterlyEarningsGrowthYOY="0.333"
QuarterlyRevenueGrowthYOY="0.049"
AnalystTargetPrice="None"
TrailingPE="17.38"
ForwardPE="-"
PriceToSalesRatioTTM="1.564"
PriceToBookRatio="2.765"
EVToRevenue="1.404"
EVToEBITDA="14.34"
Beta="1.649"
num_52WeekHigh="3.69"
num_52WeekLow="2.52"
num_50DayMovingAverage="2.853"
num_200DayMovingAverage="2.903"
SharesOutstanding="14516500"
DividendDate="None"
ExDividendDate="None"
symbol="CPSH"
open="2.71"
high="2.79"
low="2.71"
price="2.79"
volume="8367.00"
latest_trading_day="2023-08-28"
previous_close="2.78"
change="0.01"
change_percent="0.3633%"
aroon_positive_momentum_days="0"
aroon_negative_momentum_days="50"
trend_strength="Absent or Weak Trend"
buying_signal="Strong Sell Signal"
volume_analysis="Target Volume"
value_analysis="Expected Range"
Aroon_change="FALSE"
Aroon_momentum="50"
Volume_recent_avg="28309"
Change_recent_avg="0.02"
Delta_recent_avg="0.12"
Variance_recent_avg="0.06"
Change_ratio_recent_avg="0.58"
RSI_change="FALSE"
ADX_change="FALSE"

event="FALSE"
Aroon_signal="negative"
Aroon_change="FALSE"
Aroon_momentum_positive="50"
Aroon_momentum_negative="50"
image_negative_thumbnail_id_1="1105"
image_negative_url_1="https://hehge.com/wp-content/uploads/sites/16/2023/06/MI_Finance_Negative_Landscape_0138.jpeg"
image_negative_thumbnail_id_2="1096"
image_negative_url_2="https://hehge.com/wp-content/uploads/sites/16/2023/06/MI_Finance_Negative_Landscape_0129.jpeg"
image_neutral_thumbnail_id_1="554"
image_neutral_url_1="https://hehge.com/wp-content/uploads/sites/16/2023/06/MI_Finance_Neutral_Landscape_0045.jpeg"
image_neutral_thumbnail_id_2="534"
image_neutral_url_2="https://hehge.com/wp-content/uploads/sites/16/2023/06/MI_Finance_Neutral_Landscape_0065.jpeg"
image_positive_thumbnail_id_1="681"
image_positive_url_1="https://hehge.com/wp-content/uploads/sites/16/2023/06/MI_Finance_Positive_Landscape_0027.jpeg"
image_positive_thumbnail_id_2="662"
image_positive_url_2="https://hehge.com/wp-content/uploads/sites/16/2023/06/MI_Finance_Positive_Landscape_0046.jpeg"
image_professor_thumbnail_id_1="1193"
image_professor_url_1="https://hehge.com/wp-content/uploads/sites/16/2023/06/MI_Finance_Professor_Landscape_0027.jpeg"
image_professor_thumbnail_id_2="1195"
image_professor_url_2="https://hehge.com/wp-content/uploads/sites/16/2023/06/MI_Finance_Professor_Landscape_0029.jpeg"
