Symbol="PM"
AssetType="Common Stock"
Name="Philip Morris International Inc"
Description="Philip Morris International Inc. (PMI) is a Swiss-American multinational cigarette and tobacco manufacturing company, with products sold in over 180 countries. The most recognized and best selling product of the company is Marlboro."
CIK="1413329"
Exchange="NYSE"
Currency="USD"
Country="USA"
Sector="MANUFACTURING"
Industry="CIGARETTES"
Address="120 PARK AVENUE, NEW YORK, NY, US"
FiscalYearEnd="December"
LatestQuarter="2023-06-30"
MarketCapitalization="145904900000"
EBITDA="13551000000"
PERatio="15.64"
PEGRatio="3.549"
BookValue="-6.25"
DividendPerShare="5.08"
DividendYield="0.054"
EPS="5.17"
RevenuePerShareTTM="21.39"
ProfitMargin="0.243"
OperatingMarginTTM="0.37"
ReturnOnAssetsTTM="0.149"
ReturnOnEquityTTM="0"
RevenueTTM="33170000000"
GrossProfitTTM="20534000000"
DilutedEPSTTM="5.17"
QuarterlyEarningsGrowthYOY="-0.296"
QuarterlyRevenueGrowthYOY="0.145"
AnalystTargetPrice="113.53"
TrailingPE="18.07"
ForwardPE="17.64"
PriceToSalesRatioTTM="4.95"
PriceToBookRatio="-"
EVToRevenue="5.7"
EVToEBITDA="13.38"
Beta="0.718"
num_52WeekHigh="102.84"
num_52WeekLow="79.66"
num_50DayMovingAverage="96.7"
num_200DayMovingAverage="97.68"
SharesOutstanding="1552200000"
DividendDate="2023-07-11"
ExDividendDate="2023-06-22"
symbol="PM"
open="93.27"
high="94.66"
low="93.17"
price="94.36"
volume="2884628.00"
latest_trading_day="2023-08-18"
previous_close="93.40"
change="0.96"
change_percent="1.0278%"
aroon_positive_momentum_days="38"
aroon_negative_momentum_days="0"
trend_strength="Absent or Weak Trend"
buying_signal="Weak Buy Signal"
volume_analysis="Target Volume"
value_analysis="Expected Range"
Aroon_change="FALSE"
Aroon_momentum="38"
Volume_recent_avg="4077233"
Change_recent_avg="0.04"
Delta_recent_avg="1.35"
Variance_recent_avg="0.67"
Change_ratio_recent_avg="0.04"
RSI_change="FALSE"
ADX_change="FALSE"

event="FALSE"
Aroon_signal="positive"
Aroon_change="FALSE"
Aroon_momentum_positive="38"
Aroon_momentum_negative="62"
image_negative_thumbnail_id_1="111"
image_negative_url_1="https://hehge.com/wp-content/uploads/sites/16/2023/05/MI_Finance_Negative_Landscape_0065.jpeg"
image_negative_thumbnail_id_2="1152"
image_negative_url_2="https://hehge.com/wp-content/uploads/sites/16/2023/06/MI_Finance_Negative_Landscape_0185.jpeg"
image_neutral_thumbnail_id_1="535"
image_neutral_url_1="https://hehge.com/wp-content/uploads/sites/16/2023/06/MI_Finance_Neutral_Landscape_0064.jpeg"
image_neutral_thumbnail_id_2="583"
image_neutral_url_2="https://hehge.com/wp-content/uploads/sites/16/2023/06/MI_Finance_Neutral_Landscape_0016.jpeg"
image_positive_thumbnail_id_1="664"
image_positive_url_1="https://hehge.com/wp-content/uploads/sites/16/2023/06/MI_Finance_Positive_Landscape_0044.jpeg"
image_positive_thumbnail_id_2="686"
image_positive_url_2="https://hehge.com/wp-content/uploads/sites/16/2023/06/MI_Finance_Positive_Landscape_0022.jpeg"
image_professor_thumbnail_id_1="1177"
image_professor_url_1="https://hehge.com/wp-content/uploads/sites/16/2023/06/MI_Finance_Professor_Landscape_0011.jpeg"
image_professor_thumbnail_id_2="1170"
image_professor_url_2="https://hehge.com/wp-content/uploads/sites/16/2023/06/MI_Finance_Professor_Landscape_0004.jpeg"
