Symbol="MHK"
AssetType="Common Stock"
Name="Mohawk Industries Inc"
Description="Mohawk Industries is an American flooring manufacturer based in Calhoun, Georgia, United States. Mohawk produces floor covering products for residential and commercial applications in North America and residential applications in Europe."
CIK="851968"
Exchange="NYSE"
Currency="USD"
Country="USA"
Sector="MANUFACTURING"
Industry="CARPETS & RUGS"
Address="160 S INDUSTRIAL BLVD, PO BOX 12069, CALHOUN, GA, US"
FiscalYearEnd="December"
LatestQuarter="2023-06-30"
MarketCapitalization="6704825000"
EBITDA="1377843000"
PERatio="None"
PEGRatio="0.932"
BookValue="128.87"
DividendPerShare="0"
DividendYield="0"
EPS="-2.18"
RevenuePerShareTTM="178.11"
ProfitMargin="-0.0282"
OperatingMarginTTM="0.0652"
ReturnOnAssetsTTM="0.0316"
ReturnOnEquityTTM="-0.0379"
RevenueTTM="11324865000"
GrossProfitTTM="3014243000"
DilutedEPSTTM="-2.18"
QuarterlyEarningsGrowthYOY="-0.641"
QuarterlyRevenueGrowthYOY="-0.064"
AnalystTargetPrice="118.54"
TrailingPE="-"
ForwardPE="9.09"
PriceToSalesRatioTTM="0.539"
PriceToBookRatio="0.828"
EVToRevenue="0.761"
EVToEBITDA="8.87"
Beta="1.325"
num_52WeekHigh="130.63"
num_52WeekLow="87.02"
num_50DayMovingAverage="103.43"
num_200DayMovingAverage="102.82"
SharesOutstanding="63680000"
DividendDate="None"
ExDividendDate="None"
symbol="MHK"
open="104.50"
high="106.05"
low="102.67"
price="105.82"
volume="403196.00"
latest_trading_day="2023-08-08"
previous_close="106.11"
change="-0.29"
change_percent="-0.2733%"
aroon_positive_momentum_days="22"
aroon_negative_momentum_days="0"
trend_strength="Absent or Weak Trend"
buying_signal="Weak Buy Signal"
volume_analysis="Target Volume"
value_analysis="Expected Range"
Aroon_change="FALSE"
Aroon_momentum="22"
Volume_recent_avg="654969"
Change_recent_avg="0.01"
Delta_recent_avg="2.89"
Variance_recent_avg="1.44"
Change_ratio_recent_avg="-0.02"
RSI_change="FALSE"
ADX_change="FALSE"

event="FALSE"
Aroon_signal="positive"
Aroon_change="FALSE"
Aroon_momentum_positive="22"
Aroon_momentum_negative="78"
image_negative_thumbnail_id_1="1093"
image_negative_url_1="https://hehge.com/wp-content/uploads/sites/16/2023/06/MI_Finance_Negative_Landscape_0126.jpeg"
image_negative_thumbnail_id_2="1126"
image_negative_url_2="https://hehge.com/wp-content/uploads/sites/16/2023/06/MI_Finance_Negative_Landscape_0159.jpeg"
image_neutral_thumbnail_id_1="579"
image_neutral_url_1="https://hehge.com/wp-content/uploads/sites/16/2023/06/MI_Finance_Neutral_Landscape_0020.jpeg"
image_neutral_thumbnail_id_2="540"
image_neutral_url_2="https://hehge.com/wp-content/uploads/sites/16/2023/06/MI_Finance_Neutral_Landscape_0059.jpeg"
image_positive_thumbnail_id_1="606"
image_positive_url_1="https://hehge.com/wp-content/uploads/sites/16/2023/06/MI_Finance_Positive_Landscape_0102.jpeg"
image_positive_thumbnail_id_2="702"
image_positive_url_2="https://hehge.com/wp-content/uploads/sites/16/2023/06/MI_Finance_Positive_Landscape_0006.jpeg"
image_professor_thumbnail_id_1="1181"
image_professor_url_1="https://hehge.com/wp-content/uploads/sites/16/2023/06/MI_Finance_Professor_Landscape_0015.jpeg"
image_professor_thumbnail_id_2="1185"
image_professor_url_2="https://hehge.com/wp-content/uploads/sites/16/2023/06/MI_Finance_Professor_Landscape_0019.jpeg"
