Symbol="CROX"
AssetType="Common Stock"
Name="Crocs Inc"
Description="Crocs, Inc. designs, develops, manufactures, markets and distributes casual lifestyle footwear and accessories for men, women and children. The company is headquartered in Broomfield, Colorado."
CIK="1334036"
Exchange="NASDAQ"
Currency="USD"
Country="USA"
Sector="MANUFACTURING"
Industry="RUBBER & PLASTICS FOOTWEAR"
Address="13601 VIA VARRA, BROOMFIELD, CO, US"
FiscalYearEnd="December"
LatestQuarter="2023-06-30"
MarketCapitalization="6469260000"
EBITDA="1038225000"
PERatio="10.59"
PEGRatio="-31.83"
BookValue="13.25"
DividendPerShare="0"
DividendYield="0"
EPS="9.85"
RevenuePerShareTTM="58.07"
ProfitMargin="0"
OperatingMarginTTM="0"
ReturnOnAssetsTTM="0.137"
ReturnOnEquityTTM="0.936"
RevenueTTM="3779003000"
GrossProfitTTM="1860282000"
DilutedEPSTTM="9.85"
QuarterlyEarningsGrowthYOY="1.008"
QuarterlyRevenueGrowthYOY="0.339"
AnalystTargetPrice="140.7"
TrailingPE="10.59"
ForwardPE="8.86"
PriceToSalesRatioTTM="1.785"
PriceToBookRatio="9.47"
EVToRevenue="2.73"
EVToEBITDA="10.57"
Beta="1.907"
num_52WeekHigh="151.32"
num_52WeekLow="65.17"
num_50DayMovingAverage="113.6"
num_200DayMovingAverage="111.78"
SharesOutstanding="62026000"
DividendDate="None"
ExDividendDate="None"
symbol="CROX"
open="104.79"
high="105.76"
low="103.36"
price="103.77"
volume="1794133.00"
latest_trading_day="2023-08-03"
previous_close="104.30"
change="-0.53"
change_percent="-0.5081%"
aroon_positive_momentum_days="0"
aroon_negative_momentum_days="69"
trend_strength="Absent or Weak Trend"
buying_signal="High Volatility / Hold Signal"
volume_analysis="Target Volume"
value_analysis="Expected Range"
Aroon_change="FALSE"
Aroon_momentum="31"
Volume_recent_avg="1844304"
Change_recent_avg="-0.05"
Delta_recent_avg="4.81"
Variance_recent_avg="2.41"
Change_ratio_recent_avg="-0.11"
RSI_change="FALSE"
ADX_change="FALSE"

event="FALSE"
Aroon_signal="negative"
Aroon_change="FALSE"
Aroon_momentum_positive="31"
Aroon_momentum_negative="69"
image_negative_thumbnail_id_1="175"
image_negative_url_1="https://hehge.com/wp-content/uploads/sites/16/2023/05/MI_Finance_Negative_Landscape_0001.jpeg"
image_negative_thumbnail_id_2="170"
image_negative_url_2="https://hehge.com/wp-content/uploads/sites/16/2023/05/MI_Finance_Negative_Landscape_0006.jpeg"
image_neutral_thumbnail_id_1="523"
image_neutral_url_1="https://hehge.com/wp-content/uploads/sites/16/2023/06/MI_Finance_Neutral_Landscape_0076.jpeg"
image_neutral_thumbnail_id_2="586"
image_neutral_url_2="https://hehge.com/wp-content/uploads/sites/16/2023/06/MI_Finance_Neutral_Landscape_0013.jpeg"
image_positive_thumbnail_id_1="960"
image_positive_url_1="https://hehge.com/wp-content/uploads/sites/16/2023/06/MI_Finance_Positive_Landscape_0122.jpeg"
image_positive_thumbnail_id_2="627"
image_positive_url_2="https://hehge.com/wp-content/uploads/sites/16/2023/06/MI_Finance_Positive_Landscape_0081.jpeg"
image_professor_thumbnail_id_1="1190"
image_professor_url_1="https://hehge.com/wp-content/uploads/sites/16/2023/06/MI_Finance_Professor_Landscape_0024.jpeg"
image_professor_thumbnail_id_2="1167"
image_professor_url_2="https://hehge.com/wp-content/uploads/sites/16/2023/06/MI_Finance_Professor_Landscape_0001.jpeg"
