Symbol="MAXN"
AssetType="Common Stock"
Name="Maxeon Solar Technologies Ltd"
Description="Maxeon Solar Technologies, Ltd. designs, manufactures, markets and sells solar panels and related solar system components worldwide. The company is headquartered in Singapore."
CIK="1796898"
Exchange="NASDAQ"
Currency="USD"
Country="USA"
Sector="MANUFACTURING"
Industry="SEMICONDUCTORS & RELATED DEVICES"
Address="8 MARINA BOULEVARD #05-02, MARINA BAY FINANCIAL CENTRE, MARINA BAY, SG"
FiscalYearEnd="December"
LatestQuarter="2023-03-31"
MarketCapitalization="1390656000"
EBITDA="-63194000"
PERatio="None"
PEGRatio="None"
BookValue="1.506"
DividendPerShare="0"
DividendYield="0"
EPS="-4.56"
RevenuePerShareTTM="28.11"
ProfitMargin="-0.163"
OperatingMarginTTM="-0.105"
ReturnOnAssetsTTM="-0.0638"
ReturnOnEquityTTM="-1.142"
RevenueTTM="1155364000"
GrossProfitTTM="-32778000"
DilutedEPSTTM="-4.56"
QuarterlyEarningsGrowthYOY="0"
QuarterlyRevenueGrowthYOY="0.427"
AnalystTargetPrice="39.14"
TrailingPE="-"
ForwardPE="-"
PriceToSalesRatioTTM="1.024"
PriceToBookRatio="7.21"
EVToRevenue="1.119"
EVToEBITDA="-6.69"
Beta="1.447"
num_52WeekHigh="38.91"
num_52WeekLow="10.85"
num_50DayMovingAverage="28.2"
num_200DayMovingAverage="23.45"
SharesOutstanding="51043000"
DividendDate="None"
ExDividendDate="None"
symbol="MAXN"
open="27.42"
high="28.00"
low="26.81"
price="27.38"
volume="693835.00"
latest_trading_day="2023-07-24"
previous_close="27.25"
change="0.14"
change_percent="0.4955%"
aroon_positive_momentum_days="0"
aroon_negative_momentum_days="24"
trend_strength="Absent or Weak Trend"
buying_signal="Weak Sell Signal"
volume_analysis="Target Volume"
value_analysis="Expected Range"
Aroon_change="FALSE"
Aroon_momentum="76"
Volume_recent_avg="1262328"
Change_recent_avg="-0.03"
Delta_recent_avg="1.85"
Variance_recent_avg="0.93"
Change_ratio_recent_avg="-0.15"
RSI_change="FALSE"
ADX_change="FALSE"

event="FALSE"
Aroon_signal="negative"
Aroon_change="FALSE"
Aroon_momentum_positive="76"
Aroon_momentum_negative="24"
image_negative_thumbnail_id_1="1130"
image_negative_url_1="https://hehge.com/wp-content/uploads/sites/16/2023/06/MI_Finance_Negative_Landscape_0163.jpeg"
image_negative_thumbnail_id_2="1121"
image_negative_url_2="https://hehge.com/wp-content/uploads/sites/16/2023/06/MI_Finance_Negative_Landscape_0154.jpeg"
image_neutral_thumbnail_id_1="581"
image_neutral_url_1="https://hehge.com/wp-content/uploads/sites/16/2023/06/MI_Finance_Neutral_Landscape_0018.jpeg"
image_neutral_thumbnail_id_2="538"
image_neutral_url_2="https://hehge.com/wp-content/uploads/sites/16/2023/06/MI_Finance_Neutral_Landscape_0061.jpeg"
image_positive_thumbnail_id_1="704"
image_positive_url_1="https://hehge.com/wp-content/uploads/sites/16/2023/06/MI_Finance_Positive_Landscape_0004.jpeg"
image_positive_thumbnail_id_2="1001"
image_positive_url_2="https://hehge.com/wp-content/uploads/sites/16/2023/06/MI_Finance_Positive_Landscape_0163.jpeg"
image_professor_thumbnail_id_1="1192"
image_professor_url_1="https://hehge.com/wp-content/uploads/sites/16/2023/06/MI_Finance_Professor_Landscape_0026.jpeg"
image_professor_thumbnail_id_2="1196"
image_professor_url_2="https://hehge.com/wp-content/uploads/sites/16/2023/06/MI_Finance_Professor_Landscape_0030.jpeg"
