Symbol="QCOM"
AssetType="Common Stock"
Name="Qualcomm Incorporated"
Description="Qualcomm is an American multinational corporation headquartered in San Diego, California, and incorporated in Delaware. It creates semiconductors, software, and services related to wireless technology. It owns patents critical to the 5G, 4G, CDMA2000, TD-SCDMA and WCDMA mobile communications standards."
CIK="804328"
Exchange="NASDAQ"
Currency="USD"
Country="USA"
Sector="MANUFACTURING"
Industry="RADIO & TV BROADCASTING & COMMUNICATIONS EQUIPMENT"
Address="5775 MOREHOUSE DR, SAN DIEGO, CA, US"
FiscalYearEnd="September"
LatestQuarter="2023-03-31"
MarketCapitalization="136531837000"
EBITDA="14488001000"
PERatio="13.07"
PEGRatio="1.022"
BookValue="17.68"
DividendPerShare="3"
DividendYield="0.0261"
EPS="9.38"
RevenuePerShareTTM="36.65"
ProfitMargin="0.257"
OperatingMarginTTM="0.309"
ReturnOnAssetsTTM="0.171"
ReturnOnEquityTTM="0.644"
RevenueTTM="41069998000"
GrossProfitTTM="25565000000"
DilutedEPSTTM="9.38"
QuarterlyEarningsGrowthYOY="-0.408"
QuarterlyRevenueGrowthYOY="-0.169"
AnalystTargetPrice="119.73"
TrailingPE="13.07"
ForwardPE="12.15"
PriceToSalesRatioTTM="2.958"
PriceToBookRatio="7.57"
EVToRevenue="3.293"
EVToEBITDA="8.44"
Beta="1.23"
num_52WeekHigh="152.8"
num_52WeekLow="99.97"
num_50DayMovingAverage="113.81"
num_200DayMovingAverage="118.7"
SharesOutstanding="1114000000"
DividendDate="2023-06-22"
ExDividendDate="2023-08-30"
symbol="QCOM"
open="122.33"
high="124.46"
low="120.76"
price="123.40"
volume="6063253.00"
latest_trading_day="2023-07-17"
previous_close="122.56"
change="0.84"
change_percent="0.6854%"
aroon_positive_momentum_days="43"
aroon_negative_momentum_days="0"
trend_strength="Absent or Weak Trend"
buying_signal="Weak Buy Signal"
volume_analysis="Target Volume"
value_analysis="Expected Range"
Aroon_change="FALSE"
Aroon_momentum="43"
Volume_recent_avg="7768399"
Change_recent_avg="-0.02"
Delta_recent_avg="2.86"
Variance_recent_avg="1.43"
Change_ratio_recent_avg="-0.02"
RSI_change="FALSE"
ADX_change="FALSE"

event="FALSE"
Aroon_signal="positive"
Aroon_change="FALSE"
Aroon_momentum_positive="43"
Aroon_momentum_negative="57"
image_negative_thumbnail_id_1="1120"
image_negative_url_1="https://hehge.com/wp-content/uploads/sites/16/2023/06/MI_Finance_Negative_Landscape_0153.jpeg"
image_negative_thumbnail_id_2="1102"
image_negative_url_2="https://hehge.com/wp-content/uploads/sites/16/2023/06/MI_Finance_Negative_Landscape_0135.jpeg"
image_neutral_thumbnail_id_1="537"
image_neutral_url_1="https://hehge.com/wp-content/uploads/sites/16/2023/06/MI_Finance_Neutral_Landscape_0062.jpeg"
image_neutral_thumbnail_id_2="570"
image_neutral_url_2="https://hehge.com/wp-content/uploads/sites/16/2023/06/MI_Finance_Neutral_Landscape_0029.jpeg"
image_positive_thumbnail_id_1="657"
image_positive_url_1="https://hehge.com/wp-content/uploads/sites/16/2023/06/MI_Finance_Positive_Landscape_0051.jpeg"
image_positive_thumbnail_id_2="696"
image_positive_url_2="https://hehge.com/wp-content/uploads/sites/16/2023/06/MI_Finance_Positive_Landscape_0012.jpeg"
image_professor_thumbnail_id_1="1204"
image_professor_url_1="https://hehge.com/wp-content/uploads/sites/16/2023/06/MI_Finance_Professor_Landscape_0038.jpeg"
image_professor_thumbnail_id_2="1193"
image_professor_url_2="https://hehge.com/wp-content/uploads/sites/16/2023/06/MI_Finance_Professor_Landscape_0027.jpeg"
