Symbol="ATR"
AssetType="Common Stock"
Name="AptarGroup Inc"
Description="AptarGroup, Inc. offers a range of packaging, dispensing and sealing solutions primarily for the beauty, personal care, home care, prescription drug, consumer health care, injectables, and food and beverage markets. The company is headquartered in Crystal Lake, Illinois."
CIK="896622"
Exchange="NYSE"
Currency="USD"
Country="USA"
Sector="MANUFACTURING"
Industry="PLASTICS PRODUCTS, NEC"
Address="475 W TERRA COTTA AVE, STE E, CRYSTAL LAKE, IL, US"
FiscalYearEnd="December"
LatestQuarter="2023-06-30"
MarketCapitalization="8009336000"
EBITDA="609997000"
PERatio="35.13"
PEGRatio="2.082"
BookValue="31.46"
DividendPerShare="0"
DividendYield="0.0135"
EPS="3.48"
RevenuePerShareTTM="50.8"
ProfitMargin="0"
OperatingMarginTTM="0"
ReturnOnAssetsTTM="0.0539"
ReturnOnEquityTTM="12.22"
RevenueTTM="3337384000"
GrossProfitTTM="1163838000"
DilutedEPSTTM="3.48"
QuarterlyEarningsGrowthYOY="-0.118"
QuarterlyRevenueGrowthYOY="0.018"
AnalystTargetPrice="136.2"
TrailingPE="35.13"
ForwardPE="26.81"
PriceToSalesRatioTTM="2.104"
PriceToBookRatio="3.763"
EVToRevenue="2.444"
EVToEBITDA="13.28"
Beta="0.621"
num_52WeekHigh="126.99"
num_52WeekLow="89.0"
num_50DayMovingAverage="116.31"
num_200DayMovingAverage="112.64"
SharesOutstanding="65521000"
DividendDate="2023-08-17"
ExDividendDate="2023-07-26"
symbol="ATR"
open="121.33"
high="122.73"
low="120.75"
price="120.79"
volume="195935.00"
latest_trading_day="2023-08-03"
previous_close="122.24"
change="-1.45"
change_percent="-1.1862%"
aroon_positive_momentum_days="75"
aroon_negative_momentum_days="0"
trend_strength="Absent or Weak Trend"
buying_signal="Weak Buy Signal"
volume_analysis="Target Volume"
value_analysis="Expected Range"
Aroon_change="FALSE"
Aroon_momentum="75"
Volume_recent_avg="249744"
Change_recent_avg="0.1"
Delta_recent_avg="1.88"
Variance_recent_avg="0.94"
Change_ratio_recent_avg="0.08"
RSI_change="FALSE"
ADX_change="FALSE"

event="FALSE"
Aroon_signal="positive"
Aroon_change="FALSE"
Aroon_momentum_positive="75"
Aroon_momentum_negative="25"
image_negative_thumbnail_id_1="131"
image_negative_url_1="https://hehge.com/wp-content/uploads/sites/16/2023/05/MI_Finance_Negative_Landscape_0045.jpeg"
image_negative_thumbnail_id_2="170"
image_negative_url_2="https://hehge.com/wp-content/uploads/sites/16/2023/05/MI_Finance_Negative_Landscape_0006.jpeg"
image_neutral_thumbnail_id_1="587"
image_neutral_url_1="https://hehge.com/wp-content/uploads/sites/16/2023/06/MI_Finance_Neutral_Landscape_0012.jpeg"
image_neutral_thumbnail_id_2="535"
image_neutral_url_2="https://hehge.com/wp-content/uploads/sites/16/2023/06/MI_Finance_Neutral_Landscape_0064.jpeg"
image_positive_thumbnail_id_1="698"
image_positive_url_1="https://hehge.com/wp-content/uploads/sites/16/2023/06/MI_Finance_Positive_Landscape_0010.jpeg"
image_positive_thumbnail_id_2="671"
image_positive_url_2="https://hehge.com/wp-content/uploads/sites/16/2023/06/MI_Finance_Positive_Landscape_0037.jpeg"
image_professor_thumbnail_id_1="1197"
image_professor_url_1="https://hehge.com/wp-content/uploads/sites/16/2023/06/MI_Finance_Professor_Landscape_0031.jpeg"
image_professor_thumbnail_id_2="1187"
image_professor_url_2="https://hehge.com/wp-content/uploads/sites/16/2023/06/MI_Finance_Professor_Landscape_0021.jpeg"
