Symbol="SPWR"
AssetType="Common Stock"
Name="SunPower Corporation"
Description="SunPower Corporation offers solar solutions globally. "
CIK="867773"
Exchange="NASDAQ"
Currency="USD"
Country="USA"
Sector="MANUFACTURING"
Industry="SEMICONDUCTORS & RELATED DEVICES"
Address="51 RIO ROBLES, SAN JOSE, CA, US"
FiscalYearEnd="December"
LatestQuarter="2023-03-31"
MarketCapitalization="1600911000"
EBITDA="15920000"
PERatio="29.52"
PEGRatio="0.02"
BookValue="2.872"
DividendPerShare="0"
DividendYield="0"
EPS="0.31"
RevenuePerShareTTM="10.51"
ProfitMargin="0.0181"
OperatingMarginTTM="-0.0134"
ReturnOnAssetsTTM="-0.01"
ReturnOnEquityTTM="0.137"
RevenueTTM="1831673000"
GrossProfitTTM="363903000"
DilutedEPSTTM="0.31"
QuarterlyEarningsGrowthYOY="-0.628"
QuarterlyRevenueGrowthYOY="0.259"
AnalystTargetPrice="15.53"
TrailingPE="29.52"
ForwardPE="43.67"
PriceToSalesRatioTTM="2.13"
PriceToBookRatio="7.35"
EVToRevenue="2.307"
EVToEBITDA="27.5"
Beta="1.709"
num_52WeekHigh="28.42"
num_52WeekLow="9.06"
num_50DayMovingAverage="10.93"
num_200DayMovingAverage="16.32"
SharesOutstanding="174963000"
DividendDate="None"
ExDividendDate="None"
symbol="SPWR"
open="9.14"
high="9.49"
low="9.09"
price="9.09"
volume="5926298.00"
latest_trading_day="2023-07-07"
previous_close="9.15"
change="-0.06"
change_percent="-0.6557%"
aroon_positive_momentum_days="0"
aroon_negative_momentum_days="100"
trend_strength="Absent or Weak Trend"
buying_signal="Strong Sell Signal"
volume_analysis="Target Volume"
value_analysis="Expected Range"
Aroon_change="FALSE"
Aroon_momentum="0"
Volume_recent_avg="4805459"
Change_recent_avg="-0.06"
Delta_recent_avg="0.7"
Variance_recent_avg="0.35"
Change_ratio_recent_avg="-0.55"
RSI_change="FALSE"
ADX_change="FALSE"
Aroon_signal="negative"
Aroon_change="FALSE"
Aroon_momentum_positive="0"
Aroon_momentum_negative="100"
image_negative_thumbnail_id_1="1143"
image_negative_url_1="https://hehge.com/wp-content/uploads/sites/16/2023/06/MI_Finance_Negative_Landscape_0176.jpeg"
image_negative_thumbnail_id_2="1097"
image_negative_url_2="https://hehge.com/wp-content/uploads/sites/16/2023/06/MI_Finance_Negative_Landscape_0130.jpeg"
image_neutral_thumbnail_id_1="582"
image_neutral_url_1="https://hehge.com/wp-content/uploads/sites/16/2023/06/MI_Finance_Neutral_Landscape_0017.jpeg"
image_neutral_thumbnail_id_2="586"
image_neutral_url_2="https://hehge.com/wp-content/uploads/sites/16/2023/06/MI_Finance_Neutral_Landscape_0013.jpeg"
image_positive_thumbnail_id_1="981"
image_positive_url_1="https://hehge.com/wp-content/uploads/sites/16/2023/06/MI_Finance_Positive_Landscape_0143.jpeg"
image_positive_thumbnail_id_2="706"
image_positive_url_2="https://hehge.com/wp-content/uploads/sites/16/2023/06/MI_Finance_Positive_Landscape_0002.jpeg"
image_professor_thumbnail_id_1="1179"
image_professor_url_1="https://hehge.com/wp-content/uploads/sites/16/2023/06/MI_Finance_Professor_Landscape_0013.jpeg"
image_professor_thumbnail_id_2="1169"
image_professor_url_2="https://hehge.com/wp-content/uploads/sites/16/2023/06/MI_Finance_Professor_Landscape_0003.jpeg"
