Symbol="SPWR"
AssetType="Common Stock"
Name="SunPower Corporation"
Description="SunPower Corporation offers solar solutions globally. "
CIK="867773"
Exchange="NASDAQ"
Currency="USD"
Country="USA"
Sector="MANUFACTURING"
Industry="SEMICONDUCTORS & RELATED DEVICES"
Address="51 RIO ROBLES, SAN JOSE, CA, US"
FiscalYearEnd="December"
LatestQuarter="2023-03-31"
MarketCapitalization="1963085000"
EBITDA="15920000"
PERatio="37.4"
PEGRatio="0.02"
BookValue="2.872"
DividendPerShare="0"
DividendYield="0"
EPS="0.3"
RevenuePerShareTTM="10.51"
ProfitMargin="0.0181"
OperatingMarginTTM="-0.0134"
ReturnOnAssetsTTM="-0.01"
ReturnOnEquityTTM="0.137"
RevenueTTM="1831673000"
GrossProfitTTM="363903000"
DilutedEPSTTM="0.3"
QuarterlyEarningsGrowthYOY="-0.628"
QuarterlyRevenueGrowthYOY="0.259"
AnalystTargetPrice="14.23"
TrailingPE="37.4"
ForwardPE="43.67"
PriceToSalesRatioTTM="2.13"
PriceToBookRatio="7.35"
EVToRevenue="2.307"
EVToEBITDA="27.5"
Beta="1.661"
num_52WeekHigh="28.42"
num_52WeekLow="8.99"
num_50DayMovingAverage="10.55"
num_200DayMovingAverage="15.41"
SharesOutstanding="174963000"
DividendDate="None"
ExDividendDate="None"
symbol="SPWR"
open="11.52"
high="11.64"
low="11.17"
price="11.22"
volume="4713477.00"
latest_trading_day="2023-07-25"
previous_close="11.59"
change="-0.37"
change_percent="-3.1924%"
aroon_positive_momentum_days="0"
aroon_negative_momentum_days="100"
trend_strength="Absent or Weak Trend"
buying_signal="Strong Sell Signal"
volume_analysis="Target Volume"
value_analysis="Expected Range"
Aroon_change="FALSE"
Aroon_momentum="0"
Volume_recent_avg="5237911"
Change_recent_avg="-0.06"
Delta_recent_avg="0.67"
Variance_recent_avg="0.33"
Change_ratio_recent_avg="-0.51"
RSI_change="FALSE"
ADX_change="FALSE"
Aroon_signal="negative"
Aroon_change="FALSE"
Aroon_momentum_positive="0"
Aroon_momentum_negative="100"
image_negative_thumbnail_id_1="165"
image_negative_url_1="https://hehge.com/wp-content/uploads/sites/16/2023/05/MI_Finance_Negative_Landscape_0011.jpeg"
image_negative_thumbnail_id_2="1086"
image_negative_url_2="https://hehge.com/wp-content/uploads/sites/16/2023/06/MI_Finance_Negative_Landscape_0119.jpeg"
image_neutral_thumbnail_id_1="529"
image_neutral_url_1="https://hehge.com/wp-content/uploads/sites/16/2023/06/MI_Finance_Neutral_Landscape_0070.jpeg"
image_neutral_thumbnail_id_2="589"
image_neutral_url_2="https://hehge.com/wp-content/uploads/sites/16/2023/06/MI_Finance_Neutral_Landscape_0010.jpeg"
image_positive_thumbnail_id_1="1013"
image_positive_url_1="https://hehge.com/wp-content/uploads/sites/16/2023/06/MI_Finance_Positive_Landscape_0175.jpeg"
image_positive_thumbnail_id_2="706"
image_positive_url_2="https://hehge.com/wp-content/uploads/sites/16/2023/06/MI_Finance_Positive_Landscape_0002.jpeg"
image_professor_thumbnail_id_1="1181"
image_professor_url_1="https://hehge.com/wp-content/uploads/sites/16/2023/06/MI_Finance_Professor_Landscape_0015.jpeg"
image_professor_thumbnail_id_2="1180"
image_professor_url_2="https://hehge.com/wp-content/uploads/sites/16/2023/06/MI_Finance_Professor_Landscape_0014.jpeg"
