Symbol="MXL"
AssetType="Common Stock"
Name="MaxLinear Inc"
Description="MaxLinear, Inc. provides high-performance analog, radio frequency (RF) and mixed signal communications-on-chip (SoC) solutions for the connected home, wired and wireless infrastructure, and multi-market and industrial applications to world level. The company is headquartered in Carlsbad, California."
CIK="1288469"
Exchange="NASDAQ"
Currency="USD"
Country="USA"
Sector="MANUFACTURING"
Industry="SEMICONDUCTORS & RELATED DEVICES"
Address="5966 LA PLACE CT., CARLSBAD, CA, US"
FiscalYearEnd="December"
LatestQuarter="2023-06-30"
MarketCapitalization="1783968000"
EBITDA="196396000"
PERatio="26.85"
PEGRatio="0.394"
BookValue="9.22"
DividendPerShare="0"
DividendYield="0"
EPS="0.82"
RevenuePerShareTTM="12.73"
ProfitMargin="0.0641"
OperatingMarginTTM="0.13"
ReturnOnAssetsTTM="0.0697"
ReturnOnEquityTTM="0.0983"
RevenueTTM="1008696000"
GrossProfitTTM="649769000"
DilutedEPSTTM="0.82"
QuarterlyEarningsGrowthYOY="-0.714"
QuarterlyRevenueGrowthYOY="-0.343"
AnalystTargetPrice="32.73"
TrailingPE="26.85"
ForwardPE="9.3"
PriceToSalesRatioTTM="2.618"
PriceToBookRatio="4.473"
EVToRevenue="2.563"
EVToEBITDA="10.7"
Beta="1.868"
num_52WeekHigh="43.66"
num_52WeekLow="21.65"
num_50DayMovingAverage="27.85"
num_200DayMovingAverage="31.97"
SharesOutstanding="81016000"
DividendDate="None"
ExDividendDate="None"
symbol="MXL"
open="22.34"
high="22.52"
low="21.65"
price="22.02"
volume="931599.00"
latest_trading_day="2023-08-25"
previous_close="22.23"
change="-0.21"
change_percent="-0.9447%"
aroon_positive_momentum_days="0"
aroon_negative_momentum_days="89"
trend_strength="Absent or Weak Trend"
buying_signal="Weak Sell Signal"
volume_analysis="Target Volume"
value_analysis="Expected Range"
Aroon_change="FALSE"
Aroon_momentum="11"
Volume_recent_avg="1136748"
Change_recent_avg="0.06"
Delta_recent_avg="1.17"
Variance_recent_avg="0.59"
Change_ratio_recent_avg="0.13"
RSI_change="FALSE"
ADX_change="FALSE"

event="FALSE"
Aroon_signal="negative"
Aroon_change="FALSE"
Aroon_momentum_positive="11"
Aroon_momentum_negative="89"
image_negative_thumbnail_id_1="143"
image_negative_url_1="https://hehge.com/wp-content/uploads/sites/16/2023/05/MI_Finance_Negative_Landscape_0033.jpeg"
image_negative_thumbnail_id_2="1093"
image_negative_url_2="https://hehge.com/wp-content/uploads/sites/16/2023/06/MI_Finance_Negative_Landscape_0126.jpeg"
image_neutral_thumbnail_id_1="572"
image_neutral_url_1="https://hehge.com/wp-content/uploads/sites/16/2023/06/MI_Finance_Neutral_Landscape_0027.jpeg"
image_neutral_thumbnail_id_2="554"
image_neutral_url_2="https://hehge.com/wp-content/uploads/sites/16/2023/06/MI_Finance_Neutral_Landscape_0045.jpeg"
image_positive_thumbnail_id_1="629"
image_positive_url_1="https://hehge.com/wp-content/uploads/sites/16/2023/06/MI_Finance_Positive_Landscape_0079.jpeg"
image_positive_thumbnail_id_2="644"
image_positive_url_2="https://hehge.com/wp-content/uploads/sites/16/2023/06/MI_Finance_Positive_Landscape_0064.jpeg"
image_professor_thumbnail_id_1="1172"
image_professor_url_1="https://hehge.com/wp-content/uploads/sites/16/2023/06/MI_Finance_Professor_Landscape_0006.jpeg"
image_professor_thumbnail_id_2="1195"
image_professor_url_2="https://hehge.com/wp-content/uploads/sites/16/2023/06/MI_Finance_Professor_Landscape_0029.jpeg"
