Symbol="ODC"
AssetType="Common Stock"
Name="Oil-Dri Corporation Of America"
Description="Oil-Dri Corporation of America, develops, manufactures and markets absorbent products in the United States and internationally. The company is headquartered in Chicago, Illinois."
CIK="74046"
Exchange="NYSE"
Currency="USD"
Country="USA"
Sector="MANUFACTURING"
Industry="MISCELLANEOUS MANUFACTURING INDUSTRIES"
Address="410 NORTH MICHIGAN AVENUE, SUITE 400, CHICAGO, IL, US"
FiscalYearEnd="July"
LatestQuarter="2023-04-30"
MarketCapitalization="449847000"
EBITDA="50506000"
PERatio="39.59"
PEGRatio="0"
BookValue="23.43"
DividendPerShare="1.12"
DividendYield="0.0184"
EPS="3.289"
RevenuePerShareTTM="58.86"
ProfitMargin="0.0572"
OperatingMarginTTM="0.0896"
ReturnOnAssetsTTM="0.0873"
ReturnOnEquityTTM="14.56"
RevenueTTM="398791000"
GrossProfitTTM="62515000"
DilutedEPSTTM="3.33"
QuarterlyEarningsGrowthYOY="0.982"
QuarterlyRevenueGrowthYOY="0.229"
AnalystTargetPrice="None"
TrailingPE="18.86"
ForwardPE="-"
PriceToSalesRatioTTM="0.631"
PriceToBookRatio="1.485"
EVToRevenue="0.721"
EVToEBITDA="9.97"
Beta="0.698"
num_52WeekHigh="64"
num_52WeekLow="21.63"
num_50DayMovingAverage="47.02"
num_200DayMovingAverage="37.36"
SharesOutstanding="5104100"
DividendDate="2023-08-25"
ExDividendDate="2023-08-10"
symbol="ODC"
open="62.55"
high="63.49"
low="62.07"
price="63.38"
volume="31798.00"
latest_trading_day="2023-07-13"
previous_close="62.53"
change="0.85"
change_percent="1.3673%"
aroon_positive_momentum_days="100"
aroon_negative_momentum_days="0"
trend_strength="Absent or Weak Trend"
buying_signal="Weak Buy Signal"
volume_analysis="Trending Low"
value_analysis="Bearish Trend"
Aroon_change="FALSE"
Aroon_momentum="100"
Volume_recent_avg="37719"
Change_recent_avg="0.26"
Delta_recent_avg="1.64"
Variance_recent_avg="0.82"
Change_ratio_recent_avg="0.49"
RSI_change="FALSE"
ADX_change="FALSE"
Aroon_signal="positive"
Aroon_change="FALSE"
Aroon_momentum_positive="100"
Aroon_momentum_negative="0"
image_negative_thumbnail_id_1="170"
image_negative_url_1="https://hehge.com/wp-content/uploads/sites/16/2023/05/MI_Finance_Negative_Landscape_0006.jpeg"
image_negative_thumbnail_id_2="169"
image_negative_url_2="https://hehge.com/wp-content/uploads/sites/16/2023/05/MI_Finance_Negative_Landscape_0007.jpeg"
image_neutral_thumbnail_id_1="577"
image_neutral_url_1="https://hehge.com/wp-content/uploads/sites/16/2023/06/MI_Finance_Neutral_Landscape_0022.jpeg"
image_neutral_thumbnail_id_2="521"
image_neutral_url_2="https://hehge.com/wp-content/uploads/sites/16/2023/06/MI_Finance_Neutral_Landscape_0078.jpeg"
image_positive_thumbnail_id_1="670"
image_positive_url_1="https://hehge.com/wp-content/uploads/sites/16/2023/06/MI_Finance_Positive_Landscape_0038.jpeg"
image_positive_thumbnail_id_2="648"
image_positive_url_2="https://hehge.com/wp-content/uploads/sites/16/2023/06/MI_Finance_Positive_Landscape_0060.jpeg"
image_professor_thumbnail_id_1="1182"
image_professor_url_1="https://hehge.com/wp-content/uploads/sites/16/2023/06/MI_Finance_Professor_Landscape_0016.jpeg"
image_professor_thumbnail_id_2="1175"
image_professor_url_2="https://hehge.com/wp-content/uploads/sites/16/2023/06/MI_Finance_Professor_Landscape_0009.jpeg"
