Symbol="BRDS"
AssetType="Common Stock"
Name="Bird Global"
Description="None"
CIK="1861449"
Exchange="NYSE"
Currency="USD"
Country="USA"
Sector="MANUFACTURING"
Industry="MOTORCYCLES, BICYCLES & PARTS"
Address="406 BROADWAY AVENUE, SUITE 369, SANTA MONICA, CA, US"
FiscalYearEnd="December"
LatestQuarter="2023-03-31"
MarketCapitalization="29735700"
EBITDA="-187790000"
PERatio="None"
PEGRatio="None"
BookValue="-0.593"
DividendPerShare="0"
DividendYield="0"
EPS="-35.74"
RevenuePerShareTTM="20.62"
ProfitMargin="-1.72"
OperatingMarginTTM="-0.795"
ReturnOnAssetsTTM="-0.304"
ReturnOnEquityTTM="-2.386"
RevenueTTM="238822000"
GrossProfitTTM="34705000"
DilutedEPSTTM="-35.74"
QuarterlyEarningsGrowthYOY="0"
QuarterlyRevenueGrowthYOY="-0.165"
AnalystTargetPrice="167.5"
TrailingPE="-"
ForwardPE="-"
PriceToSalesRatioTTM="0.258"
PriceToBookRatio="1.393"
EVToRevenue="0.527"
EVToEBITDA="-0.441"
Beta="2.365"
num_52WeekHigh="20"
num_52WeekLow="1.81"
num_50DayMovingAverage="2.263"
num_200DayMovingAverage="4.819"
SharesOutstanding="11491200"
DividendDate="None"
ExDividendDate="None"
symbol="BRDS"
open="2.21"
high="2.38"
low="2.17"
price="2.31"
volume="65177.00"
latest_trading_day="2023-07-28"
previous_close="2.13"
change="0.18"
change_percent="8.4507%"
aroon_positive_momentum_days="0"
aroon_negative_momentum_days="60"
trend_strength="Absent or Weak Trend"
buying_signal="Weak Sell Signal"
volume_analysis="Target Volume"
value_analysis="Expected Range"
Aroon_change="FALSE"
Aroon_momentum="40"
Volume_recent_avg="11288118"
Change_recent_avg="-0.01"
Delta_recent_avg="0.12"
Variance_recent_avg="0.06"
Change_ratio_recent_avg="-1.87"
RSI_change="FALSE"
ADX_change="FALSE"

event="FALSE"
Aroon_signal="negative"
Aroon_change="FALSE"
Aroon_momentum_positive="40"
Aroon_momentum_negative="60"
image_negative_thumbnail_id_1="140"
image_negative_url_1="https://hehge.com/wp-content/uploads/sites/16/2023/05/MI_Finance_Negative_Landscape_0036.jpeg"
image_negative_thumbnail_id_2="516"
image_negative_url_2="https://hehge.com/wp-content/uploads/sites/16/2023/06/MI_Finance_Negative_Landscape_0089.jpeg"
image_neutral_thumbnail_id_1="551"
image_neutral_url_1="https://hehge.com/wp-content/uploads/sites/16/2023/06/MI_Finance_Neutral_Landscape_0048.jpeg"
image_neutral_thumbnail_id_2="563"
image_neutral_url_2="https://hehge.com/wp-content/uploads/sites/16/2023/06/MI_Finance_Neutral_Landscape_0036.jpeg"
image_positive_thumbnail_id_1="974"
image_positive_url_1="https://hehge.com/wp-content/uploads/sites/16/2023/06/MI_Finance_Positive_Landscape_0136.jpeg"
image_positive_thumbnail_id_2="968"
image_positive_url_2="https://hehge.com/wp-content/uploads/sites/16/2023/06/MI_Finance_Positive_Landscape_0130.jpeg"
image_professor_thumbnail_id_1="1174"
image_professor_url_1="https://hehge.com/wp-content/uploads/sites/16/2023/06/MI_Finance_Professor_Landscape_0008.jpeg"
image_professor_thumbnail_id_2="1193"
image_professor_url_2="https://hehge.com/wp-content/uploads/sites/16/2023/06/MI_Finance_Professor_Landscape_0027.jpeg"
