Symbol="MRCY"
AssetType="Common Stock"
Name="Mercury Systems Inc"
Description="Mercury Systems, Inc., a technology company, manufactures and sells components, modules, and subsystems in the United States, Europe, and Asia Pacific. The company is headquartered in Andover, Massachusetts."
CIK="1049521"
Exchange="NASDAQ"
Currency="USD"
Country="USA"
Sector="MANUFACTURING"
Industry="ELECTRONIC COMPONENTS & ACCESSORIES"
Address="201 RIVERNECK ROAD, CHELMSFORD, MA, US"
FiscalYearEnd="June"
LatestQuarter="2023-06-30"
MarketCapitalization="2288027000"
EBITDA="91069000"
PERatio="None"
PEGRatio="2.651"
BookValue="27.5"
DividendPerShare="0"
DividendYield="0"
EPS="-0.49"
RevenuePerShareTTM="17.22"
ProfitMargin="-0.0291"
OperatingMarginTTM="-0.0064"
ReturnOnAssetsTTM="-0.0017"
ReturnOnEquityTTM="-0.0183"
RevenueTTM="973882000"
GrossProfitTTM="316728000"
DilutedEPSTTM="-0.49"
QuarterlyEarningsGrowthYOY="0.286"
QuarterlyRevenueGrowthYOY="-0.126"
AnalystTargetPrice="41.22"
TrailingPE="-"
ForwardPE="22.83"
PriceToSalesRatioTTM="2.778"
PriceToBookRatio="1.78"
EVToRevenue="3.296"
EVToEBITDA="29.25"
Beta="0.927"
num_52WeekHigh="59.13"
num_52WeekLow="28.9"
num_50DayMovingAverage="36.21"
num_200DayMovingAverage="44.9"
SharesOutstanding="58190000"
DividendDate="None"
ExDividendDate="None"
symbol="MRCY"
open="38.90"
high="39.48"
low="38.73"
price="39.32"
volume="491022.00"
latest_trading_day="2023-08-25"
previous_close="38.67"
change="0.65"
change_percent="1.6809%"
aroon_positive_momentum_days="0"
aroon_negative_momentum_days="97"
trend_strength="Absent or Weak Trend"
buying_signal="High Volatility / Hold Signal"
volume_analysis="Target Volume"
value_analysis="Expected Range"
Aroon_change="FALSE"
Aroon_momentum="3"
Volume_recent_avg="676409"
Change_recent_avg="0.04"
Delta_recent_avg="1.22"
Variance_recent_avg="0.61"
Change_ratio_recent_avg="0.14"
RSI_change="FALSE"
ADX_change="FALSE"

event="FALSE"
Aroon_signal="negative"
Aroon_change="FALSE"
Aroon_momentum_positive="3"
Aroon_momentum_negative="97"
image_negative_thumbnail_id_1="1128"
image_negative_url_1="https://hehge.com/wp-content/uploads/sites/16/2023/06/MI_Finance_Negative_Landscape_0161.jpeg"
image_negative_thumbnail_id_2="129"
image_negative_url_2="https://hehge.com/wp-content/uploads/sites/16/2023/05/MI_Finance_Negative_Landscape_0047.jpeg"
image_neutral_thumbnail_id_1="590"
image_neutral_url_1="https://hehge.com/wp-content/uploads/sites/16/2023/06/MI_Finance_Neutral_Landscape_0009.jpeg"
image_neutral_thumbnail_id_2="577"
image_neutral_url_2="https://hehge.com/wp-content/uploads/sites/16/2023/06/MI_Finance_Neutral_Landscape_0022.jpeg"
image_positive_thumbnail_id_1="969"
image_positive_url_1="https://hehge.com/wp-content/uploads/sites/16/2023/06/MI_Finance_Positive_Landscape_0131.jpeg"
image_positive_thumbnail_id_2="647"
image_positive_url_2="https://hehge.com/wp-content/uploads/sites/16/2023/06/MI_Finance_Positive_Landscape_0061.jpeg"
image_professor_thumbnail_id_1="1196"
image_professor_url_1="https://hehge.com/wp-content/uploads/sites/16/2023/06/MI_Finance_Professor_Landscape_0030.jpeg"
image_professor_thumbnail_id_2="1189"
image_professor_url_2="https://hehge.com/wp-content/uploads/sites/16/2023/06/MI_Finance_Professor_Landscape_0023.jpeg"
