Symbol="POST"
AssetType="Common Stock"
Name="Post Holdings Inc"
Description="Post Holdings, Inc. is a consumer packaged goods holding company in the United States and internationally. The company is headquartered in St. Louis, Missouri."
CIK="1530950"
Exchange="NYSE"
Currency="USD"
Country="USA"
Sector="MANUFACTURING"
Industry="GRAIN MILL PRODUCTS"
Address="2503 S. HANLEY ROAD, ST. LOUIS, MO, US"
FiscalYearEnd="September"
LatestQuarter="2023-06-30"
MarketCapitalization="5710475000"
EBITDA="953800000"
PERatio="14.0"
PEGRatio="1.189"
BookValue="64.52"
DividendPerShare="0"
DividendYield="0"
EPS="6.4"
RevenuePerShareTTM="111.25"
ProfitMargin="0.0482"
OperatingMarginTTM="0.0854"
ReturnOnAssetsTTM="0.0302"
ReturnOnEquityTTM="0.087"
RevenueTTM="6624700000"
GrossProfitTTM="1467500000"
DilutedEPSTTM="6.4"
QuarterlyEarningsGrowthYOY="-0.494"
QuarterlyRevenueGrowthYOY="0.219"
AnalystTargetPrice="104.88"
TrailingPE="14.0"
ForwardPE="28.74"
PriceToSalesRatioTTM="0.918"
PriceToBookRatio="1.67"
EVToRevenue="1.854"
EVToEBITDA="6.81"
Beta="0.641"
num_52WeekHigh="98.84"
num_52WeekLow="80.39"
num_50DayMovingAverage="86.54"
num_200DayMovingAverage="89.23"
SharesOutstanding="63740000"
DividendDate="None"
ExDividendDate="None"
symbol="POST"
open="87.65"
high="88.51"
low="87.31"
price="88.09"
volume="999582.00"
latest_trading_day="2023-08-18"
previous_close="87.59"
change="0.50"
change_percent="0.5708%"
aroon_positive_momentum_days="11"
aroon_negative_momentum_days="0"
trend_strength="Absent or Weak Trend"
buying_signal="Strong Buy Signal"
volume_analysis="Target Volume"
value_analysis="Expected Range"
Aroon_change="FALSE"
Aroon_momentum="11"
Volume_recent_avg="457523"
Change_recent_avg="-0.09"
Delta_recent_avg="1.4"
Variance_recent_avg="0.7"
Change_ratio_recent_avg="-0.1"
RSI_change="FALSE"
ADX_change="FALSE"

event="FALSE"
Aroon_signal="positive"
Aroon_change="FALSE"
Aroon_momentum_positive="11"
Aroon_momentum_negative="89"
image_negative_thumbnail_id_1="1151"
image_negative_url_1="https://hehge.com/wp-content/uploads/sites/16/2023/06/MI_Finance_Negative_Landscape_0184.jpeg"
image_negative_thumbnail_id_2="113"
image_negative_url_2="https://hehge.com/wp-content/uploads/sites/16/2023/05/MI_Finance_Negative_Landscape_0063.jpeg"
image_neutral_thumbnail_id_1="593"
image_neutral_url_1="https://hehge.com/wp-content/uploads/sites/16/2023/06/MI_Finance_Neutral_Landscape_0006.jpeg"
image_neutral_thumbnail_id_2="574"
image_neutral_url_2="https://hehge.com/wp-content/uploads/sites/16/2023/06/MI_Finance_Neutral_Landscape_0025.jpeg"
image_positive_thumbnail_id_1="603"
image_positive_url_1="https://hehge.com/wp-content/uploads/sites/16/2023/06/MI_Finance_Positive_Landscape_0105.jpeg"
image_positive_thumbnail_id_2="689"
image_positive_url_2="https://hehge.com/wp-content/uploads/sites/16/2023/06/MI_Finance_Positive_Landscape_0019.jpeg"
image_professor_thumbnail_id_1="1174"
image_professor_url_1="https://hehge.com/wp-content/uploads/sites/16/2023/06/MI_Finance_Professor_Landscape_0008.jpeg"
image_professor_thumbnail_id_2="1184"
image_professor_url_2="https://hehge.com/wp-content/uploads/sites/16/2023/06/MI_Finance_Professor_Landscape_0018.jpeg"
