Symbol="FATH"
AssetType="Common Stock"
Name="Fathom Digital Manufacturing Corp"
Description="None"
CIK="1836176"
Exchange="NYSE"
Currency="USD"
Country="USA"
Sector="MANUFACTURING"
Industry="FABRICATED STRUCTURAL METAL PRODUCTS"
Address="40 W 57TH STREET, 33RD FLOOR, NEW YORK, NY, US"
FiscalYearEnd="December"
LatestQuarter="2023-06-30"
MarketCapitalization="62473000"
EBITDA="13817000"
PERatio="None"
PEGRatio="None"
BookValue="0.783"
DividendPerShare="0"
DividendYield="0"
EPS="-8.94"
RevenuePerShareTTM="2.237"
ProfitMargin="0"
OperatingMarginTTM="-0.0773"
ReturnOnAssetsTTM="-0.0074"
ReturnOnEquityTTM="-1.619"
RevenueTTM="148096000"
GrossProfitTTM="59193000"
DilutedEPSTTM="-8.94"
QuarterlyEarningsGrowthYOY="-0.889"
QuarterlyRevenueGrowthYOY="-0.179"
AnalystTargetPrice="0.75"
TrailingPE="-"
ForwardPE="-"
PriceToSalesRatioTTM="1.925"
PriceToBookRatio="1.529"
EVToRevenue="1.929"
EVToEBITDA="-0.321"
Beta="1.178"
num_52WeekHigh="3.86"
num_52WeekLow="0.3"
num_50DayMovingAverage="0.484"
num_200DayMovingAverage="0.998"
SharesOutstanding="70085000"
DividendDate="None"
ExDividendDate="None"
symbol="FATH"
open="0.47"
high="0.49"
low="0.43"
price="0.46"
volume="10098.00"
latest_trading_day="2023-08-28"
previous_close="0.44"
change="0.02"
change_percent="3.5522%"
aroon_positive_momentum_days="31"
aroon_negative_momentum_days="0"
trend_strength="Absent or Weak Trend"
buying_signal="Weak Buy Signal"
volume_analysis="Target Volume"
value_analysis="Expected Range"
Aroon_change="FALSE"
Aroon_momentum="31"
Volume_recent_avg="86234"
Change_recent_avg="-0.01"
Delta_recent_avg="0.06"
Variance_recent_avg="0.03"
Change_ratio_recent_avg="-2.44"
RSI_change="FALSE"
ADX_change="FALSE"

event="FALSE"
Aroon_signal="positive"
Aroon_change="FALSE"
Aroon_momentum_positive="31"
Aroon_momentum_negative="69"
image_negative_thumbnail_id_1="1131"
image_negative_url_1="https://hehge.com/wp-content/uploads/sites/16/2023/06/MI_Finance_Negative_Landscape_0164.jpeg"
image_negative_thumbnail_id_2="123"
image_negative_url_2="https://hehge.com/wp-content/uploads/sites/16/2023/05/MI_Finance_Negative_Landscape_0053.jpeg"
image_neutral_thumbnail_id_1="558"
image_neutral_url_1="https://hehge.com/wp-content/uploads/sites/16/2023/06/MI_Finance_Neutral_Landscape_0041.jpeg"
image_neutral_thumbnail_id_2="536"
image_neutral_url_2="https://hehge.com/wp-content/uploads/sites/16/2023/06/MI_Finance_Neutral_Landscape_0063.jpeg"
image_positive_thumbnail_id_1="985"
image_positive_url_1="https://hehge.com/wp-content/uploads/sites/16/2023/06/MI_Finance_Positive_Landscape_0147.jpeg"
image_positive_thumbnail_id_2="619"
image_positive_url_2="https://hehge.com/wp-content/uploads/sites/16/2023/06/MI_Finance_Positive_Landscape_0089.jpeg"
image_professor_thumbnail_id_1="1193"
image_professor_url_1="https://hehge.com/wp-content/uploads/sites/16/2023/06/MI_Finance_Professor_Landscape_0027.jpeg"
image_professor_thumbnail_id_2="1190"
image_professor_url_2="https://hehge.com/wp-content/uploads/sites/16/2023/06/MI_Finance_Professor_Landscape_0024.jpeg"
