Symbol="LASR"
AssetType="Common Stock"
Name="nLIGHT Inc"
Description="nLIGHT, Inc. designs, develops, manufactures and sells fiber and semiconductor lasers for industrial, microfabrication, aerospace and defense applications. The company is headquartered in Vancouver, Washington."
CIK="1124796"
Exchange="NASDAQ"
Currency="USD"
Country="USA"
Sector="MANUFACTURING"
Industry="SEMICONDUCTORS & RELATED DEVICES"
Address="5408 NE 88TH STREET, BUILDING E, VANCOUVER, WA, US"
FiscalYearEnd="December"
LatestQuarter="2023-03-31"
MarketCapitalization="678132000"
EBITDA="-35170000"
PERatio="None"
PEGRatio="None"
BookValue="5.88"
DividendPerShare="0"
DividendYield="0"
EPS="-1.16"
RevenuePerShareTTM="5.16"
ProfitMargin="-0.232"
OperatingMarginTTM="-0.221"
ReturnOnAssetsTTM="-0.0916"
ReturnOnEquityTTM="-0.189"
RevenueTTM="231690000"
GrossProfitTTM="50821000"
DilutedEPSTTM="-1.16"
QuarterlyEarningsGrowthYOY="0"
QuarterlyRevenueGrowthYOY="-0.161"
AnalystTargetPrice="18.5"
TrailingPE="-"
ForwardPE="37.74"
PriceToSalesRatioTTM="2.034"
PriceToBookRatio="1.68"
EVToRevenue="1.519"
EVToEBITDA="-15.43"
Beta="2.167"
num_52WeekHigh="15.91"
num_52WeekLow="8.22"
num_50DayMovingAverage="14.03"
num_200DayMovingAverage="11.48"
SharesOutstanding="45850700"
DividendDate="None"
ExDividendDate="None"
symbol="LASR"
open="15.16"
high="15.26"
low="14.72"
price="14.79"
volume="111373.00"
latest_trading_day="2023-07-14"
previous_close="15.25"
change="-0.46"
change_percent="-3.0164%"
aroon_positive_momentum_days="62"
aroon_negative_momentum_days="0"
trend_strength="Absent or Weak Trend"
buying_signal="Weak Buy Signal"
volume_analysis="Target Volume"
value_analysis="Expected Range"
Aroon_change="FALSE"
Aroon_momentum="62"
Volume_recent_avg="280457"
Change_recent_avg="0.02"
Delta_recent_avg="0.52"
Variance_recent_avg="0.26"
Change_ratio_recent_avg="0.11"
RSI_change="FALSE"
ADX_change="FALSE"

event="FALSE"
Aroon_signal="positive"
Aroon_change="FALSE"
Aroon_momentum_positive="62"
Aroon_momentum_negative="38"
image_negative_thumbnail_id_1="1154"
image_negative_url_1="https://hehge.com/wp-content/uploads/sites/16/2023/06/MI_Finance_Negative_Landscape_0188.jpeg"
image_negative_thumbnail_id_2="142"
image_negative_url_2="https://hehge.com/wp-content/uploads/sites/16/2023/05/MI_Finance_Negative_Landscape_0034.jpeg"
image_neutral_thumbnail_id_1="554"
image_neutral_url_1="https://hehge.com/wp-content/uploads/sites/16/2023/06/MI_Finance_Neutral_Landscape_0045.jpeg"
image_neutral_thumbnail_id_2="534"
image_neutral_url_2="https://hehge.com/wp-content/uploads/sites/16/2023/06/MI_Finance_Neutral_Landscape_0065.jpeg"
image_positive_thumbnail_id_1="1008"
image_positive_url_1="https://hehge.com/wp-content/uploads/sites/16/2023/06/MI_Finance_Positive_Landscape_0170.jpeg"
image_positive_thumbnail_id_2="670"
image_positive_url_2="https://hehge.com/wp-content/uploads/sites/16/2023/06/MI_Finance_Positive_Landscape_0038.jpeg"
image_professor_thumbnail_id_1="1192"
image_professor_url_1="https://hehge.com/wp-content/uploads/sites/16/2023/06/MI_Finance_Professor_Landscape_0026.jpeg"
image_professor_thumbnail_id_2="1175"
image_professor_url_2="https://hehge.com/wp-content/uploads/sites/16/2023/06/MI_Finance_Professor_Landscape_0009.jpeg"
