Symbol="WVVIP"
AssetType="Preferred Stock"
Name="Willamette Valley Vineyards Inc PR"
Description="Willamette Valley Vineyards, Inc. produces and sells wine in the United States and internationally. The company is headquartered in Turner, Oregon."
CIK="838875"
Exchange="NASDAQ"
Currency="USD"
Country="USA"
Sector="MANUFACTURING"
Industry="BEVERAGES"
Address="8800 ENCHANTED WAY S E, TURNER, OR, US"
FiscalYearEnd="December"
LatestQuarter="2023-03-31"
MarketCapitalization="35570200"
EBITDA="963460"
PERatio="34.52"
PEGRatio="0"
BookValue="6.09"
DividendPerShare="0"
DividendYield="0.0445"
EPS="0.135"
RevenuePerShareTTM="7.25"
ProfitMargin="-0.0359"
OperatingMarginTTM="-0.0385"
ReturnOnAssetsTTM="-0.0091"
ReturnOnEquityTTM="-0.0185"
RevenueTTM="36000700"
GrossProfitTTM="18814100"
DilutedEPSTTM="0.135"
QuarterlyEarningsGrowthYOY="-0.425"
QuarterlyRevenueGrowthYOY="0.331"
AnalystTargetPrice="None"
TrailingPE="34.52"
ForwardPE="-"
PriceToSalesRatioTTM="1.22"
PriceToBookRatio="-"
EVToRevenue="-"
EVToEBITDA="-"
Beta="0.701"
num_52WeekHigh="5.75"
num_52WeekLow="3.973"
num_50DayMovingAverage="4.851"
num_200DayMovingAverage="5.01"
SharesOutstanding="4964500"
DividendDate="2022-12-30"
ExDividendDate="2022-12-06"
symbol="WVVIP"
open="4.62"
high="4.66"
low="4.62"
price="4.66"
volume="666.00"
latest_trading_day="2023-07-14"
previous_close="4.63"
change="0.03"
change_percent="0.6479%"
aroon_positive_momentum_days="0"
aroon_negative_momentum_days="69"
trend_strength="Absent or Weak Trend"
buying_signal="Weak Sell Signal"
volume_analysis="Target Volume"
value_analysis="Expected Range"
Aroon_change="FALSE"
Aroon_momentum="31"
Volume_recent_avg="1188"
Change_recent_avg="0.01"
Delta_recent_avg="0.1"
Variance_recent_avg="0.05"
Change_ratio_recent_avg="-0.11"
RSI_change="FALSE"
ADX_change="FALSE"

event="FALSE"
Aroon_signal="negative"
Aroon_change="FALSE"
Aroon_momentum_positive="31"
Aroon_momentum_negative="69"
image_negative_thumbnail_id_1="164"
image_negative_url_1="https://hehge.com/wp-content/uploads/sites/16/2023/05/MI_Finance_Negative_Landscape_0012.jpeg"
image_negative_thumbnail_id_2="1108"
image_negative_url_2="https://hehge.com/wp-content/uploads/sites/16/2023/06/MI_Finance_Negative_Landscape_0141.jpeg"
image_neutral_thumbnail_id_1="576"
image_neutral_url_1="https://hehge.com/wp-content/uploads/sites/16/2023/06/MI_Finance_Neutral_Landscape_0023.jpeg"
image_neutral_thumbnail_id_2="585"
image_neutral_url_2="https://hehge.com/wp-content/uploads/sites/16/2023/06/MI_Finance_Neutral_Landscape_0014.jpeg"
image_positive_thumbnail_id_1="652"
image_positive_url_1="https://hehge.com/wp-content/uploads/sites/16/2023/06/MI_Finance_Positive_Landscape_0056.jpeg"
image_positive_thumbnail_id_2="700"
image_positive_url_2="https://hehge.com/wp-content/uploads/sites/16/2023/06/MI_Finance_Positive_Landscape_0008.jpeg"
image_professor_thumbnail_id_1="1199"
image_professor_url_1="https://hehge.com/wp-content/uploads/sites/16/2023/06/MI_Finance_Professor_Landscape_0033.jpeg"
image_professor_thumbnail_id_2="1171"
image_professor_url_2="https://hehge.com/wp-content/uploads/sites/16/2023/06/MI_Finance_Professor_Landscape_0005.jpeg"
