Symbol="VITL"
AssetType="Common Stock"
Name="Vital Farms Inc"
Description="Vital Farms, Inc., an ethical food company, offers free range products in the United States. The company is headquartered in Austin, Texas."
CIK="1579733"
Exchange="NASDAQ"
Currency="USD"
Country="USA"
Sector="MANUFACTURING"
Industry="FOOD AND KINDRED PRODUCTS"
Address="3601 SOUTH CONGRESS AVENUE, SUITE C100, AUSTIN, TX, US"
FiscalYearEnd="December"
LatestQuarter="2023-03-31"
MarketCapitalization="506510000"
EBITDA="23291000"
PERatio="53.91"
PEGRatio="None"
BookValue="4.102"
DividendPerShare="0"
DividendYield="0"
EPS="0.23"
RevenuePerShareTTM="9.93"
ProfitMargin="0.0246"
OperatingMarginTTM="0.0423"
ReturnOnAssetsTTM="0.0511"
ReturnOnEquityTTM="0.0623"
RevenueTTM="404164000"
GrossProfitTTM="110447000"
DilutedEPSTTM="0.23"
QuarterlyEarningsGrowthYOY="-0.948"
QuarterlyRevenueGrowthYOY="0.547"
AnalystTargetPrice="18.5"
TrailingPE="53.91"
ForwardPE="208.33"
PriceToSalesRatioTTM="1.864"
PriceToBookRatio="3.985"
EVToRevenue="1.613"
EVToEBITDA="91.78"
Beta="0.602"
num_52WeekHigh="18.18"
num_52WeekLow="10.23"
num_50DayMovingAverage="12.52"
num_200DayMovingAverage="14.27"
SharesOutstanding="40847600"
DividendDate="None"
ExDividendDate="None"
symbol="VITL"
open="13.36"
high="14.18"
low="12.25"
price="12.40"
volume="759471.00"
latest_trading_day="2023-08-04"
previous_close="13.27"
change="-0.87"
change_percent="-6.5561%"
aroon_positive_momentum_days="0"
aroon_negative_momentum_days="85"
trend_strength="Absent or Weak Trend"
buying_signal="Strong Sell Signal"
volume_analysis="Target Volume"
value_analysis="Expected Range"
Aroon_change="FALSE"
Aroon_momentum="15"
Volume_recent_avg="320384"
Change_recent_avg="-0.08"
Delta_recent_avg="0.56"
Variance_recent_avg="0.28"
Change_ratio_recent_avg="-0.62"
RSI_change="FALSE"
ADX_change="FALSE"

event="FALSE"
Aroon_signal="negative"
Aroon_change="FALSE"
Aroon_momentum_positive="15"
Aroon_momentum_negative="85"
image_negative_thumbnail_id_1="143"
image_negative_url_1="https://hehge.com/wp-content/uploads/sites/16/2023/05/MI_Finance_Negative_Landscape_0033.jpeg"
image_negative_thumbnail_id_2="1100"
image_negative_url_2="https://hehge.com/wp-content/uploads/sites/16/2023/06/MI_Finance_Negative_Landscape_0133.jpeg"
image_neutral_thumbnail_id_1="582"
image_neutral_url_1="https://hehge.com/wp-content/uploads/sites/16/2023/06/MI_Finance_Neutral_Landscape_0017.jpeg"
image_neutral_thumbnail_id_2="539"
image_neutral_url_2="https://hehge.com/wp-content/uploads/sites/16/2023/06/MI_Finance_Neutral_Landscape_0060.jpeg"
image_positive_thumbnail_id_1="626"
image_positive_url_1="https://hehge.com/wp-content/uploads/sites/16/2023/06/MI_Finance_Positive_Landscape_0082.jpeg"
image_positive_thumbnail_id_2="688"
image_positive_url_2="https://hehge.com/wp-content/uploads/sites/16/2023/06/MI_Finance_Positive_Landscape_0020.jpeg"
image_professor_thumbnail_id_1="1179"
image_professor_url_1="https://hehge.com/wp-content/uploads/sites/16/2023/06/MI_Finance_Professor_Landscape_0013.jpeg"
image_professor_thumbnail_id_2="1184"
image_professor_url_2="https://hehge.com/wp-content/uploads/sites/16/2023/06/MI_Finance_Professor_Landscape_0018.jpeg"
