Symbol="CAAS"
AssetType="Common Stock"
Name="China Automotive Systems Inc"
Description="China Automotive Systems, Inc. manufactures and sells automotive components and systems in the People's Republic of China. The company is headquartered in Jingzhou City, the People's Republic of China."
CIK="1157762"
Exchange="NASDAQ"
Currency="USD"
Country="China"
Sector="MANUFACTURING"
Industry="MOTOR VEHICLE PARTS & ACCESSORIES"
Address="NO. 1, HENGLONG ROAD, YU QIAO DEVELOPMENT ZONE,JINGZHOU CICITY, HUBEI PROVINCE, CHINA"
FiscalYearEnd="December"
LatestQuarter="2023-03-31"
MarketCapitalization="166021000"
EBITDA="41113000"
PERatio="5.85"
PEGRatio="0.61"
BookValue="10.69"
DividendPerShare="0"
DividendYield="0"
EPS="0.94"
RevenuePerShareTTM="17.57"
ProfitMargin="0.0524"
OperatingMarginTTM="0.0323"
ReturnOnAssetsTTM="0.0149"
ReturnOnEquityTTM="0.0886"
RevenueTTM="535398000"
GrossProfitTTM="82211000"
DilutedEPSTTM="0.94"
QuarterlyEarningsGrowthYOY="-0.128"
QuarterlyRevenueGrowthYOY="0.043"
AnalystTargetPrice="7.5"
TrailingPE="5.85"
ForwardPE="16.21"
PriceToSalesRatioTTM="0.376"
PriceToBookRatio="0.664"
EVToRevenue="0.394"
EVToEBITDA="4.093"
Beta="2.39"
num_52WeekHigh="9.7"
num_52WeekLow="2.81"
num_50DayMovingAverage="5.06"
num_200DayMovingAverage="5.69"
SharesOutstanding="30185700"
DividendDate="2014-07-28"
ExDividendDate="2014-06-24"
symbol="CAAS"
open="5.49"
high="5.64"
low="5.42"
price="5.42"
volume="24830.00"
latest_trading_day="2023-08-03"
previous_close="5.50"
change="-0.08"
change_percent="-1.4545%"
aroon_positive_momentum_days="28"
aroon_negative_momentum_days="0"
trend_strength="Absent or Weak Trend"
buying_signal="Weak Buy Signal"
volume_analysis="Target Volume"
value_analysis="Expected Range"
Aroon_change="FALSE"
Aroon_momentum="28"
Volume_recent_avg="88012"
Change_recent_avg="0.01"
Delta_recent_avg="0.32"
Variance_recent_avg="0.16"
Change_ratio_recent_avg="-0.08"
RSI_change="FALSE"
ADX_change="FALSE"

event="FALSE"
Aroon_signal="positive"
Aroon_change="FALSE"
Aroon_momentum_positive="28"
Aroon_momentum_negative="72"
image_negative_thumbnail_id_1="1105"
image_negative_url_1="https://hehge.com/wp-content/uploads/sites/16/2023/06/MI_Finance_Negative_Landscape_0138.jpeg"
image_negative_thumbnail_id_2="489"
image_negative_url_2="https://hehge.com/wp-content/uploads/sites/16/2023/06/MI_Finance_Negative_Landscape_0116.jpeg"
image_neutral_thumbnail_id_1="529"
image_neutral_url_1="https://hehge.com/wp-content/uploads/sites/16/2023/06/MI_Finance_Neutral_Landscape_0070.jpeg"
image_neutral_thumbnail_id_2="577"
image_neutral_url_2="https://hehge.com/wp-content/uploads/sites/16/2023/06/MI_Finance_Neutral_Landscape_0022.jpeg"
image_positive_thumbnail_id_1="951"
image_positive_url_1="https://hehge.com/wp-content/uploads/sites/16/2023/06/MI_Finance_Positive_Landscape_0113.jpeg"
image_positive_thumbnail_id_2="999"
image_positive_url_2="https://hehge.com/wp-content/uploads/sites/16/2023/06/MI_Finance_Positive_Landscape_0161.jpeg"
image_professor_thumbnail_id_1="1186"
image_professor_url_1="https://hehge.com/wp-content/uploads/sites/16/2023/06/MI_Finance_Professor_Landscape_0020.jpeg"
image_professor_thumbnail_id_2="1169"
image_professor_url_2="https://hehge.com/wp-content/uploads/sites/16/2023/06/MI_Finance_Professor_Landscape_0003.jpeg"
