Symbol="CAAS"
AssetType="Common Stock"
Name="China Automotive Systems Inc"
Description="China Automotive Systems, Inc. manufactures and sells automotive components and systems in the People's Republic of China. The company is headquartered in Jingzhou City, the People's Republic of China."
CIK="1157762"
Exchange="NASDAQ"
Currency="USD"
Country="China"
Sector="MANUFACTURING"
Industry="MOTOR VEHICLE PARTS & ACCESSORIES"
Address="NO. 1, HENGLONG ROAD, YU QIAO DEVELOPMENT ZONE,JINGZHOU CICITY, HUBEI PROVINCE, CHINA"
FiscalYearEnd="December"
LatestQuarter="2023-06-30"
MarketCapitalization="139458000"
EBITDA="40569000"
PERatio="4.915"
PEGRatio="0.61"
BookValue="10.52"
DividendPerShare="0"
DividendYield="0"
EPS="0.94"
RevenuePerShareTTM="18.0"
ProfitMargin="0.0533"
OperatingMarginTTM="0.0328"
ReturnOnAssetsTTM="0.0162"
ReturnOnEquityTTM="0.0952"
RevenueTTM="545647000"
GrossProfitTTM="82211000"
DilutedEPSTTM="0.94"
QuarterlyEarningsGrowthYOY="0.134"
QuarterlyRevenueGrowthYOY="0.081"
AnalystTargetPrice="7.5"
TrailingPE="4.915"
ForwardPE="16.21"
PriceToSalesRatioTTM="0.376"
PriceToBookRatio="0.664"
EVToRevenue="0.394"
EVToEBITDA="4.093"
Beta="2.392"
num_52WeekHigh="9.7"
num_52WeekLow="3.03"
num_50DayMovingAverage="5.1"
num_200DayMovingAverage="5.75"
SharesOutstanding="30185700"
DividendDate="2014-07-28"
ExDividendDate="2014-06-24"
symbol="CAAS"
open="4.64"
high="4.83"
low="4.43"
price="4.49"
volume="108649.00"
latest_trading_day="2023-08-17"
previous_close="4.62"
change="-0.13"
change_percent="-2.8139%"
aroon_positive_momentum_days="0"
aroon_negative_momentum_days="67"
trend_strength="Absent or Weak Trend"
buying_signal="Weak Sell Signal"
volume_analysis="Target Volume"
value_analysis="Expected Range"
Aroon_change="TRUE"
Aroon_momentum="33"
Volume_recent_avg="84072"
Change_recent_avg="-0.01"
Delta_recent_avg="0.31"
Variance_recent_avg="0.15"
Change_ratio_recent_avg="-0.22"
RSI_change="FALSE"
ADX_change="FALSE"
Aroon_signal="negative"
Aroon_change="TRUE"
Aroon_momentum_positive="33"
Aroon_momentum_negative="67"
image_negative_thumbnail_id_1="159"
image_negative_url_1="https://hehge.com/wp-content/uploads/sites/16/2023/05/MI_Finance_Negative_Landscape_0017.jpeg"
image_negative_thumbnail_id_2="494"
image_negative_url_2="https://hehge.com/wp-content/uploads/sites/16/2023/06/MI_Finance_Negative_Landscape_0111.jpeg"
image_neutral_thumbnail_id_1="581"
image_neutral_url_1="https://hehge.com/wp-content/uploads/sites/16/2023/06/MI_Finance_Neutral_Landscape_0018.jpeg"
image_neutral_thumbnail_id_2="550"
image_neutral_url_2="https://hehge.com/wp-content/uploads/sites/16/2023/06/MI_Finance_Neutral_Landscape_0049.jpeg"
image_positive_thumbnail_id_1="1005"
image_positive_url_1="https://hehge.com/wp-content/uploads/sites/16/2023/06/MI_Finance_Positive_Landscape_0167.jpeg"
image_positive_thumbnail_id_2="616"
image_positive_url_2="https://hehge.com/wp-content/uploads/sites/16/2023/06/MI_Finance_Positive_Landscape_0092.jpeg"
image_professor_thumbnail_id_1="1190"
image_professor_url_1="https://hehge.com/wp-content/uploads/sites/16/2023/06/MI_Finance_Professor_Landscape_0024.jpeg"
image_professor_thumbnail_id_2="1191"
image_professor_url_2="https://hehge.com/wp-content/uploads/sites/16/2023/06/MI_Finance_Professor_Landscape_0025.jpeg"
