Symbol="NVEC"
AssetType="Common Stock"
Name="NVE Corporation"
Description="NVE Corporation develops and sells devices that use spintronics, a nanotechnology that relies on the spin of the electron to acquire, store, and transmit information in the United States and internationally. The company is headquartered in Eden Prairie, Minnesota."
CIK="724910"
Exchange="NASDAQ"
Currency="USD"
Country="USA"
Sector="MANUFACTURING"
Industry="SEMICONDUCTORS & RELATED DEVICES"
Address="11409 VALLEY VIEW ROAD, EDEN PRAIRIE, MN, US"
FiscalYearEnd="March"
LatestQuarter="2023-06-30"
MarketCapitalization="367967000"
EBITDA="26530500"
PERatio="16.03"
PEGRatio="1.18"
BookValue="13.77"
DividendPerShare="4"
DividendYield="0.0511"
EPS="4.75"
RevenuePerShareTTM="8.23"
ProfitMargin="0.578"
OperatingMarginTTM="0.662"
ReturnOnAssetsTTM="0.247"
ReturnOnEquityTTM="0.353"
RevenueTTM="39748600"
GrossProfitTTM="20723900"
DilutedEPSTTM="4.75"
QuarterlyEarningsGrowthYOY="0.062"
QuarterlyRevenueGrowthYOY="0.204"
AnalystTargetPrice="79"
TrailingPE="16.03"
ForwardPE="-"
PriceToSalesRatioTTM="9.91"
PriceToBookRatio="5.0"
EVToRevenue="9.83"
EVToEBITDA="14.99"
Beta="1.218"
num_52WeekHigh="98.96"
num_52WeekLow="43.62"
num_50DayMovingAverage="87.87"
num_200DayMovingAverage="78.0"
SharesOutstanding="4833400"
DividendDate="2023-08-31"
ExDividendDate="2023-07-28"
symbol="NVEC"
open="75.38"
high="77.28"
low="75.38"
price="76.71"
volume="38157.00"
latest_trading_day="2023-08-18"
previous_close="76.13"
change="0.58"
change_percent="0.7619%"
aroon_positive_momentum_days="0"
aroon_negative_momentum_days="18"
trend_strength="Absent or Weak Trend"
buying_signal="Weak Sell Signal"
volume_analysis="Target Volume"
value_analysis="Expected Range"
Aroon_change="FALSE"
Aroon_momentum="82"
Volume_recent_avg="47825"
Change_recent_avg="0.05"
Delta_recent_avg="2.93"
Variance_recent_avg="1.47"
Change_ratio_recent_avg="0.01"
RSI_change="FALSE"
ADX_change="FALSE"

event="FALSE"
Aroon_signal="negative"
Aroon_change="FALSE"
Aroon_momentum_positive="82"
Aroon_momentum_negative="18"
image_negative_thumbnail_id_1="1101"
image_negative_url_1="https://hehge.com/wp-content/uploads/sites/16/2023/06/MI_Finance_Negative_Landscape_0134.jpeg"
image_negative_thumbnail_id_2="1140"
image_negative_url_2="https://hehge.com/wp-content/uploads/sites/16/2023/06/MI_Finance_Negative_Landscape_0173.jpeg"
image_neutral_thumbnail_id_1="596"
image_neutral_url_1="https://hehge.com/wp-content/uploads/sites/16/2023/06/MI_Finance_Neutral_Landscape_0003.jpeg"
image_neutral_thumbnail_id_2="572"
image_neutral_url_2="https://hehge.com/wp-content/uploads/sites/16/2023/06/MI_Finance_Neutral_Landscape_0027.jpeg"
image_positive_thumbnail_id_1="637"
image_positive_url_1="https://hehge.com/wp-content/uploads/sites/16/2023/06/MI_Finance_Positive_Landscape_0071.jpeg"
image_positive_thumbnail_id_2="980"
image_positive_url_2="https://hehge.com/wp-content/uploads/sites/16/2023/06/MI_Finance_Positive_Landscape_0142.jpeg"
image_professor_thumbnail_id_1="1195"
image_professor_url_1="https://hehge.com/wp-content/uploads/sites/16/2023/06/MI_Finance_Professor_Landscape_0029.jpeg"
image_professor_thumbnail_id_2="1170"
image_professor_url_2="https://hehge.com/wp-content/uploads/sites/16/2023/06/MI_Finance_Professor_Landscape_0004.jpeg"
