Symbol="PRPL"
AssetType="Common Stock"
Name="Purple Innovation Inc"
Description="Purple Innovation, Inc. designs and manufactures mattresses, pillows, and cushions. The company is headquartered in Lehi, Utah."
CIK="1643953"
Exchange="NASDAQ"
Currency="USD"
Country="USA"
Sector="MANUFACTURING"
Industry="HOUSEHOLD FURNITURE"
Address="4100 N. CHAPEL RIDGE RD, SUITE 200, LEHI, UT, US"
FiscalYearEnd="December"
LatestQuarter="2023-03-31"
MarketCapitalization="320760000"
EBITDA="-23360000"
PERatio="None"
PEGRatio="2.004"
BookValue="2.027"
DividendPerShare="0"
DividendYield="0"
EPS="-1.09"
RevenuePerShareTTM="6.05"
ProfitMargin="-0.184"
OperatingMarginTTM="-0.081"
ReturnOnAssetsTTM="-0.0509"
ReturnOnEquityTTM="-0.453"
RevenueTTM="541885000"
GrossProfitTTM="210582000"
DilutedEPSTTM="-1.09"
QuarterlyEarningsGrowthYOY="-0.602"
QuarterlyRevenueGrowthYOY="-0.236"
AnalystTargetPrice="4.86"
TrailingPE="-"
ForwardPE="294.12"
PriceToSalesRatioTTM="0.733"
PriceToBookRatio="1.768"
EVToRevenue="0.882"
EVToEBITDA="-30.73"
Beta="1.502"
num_52WeekHigh="6.76"
num_52WeekLow="2.198"
num_50DayMovingAverage="2.986"
num_200DayMovingAverage="3.879"
SharesOutstanding="105065000"
DividendDate="None"
ExDividendDate="None"
symbol="PRPL"
open="3.20"
high="3.31"
low="3.04"
price="3.11"
volume="838866.00"
latest_trading_day="2023-07-13"
previous_close="3.17"
change="-0.06"
change_percent="-1.8927%"
aroon_positive_momentum_days="27"
aroon_negative_momentum_days="0"
trend_strength="Absent or Weak Trend"
buying_signal="Weak Buy Signal"
volume_analysis="Target Volume"
value_analysis="Expected Range"
Aroon_change="FALSE"
Aroon_momentum="27"
Volume_recent_avg="1083337"
Change_recent_avg="-0.02"
Delta_recent_avg="0.22"
Variance_recent_avg="0.11"
Change_ratio_recent_avg="-0.78"
RSI_change="FALSE"
ADX_change="FALSE"

event="FALSE"
Aroon_signal="positive"
Aroon_change="FALSE"
Aroon_momentum_positive="27"
Aroon_momentum_negative="73"
image_negative_thumbnail_id_1="136"
image_negative_url_1="https://hehge.com/wp-content/uploads/sites/16/2023/05/MI_Finance_Negative_Landscape_0040.jpeg"
image_negative_thumbnail_id_2="130"
image_negative_url_2="https://hehge.com/wp-content/uploads/sites/16/2023/05/MI_Finance_Negative_Landscape_0046.jpeg"
image_neutral_thumbnail_id_1="552"
image_neutral_url_1="https://hehge.com/wp-content/uploads/sites/16/2023/06/MI_Finance_Neutral_Landscape_0047.jpeg"
image_neutral_thumbnail_id_2="528"
image_neutral_url_2="https://hehge.com/wp-content/uploads/sites/16/2023/06/MI_Finance_Neutral_Landscape_0071.jpeg"
image_positive_thumbnail_id_1="655"
image_positive_url_1="https://hehge.com/wp-content/uploads/sites/16/2023/06/MI_Finance_Positive_Landscape_0053.jpeg"
image_positive_thumbnail_id_2="1000"
image_positive_url_2="https://hehge.com/wp-content/uploads/sites/16/2023/06/MI_Finance_Positive_Landscape_0162.jpeg"
image_professor_thumbnail_id_1="1172"
image_professor_url_1="https://hehge.com/wp-content/uploads/sites/16/2023/06/MI_Finance_Professor_Landscape_0006.jpeg"
image_professor_thumbnail_id_2="1169"
image_professor_url_2="https://hehge.com/wp-content/uploads/sites/16/2023/06/MI_Finance_Professor_Landscape_0003.jpeg"
