Symbol="AMWD"
AssetType="Common Stock"
Name="American Woodmark Corporation"
Description="American Woodmark Corporation manufactures and distributes kitchen, bathroom and home organization products for the remodeling and new home construction markets in the United States. The company is headquartered in Winchester, Virginia."
CIK="794619"
Exchange="NASDAQ"
Currency="USD"
Country="USA"
Sector="MANUFACTURING"
Industry="MILLWOOD, VENEER, PLYWOOD, & STRUCTURAL WOOD MEMBERS"
Address="3102 SHAWNEE DRIVE, WINCHESTER, VA, US"
FiscalYearEnd="April"
LatestQuarter="2023-04-30"
MarketCapitalization="1256577000"
EBITDA="223621000"
PERatio="13.63"
PEGRatio="2.46"
BookValue="52.53"
DividendPerShare="0"
DividendYield="0"
EPS="5.63"
RevenuePerShareTTM="124.36"
ProfitMargin="0.0454"
OperatingMarginTTM="0.0667"
ReturnOnAssetsTTM="0.0547"
ReturnOnEquityTTM="0.114"
RevenueTTM="2066200000"
GrossProfitTTM="226444000"
DilutedEPSTTM="5.63"
QuarterlyEarningsGrowthYOY="1.059"
QuarterlyRevenueGrowthYOY="-0.041"
AnalystTargetPrice="69.33"
TrailingPE="13.63"
ForwardPE="7.78"
PriceToSalesRatioTTM="0.434"
PriceToBookRatio="1.079"
EVToRevenue="0.701"
EVToEBITDA="11.56"
Beta="1.865"
num_52WeekHigh="77.93"
num_52WeekLow="41.05"
num_50DayMovingAverage="68.1"
num_200DayMovingAverage="55.83"
SharesOutstanding="16376600"
DividendDate="2011-06-27"
ExDividendDate="2011-06-09"
symbol="AMWD"
open="74.99"
high="77.09"
low="74.04"
price="76.73"
volume="66506.00"
latest_trading_day="2023-07-26"
previous_close="75.48"
change="1.25"
change_percent="1.6561%"
aroon_positive_momentum_days="62"
aroon_negative_momentum_days="0"
trend_strength="Absent or Weak Trend"
buying_signal="Strong Buy Signal"
volume_analysis="Trending Low"
value_analysis="Bearish Trend"
Aroon_change="FALSE"
Aroon_momentum="62"
Volume_recent_avg="113431"
Change_recent_avg="0.12"
Delta_recent_avg="1.79"
Variance_recent_avg="0.89"
Change_ratio_recent_avg="0.13"
RSI_change="FALSE"
ADX_change="FALSE"

event="FALSE"
Aroon_signal="positive"
Aroon_change="FALSE"
Aroon_momentum_positive="62"
Aroon_momentum_negative="38"
image_negative_thumbnail_id_1="1156"
image_negative_url_1="https://hehge.com/wp-content/uploads/sites/16/2023/06/MI_Finance_Negative_Landscape_0190.jpeg"
image_negative_thumbnail_id_2="1163"
image_negative_url_2="https://hehge.com/wp-content/uploads/sites/16/2023/06/MI_Finance_Negative_Landscape_0197.jpeg"
image_neutral_thumbnail_id_1="577"
image_neutral_url_1="https://hehge.com/wp-content/uploads/sites/16/2023/06/MI_Finance_Neutral_Landscape_0022.jpeg"
image_neutral_thumbnail_id_2="585"
image_neutral_url_2="https://hehge.com/wp-content/uploads/sites/16/2023/06/MI_Finance_Neutral_Landscape_0014.jpeg"
image_positive_thumbnail_id_1="952"
image_positive_url_1="https://hehge.com/wp-content/uploads/sites/16/2023/06/MI_Finance_Positive_Landscape_0114.jpeg"
image_positive_thumbnail_id_2="686"
image_positive_url_2="https://hehge.com/wp-content/uploads/sites/16/2023/06/MI_Finance_Positive_Landscape_0022.jpeg"
image_professor_thumbnail_id_1="1181"
image_professor_url_1="https://hehge.com/wp-content/uploads/sites/16/2023/06/MI_Finance_Professor_Landscape_0015.jpeg"
image_professor_thumbnail_id_2="1200"
image_professor_url_2="https://hehge.com/wp-content/uploads/sites/16/2023/06/MI_Finance_Professor_Landscape_0034.jpeg"
