Symbol="AAOI"
AssetType="Common Stock"
Name="Applied Opt"
Description="Applied Optoelectronics, Inc. designs, manufactures, and sells various fiber optic networking products globally. The company is headquartered in Sugar Land, Texas."
CIK="1158114"
Exchange="NASDAQ"
Currency="USD"
Country="USA"
Sector="MANUFACTURING"
Industry="SEMICONDUCTORS & RELATED DEVICES"
Address="13115 JESS PIRTLE BLVD, SUGAR LAND, TX, US"
FiscalYearEnd="December"
LatestQuarter="2023-06-30"
MarketCapitalization="361735000"
EBITDA="-40263000"
PERatio="None"
PEGRatio="0.51"
BookValue="5.14"
DividendPerShare="0"
DividendYield="0"
EPS="-2.52"
RevenuePerShareTTM="7.43"
ProfitMargin="-0.325"
OperatingMarginTTM="-0.291"
ReturnOnAssetsTTM="-0.0979"
ReturnOnEquityTTM="-0.361"
RevenueTTM="212923000"
GrossProfitTTM="33627000"
DilutedEPSTTM="-2.52"
QuarterlyEarningsGrowthYOY="0"
QuarterlyRevenueGrowthYOY="-0.204"
AnalystTargetPrice="12"
TrailingPE="-"
ForwardPE="84.03"
PriceToSalesRatioTTM="0.28"
PriceToBookRatio="0.305"
EVToRevenue="0.859"
EVToEBITDA="-5.99"
Beta="1.866"
num_52WeekHigh="14.77"
num_52WeekLow="1.6"
num_50DayMovingAverage="6.75"
num_200DayMovingAverage="3.377"
SharesOutstanding="29195700"
DividendDate="None"
ExDividendDate="None"
symbol="AAOI"
open="14.00"
high="14.04"
low="12.10"
price="12.39"
volume="4778032.00"
latest_trading_day="2023-08-11"
previous_close="14.44"
change="-2.05"
change_percent="-14.1967%"
aroon_positive_momentum_days="51"
aroon_negative_momentum_days="0"
trend_strength="Strong Trend"
buying_signal="Strong Buy Signal"
volume_analysis="Trending Low"
value_analysis="Bearish Trend"
Aroon_change="FALSE"
Aroon_momentum="51"
Volume_recent_avg="2235784"
Change_recent_avg="0.07"
Delta_recent_avg="0.6"
Variance_recent_avg="0.3"
Change_ratio_recent_avg="0.63"
RSI_change="FALSE"
ADX_change="TRUE"

event="FALSE"
Aroon_signal="positive"
Aroon_change="FALSE"
Aroon_momentum_positive="51"
Aroon_momentum_negative="49"
image_negative_thumbnail_id_1="125"
image_negative_url_1="https://hehge.com/wp-content/uploads/sites/16/2023/05/MI_Finance_Negative_Landscape_0051.jpeg"
image_negative_thumbnail_id_2="121"
image_negative_url_2="https://hehge.com/wp-content/uploads/sites/16/2023/05/MI_Finance_Negative_Landscape_0055.jpeg"
image_neutral_thumbnail_id_1="585"
image_neutral_url_1="https://hehge.com/wp-content/uploads/sites/16/2023/06/MI_Finance_Neutral_Landscape_0014.jpeg"
image_neutral_thumbnail_id_2="580"
image_neutral_url_2="https://hehge.com/wp-content/uploads/sites/16/2023/06/MI_Finance_Neutral_Landscape_0019.jpeg"
image_positive_thumbnail_id_1="638"
image_positive_url_1="https://hehge.com/wp-content/uploads/sites/16/2023/06/MI_Finance_Positive_Landscape_0070.jpeg"
image_positive_thumbnail_id_2="983"
image_positive_url_2="https://hehge.com/wp-content/uploads/sites/16/2023/06/MI_Finance_Positive_Landscape_0145.jpeg"
image_professor_thumbnail_id_1="1173"
image_professor_url_1="https://hehge.com/wp-content/uploads/sites/16/2023/06/MI_Finance_Professor_Landscape_0007.jpeg"
image_professor_thumbnail_id_2="1186"
image_professor_url_2="https://hehge.com/wp-content/uploads/sites/16/2023/06/MI_Finance_Professor_Landscape_0020.jpeg"
