Symbol="ABEV"
AssetType="Common Stock"
Name="Ambev SA ADR"
Description="Ambev SA produces, distributes and sells beer, draft beer, carbonated soft drinks (CSD), other non-alcoholic beverages, malt and food products in the Americas. The company is headquartered in So Paulo, Brazil."
CIK="1565025"
Exchange="NYSE"
Currency="USD"
Country="USA"
Sector="MANUFACTURING"
Industry="BEVERAGES"
Address="RUA DR. RENATO PAES DE BARROS, 1017, 3 ANDAR PARTE, SAO PAULO, BR"
FiscalYearEnd="December"
LatestQuarter="2023-03-31"
MarketCapitalization="49567502000"
EBITDA="23003202000"
PERatio="16.45"
PEGRatio="1.976"
BookValue="5.4"
DividendPerShare="0.762"
DividendYield="0.046"
EPS="0.19"
RevenuePerShareTTM="5.2"
ProfitMargin="0.18"
OperatingMarginTTM="0.225"
ReturnOnAssetsTTM="0.0873"
ReturnOnEquityTTM="0.182"
RevenueTTM="81801421000"
GrossProfitTTM="39286758000"
DilutedEPSTTM="0.19"
QuarterlyEarningsGrowthYOY="0.085"
QuarterlyRevenueGrowthYOY="0.113"
AnalystTargetPrice="3.67"
TrailingPE="16.45"
ForwardPE="16.81"
PriceToSalesRatioTTM="0.559"
PriceToBookRatio="2.649"
EVToRevenue="0.53"
EVToEBITDA="1.962"
Beta="0.641"
num_52WeekHigh="3.23"
num_52WeekLow="2.4"
num_50DayMovingAverage="3.036"
num_200DayMovingAverage="2.841"
SharesOutstanding="15746700000"
DividendDate="2023-01-05"
ExDividendDate="2022-12-20"
symbol="ABEV"
open="3.10"
high="3.14"
low="3.08"
price="3.13"
volume="7882898.00"
latest_trading_day="2023-07-28"
previous_close="3.07"
change="0.06"
change_percent="1.9544%"
aroon_positive_momentum_days="85"
aroon_negative_momentum_days="0"
trend_strength="Absent or Weak Trend"
buying_signal="Weak Buy Signal"
volume_analysis="Target Volume"
value_analysis="Expected Range"
Aroon_change="FALSE"
Aroon_momentum="85"
Volume_recent_avg="15501018"
Change_recent_avg="0.01"
Delta_recent_avg="0.06"
Variance_recent_avg="0.03"
Change_ratio_recent_avg="0.01"
RSI_change="FALSE"
ADX_change="FALSE"

event="FALSE"
Aroon_signal="positive"
Aroon_change="FALSE"
Aroon_momentum_positive="85"
Aroon_momentum_negative="15"
image_negative_thumbnail_id_1="502"
image_negative_url_1="https://hehge.com/wp-content/uploads/sites/16/2023/06/MI_Finance_Negative_Landscape_0103.jpeg"
image_negative_thumbnail_id_2="1086"
image_negative_url_2="https://hehge.com/wp-content/uploads/sites/16/2023/06/MI_Finance_Negative_Landscape_0119.jpeg"
image_neutral_thumbnail_id_1="549"
image_neutral_url_1="https://hehge.com/wp-content/uploads/sites/16/2023/06/MI_Finance_Neutral_Landscape_0050.jpeg"
image_neutral_thumbnail_id_2="535"
image_neutral_url_2="https://hehge.com/wp-content/uploads/sites/16/2023/06/MI_Finance_Neutral_Landscape_0064.jpeg"
image_positive_thumbnail_id_1="949"
image_positive_url_1="https://hehge.com/wp-content/uploads/sites/16/2023/06/MI_Finance_Positive_Landscape_0111.jpeg"
image_positive_thumbnail_id_2="993"
image_positive_url_2="https://hehge.com/wp-content/uploads/sites/16/2023/06/MI_Finance_Positive_Landscape_0155.jpeg"
image_professor_thumbnail_id_1="1201"
image_professor_url_1="https://hehge.com/wp-content/uploads/sites/16/2023/06/MI_Finance_Professor_Landscape_0035.jpeg"
image_professor_thumbnail_id_2="1189"
image_professor_url_2="https://hehge.com/wp-content/uploads/sites/16/2023/06/MI_Finance_Professor_Landscape_0023.jpeg"
