Symbol="DXYN"
AssetType="Common Stock"
Name="The Dixie Group Inc"
Description="Dixie Group, Inc. manufactures, markets and sells floor covering products for residential and commercial applications in North America and internationally. The company is headquartered in Dalton, Georgia."
CIK="29332"
Exchange="NASDAQ"
Currency="USD"
Country="USA"
Sector="MANUFACTURING"
Industry="CARPETS & RUGS"
Address="PO BOX 2007, DALTON, GA, US"
FiscalYearEnd="December"
LatestQuarter="2023-06-30"
MarketCapitalization="16517600"
EBITDA="-9619000"
PERatio="None"
PEGRatio="-1.07"
BookValue="1.926"
DividendPerShare="0"
DividendYield="0"
EPS="-2.02"
RevenuePerShareTTM="19.02"
ProfitMargin="-0.108"
OperatingMarginTTM="-0.0579"
ReturnOnAssetsTTM="-0.0479"
ReturnOnEquityTTM="-0.671"
RevenueTTM="283390000"
GrossProfitTTM="53624000"
DilutedEPSTTM="-2.02"
QuarterlyEarningsGrowthYOY="6.48"
QuarterlyRevenueGrowthYOY="-0.116"
AnalystTargetPrice="5"
TrailingPE="-"
ForwardPE="-"
PriceToSalesRatioTTM="0.0478"
PriceToBookRatio="0.295"
EVToRevenue="0.402"
EVToEBITDA="-15.95"
Beta="2.412"
num_52WeekHigh="1.63"
num_52WeekLow="0.67"
num_50DayMovingAverage="1.186"
num_200DayMovingAverage="0.967"
SharesOutstanding="14435300"
DividendDate="None"
ExDividendDate="1998-09-10"
symbol="DXYN"
open="0.97"
high="1.02"
low="0.95"
price="1.00"
volume="10072.00"
latest_trading_day="2023-08-14"
previous_close="1.02"
change="-0.02"
change_percent="-1.9608%"
aroon_positive_momentum_days="65"
aroon_negative_momentum_days="0"
trend_strength="Absent or Weak Trend"
buying_signal="Weak Buy Signal"
volume_analysis="Target Volume"
value_analysis="Expected Range"
Aroon_change="FALSE"
Aroon_momentum="65"
Volume_recent_avg="37498"
Change_recent_avg="0.01"
Delta_recent_avg="0.08"
Variance_recent_avg="0.04"
Change_ratio_recent_avg="0.25"
RSI_change="FALSE"
ADX_change="FALSE"

event="FALSE"
Aroon_signal="positive"
Aroon_change="FALSE"
Aroon_momentum_positive="65"
Aroon_momentum_negative="35"
image_negative_thumbnail_id_1="108"
image_negative_url_1="https://hehge.com/wp-content/uploads/sites/16/2023/05/MI_Finance_Negative_Landscape_0068.jpeg"
image_negative_thumbnail_id_2="501"
image_negative_url_2="https://hehge.com/wp-content/uploads/sites/16/2023/06/MI_Finance_Negative_Landscape_0104.jpeg"
image_neutral_thumbnail_id_1="568"
image_neutral_url_1="https://hehge.com/wp-content/uploads/sites/16/2023/06/MI_Finance_Neutral_Landscape_0031.jpeg"
image_neutral_thumbnail_id_2="548"
image_neutral_url_2="https://hehge.com/wp-content/uploads/sites/16/2023/06/MI_Finance_Neutral_Landscape_0051.jpeg"
image_positive_thumbnail_id_1="695"
image_positive_url_1="https://hehge.com/wp-content/uploads/sites/16/2023/06/MI_Finance_Positive_Landscape_0013.jpeg"
image_positive_thumbnail_id_2="652"
image_positive_url_2="https://hehge.com/wp-content/uploads/sites/16/2023/06/MI_Finance_Positive_Landscape_0056.jpeg"
image_professor_thumbnail_id_1="1189"
image_professor_url_1="https://hehge.com/wp-content/uploads/sites/16/2023/06/MI_Finance_Professor_Landscape_0023.jpeg"
image_professor_thumbnail_id_2="1182"
image_professor_url_2="https://hehge.com/wp-content/uploads/sites/16/2023/06/MI_Finance_Professor_Landscape_0016.jpeg"
