Symbol="HAIN"
AssetType="Common Stock"
Name="The Hain Celestial Group Inc"
Description="Hain Celestial Group, Inc. manufactures, markets and sells organic and natural products in the United States, the United Kingdom, and internationally. The company is headquartered in Lake Success, New York."
CIK="910406"
Exchange="NASDAQ"
Currency="USD"
Country="USA"
Sector="MANUFACTURING"
Industry="FOOD AND KINDRED PRODUCTS"
Address="1111 MARCUS AVENUE, LAKE SUCCESS, NY, US"
FiscalYearEnd="June"
LatestQuarter="2023-03-31"
MarketCapitalization="1140411000"
EBITDA="143328000"
PERatio="None"
PEGRatio="0.845"
BookValue="11.26"
DividendPerShare="0"
DividendYield="0"
EPS="-1.07"
RevenuePerShareTTM="20.19"
ProfitMargin="-0.0525"
OperatingMarginTTM="0.0515"
ReturnOnAssetsTTM="0.0247"
ReturnOnEquityTTM="-0.0882"
RevenueTTM="1805812000"
GrossProfitTTM="427441000"
DilutedEPSTTM="-1.07"
QuarterlyEarningsGrowthYOY="-0.635"
QuarterlyRevenueGrowthYOY="-0.095"
AnalystTargetPrice="17.18"
TrailingPE="-"
ForwardPE="18.59"
PriceToSalesRatioTTM="0.772"
PriceToBookRatio="1.499"
EVToRevenue="1.342"
EVToEBITDA="16.21"
Beta="0.924"
num_52WeekHigh="25.48"
num_52WeekLow="11.73"
num_50DayMovingAverage="12.67"
num_200DayMovingAverage="16.56"
SharesOutstanding="89444000"
DividendDate="None"
ExDividendDate="None"
symbol="HAIN"
open="13.15"
high="13.23"
low="12.67"
price="12.75"
volume="907964.00"
latest_trading_day="2023-07-27"
previous_close="13.10"
change="-0.35"
change_percent="-2.6718%"
aroon_positive_momentum_days="0"
aroon_negative_momentum_days="81"
trend_strength="Absent or Weak Trend"
buying_signal="Weak Sell Signal"
volume_analysis="Target Volume"
value_analysis="Expected Range"
Aroon_change="FALSE"
Aroon_momentum="19"
Volume_recent_avg="944992"
Change_recent_avg="-0.04"
Delta_recent_avg="0.46"
Variance_recent_avg="0.23"
Change_ratio_recent_avg="-0.31"
RSI_change="FALSE"
ADX_change="FALSE"

event="FALSE"
Aroon_signal="negative"
Aroon_change="FALSE"
Aroon_momentum_positive="19"
Aroon_momentum_negative="81"
image_negative_thumbnail_id_1="492"
image_negative_url_1="https://hehge.com/wp-content/uploads/sites/16/2023/06/MI_Finance_Negative_Landscape_0113.jpeg"
image_negative_thumbnail_id_2="101"
image_negative_url_2="https://hehge.com/wp-content/uploads/sites/16/2023/05/MI_Finance_Negative_Landscape_0075.jpeg"
image_neutral_thumbnail_id_1="593"
image_neutral_url_1="https://hehge.com/wp-content/uploads/sites/16/2023/06/MI_Finance_Neutral_Landscape_0006.jpeg"
image_neutral_thumbnail_id_2="578"
image_neutral_url_2="https://hehge.com/wp-content/uploads/sites/16/2023/06/MI_Finance_Neutral_Landscape_0021.jpeg"
image_positive_thumbnail_id_1="684"
image_positive_url_1="https://hehge.com/wp-content/uploads/sites/16/2023/06/MI_Finance_Positive_Landscape_0024.jpeg"
image_positive_thumbnail_id_2="641"
image_positive_url_2="https://hehge.com/wp-content/uploads/sites/16/2023/06/MI_Finance_Positive_Landscape_0067.jpeg"
image_professor_thumbnail_id_1="1173"
image_professor_url_1="https://hehge.com/wp-content/uploads/sites/16/2023/06/MI_Finance_Professor_Landscape_0007.jpeg"
image_professor_thumbnail_id_2="1187"
image_professor_url_2="https://hehge.com/wp-content/uploads/sites/16/2023/06/MI_Finance_Professor_Landscape_0021.jpeg"
