Symbol="ARLO"
AssetType="Common Stock"
Name="Arlo Technologies"
Description="Arlo Technologies, Inc. provides smart connected devices to monitor environments in real time with a Wi-Fi or cellular connection in the Americas, Europe, Middle East and Africa, and Asia Pacific regions. The company is headquartered in San Jose, California."
CIK="1736946"
Exchange="NYSE"
Currency="USD"
Country="USA"
Sector="MANUFACTURING"
Industry="HOUSEHOLD AUDIO & VIDEO EQUIPMENT"
Address="3030 ORCHARD PARKWAY, SAN JOSE, CA, US"
FiscalYearEnd="December"
LatestQuarter="2023-03-31"
MarketCapitalization="1024956000"
EBITDA="-55927000"
PERatio="None"
PEGRatio="None"
BookValue="0.95"
DividendPerShare="0"
DividendYield="0"
EPS="-0.73"
RevenuePerShareTTM="5.4"
ProfitMargin="-0.131"
OperatingMarginTTM="-0.127"
ReturnOnAssetsTTM="-0.133"
ReturnOnEquityTTM="-0.629"
RevenueTTM="476667000"
GrossProfitTTM="136035000"
DilutedEPSTTM="-0.73"
QuarterlyEarningsGrowthYOY="0"
QuarterlyRevenueGrowthYOY="-0.11"
AnalystTargetPrice="12"
TrailingPE="-"
ForwardPE="40.98"
PriceToSalesRatioTTM="0.55"
PriceToBookRatio="3.027"
EVToRevenue="0.377"
EVToEBITDA="-5.4"
Beta="1.641"
num_52WeekHigh="11.31"
num_52WeekLow="2.93"
num_50DayMovingAverage="8.99"
num_200DayMovingAverage="5.65"
SharesOutstanding="91842000"
DividendDate="None"
ExDividendDate="None"
symbol="ARLO"
open="11.13"
high="11.21"
low="10.86"
price="10.99"
volume="753563.00"
latest_trading_day="2023-07-11"
previous_close="11.16"
change="-0.17"
change_percent="-1.5233%"
aroon_positive_momentum_days="100"
aroon_negative_momentum_days="0"
trend_strength="Strong Trend"
buying_signal="Strong Buy Signal"
volume_analysis="Trending Low"
value_analysis="Bearish Trend"
Aroon_change="FALSE"
Aroon_momentum="100"
Volume_recent_avg="1289412"
Change_recent_avg="0.05"
Delta_recent_avg="0.34"
Variance_recent_avg="0.17"
Change_ratio_recent_avg="0.63"
RSI_change="FALSE"
ADX_change="FALSE"
Aroon_signal="positive"
Aroon_change="FALSE"
Aroon_momentum_positive="100"
Aroon_momentum_negative="0"
image_negative_thumbnail_id_1="507"
image_negative_url_1="https://hehge.com/wp-content/uploads/sites/16/2023/06/MI_Finance_Negative_Landscape_0098.jpeg"
image_negative_thumbnail_id_2="1137"
image_negative_url_2="https://hehge.com/wp-content/uploads/sites/16/2023/06/MI_Finance_Negative_Landscape_0170.jpeg"
image_neutral_thumbnail_id_1="543"
image_neutral_url_1="https://hehge.com/wp-content/uploads/sites/16/2023/06/MI_Finance_Neutral_Landscape_0056.jpeg"
image_neutral_thumbnail_id_2="521"
image_neutral_url_2="https://hehge.com/wp-content/uploads/sites/16/2023/06/MI_Finance_Neutral_Landscape_0078.jpeg"
image_positive_thumbnail_id_1="631"
image_positive_url_1="https://hehge.com/wp-content/uploads/sites/16/2023/06/MI_Finance_Positive_Landscape_0077.jpeg"
image_positive_thumbnail_id_2="627"
image_positive_url_2="https://hehge.com/wp-content/uploads/sites/16/2023/06/MI_Finance_Positive_Landscape_0081.jpeg"
image_professor_thumbnail_id_1="1198"
image_professor_url_1="https://hehge.com/wp-content/uploads/sites/16/2023/06/MI_Finance_Professor_Landscape_0032.jpeg"
image_professor_thumbnail_id_2="1201"
image_professor_url_2="https://hehge.com/wp-content/uploads/sites/16/2023/06/MI_Finance_Professor_Landscape_0035.jpeg"
