Symbol="SNBR"
AssetType="Common Stock"
Name="Sleep Number Corp"
Description="Sleep Number Corporation, provides sleep solutions and services in the United States. The company is headquartered in Minneapolis, Minnesota."
CIK="827187"
Exchange="NASDAQ"
Currency="USD"
Country="USA"
Sector="MANUFACTURING"
Industry="HOUSEHOLD FURNITURE"
Address="1001 THIRD AVENUE SOUTH, MINNEAPOLIS, MN, US"
FiscalYearEnd="December"
LatestQuarter="2023-03-31"
MarketCapitalization="852087000"
EBITDA="157247000"
PERatio="17.87"
PEGRatio="None"
BookValue="-19.16"
DividendPerShare="0"
DividendYield="0"
EPS="2.15"
RevenuePerShareTTM="94.87"
ProfitMargin="0.0218"
OperatingMarginTTM="0.0423"
ReturnOnAssetsTTM="0.0596"
ReturnOnEquityTTM="0"
RevenueTTM="2113694000"
GrossProfitTTM="1202296000"
DilutedEPSTTM="2.15"
QuarterlyEarningsGrowthYOY="4.667"
QuarterlyRevenueGrowthYOY="-0.001"
AnalystTargetPrice="31.33"
TrailingPE="17.87"
ForwardPE="9.84"
PriceToSalesRatioTTM="0.287"
PriceToBookRatio="-"
EVToRevenue="0.698"
EVToEBITDA="10.04"
Beta="1.964"
num_52WeekHigh="50.61"
num_52WeekLow="17.5"
num_50DayMovingAverage="24.79"
num_200DayMovingAverage="28.85"
SharesOutstanding="22184000"
DividendDate="None"
ExDividendDate="None"
symbol="SNBR"
open="38.46"
high="38.98"
low="38.25"
price="38.41"
volume="397798.00"
latest_trading_day="2023-07-25"
previous_close="38.16"
change="0.25"
change_percent="0.6551%"
aroon_positive_momentum_days="36"
aroon_negative_momentum_days="0"
trend_strength="Absent or Weak Trend"
buying_signal="Weak Buy Signal"
volume_analysis="Trending Low"
value_analysis="Bearish Trend"
Aroon_change="FALSE"
Aroon_momentum="36"
Volume_recent_avg="573537"
Change_recent_avg="-0.04"
Delta_recent_avg="1.42"
Variance_recent_avg="0.71"
Change_ratio_recent_avg="-0.22"
RSI_change="FALSE"
ADX_change="FALSE"

event="FALSE"
Aroon_signal="positive"
Aroon_change="FALSE"
Aroon_momentum_positive="36"
Aroon_momentum_negative="64"
image_negative_thumbnail_id_1="1094"
image_negative_url_1="https://hehge.com/wp-content/uploads/sites/16/2023/06/MI_Finance_Negative_Landscape_0127.jpeg"
image_negative_thumbnail_id_2="1129"
image_negative_url_2="https://hehge.com/wp-content/uploads/sites/16/2023/06/MI_Finance_Negative_Landscape_0162.jpeg"
image_neutral_thumbnail_id_1="545"
image_neutral_url_1="https://hehge.com/wp-content/uploads/sites/16/2023/06/MI_Finance_Neutral_Landscape_0054.jpeg"
image_neutral_thumbnail_id_2="583"
image_neutral_url_2="https://hehge.com/wp-content/uploads/sites/16/2023/06/MI_Finance_Neutral_Landscape_0016.jpeg"
image_positive_thumbnail_id_1="996"
image_positive_url_1="https://hehge.com/wp-content/uploads/sites/16/2023/06/MI_Finance_Positive_Landscape_0158.jpeg"
image_positive_thumbnail_id_2="994"
image_positive_url_2="https://hehge.com/wp-content/uploads/sites/16/2023/06/MI_Finance_Positive_Landscape_0156.jpeg"
image_professor_thumbnail_id_1="1188"
image_professor_url_1="https://hehge.com/wp-content/uploads/sites/16/2023/06/MI_Finance_Professor_Landscape_0022.jpeg"
image_professor_thumbnail_id_2="1198"
image_professor_url_2="https://hehge.com/wp-content/uploads/sites/16/2023/06/MI_Finance_Professor_Landscape_0032.jpeg"
