Symbol="FORM"
AssetType="Common Stock"
Name="FormFactor Inc"
Description="FormFactor, Inc. designs, manufactures, and sells probe cards, analytical probes, probe stations, metrology systems, thermal systems, and cryogenic systems to semiconductor companies and scientific institutions. The company is headquartered in Livermore, California."
CIK="1039399"
Exchange="NASDAQ"
Currency="USD"
Country="USA"
Sector="MANUFACTURING"
Industry="SEMICONDUCTORS & RELATED DEVICES"
Address="7005 SOUTHFRONT ROAD, LIVERMORE, CA, US"
FiscalYearEnd="December"
LatestQuarter="2023-03-31"
MarketCapitalization="2846617000"
EBITDA="76300000"
PERatio="127.24"
PEGRatio="0.71"
BookValue="10.69"
DividendPerShare="0"
DividendYield="0"
EPS="0.29"
RevenuePerShareTTM="9.29"
ProfitMargin="0.0309"
OperatingMarginTTM="0.0524"
ReturnOnAssetsTTM="0.0227"
ReturnOnEquityTTM="0.0266"
RevenueTTM="718211000"
GrossProfitTTM="308260000"
DilutedEPSTTM="0.29"
QuarterlyEarningsGrowthYOY="-0.954"
QuarterlyRevenueGrowthYOY="-0.151"
AnalystTargetPrice="35.5"
TrailingPE="127.24"
ForwardPE="-"
PriceToSalesRatioTTM="2.261"
PriceToBookRatio="2.319"
EVToRevenue="2.13"
EVToEBITDA="11.7"
Beta="1.232"
num_52WeekHigh="37.74"
num_52WeekLow="18.15"
num_50DayMovingAverage="32.42"
num_200DayMovingAverage="27.95"
SharesOutstanding="77144000"
DividendDate="None"
ExDividendDate="None"
symbol="FORM"
open="36.84"
high="37.74"
low="36.78"
price="37.16"
volume="420100.00"
latest_trading_day="2023-07-31"
previous_close="36.90"
change="0.26"
change_percent="0.7046%"
aroon_positive_momentum_days="77"
aroon_negative_momentum_days="0"
trend_strength="Absent or Weak Trend"
buying_signal="Strong Buy Signal"
volume_analysis="Target Volume"
value_analysis="Expected Range"
Aroon_change="FALSE"
Aroon_momentum="77"
Volume_recent_avg="448415"
Change_recent_avg="0.07"
Delta_recent_avg="1.04"
Variance_recent_avg="0.52"
Change_ratio_recent_avg="0.2"
RSI_change="FALSE"
ADX_change="FALSE"

event="FALSE"
Aroon_signal="positive"
Aroon_change="FALSE"
Aroon_momentum_positive="77"
Aroon_momentum_negative="23"
image_negative_thumbnail_id_1="165"
image_negative_url_1="https://hehge.com/wp-content/uploads/sites/16/2023/05/MI_Finance_Negative_Landscape_0011.jpeg"
image_negative_thumbnail_id_2="1162"
image_negative_url_2="https://hehge.com/wp-content/uploads/sites/16/2023/06/MI_Finance_Negative_Landscape_0196.jpeg"
image_neutral_thumbnail_id_1="575"
image_neutral_url_1="https://hehge.com/wp-content/uploads/sites/16/2023/06/MI_Finance_Neutral_Landscape_0024.jpeg"
image_neutral_thumbnail_id_2="564"
image_neutral_url_2="https://hehge.com/wp-content/uploads/sites/16/2023/06/MI_Finance_Neutral_Landscape_0035.jpeg"
image_positive_thumbnail_id_1="705"
image_positive_url_1="https://hehge.com/wp-content/uploads/sites/16/2023/06/MI_Finance_Positive_Landscape_0003.jpeg"
image_positive_thumbnail_id_2="962"
image_positive_url_2="https://hehge.com/wp-content/uploads/sites/16/2023/06/MI_Finance_Positive_Landscape_0124.jpeg"
image_professor_thumbnail_id_1="1171"
image_professor_url_1="https://hehge.com/wp-content/uploads/sites/16/2023/06/MI_Finance_Professor_Landscape_0005.jpeg"
image_professor_thumbnail_id_2="1177"
image_professor_url_2="https://hehge.com/wp-content/uploads/sites/16/2023/06/MI_Finance_Professor_Landscape_0011.jpeg"
