Symbol="FOXF"
AssetType="Common Stock"
Name="Fox Factory Holding Corp"
Description="Fox Factory Holding Corp. The company is headquartered in Braselton, Georgia."
CIK="1424929"
Exchange="NASDAQ"
Currency="USD"
Country="USA"
Sector="MANUFACTURING"
Industry="MOTORCYCLES, BICYCLES & PARTS"
Address="915 DISC DRIVE, SCOTTS VALLEY, CA, US"
FiscalYearEnd="January"
LatestQuarter="2023-07-31"
MarketCapitalization="4674905000"
EBITDA="279259000"
PERatio="23.12"
PEGRatio="1.72"
BookValue="28.47"
DividendPerShare="0"
DividendYield="0"
EPS="4.78"
RevenuePerShareTTM="38.25"
ProfitMargin="0.115"
OperatingMarginTTM="0.142"
ReturnOnAssetsTTM="0.0817"
ReturnOnEquityTTM="0.168"
RevenueTTM="1618375000"
GrossProfitTTM="531343000"
DilutedEPSTTM="4.78"
QuarterlyEarningsGrowthYOY="-0.256"
QuarterlyRevenueGrowthYOY="-0.015"
AnalystTargetPrice="124.25"
TrailingPE="23.12"
ForwardPE="-"
PriceToSalesRatioTTM="2.715"
PriceToBookRatio="4.045"
EVToRevenue="2.897"
EVToEBITDA="15.86"
Beta="1.854"
num_52WeekHigh="127.54"
num_52WeekLow="73.05"
num_50DayMovingAverage="102.79"
num_200DayMovingAverage="105.26"
SharesOutstanding="42303000"
DividendDate="None"
ExDividendDate="None"
symbol="FOXF"
open="110.99"
high="117.37"
low="110.80"
price="114.94"
volume="317768.00"
latest_trading_day="2023-08-07"
previous_close="110.51"
change="4.43"
change_percent="4.0087%"
aroon_positive_momentum_days="43"
aroon_negative_momentum_days="0"
trend_strength="Absent or Weak Trend"
buying_signal="Strong Buy Signal"
volume_analysis="Target Volume"
value_analysis="Expected Range"
Aroon_change="FALSE"
Aroon_momentum="43"
Volume_recent_avg="235254"
Change_recent_avg="0.01"
Delta_recent_avg="3.39"
Variance_recent_avg="1.7"
Change_ratio_recent_avg="-0.01"
RSI_change="FALSE"
ADX_change="FALSE"

event="FALSE"
Aroon_signal="positive"
Aroon_change="FALSE"
Aroon_momentum_positive="43"
Aroon_momentum_negative="57"
image_negative_thumbnail_id_1="1137"
image_negative_url_1="https://hehge.com/wp-content/uploads/sites/16/2023/06/MI_Finance_Negative_Landscape_0170.jpeg"
image_negative_thumbnail_id_2="1109"
image_negative_url_2="https://hehge.com/wp-content/uploads/sites/16/2023/06/MI_Finance_Negative_Landscape_0142.jpeg"
image_neutral_thumbnail_id_1="584"
image_neutral_url_1="https://hehge.com/wp-content/uploads/sites/16/2023/06/MI_Finance_Neutral_Landscape_0015.jpeg"
image_neutral_thumbnail_id_2="537"
image_neutral_url_2="https://hehge.com/wp-content/uploads/sites/16/2023/06/MI_Finance_Neutral_Landscape_0062.jpeg"
image_positive_thumbnail_id_1="659"
image_positive_url_1="https://hehge.com/wp-content/uploads/sites/16/2023/06/MI_Finance_Positive_Landscape_0049.jpeg"
image_positive_thumbnail_id_2="1010"
image_positive_url_2="https://hehge.com/wp-content/uploads/sites/16/2023/06/MI_Finance_Positive_Landscape_0172.jpeg"
image_professor_thumbnail_id_1="1194"
image_professor_url_1="https://hehge.com/wp-content/uploads/sites/16/2023/06/MI_Finance_Professor_Landscape_0028.jpeg"
image_professor_thumbnail_id_2="1183"
image_professor_url_2="https://hehge.com/wp-content/uploads/sites/16/2023/06/MI_Finance_Professor_Landscape_0017.jpeg"
