Symbol="FOXF"
AssetType="Common Stock"
Name="Fox Factory Holding Corp"
Description="Fox Factory Holding Corp. The company is headquartered in Braselton, Georgia."
CIK="1424929"
Exchange="NASDAQ"
Currency="USD"
Country="USA"
Sector="MANUFACTURING"
Industry="MOTORCYCLES, BICYCLES & PARTS"
Address="915 DISC DRIVE, SCOTTS VALLEY, CA, US"
FiscalYearEnd="January"
LatestQuarter="2023-07-31"
MarketCapitalization="4530367000"
EBITDA="289079000"
PERatio="24.36"
PEGRatio="1.72"
BookValue="28.47"
DividendPerShare="0"
DividendYield="0"
EPS="4.39"
RevenuePerShareTTM="38.25"
ProfitMargin="0.115"
OperatingMarginTTM="0.148"
ReturnOnAssetsTTM="0.0852"
ReturnOnEquityTTM="0.168"
RevenueTTM="1618375000"
GrossProfitTTM="531343000"
DilutedEPSTTM="4.39"
QuarterlyEarningsGrowthYOY="-0.256"
QuarterlyRevenueGrowthYOY="-0.015"
AnalystTargetPrice="125.25"
TrailingPE="24.36"
ForwardPE="-"
PriceToSalesRatioTTM="2.715"
PriceToBookRatio="4.045"
EVToRevenue="2.897"
EVToEBITDA="15.86"
Beta="1.854"
num_52WeekHigh="127.54"
num_52WeekLow="73.05"
num_50DayMovingAverage="107.79"
num_200DayMovingAverage="107.27"
SharesOutstanding="42367600"
DividendDate="None"
ExDividendDate="None"
symbol="FOXF"
open="106.42"
high="107.81"
low="106.37"
price="106.93"
volume="92082.00"
latest_trading_day="2023-08-28"
previous_close="105.73"
change="1.20"
change_percent="1.1350%"
aroon_positive_momentum_days="43"
aroon_negative_momentum_days="0"
trend_strength="Absent or Weak Trend"
buying_signal="Strong Buy Signal"
volume_analysis="Target Volume"
value_analysis="Expected Range"
Aroon_change="FALSE"
Aroon_momentum="43"
Volume_recent_avg="231514"
Change_recent_avg="-0.05"
Delta_recent_avg="3.35"
Variance_recent_avg="1.67"
Change_ratio_recent_avg="-0.06"
RSI_change="FALSE"
ADX_change="FALSE"

event="aroon_milestone_positive_30"
Aroon_signal="positive"
Aroon_change="FALSE"
Aroon_momentum_positive="43"
Aroon_momentum_negative="57"
image_negative_thumbnail_id_1="1125"
image_negative_url_1="https://hehge.com/wp-content/uploads/sites/16/2023/06/MI_Finance_Negative_Landscape_0158.jpeg"
image_negative_thumbnail_id_2="519"
image_negative_url_2="https://hehge.com/wp-content/uploads/sites/16/2023/06/MI_Finance_Negative_Landscape_0086.jpeg"
image_neutral_thumbnail_id_1="582"
image_neutral_url_1="https://hehge.com/wp-content/uploads/sites/16/2023/06/MI_Finance_Neutral_Landscape_0017.jpeg"
image_neutral_thumbnail_id_2="550"
image_neutral_url_2="https://hehge.com/wp-content/uploads/sites/16/2023/06/MI_Finance_Neutral_Landscape_0049.jpeg"
image_positive_thumbnail_id_1="637"
image_positive_url_1="https://hehge.com/wp-content/uploads/sites/16/2023/06/MI_Finance_Positive_Landscape_0071.jpeg"
image_positive_thumbnail_id_2="972"
image_positive_url_2="https://hehge.com/wp-content/uploads/sites/16/2023/06/MI_Finance_Positive_Landscape_0134.jpeg"
image_professor_thumbnail_id_1="1185"
image_professor_url_1="https://hehge.com/wp-content/uploads/sites/16/2023/06/MI_Finance_Professor_Landscape_0019.jpeg"
image_professor_thumbnail_id_2="1173"
image_professor_url_2="https://hehge.com/wp-content/uploads/sites/16/2023/06/MI_Finance_Professor_Landscape_0007.jpeg"
