Symbol="CRDO"
AssetType="Common Stock"
Name="Credo Technology Group Holding Ltd"
Description="Credo Technology Group Holding Ltd offers various high-speed connectivity solutions for electrical and optical Ethernet applications in the United States, Mexico, Malaysia, Hong Kong and internationally. The company is headquartered in San Jose, California."
CIK="1807794"
Exchange="NASDAQ"
Currency="USD"
Country="USA"
Sector="MANUFACTURING"
Industry="SEMICONDUCTORS & RELATED DEVICES"
Address="C/O MAPLES CORPORATE SERVICES, LIMITED, PO BOX 309, UGLAND HOUSE, GRAND CAYMAN, KY"
FiscalYearEnd="April"
LatestQuarter="2023-07-31"
MarketCapitalization="2347484000"
EBITDA="-22744500"
PERatio="None"
PEGRatio="None"
BookValue="2.327"
DividendPerShare="0"
DividendYield="0"
EPS="-0.11"
RevenuePerShareTTM="1.171"
ProfitMargin="-0.163"
OperatingMarginTTM="-0.191"
ReturnOnAssetsTTM="-0.0515"
ReturnOnEquityTTM="-0.0817"
RevenueTTM="172822000"
GrossProfitTTM="65768000"
DilutedEPSTTM="-0.11"
QuarterlyEarningsGrowthYOY="0"
QuarterlyRevenueGrowthYOY="-0.245"
AnalystTargetPrice="18.22"
TrailingPE="-"
ForwardPE="111.11"
PriceToSalesRatioTTM="12.34"
PriceToBookRatio="6.18"
EVToRevenue="11.39"
EVToEBITDA="1316.82"
Beta="None"
num_52WeekHigh="19.46"
num_52WeekLow="7.2"
num_50DayMovingAverage="16.32"
num_200DayMovingAverage="13.32"
SharesOutstanding="149999000"
DividendDate="None"
ExDividendDate="None"
symbol="CRDO"
open="15.87"
high="16.16"
low="15.45"
price="15.51"
volume="2613302.00"
latest_trading_day="2023-08-28"
previous_close="15.65"
change="-0.14"
change_percent="-0.8946%"
aroon_positive_momentum_days="0"
aroon_negative_momentum_days="34"
trend_strength="Absent or Weak Trend"
buying_signal="Weak Sell Signal"
volume_analysis="Target Volume"
value_analysis="Expected Range"
Aroon_change="TRUE"
Aroon_momentum="66"
Volume_recent_avg="2123886"
Change_recent_avg="0.04"
Delta_recent_avg="0.7"
Variance_recent_avg="0.35"
Change_ratio_recent_avg="0.27"
RSI_change="FALSE"
ADX_change="FALSE"
Aroon_signal="negative"
Aroon_change="TRUE"
Aroon_momentum_positive="66"
Aroon_momentum_negative="34"
image_negative_thumbnail_id_1="132"
image_negative_url_1="https://hehge.com/wp-content/uploads/sites/16/2023/05/MI_Finance_Negative_Landscape_0044.jpeg"
image_negative_thumbnail_id_2="1164"
image_negative_url_2="https://hehge.com/wp-content/uploads/sites/16/2023/06/MI_Finance_Negative_Landscape_0198.jpeg"
image_neutral_thumbnail_id_1="564"
image_neutral_url_1="https://hehge.com/wp-content/uploads/sites/16/2023/06/MI_Finance_Neutral_Landscape_0035.jpeg"
image_neutral_thumbnail_id_2="539"
image_neutral_url_2="https://hehge.com/wp-content/uploads/sites/16/2023/06/MI_Finance_Neutral_Landscape_0060.jpeg"
image_positive_thumbnail_id_1="674"
image_positive_url_1="https://hehge.com/wp-content/uploads/sites/16/2023/06/MI_Finance_Positive_Landscape_0034.jpeg"
image_positive_thumbnail_id_2="707"
image_positive_url_2="https://hehge.com/wp-content/uploads/sites/16/2023/06/MI_Finance_Positive_Landscape_0001.jpeg"
image_professor_thumbnail_id_1="1178"
image_professor_url_1="https://hehge.com/wp-content/uploads/sites/16/2023/06/MI_Finance_Professor_Landscape_0012.jpeg"
image_professor_thumbnail_id_2="1175"
image_professor_url_2="https://hehge.com/wp-content/uploads/sites/16/2023/06/MI_Finance_Professor_Landscape_0009.jpeg"
