Symbol="VIRC"
AssetType="Common Stock"
Name="Virco Manufacturing Corporation"
Description="Virco Mfg. The company is headquartered in Torrance, California."
CIK="751365"
Exchange="NASDAQ"
Currency="USD"
Country="USA"
Sector="MANUFACTURING"
Industry="PUBLIC BLDG & RELATED FURNITURE"
Address="2027 HARPERS WAY, TORRANCE, CA, US"
FiscalYearEnd="January"
LatestQuarter="2023-04-30"
MarketCapitalization="70842000"
EBITDA="18096000"
PERatio="3.441"
PEGRatio="0"
BookValue="4.116"
DividendPerShare="0"
DividendYield="0"
EPS="1.27"
RevenuePerShareTTM="14.45"
ProfitMargin="0.0863"
OperatingMarginTTM="0.0577"
ReturnOnAssetsTTM="0.0552"
ReturnOnEquityTTM="0.369"
RevenueTTM="233923000"
GrossProfitTTM="85341000"
DilutedEPSTTM="1.27"
QuarterlyEarningsGrowthYOY="5"
QuarterlyRevenueGrowthYOY="0.089"
AnalystTargetPrice="10"
TrailingPE="3.441"
ForwardPE="-"
PriceToSalesRatioTTM="0.297"
PriceToBookRatio="1.082"
EVToRevenue="0.418"
EVToEBITDA="6.9"
Beta="0.818"
num_52WeekHigh="5.07"
num_52WeekLow="3.54"
num_50DayMovingAverage="4.04"
num_200DayMovingAverage="4.225"
SharesOutstanding="16211000"
DividendDate="2019-01-10"
ExDividendDate="2018-12-26"
symbol="VIRC"
open="4.37"
high="4.48"
low="4.35"
price="4.39"
volume="38323.00"
latest_trading_day="2023-08-02"
previous_close="4.37"
change="0.02"
change_percent="0.4577%"
aroon_positive_momentum_days="16"
aroon_negative_momentum_days="0"
trend_strength="Absent or Weak Trend"
buying_signal="Strong Buy Signal"
volume_analysis="Target Volume"
value_analysis="Expected Range"
Aroon_change="FALSE"
Aroon_momentum="16"
Volume_recent_avg="21594"
Change_recent_avg="-0.01"
Delta_recent_avg="0.15"
Variance_recent_avg="0.07"
Change_ratio_recent_avg="-0.3"
RSI_change="FALSE"
ADX_change="FALSE"

event="FALSE"
Aroon_signal="positive"
Aroon_change="FALSE"
Aroon_momentum_positive="16"
Aroon_momentum_negative="84"
image_negative_thumbnail_id_1="487"
image_negative_url_1="https://hehge.com/wp-content/uploads/sites/16/2023/06/MI_Finance_Negative_Landscape_0118.jpeg"
image_negative_thumbnail_id_2="170"
image_negative_url_2="https://hehge.com/wp-content/uploads/sites/16/2023/05/MI_Finance_Negative_Landscape_0006.jpeg"
image_neutral_thumbnail_id_1="557"
image_neutral_url_1="https://hehge.com/wp-content/uploads/sites/16/2023/06/MI_Finance_Neutral_Landscape_0042.jpeg"
image_neutral_thumbnail_id_2="541"
image_neutral_url_2="https://hehge.com/wp-content/uploads/sites/16/2023/06/MI_Finance_Neutral_Landscape_0058.jpeg"
image_positive_thumbnail_id_1="622"
image_positive_url_1="https://hehge.com/wp-content/uploads/sites/16/2023/06/MI_Finance_Positive_Landscape_0086.jpeg"
image_positive_thumbnail_id_2="966"
image_positive_url_2="https://hehge.com/wp-content/uploads/sites/16/2023/06/MI_Finance_Positive_Landscape_0128.jpeg"
image_professor_thumbnail_id_1="1171"
image_professor_url_1="https://hehge.com/wp-content/uploads/sites/16/2023/06/MI_Finance_Professor_Landscape_0005.jpeg"
image_professor_thumbnail_id_2="1204"
image_professor_url_2="https://hehge.com/wp-content/uploads/sites/16/2023/06/MI_Finance_Professor_Landscape_0038.jpeg"
