Symbol="KNDI"
AssetType="Common Stock"
Name="Kandi Technologies Group Inc"
Description="Kandi Technologies Group, Inc. develops, produces and distributes electric vehicle (EV) and off-road vehicle products and parts in the People's Republic of China and internationally. The company is headquartered in Jinhua, the People's Republic of China."
CIK="1316517"
Exchange="NASDAQ"
Currency="USD"
Country="China"
Sector="MANUFACTURING"
Industry="MOTOR VEHICLES & PASSENGER CAR BODIES"
Address="JINHUA CITY INDUSTRIAL ZONE, ZHEJIANG PROVINCE, JINHUA, CHINA"
FiscalYearEnd="December"
LatestQuarter="2023-03-31"
MarketCapitalization="287858000"
EBITDA="-8892505"
PERatio="None"
PEGRatio="0"
BookValue="5.38"
DividendPerShare="0"
DividendYield="0"
EPS="-0.14"
RevenuePerShareTTM="1.543"
ProfitMargin="-0.091"
OperatingMarginTTM="-0.18"
ReturnOnAssetsTTM="-0.0264"
ReturnOnEquityTTM="-0.0252"
RevenueTTM="115784000"
GrossProfitTTM="19517700"
DilutedEPSTTM="-0.14"
QuarterlyEarningsGrowthYOY="6.13"
QuarterlyRevenueGrowthYOY="-0.082"
AnalystTargetPrice="5"
TrailingPE="-"
ForwardPE="-"
PriceToSalesRatioTTM="1.577"
PriceToBookRatio="0.432"
EVToRevenue="0.25"
EVToEBITDA="6.27"
Beta="1.847"
num_52WeekHigh="4.27"
num_52WeekLow="2"
num_50DayMovingAverage="3.656"
num_200DayMovingAverage="2.848"
SharesOutstanding="74190000"
DividendDate="None"
ExDividendDate="None"
symbol="KNDI"
open="3.89"
high="3.96"
low="3.88"
price="3.90"
volume="98980.00"
latest_trading_day="2023-07-12"
previous_close="3.88"
change="0.02"
change_percent="0.5155%"
aroon_positive_momentum_days="67"
aroon_negative_momentum_days="0"
trend_strength="Absent or Weak Trend"
buying_signal="Strong Buy Signal"
volume_analysis="Target Volume"
value_analysis="Expected Range"
Aroon_change="FALSE"
Aroon_momentum="67"
Volume_recent_avg="203088"
Change_recent_avg="0.02"
Delta_recent_avg="0.13"
Variance_recent_avg="0.06"
Change_ratio_recent_avg="0.64"
RSI_change="FALSE"
ADX_change="FALSE"

event="FALSE"
Aroon_signal="positive"
Aroon_change="FALSE"
Aroon_momentum_positive="67"
Aroon_momentum_negative="33"
image_negative_thumbnail_id_1="174"
image_negative_url_1="https://hehge.com/wp-content/uploads/sites/16/2023/05/MI_Finance_Negative_Landscape_0002.jpeg"
image_negative_thumbnail_id_2="1136"
image_negative_url_2="https://hehge.com/wp-content/uploads/sites/16/2023/06/MI_Finance_Negative_Landscape_0169.jpeg"
image_neutral_thumbnail_id_1="565"
image_neutral_url_1="https://hehge.com/wp-content/uploads/sites/16/2023/06/MI_Finance_Neutral_Landscape_0034.jpeg"
image_neutral_thumbnail_id_2="576"
image_neutral_url_2="https://hehge.com/wp-content/uploads/sites/16/2023/06/MI_Finance_Neutral_Landscape_0023.jpeg"
image_positive_thumbnail_id_1="681"
image_positive_url_1="https://hehge.com/wp-content/uploads/sites/16/2023/06/MI_Finance_Positive_Landscape_0027.jpeg"
image_positive_thumbnail_id_2="984"
image_positive_url_2="https://hehge.com/wp-content/uploads/sites/16/2023/06/MI_Finance_Positive_Landscape_0146.jpeg"
image_professor_thumbnail_id_1="1178"
image_professor_url_1="https://hehge.com/wp-content/uploads/sites/16/2023/06/MI_Finance_Professor_Landscape_0012.jpeg"
image_professor_thumbnail_id_2="1202"
image_professor_url_2="https://hehge.com/wp-content/uploads/sites/16/2023/06/MI_Finance_Professor_Landscape_0036.jpeg"
