Symbol="ARRY"
AssetType="Common Stock"
Name="Array Technologies Inc"
Description="Array Technologies, Inc. manufactures and supplies solar tracking systems and related products for customers in the United States and internationally. The company is headquartered in Albuquerque, New Mexico."
CIK="1820721"
Exchange="NASDAQ"
Currency="USD"
Country="USA"
Sector="MANUFACTURING"
Industry="MISCELLANEOUS MANUFACTURING INDUSTRIES"
Address="3901 MIDWAY PLACE NE, ALBUQUERQUE, NM, US"
FiscalYearEnd="December"
LatestQuarter="2023-06-30"
MarketCapitalization="3401735000"
EBITDA="165815000"
PERatio="451"
PEGRatio="1.934"
BookValue="1.375"
DividendPerShare="0"
DividendYield="0"
EPS="0.05"
RevenuePerShareTTM="11.39"
ProfitMargin="0.033"
OperatingMarginTTM="0.0431"
ReturnOnAssetsTTM="0.0263"
ReturnOnEquityTTM="0.124"
RevenueTTM="1713733000"
GrossProfitTTM="227276000"
DilutedEPSTTM="0.05"
QuarterlyEarningsGrowthYOY="-0.967"
QuarterlyRevenueGrowthYOY="0.253"
AnalystTargetPrice="28.83"
TrailingPE="451"
ForwardPE="23.81"
PriceToSalesRatioTTM="2.271"
PriceToBookRatio="57.33"
EVToRevenue="3.121"
EVToEBITDA="59.43"
Beta="1.909"
num_52WeekHigh="24.99"
num_52WeekLow="13.86"
num_50DayMovingAverage="20.64"
num_200DayMovingAverage="20.45"
SharesOutstanding="150853000"
DividendDate="None"
ExDividendDate="None"
symbol="ARRY"
open="22.44"
high="23.13"
low="21.90"
price="22.51"
volume="7321339.00"
latest_trading_day="2023-08-10"
previous_close="22.18"
change="0.33"
change_percent="1.4878%"
aroon_positive_momentum_days="0"
aroon_negative_momentum_days="42"
trend_strength="Absent or Weak Trend"
buying_signal="Strong Sell Signal"
volume_analysis="Target Volume"
value_analysis="Expected Range"
Aroon_change="FALSE"
Aroon_momentum="58"
Volume_recent_avg="4518132"
Change_recent_avg="-0.05"
Delta_recent_avg="1.1"
Variance_recent_avg="0.55"
Change_ratio_recent_avg="-0.26"
RSI_change="FALSE"
ADX_change="FALSE"

event="FALSE"
Aroon_signal="negative"
Aroon_change="FALSE"
Aroon_momentum_positive="58"
Aroon_momentum_negative="42"
image_negative_thumbnail_id_1="131"
image_negative_url_1="https://hehge.com/wp-content/uploads/sites/16/2023/05/MI_Finance_Negative_Landscape_0045.jpeg"
image_negative_thumbnail_id_2="133"
image_negative_url_2="https://hehge.com/wp-content/uploads/sites/16/2023/05/MI_Finance_Negative_Landscape_0043.jpeg"
image_neutral_thumbnail_id_1="546"
image_neutral_url_1="https://hehge.com/wp-content/uploads/sites/16/2023/06/MI_Finance_Neutral_Landscape_0053.jpeg"
image_neutral_thumbnail_id_2="537"
image_neutral_url_2="https://hehge.com/wp-content/uploads/sites/16/2023/06/MI_Finance_Neutral_Landscape_0062.jpeg"
image_positive_thumbnail_id_1="668"
image_positive_url_1="https://hehge.com/wp-content/uploads/sites/16/2023/06/MI_Finance_Positive_Landscape_0040.jpeg"
image_positive_thumbnail_id_2="691"
image_positive_url_2="https://hehge.com/wp-content/uploads/sites/16/2023/06/MI_Finance_Positive_Landscape_0017.jpeg"
image_professor_thumbnail_id_1="1182"
image_professor_url_1="https://hehge.com/wp-content/uploads/sites/16/2023/06/MI_Finance_Professor_Landscape_0016.jpeg"
image_professor_thumbnail_id_2="1193"
image_professor_url_2="https://hehge.com/wp-content/uploads/sites/16/2023/06/MI_Finance_Professor_Landscape_0027.jpeg"
