Symbol="AKO-B"
AssetType="Common Stock"
Name="Embotelladora Andina S.A"
Description="Embotelladora Andina SA produces, markets and distributes Coca-Cola brand beverages in Chile, Brazil, Argentina and Paraguay. The company is headquartered in Santiago, Chile."
CIK="925261"
Exchange="NYSE"
Currency="USD"
Country="USA"
Sector="MANUFACTURING"
Industry="BOTTLED & CANNED SOFT DRINKS & CARBONATED WATERS"
Address="AVENIDA EL GOLF 40, PISO 4, LAS CONDES, SANTIAGO CHILE, CL"
FiscalYearEnd="December"
LatestQuarter="2023-03-31"
MarketCapitalization="2716662000"
EBITDA="None"
PERatio="17.05"
PEGRatio="0"
BookValue="7.54"
DividendPerShare="0"
DividendYield="0.0676"
EPS="1.01"
RevenuePerShareTTM="0"
ProfitMargin="0.0497"
OperatingMarginTTM="0"
ReturnOnAssetsTTM="0.0751"
ReturnOnEquityTTM="0.136"
RevenueTTM="0"
GrossProfitTTM="1028176572000"
DilutedEPSTTM="1.01"
QuarterlyEarningsGrowthYOY="0.313"
QuarterlyRevenueGrowthYOY="0.124"
AnalystTargetPrice="15.8"
TrailingPE="17.05"
ForwardPE="9.23"
PriceToSalesRatioTTM="0.661"
PriceToBookRatio="1.777"
EVToRevenue="0.0011"
EVToEBITDA="0.0096"
Beta="0.244"
num_52WeekHigh="17.66"
num_52WeekLow="9.13"
num_50DayMovingAverage="15.71"
num_200DayMovingAverage="14.18"
SharesOutstanding="157762000"
DividendDate="2023-06-06"
ExDividendDate="2023-05-18"
symbol="AKO-B"
open="17.40"
high="17.42"
low="16.89"
price="17.22"
volume="21813.00"
latest_trading_day="2023-07-21"
previous_close="17.66"
change="-0.44"
change_percent="-2.4915%"
aroon_positive_momentum_days="89"
aroon_negative_momentum_days="0"
trend_strength="Strong Trend"
buying_signal="Strong Buy Signal"
volume_analysis="Target Volume"
value_analysis="Expected Range"
Aroon_change="FALSE"
Aroon_momentum="89"
Volume_recent_avg="23562"
Change_recent_avg="-0.01"
Delta_recent_avg="0.47"
Variance_recent_avg="0.23"
Change_ratio_recent_avg="-0.08"
RSI_change="FALSE"
ADX_change="FALSE"

event="FALSE"
Aroon_signal="positive"
Aroon_change="FALSE"
Aroon_momentum_positive="89"
Aroon_momentum_negative="11"
image_negative_thumbnail_id_1="155"
image_negative_url_1="https://hehge.com/wp-content/uploads/sites/16/2023/05/MI_Finance_Negative_Landscape_0021.jpeg"
image_negative_thumbnail_id_2="498"
image_negative_url_2="https://hehge.com/wp-content/uploads/sites/16/2023/06/MI_Finance_Negative_Landscape_0107.jpeg"
image_neutral_thumbnail_id_1="561"
image_neutral_url_1="https://hehge.com/wp-content/uploads/sites/16/2023/06/MI_Finance_Neutral_Landscape_0038.jpeg"
image_neutral_thumbnail_id_2="529"
image_neutral_url_2="https://hehge.com/wp-content/uploads/sites/16/2023/06/MI_Finance_Neutral_Landscape_0070.jpeg"
image_positive_thumbnail_id_1="996"
image_positive_url_1="https://hehge.com/wp-content/uploads/sites/16/2023/06/MI_Finance_Positive_Landscape_0158.jpeg"
image_positive_thumbnail_id_2="984"
image_positive_url_2="https://hehge.com/wp-content/uploads/sites/16/2023/06/MI_Finance_Positive_Landscape_0146.jpeg"
image_professor_thumbnail_id_1="1190"
image_professor_url_1="https://hehge.com/wp-content/uploads/sites/16/2023/06/MI_Finance_Professor_Landscape_0024.jpeg"
image_professor_thumbnail_id_2="1192"
image_professor_url_2="https://hehge.com/wp-content/uploads/sites/16/2023/06/MI_Finance_Professor_Landscape_0026.jpeg"
