Symbol="PPC"
AssetType="Common Stock"
Name="Pilgrims Pride Corp"
Description="Pilgrim's Pride Corporation produces, processes, markets and distributes fresh, frozen and value-added chicken and pork products to retailers, distributors and food service operators in the United States, the United Kingdom, Mexico, France, Puerto Rico, the Countries Low, rest of Europe, Middle East, Asia and internationally. The company is headquartered in Greeley, Colorado."
CIK="802481"
Exchange="NASDAQ"
Currency="USD"
Country="USA"
Sector="MANUFACTURING"
Industry="POULTRY SLAUGHTERING AND PROCESSING"
Address="1770 PROMONTORY CIRCLE, GREELEY, CO, US"
FiscalYearEnd="December"
LatestQuarter="2023-06-30"
MarketCapitalization="5924486000"
EBITDA="875675000"
PERatio="34.27"
PEGRatio="0.85"
BookValue="12.92"
DividendPerShare="0"
DividendYield="0"
EPS="0.73"
RevenuePerShareTTM="72.0"
ProfitMargin="0.0099"
OperatingMarginTTM="0.0276"
ReturnOnAssetsTTM="0.0306"
ReturnOnEquityTTM="0.0574"
RevenueTTM="17070053000"
GrossProfitTTM="1811803000"
DilutedEPSTTM="0.73"
QuarterlyEarningsGrowthYOY="-0.833"
QuarterlyRevenueGrowthYOY="-0.07"
AnalystTargetPrice="26.92"
TrailingPE="34.27"
ForwardPE="8.36"
PriceToSalesRatioTTM="0.318"
PriceToBookRatio="2.088"
EVToRevenue="0.492"
EVToEBITDA="4.883"
Beta="0.993"
num_52WeekHigh="28.57"
num_52WeekLow="19.96"
num_50DayMovingAverage="23.79"
num_200DayMovingAverage="23.82"
SharesOutstanding="236790000"
DividendDate="2016-05-18"
ExDividendDate="2016-05-06"
symbol="PPC"
open="25.25"
high="25.38"
low="25.06"
price="25.29"
volume="450717.00"
latest_trading_day="2023-08-30"
previous_close="25.20"
change="0.09"
change_percent="0.3571%"
aroon_positive_momentum_days="43"
aroon_negative_momentum_days="0"
trend_strength="Absent or Weak Trend"
buying_signal="Weak Buy Signal"
volume_analysis="Target Volume"
value_analysis="Expected Range"
Aroon_change="FALSE"
Aroon_momentum="43"
Volume_recent_avg="818130"
Change_recent_avg="0.01"
Delta_recent_avg="0.57"
Variance_recent_avg="0.28"
Change_ratio_recent_avg="-0.01"
RSI_change="FALSE"
ADX_change="FALSE"

event="FALSE"
Aroon_signal="positive"
Aroon_change="FALSE"
Aroon_momentum_positive="43"
Aroon_momentum_negative="57"
image_negative_thumbnail_id_1="511"
image_negative_url_1="https://hehge.com/wp-content/uploads/sites/16/2023/06/MI_Finance_Negative_Landscape_0094.jpeg"
image_negative_thumbnail_id_2="493"
image_negative_url_2="https://hehge.com/wp-content/uploads/sites/16/2023/06/MI_Finance_Negative_Landscape_0112.jpeg"
image_neutral_thumbnail_id_1="552"
image_neutral_url_1="https://hehge.com/wp-content/uploads/sites/16/2023/06/MI_Finance_Neutral_Landscape_0047.jpeg"
image_neutral_thumbnail_id_2="523"
image_neutral_url_2="https://hehge.com/wp-content/uploads/sites/16/2023/06/MI_Finance_Neutral_Landscape_0076.jpeg"
image_positive_thumbnail_id_1="1002"
image_positive_url_1="https://hehge.com/wp-content/uploads/sites/16/2023/06/MI_Finance_Positive_Landscape_0164.jpeg"
image_positive_thumbnail_id_2="702"
image_positive_url_2="https://hehge.com/wp-content/uploads/sites/16/2023/06/MI_Finance_Positive_Landscape_0006.jpeg"
image_professor_thumbnail_id_1="1193"
image_professor_url_1="https://hehge.com/wp-content/uploads/sites/16/2023/06/MI_Finance_Professor_Landscape_0027.jpeg"
image_professor_thumbnail_id_2="1196"
image_professor_url_2="https://hehge.com/wp-content/uploads/sites/16/2023/06/MI_Finance_Professor_Landscape_0030.jpeg"
