Symbol="VMAR"
AssetType="Common Stock"
Name="Vision Marine Technologies Inc"
Description="Vision Marine Technologies Inc., operating as the Canadian Electric Boat Company, designs, manufactures, leases and sells electric boats in Canada. The company is headquartered in Boisbriand, Canada."
CIK="1813783"
Exchange="NASDAQ"
Currency="USD"
Country="USA"
Sector="MANUFACTURING"
Industry="SHIP & BOAT BUILDING & REPAIRING"
Address="730 BOULEVARD DU CURE-BOIVIN, BOISBRAIND, CA"
FiscalYearEnd="August"
LatestQuarter="2023-05-31"
MarketCapitalization="41366800"
EBITDA="-16419802"
PERatio="None"
PEGRatio="None"
BookValue="2.854"
DividendPerShare="0"
DividendYield="0"
EPS="-1.83"
RevenuePerShareTTM="0.884"
ProfitMargin="0"
OperatingMarginTTM="0"
ReturnOnAssetsTTM="-0.358"
ReturnOnEquityTTM="-0.937"
RevenueTTM="7621500"
GrossProfitTTM="3285600"
DilutedEPSTTM="-1.83"
QuarterlyEarningsGrowthYOY="0"
QuarterlyRevenueGrowthYOY="0.103"
AnalystTargetPrice="6"
TrailingPE="-"
ForwardPE="-"
PriceToSalesRatioTTM="5.72"
PriceToBookRatio="2.605"
EVToRevenue="5.94"
EVToEBITDA="-3.73"
Beta="-0.121"
num_52WeekHigh="8.79"
num_52WeekLow="3.43"
num_50DayMovingAverage="3.983"
num_200DayMovingAverage="4.266"
SharesOutstanding="10472600"
DividendDate="None"
ExDividendDate="None"
symbol="VMAR"
open="3.77"
high="4.33"
low="3.77"
price="4.27"
volume="309899.00"
latest_trading_day="2023-07-26"
previous_close="3.81"
change="0.46"
change_percent="12.0735%"
aroon_positive_momentum_days="0"
aroon_negative_momentum_days="77"
trend_strength="Absent or Weak Trend"
buying_signal="Weak Sell Signal"
volume_analysis="Target Volume"
value_analysis="Expected Range"
Aroon_change="FALSE"
Aroon_momentum="23"
Volume_recent_avg="51557"
Change_recent_avg="0.01"
Delta_recent_avg="0.23"
Variance_recent_avg="0.12"
Change_ratio_recent_avg="-0.05"
RSI_change="FALSE"
ADX_change="FALSE"

event="FALSE"
Aroon_signal="negative"
Aroon_change="FALSE"
Aroon_momentum_positive="23"
Aroon_momentum_negative="77"
image_negative_thumbnail_id_1="505"
image_negative_url_1="https://hehge.com/wp-content/uploads/sites/16/2023/06/MI_Finance_Negative_Landscape_0100.jpeg"
image_negative_thumbnail_id_2="1133"
image_negative_url_2="https://hehge.com/wp-content/uploads/sites/16/2023/06/MI_Finance_Negative_Landscape_0166.jpeg"
image_neutral_thumbnail_id_1="588"
image_neutral_url_1="https://hehge.com/wp-content/uploads/sites/16/2023/06/MI_Finance_Neutral_Landscape_0011.jpeg"
image_neutral_thumbnail_id_2="593"
image_neutral_url_2="https://hehge.com/wp-content/uploads/sites/16/2023/06/MI_Finance_Neutral_Landscape_0006.jpeg"
image_positive_thumbnail_id_1="957"
image_positive_url_1="https://hehge.com/wp-content/uploads/sites/16/2023/06/MI_Finance_Positive_Landscape_0119.jpeg"
image_positive_thumbnail_id_2="672"
image_positive_url_2="https://hehge.com/wp-content/uploads/sites/16/2023/06/MI_Finance_Positive_Landscape_0036.jpeg"
image_professor_thumbnail_id_1="1185"
image_professor_url_1="https://hehge.com/wp-content/uploads/sites/16/2023/06/MI_Finance_Professor_Landscape_0019.jpeg"
image_professor_thumbnail_id_2="1167"
image_professor_url_2="https://hehge.com/wp-content/uploads/sites/16/2023/06/MI_Finance_Professor_Landscape_0001.jpeg"
