Symbol="ASNS"
AssetType="Common Stock"
Name="Actelis Networks Inc."
Description="Arsanis, Inc., a clinical-stage biopharmaceutical company, focuses on applying monoclonal antibody (mAb) immunotherapies to treat infectious diseases. The company is headquartered in Waltham, Massachusetts."
CIK="1141284"
Exchange="NASDAQ"
Currency="USD"
Country="USA"
Sector="MANUFACTURING"
Industry="COMMUNICATIONS EQUIPMENT, NEC"
Address="4039 CLIPPER COURT, FREMONT, CA, US"
FiscalYearEnd="December"
LatestQuarter="2023-03-31"
MarketCapitalization="2734200"
EBITDA="-6511000"
PERatio="None"
PEGRatio="None"
BookValue="0.818"
DividendPerShare="0"
DividendYield="0"
EPS="-4.47"
RevenuePerShareTTM="5.71"
ProfitMargin="-0.935"
OperatingMarginTTM="-0.741"
ReturnOnAssetsTTM="-0.471"
ReturnOnEquityTTM="0"
RevenueTTM="8811000"
GrossProfitTTM="4110000"
DilutedEPSTTM="-4.47"
QuarterlyEarningsGrowthYOY="0"
QuarterlyRevenueGrowthYOY="-0.011"
AnalystTargetPrice="None"
TrailingPE="-"
ForwardPE="-"
PriceToSalesRatioTTM="-"
PriceToBookRatio="-"
EVToRevenue="-"
EVToEBITDA="-"
Beta="None"
num_52WeekHigh="15"
num_52WeekLow="1.23"
num_50DayMovingAverage="2.761"
num_200DayMovingAverage="4.276"
SharesOutstanding="1953000"
DividendDate="None"
ExDividendDate="None"
symbol="ASNS"
open="1.32"
high="1.45"
low="1.24"
price="1.40"
volume="273267.00"
latest_trading_day="2023-08-11"
previous_close="1.28"
change="0.12"
change_percent="9.3750%"
aroon_positive_momentum_days="0"
aroon_negative_momentum_days="84"
trend_strength="Strong Trend"
buying_signal="Weak Sell Signal"
volume_analysis="Target Volume"
value_analysis="Expected Range"
Aroon_change="FALSE"
Aroon_momentum="16"
Volume_recent_avg="226799"
Change_recent_avg="0.03"
Delta_recent_avg="0.51"
Variance_recent_avg="0.26"
Change_ratio_recent_avg="-0.75"
RSI_change="FALSE"
ADX_change="FALSE"

event="FALSE"
Aroon_signal="negative"
Aroon_change="FALSE"
Aroon_momentum_positive="16"
Aroon_momentum_negative="84"
image_negative_thumbnail_id_1="136"
image_negative_url_1="https://hehge.com/wp-content/uploads/sites/16/2023/05/MI_Finance_Negative_Landscape_0040.jpeg"
image_negative_thumbnail_id_2="112"
image_negative_url_2="https://hehge.com/wp-content/uploads/sites/16/2023/05/MI_Finance_Negative_Landscape_0064.jpeg"
image_neutral_thumbnail_id_1="536"
image_neutral_url_1="https://hehge.com/wp-content/uploads/sites/16/2023/06/MI_Finance_Neutral_Landscape_0063.jpeg"
image_neutral_thumbnail_id_2="574"
image_neutral_url_2="https://hehge.com/wp-content/uploads/sites/16/2023/06/MI_Finance_Neutral_Landscape_0025.jpeg"
image_positive_thumbnail_id_1="622"
image_positive_url_1="https://hehge.com/wp-content/uploads/sites/16/2023/06/MI_Finance_Positive_Landscape_0086.jpeg"
image_positive_thumbnail_id_2="958"
image_positive_url_2="https://hehge.com/wp-content/uploads/sites/16/2023/06/MI_Finance_Positive_Landscape_0120.jpeg"
image_professor_thumbnail_id_1="1200"
image_professor_url_1="https://hehge.com/wp-content/uploads/sites/16/2023/06/MI_Finance_Professor_Landscape_0034.jpeg"
image_professor_thumbnail_id_2="1186"
image_professor_url_2="https://hehge.com/wp-content/uploads/sites/16/2023/06/MI_Finance_Professor_Landscape_0020.jpeg"
