Symbol="OTLY"
AssetType="Common Stock"
Name="Oatly Group AB ADR"
Description="Oatly Group AB, an oat milk company, offers a range of plant-based dairy products made from oats in Sweden. The company is headquartered in Malm, Sweden."
CIK="1843586"
Exchange="NASDAQ"
Currency="USD"
Country="USA"
Sector="MANUFACTURING"
Industry="FOOD AND KINDRED PRODUCTS"
Address="C/O OATLY GROUP, JAGAREGATAN 4, MALMO, SE"
FiscalYearEnd="December"
LatestQuarter="2023-06-30"
MarketCapitalization="858864000"
EBITDA="-298480000"
PERatio="None"
PEGRatio="None"
BookValue="0.92"
DividendPerShare="0"
DividendYield="0"
EPS="-0.62"
RevenuePerShareTTM="1.299"
ProfitMargin="-0.514"
OperatingMarginTTM="-0.419"
ReturnOnAssetsTTM="-0.142"
ReturnOnEquityTTM="-0.504"
RevenueTTM="769726000"
GrossProfitTTM="80027000"
DilutedEPSTTM="-0.62"
QuarterlyEarningsGrowthYOY="0"
QuarterlyRevenueGrowthYOY="0.101"
AnalystTargetPrice="3.09"
TrailingPE="-"
ForwardPE="-"
PriceToSalesRatioTTM="1.104"
PriceToBookRatio="0.909"
EVToRevenue="1.154"
EVToEBITDA="-2.727"
Beta="1.083"
num_52WeekHigh="4.14"
num_52WeekLow="1.28"
num_50DayMovingAverage="1.851"
num_200DayMovingAverage="2.033"
SharesOutstanding="592320000"
DividendDate="None"
ExDividendDate="None"
symbol="OTLY"
open="1.40"
high="1.47"
low="1.38"
price="1.45"
volume="2822490.00"
latest_trading_day="2023-08-11"
previous_close="1.39"
change="0.06"
change_percent="4.3165%"
aroon_positive_momentum_days="0"
aroon_negative_momentum_days="83"
trend_strength="Absent or Weak Trend"
buying_signal="Weak Sell Signal"
volume_analysis="Target Volume"
value_analysis="Expected Range"
Aroon_change="FALSE"
Aroon_momentum="17"
Volume_recent_avg="3189558"
Change_recent_avg="-0.01"
Delta_recent_avg="0.13"
Variance_recent_avg="0.06"
Change_ratio_recent_avg="-0.77"
RSI_change="FALSE"
ADX_change="FALSE"

event="FALSE"
Aroon_signal="negative"
Aroon_change="FALSE"
Aroon_momentum_positive="17"
Aroon_momentum_negative="83"
image_negative_thumbnail_id_1="134"
image_negative_url_1="https://hehge.com/wp-content/uploads/sites/16/2023/05/MI_Finance_Negative_Landscape_0042.jpeg"
image_negative_thumbnail_id_2="1148"
image_negative_url_2="https://hehge.com/wp-content/uploads/sites/16/2023/06/MI_Finance_Negative_Landscape_0181.jpeg"
image_neutral_thumbnail_id_1="558"
image_neutral_url_1="https://hehge.com/wp-content/uploads/sites/16/2023/06/MI_Finance_Neutral_Landscape_0041.jpeg"
image_neutral_thumbnail_id_2="560"
image_neutral_url_2="https://hehge.com/wp-content/uploads/sites/16/2023/06/MI_Finance_Neutral_Landscape_0039.jpeg"
image_positive_thumbnail_id_1="677"
image_positive_url_1="https://hehge.com/wp-content/uploads/sites/16/2023/06/MI_Finance_Positive_Landscape_0031.jpeg"
image_positive_thumbnail_id_2="696"
image_positive_url_2="https://hehge.com/wp-content/uploads/sites/16/2023/06/MI_Finance_Positive_Landscape_0012.jpeg"
image_professor_thumbnail_id_1="1195"
image_professor_url_1="https://hehge.com/wp-content/uploads/sites/16/2023/06/MI_Finance_Professor_Landscape_0029.jpeg"
image_professor_thumbnail_id_2="1200"
image_professor_url_2="https://hehge.com/wp-content/uploads/sites/16/2023/06/MI_Finance_Professor_Landscape_0034.jpeg"
