Symbol="MVIS"
AssetType="Common Stock"
Name="Microvision Inc"
Description="MicroVision, Inc. develops lidar sensors used in automotive safety and autonomous driving applications. The company is headquartered in Redmond, Washington."
CIK="65770"
Exchange="NASDAQ"
Currency="USD"
Country="USA"
Sector="MANUFACTURING"
Industry="ELECTRONIC COMPONENTS, NEC"
Address="6244 185TH AVENUE NE, SUITE 100, REDMOND, WA, US"
FiscalYearEnd="December"
LatestQuarter="2023-06-30"
MarketCapitalization="462485000"
EBITDA="-68208000"
PERatio="None"
PEGRatio="-0.51"
BookValue="0.6"
DividendPerShare="0"
DividendYield="0"
EPS="-0.35"
RevenuePerShareTTM="0.006"
ProfitMargin="0"
OperatingMarginTTM="-64.99"
ReturnOnAssetsTTM="-0.353"
ReturnOnEquityTTM="-0.638"
RevenueTTM="1111000"
GrossProfitTTM="564000"
DilutedEPSTTM="-0.35"
QuarterlyEarningsGrowthYOY="0"
QuarterlyRevenueGrowthYOY="0.048"
AnalystTargetPrice="4"
TrailingPE="-"
ForwardPE="-"
PriceToSalesRatioTTM="353.56"
PriceToBookRatio="5.18"
EVToRevenue="306.84"
EVToEBITDA="-7.39"
Beta="3.055"
num_52WeekHigh="8.2"
num_52WeekLow="1.82"
num_50DayMovingAverage="4.133"
num_200DayMovingAverage="3.102"
SharesOutstanding="176521000"
DividendDate="None"
ExDividendDate="None"
symbol="MVIS"
open="2.54"
high="2.71"
low="2.53"
price="2.66"
volume="2408082.00"
latest_trading_day="2023-08-18"
previous_close="2.62"
change="0.04"
change_percent="1.5267%"
aroon_positive_momentum_days="0"
aroon_negative_momentum_days="40"
trend_strength="Absent or Weak Trend"
buying_signal="Strong Sell Signal"
volume_analysis="Target Volume"
value_analysis="Expected Range"
Aroon_change="FALSE"
Aroon_momentum="60"
Volume_recent_avg="4628264"
Change_recent_avg="0.01"
Delta_recent_avg="0.32"
Variance_recent_avg="0.16"
Change_ratio_recent_avg="-0.04"
RSI_change="FALSE"
ADX_change="FALSE"

event="FALSE"
Aroon_signal="negative"
Aroon_change="FALSE"
Aroon_momentum_positive="60"
Aroon_momentum_negative="40"
image_negative_thumbnail_id_1="1103"
image_negative_url_1="https://hehge.com/wp-content/uploads/sites/16/2023/06/MI_Finance_Negative_Landscape_0136.jpeg"
image_negative_thumbnail_id_2="1131"
image_negative_url_2="https://hehge.com/wp-content/uploads/sites/16/2023/06/MI_Finance_Negative_Landscape_0164.jpeg"
image_neutral_thumbnail_id_1="568"
image_neutral_url_1="https://hehge.com/wp-content/uploads/sites/16/2023/06/MI_Finance_Neutral_Landscape_0031.jpeg"
image_neutral_thumbnail_id_2="587"
image_neutral_url_2="https://hehge.com/wp-content/uploads/sites/16/2023/06/MI_Finance_Neutral_Landscape_0012.jpeg"
image_positive_thumbnail_id_1="979"
image_positive_url_1="https://hehge.com/wp-content/uploads/sites/16/2023/06/MI_Finance_Positive_Landscape_0141.jpeg"
image_positive_thumbnail_id_2="648"
image_positive_url_2="https://hehge.com/wp-content/uploads/sites/16/2023/06/MI_Finance_Positive_Landscape_0060.jpeg"
image_professor_thumbnail_id_1="1190"
image_professor_url_1="https://hehge.com/wp-content/uploads/sites/16/2023/06/MI_Finance_Professor_Landscape_0024.jpeg"
image_professor_thumbnail_id_2="1203"
image_professor_url_2="https://hehge.com/wp-content/uploads/sites/16/2023/06/MI_Finance_Professor_Landscape_0037.jpeg"
