Symbol="PPSI"
AssetType="Common Stock"
Name="Pioneer Power Solutions Inc. "
Description="Pioneer Power Solutions, Inc. manufactures, sells and services specialized electrical power transmission, distribution and generation equipment on site in the United States, Canada and internationally. The company is headquartered in Fort Lee, New Jersey."
CIK="1449792"
Exchange="NASDAQ"
Currency="USD"
Country="USA"
Sector="MANUFACTURING"
Industry="POWER, DISTRIBUTION & SPECIALTY TRANSFORMERS"
Address="400 KELBY STREET, 9TH FLOOR, ONE PARKER PLAZA, FORT LEE, NJ, US"
FiscalYearEnd="December"
LatestQuarter="2023-03-31"
MarketCapitalization="76089000"
EBITDA="-2569000"
PERatio="None"
PEGRatio="1.96"
BookValue="1.759"
DividendPerShare="0"
DividendYield="0.0358"
EPS="-0.27"
RevenuePerShareTTM="2.986"
ProfitMargin="-0.0952"
OperatingMarginTTM="-0.108"
ReturnOnAssetsTTM="-0.0556"
ReturnOnEquityTTM="-0.154"
RevenueTTM="29145000"
GrossProfitTTM="1393000"
DilutedEPSTTM="-0.27"
QuarterlyEarningsGrowthYOY="-0.813"
QuarterlyRevenueGrowthYOY="0.337"
AnalystTargetPrice="12"
TrailingPE="-"
ForwardPE="-"
PriceToSalesRatioTTM="1.315"
PriceToBookRatio="1.759"
EVToRevenue="1.031"
EVToEBITDA="-3.724"
Beta="0.382"
num_52WeekHigh="9.84"
num_52WeekLow="2.33"
num_50DayMovingAverage="6.55"
num_200DayMovingAverage="3.946"
SharesOutstanding="9767500"
DividendDate="2021-07-07"
ExDividendDate="2021-06-21"
symbol="PPSI"
open="7.63"
high="7.95"
low="7.27"
price="7.30"
volume="194683.00"
latest_trading_day="2023-07-07"
previous_close="7.79"
change="-0.49"
change_percent="-6.2901%"
aroon_positive_momentum_days="88"
aroon_negative_momentum_days="0"
trend_strength="Strong Trend"
buying_signal="Strong Buy Signal"
volume_analysis="Target Volume"
value_analysis="Expected Range"
Aroon_change="FALSE"
Aroon_momentum="88"
Volume_recent_avg="142698"
Change_recent_avg="0.04"
Delta_recent_avg="0.41"
Variance_recent_avg="0.2"
Change_ratio_recent_avg="0.59"
RSI_change="FALSE"
ADX_change="FALSE"

event="FALSE"
Aroon_signal="positive"
Aroon_change="FALSE"
Aroon_momentum_positive="88"
Aroon_momentum_negative="12"
image_negative_thumbnail_id_1="508"
image_negative_url_1="https://hehge.com/wp-content/uploads/sites/16/2023/06/MI_Finance_Negative_Landscape_0097.jpeg"
image_negative_thumbnail_id_2="1156"
image_negative_url_2="https://hehge.com/wp-content/uploads/sites/16/2023/06/MI_Finance_Negative_Landscape_0190.jpeg"
image_neutral_thumbnail_id_1="581"
image_neutral_url_1="https://hehge.com/wp-content/uploads/sites/16/2023/06/MI_Finance_Neutral_Landscape_0018.jpeg"
image_neutral_thumbnail_id_2="593"
image_neutral_url_2="https://hehge.com/wp-content/uploads/sites/16/2023/06/MI_Finance_Neutral_Landscape_0006.jpeg"
image_positive_thumbnail_id_1="957"
image_positive_url_1="https://hehge.com/wp-content/uploads/sites/16/2023/06/MI_Finance_Positive_Landscape_0119.jpeg"
image_positive_thumbnail_id_2="697"
image_positive_url_2="https://hehge.com/wp-content/uploads/sites/16/2023/06/MI_Finance_Positive_Landscape_0011.jpeg"
image_professor_thumbnail_id_1="1187"
image_professor_url_1="https://hehge.com/wp-content/uploads/sites/16/2023/06/MI_Finance_Professor_Landscape_0021.jpeg"
image_professor_thumbnail_id_2="1189"
image_professor_url_2="https://hehge.com/wp-content/uploads/sites/16/2023/06/MI_Finance_Professor_Landscape_0023.jpeg"
