Symbol="RAYA"
AssetType="Common Stock"
Name="Erayak Power Solution Group Inc. Class A Ordinary Shares"
Description="Erayak Power Solution Group Inc., engages in the research and development, manufacture, and wholesale and retail of power solution products. "
CIK="1825875"
Exchange="NASDAQ"
Currency="USD"
Country="China"
Sector="MANUFACTURING"
Industry="MOTORS & GENERATORS"
Address="NO. 528, 4TH AVENUE, BINHAI INDUSTRIAL PARK, WENZHOU, CHINA"
FiscalYearEnd="December"
LatestQuarter="2023-06-30"
MarketCapitalization="26501200"
EBITDA="4338400"
PERatio="5.32"
PEGRatio="None"
BookValue="1.612"
DividendPerShare="0"
DividendYield="0"
EPS="0.38"
RevenuePerShareTTM="2.942"
ProfitMargin="0.129"
OperatingMarginTTM="0.151"
ReturnOnAssetsTTM="0.0833"
ReturnOnEquityTTM="0.265"
RevenueTTM="26909000"
GrossProfitTTM="5672100"
DilutedEPSTTM="0.38"
QuarterlyEarningsGrowthYOY="-0.804"
QuarterlyRevenueGrowthYOY="0.453"
AnalystTargetPrice="None"
TrailingPE="5.32"
ForwardPE="-"
PriceToSalesRatioTTM="-"
PriceToBookRatio="-"
EVToRevenue="-"
EVToEBITDA="-"
Beta="None"
num_52WeekHigh="3.886"
num_52WeekLow="1.51"
num_50DayMovingAverage="2.005"
num_200DayMovingAverage="2.247"
SharesOutstanding="11450000"
DividendDate="None"
ExDividendDate="None"
symbol="RAYA"
open="1.96"
high="2.02"
low="1.94"
price="2.02"
volume="4369.00"
latest_trading_day="2023-07-13"
previous_close="2.02"
change="0.00"
change_percent="0.0000%"
aroon_positive_momentum_days="27"
aroon_negative_momentum_days="0"
trend_strength="Absent or Weak Trend"
buying_signal="Strong Buy Signal"
volume_analysis="Target Volume"
value_analysis="Expected Range"
Aroon_change="FALSE"
Aroon_momentum="27"
Volume_recent_avg="21088"
Change_recent_avg="0.03"
Delta_recent_avg="0.23"
Variance_recent_avg="0.11"
Change_ratio_recent_avg="1.13"
RSI_change="FALSE"
ADX_change="FALSE"

event="FALSE"
Aroon_signal="positive"
Aroon_change="FALSE"
Aroon_momentum_positive="27"
Aroon_momentum_negative="57"
image_negative_thumbnail_id_1="158"
image_negative_url_1="https://hehge.com/wp-content/uploads/sites/16/2023/05/MI_Finance_Negative_Landscape_0018.jpeg"
image_negative_thumbnail_id_2="1106"
image_negative_url_2="https://hehge.com/wp-content/uploads/sites/16/2023/06/MI_Finance_Negative_Landscape_0139.jpeg"
image_neutral_thumbnail_id_1="527"
image_neutral_url_1="https://hehge.com/wp-content/uploads/sites/16/2023/06/MI_Finance_Neutral_Landscape_0072.jpeg"
image_neutral_thumbnail_id_2="593"
image_neutral_url_2="https://hehge.com/wp-content/uploads/sites/16/2023/06/MI_Finance_Neutral_Landscape_0006.jpeg"
image_positive_thumbnail_id_1="673"
image_positive_url_1="https://hehge.com/wp-content/uploads/sites/16/2023/06/MI_Finance_Positive_Landscape_0035.jpeg"
image_positive_thumbnail_id_2="677"
image_positive_url_2="https://hehge.com/wp-content/uploads/sites/16/2023/06/MI_Finance_Positive_Landscape_0031.jpeg"
image_professor_thumbnail_id_1="1190"
image_professor_url_1="https://hehge.com/wp-content/uploads/sites/16/2023/06/MI_Finance_Professor_Landscape_0024.jpeg"
image_professor_thumbnail_id_2="1204"
image_professor_url_2="https://hehge.com/wp-content/uploads/sites/16/2023/06/MI_Finance_Professor_Landscape_0038.jpeg"
