Symbol="HYLN"
AssetType="Common Stock"
Name="Hyliion Holdings Corp"
Description="Hyliion Holdings Corp. The company is headquartered in Cedar Park, Texas."
CIK="1759631"
Exchange="NYSE"
Currency="USD"
Country="USA"
Sector="MANUFACTURING"
Industry="TRUCK & BUS BODIES"
Address="1202 BMC DRIVE, SUITE 100, CEDAR PARK, TX, US"
FiscalYearEnd="December"
LatestQuarter="2023-06-30"
MarketCapitalization="235078000"
EBITDA="-166595008"
PERatio="None"
PEGRatio="None"
BookValue="2.005"
DividendPerShare="0"
DividendYield="0"
EPS="-0.92"
RevenuePerShareTTM="0.012"
ProfitMargin="0"
OperatingMarginTTM="-77.56"
ReturnOnAssetsTTM="-0.231"
ReturnOnEquityTTM="-0.365"
RevenueTTM="2170000"
GrossProfitTTM="-6672000"
DilutedEPSTTM="-0.92"
QuarterlyEarningsGrowthYOY="0"
QuarterlyRevenueGrowthYOY="0.547"
AnalystTargetPrice="2.01"
TrailingPE="-"
ForwardPE="-"
PriceToSalesRatioTTM="393.26"
PriceToBookRatio="1.107"
EVToRevenue="99.3"
EVToEBITDA="-0.776"
Beta="1.416"
num_52WeekHigh="4.4"
num_52WeekLow="1.22"
num_50DayMovingAverage="1.777"
num_200DayMovingAverage="2.287"
SharesOutstanding="180829000"
DividendDate="None"
ExDividendDate="None"
symbol="HYLN"
open="1.35"
high="1.35"
low="1.28"
price="1.30"
volume="1655674.00"
latest_trading_day="2023-08-14"
previous_close="1.36"
change="-0.06"
change_percent="-4.4118%"
aroon_positive_momentum_days="0"
aroon_negative_momentum_days="70"
trend_strength="Absent or Weak Trend"
buying_signal="Weak Sell Signal"
volume_analysis="Target Volume"
value_analysis="Expected Range"
Aroon_change="FALSE"
Aroon_momentum="30"
Volume_recent_avg="1647684"
Change_recent_avg="-0.02"
Delta_recent_avg="0.13"
Variance_recent_avg="0.06"
Change_ratio_recent_avg="-1.1"
RSI_change="FALSE"
ADX_change="FALSE"

event="FALSE"
Aroon_signal="negative"
Aroon_change="FALSE"
Aroon_momentum_positive="30"
Aroon_momentum_negative="70"
image_negative_thumbnail_id_1="514"
image_negative_url_1="https://hehge.com/wp-content/uploads/sites/16/2023/06/MI_Finance_Negative_Landscape_0091.jpeg"
image_negative_thumbnail_id_2="129"
image_negative_url_2="https://hehge.com/wp-content/uploads/sites/16/2023/05/MI_Finance_Negative_Landscape_0047.jpeg"
image_neutral_thumbnail_id_1="533"
image_neutral_url_1="https://hehge.com/wp-content/uploads/sites/16/2023/06/MI_Finance_Neutral_Landscape_0066.jpeg"
image_neutral_thumbnail_id_2="569"
image_neutral_url_2="https://hehge.com/wp-content/uploads/sites/16/2023/06/MI_Finance_Neutral_Landscape_0030.jpeg"
image_positive_thumbnail_id_1="990"
image_positive_url_1="https://hehge.com/wp-content/uploads/sites/16/2023/06/MI_Finance_Positive_Landscape_0152.jpeg"
image_positive_thumbnail_id_2="970"
image_positive_url_2="https://hehge.com/wp-content/uploads/sites/16/2023/06/MI_Finance_Positive_Landscape_0132.jpeg"
image_professor_thumbnail_id_1="1196"
image_professor_url_1="https://hehge.com/wp-content/uploads/sites/16/2023/06/MI_Finance_Professor_Landscape_0030.jpeg"
image_professor_thumbnail_id_2="1176"
image_professor_url_2="https://hehge.com/wp-content/uploads/sites/16/2023/06/MI_Finance_Professor_Landscape_0010.jpeg"
