Symbol="CSTE"
AssetType="Common Stock"
Name="Caesarstone Ltd"
Description="Caesarstone Ltd., develops, manufactures and markets quartz surfaces designed under the Caesarstone brand in the United States, Australia, Canada, Latin America, Asia, Israel, Europe, the Middle East and Africa. The company is headquartered in MP Menashe, Israel."
CIK="1504379"
Exchange="NASDAQ"
Currency="USD"
Country="USA"
Sector="MANUFACTURING"
Industry="CUT STONE & STONE PRODUCTS"
Address="KIBBUTZ SDOT YAM, MP MENASHE, IL"
FiscalYearEnd="December"
LatestQuarter="2023-03-31"
MarketCapitalization="190848000"
EBITDA="34817000"
PERatio="None"
PEGRatio="1.03"
BookValue="12.06"
DividendPerShare="0"
DividendYield="0.0655"
EPS="-2"
RevenuePerShareTTM="19.45"
ProfitMargin="-0.0999"
OperatingMarginTTM="0.0001"
ReturnOnAssetsTTM="0.0001"
ReturnOnEquityTTM="-0.143"
RevenueTTM="671001000"
GrossProfitTTM="163482000"
DilutedEPSTTM="-2"
QuarterlyEarningsGrowthYOY="5.87"
QuarterlyRevenueGrowthYOY="-0.116"
AnalystTargetPrice="6.5"
TrailingPE="-"
ForwardPE="8.69"
PriceToSalesRatioTTM="0.288"
PriceToBookRatio="0.421"
EVToRevenue="0.43"
EVToEBITDA="5.84"
Beta="0.547"
num_52WeekHigh="10.67"
num_52WeekLow="3.51"
num_50DayMovingAverage="4.898"
num_200DayMovingAverage="5.89"
SharesOutstanding="34511400"
DividendDate="2022-09-07"
ExDividendDate="2022-08-16"
symbol="CSTE"
open="5.40"
high="5.55"
low="5.35"
price="5.53"
volume="200268.00"
latest_trading_day="2023-07-14"
previous_close="5.39"
change="0.14"
change_percent="2.5023%"
aroon_positive_momentum_days="32"
aroon_negative_momentum_days="0"
trend_strength="Absent or Weak Trend"
buying_signal="Strong Buy Signal"
volume_analysis="Target Volume"
value_analysis="Expected Range"
Aroon_change="FALSE"
Aroon_momentum="32"
Volume_recent_avg="176708"
Change_recent_avg="-0.01"
Delta_recent_avg="0.23"
Variance_recent_avg="0.12"
Change_ratio_recent_avg="-0.19"
RSI_change="FALSE"
ADX_change="FALSE"

event="FALSE"
Aroon_signal="positive"
Aroon_change="FALSE"
Aroon_momentum_positive="32"
Aroon_momentum_negative="68"
image_negative_thumbnail_id_1="1158"
image_negative_url_1="https://hehge.com/wp-content/uploads/sites/16/2023/06/MI_Finance_Negative_Landscape_0192.jpeg"
image_negative_thumbnail_id_2="102"
image_negative_url_2="https://hehge.com/wp-content/uploads/sites/16/2023/05/MI_Finance_Negative_Landscape_0074.jpeg"
image_neutral_thumbnail_id_1="546"
image_neutral_url_1="https://hehge.com/wp-content/uploads/sites/16/2023/06/MI_Finance_Neutral_Landscape_0053.jpeg"
image_neutral_thumbnail_id_2="540"
image_neutral_url_2="https://hehge.com/wp-content/uploads/sites/16/2023/06/MI_Finance_Neutral_Landscape_0059.jpeg"
image_positive_thumbnail_id_1="698"
image_positive_url_1="https://hehge.com/wp-content/uploads/sites/16/2023/06/MI_Finance_Positive_Landscape_0010.jpeg"
image_positive_thumbnail_id_2="670"
image_positive_url_2="https://hehge.com/wp-content/uploads/sites/16/2023/06/MI_Finance_Positive_Landscape_0038.jpeg"
image_professor_thumbnail_id_1="1176"
image_professor_url_1="https://hehge.com/wp-content/uploads/sites/16/2023/06/MI_Finance_Professor_Landscape_0010.jpeg"
image_professor_thumbnail_id_2="1179"
image_professor_url_2="https://hehge.com/wp-content/uploads/sites/16/2023/06/MI_Finance_Professor_Landscape_0013.jpeg"
