Symbol="BNRG"
AssetType="Common Stock"
Name="Brenmiller Energy Ltd Ordinary Shares"
Description="None"
CIK="1901215"
Exchange="NASDAQ"
Currency="USD"
Country="USA"
Sector="MANUFACTURING"
Industry="HEATING EQUIPMENT, EXCEPT ELECTRIC & WARM AIR FURNACES"
Address="13 AMAL ST. 4TH FLOOR, PARK AFEK, ROSH HAAYIN, IL"
FiscalYearEnd="December"
LatestQuarter="2023-03-31"
MarketCapitalization="16869500"
EBITDA="-9535250"
PERatio="None"
PEGRatio="None"
BookValue="0.252"
DividendPerShare="0"
DividendYield="0"
EPS="-0.63"
RevenuePerShareTTM="0.098"
ProfitMargin="0"
OperatingMarginTTM="-6.52"
ReturnOnAssetsTTM="-0.523"
ReturnOnEquityTTM="-3.022"
RevenueTTM="1500000"
GrossProfitTTM="-3656000"
DilutedEPSTTM="-0.63"
QuarterlyEarningsGrowthYOY="0"
QuarterlyRevenueGrowthYOY="-1"
AnalystTargetPrice="None"
TrailingPE="-"
ForwardPE="-"
PriceToSalesRatioTTM="14.98"
PriceToBookRatio="-"
EVToRevenue="-"
EVToEBITDA="-"
Beta="0.263"
num_52WeekHigh="4.18"
num_52WeekLow="0.77"
num_50DayMovingAverage="0.925"
num_200DayMovingAverage="1.407"
SharesOutstanding="17750400"
DividendDate="None"
ExDividendDate="None"
symbol="BNRG"
open="0.81"
high="0.82"
low="0.77"
price="0.78"
volume="23196.00"
latest_trading_day="2023-08-10"
previous_close="0.84"
change="-0.06"
change_percent="-7.1429%"
aroon_positive_momentum_days="0"
aroon_negative_momentum_days="56"
trend_strength="Absent or Weak Trend"
buying_signal="High Volatility / Hold Signal"
volume_analysis="Target Volume"
value_analysis="Expected Range"
Aroon_change="FALSE"
Aroon_momentum="44"
Volume_recent_avg="431798"
Change_recent_avg="-0.01"
Delta_recent_avg="0.12"
Variance_recent_avg="0.06"
Change_ratio_recent_avg="-0.72"
RSI_change="FALSE"
ADX_change="FALSE"

event="FALSE"
Aroon_signal="negative"
Aroon_change="FALSE"
Aroon_momentum_positive="44"
Aroon_momentum_negative="56"
image_negative_thumbnail_id_1="504"
image_negative_url_1="https://hehge.com/wp-content/uploads/sites/16/2023/06/MI_Finance_Negative_Landscape_0101.jpeg"
image_negative_thumbnail_id_2="118"
image_negative_url_2="https://hehge.com/wp-content/uploads/sites/16/2023/05/MI_Finance_Negative_Landscape_0058.jpeg"
image_neutral_thumbnail_id_1="557"
image_neutral_url_1="https://hehge.com/wp-content/uploads/sites/16/2023/06/MI_Finance_Neutral_Landscape_0042.jpeg"
image_neutral_thumbnail_id_2="533"
image_neutral_url_2="https://hehge.com/wp-content/uploads/sites/16/2023/06/MI_Finance_Neutral_Landscape_0066.jpeg"
image_positive_thumbnail_id_1="1009"
image_positive_url_1="https://hehge.com/wp-content/uploads/sites/16/2023/06/MI_Finance_Positive_Landscape_0171.jpeg"
image_positive_thumbnail_id_2="639"
image_positive_url_2="https://hehge.com/wp-content/uploads/sites/16/2023/06/MI_Finance_Positive_Landscape_0069.jpeg"
image_professor_thumbnail_id_1="1172"
image_professor_url_1="https://hehge.com/wp-content/uploads/sites/16/2023/06/MI_Finance_Professor_Landscape_0006.jpeg"
image_professor_thumbnail_id_2="1202"
image_professor_url_2="https://hehge.com/wp-content/uploads/sites/16/2023/06/MI_Finance_Professor_Landscape_0036.jpeg"
