Symbol="TDY"
AssetType="Common Stock"
Name="Teledyne Technologies Incorporated"
Description="Teledyne Technologies Incorporated is an American industrial conglomerate."
CIK="1094285"
Exchange="NYSE"
Currency="USD"
Country="USA"
Sector="MANUFACTURING"
Industry="SEARCH, DETECTION, NAVAGATION, GUIDANCE, AERONAUTICAL SYS"
Address="1049 CAMINO DOS RIOS, THOUSAND OAKS, CA, US"
FiscalYearEnd="December"
LatestQuarter="2023-06-30"
MarketCapitalization="18031639000"
EBITDA="1354200000"
PERatio="24.2"
PEGRatio="0.98"
BookValue="182.26"
DividendPerShare="0"
DividendYield="0"
EPS="15.84"
RevenuePerShareTTM="119.19"
ProfitMargin="0.138"
OperatingMarginTTM="0.184"
ReturnOnAssetsTTM="0.0456"
ReturnOnEquityTTM="0.0936"
RevenueTTM="5589800000"
GrossProfitTTM="2330300000"
DilutedEPSTTM="15.84"
QuarterlyEarningsGrowthYOY="0.078"
QuarterlyRevenueGrowthYOY="0.051"
AnalystTargetPrice="485.57"
TrailingPE="24.2"
ForwardPE="-"
PriceToSalesRatioTTM="3.507"
PriceToBookRatio="2.473"
EVToRevenue="4.171"
EVToEBITDA="17.16"
Beta="1.052"
num_52WeekHigh="448.71"
num_52WeekLow="325"
num_50DayMovingAverage="399.83"
num_200DayMovingAverage="411.89"
SharesOutstanding="47045600"
DividendDate="None"
ExDividendDate="None"
symbol="TDY"
open="384.17"
high="384.78"
low="380.55"
price="383.28"
volume="210360.00"
latest_trading_day="2023-08-09"
previous_close="385.00"
change="-1.72"
change_percent="-0.4468%"
aroon_positive_momentum_days="0"
aroon_negative_momentum_days="73"
trend_strength="Absent or Weak Trend"
buying_signal="Strong Sell Signal"
volume_analysis="Target Volume"
value_analysis="Expected Range"
Aroon_change="FALSE"
Aroon_momentum="27"
Volume_recent_avg="258521"
Change_recent_avg="-0.19"
Delta_recent_avg="6.86"
Variance_recent_avg="3.43"
Change_ratio_recent_avg="-0.06"
RSI_change="FALSE"
ADX_change="FALSE"

event="FALSE"
Aroon_signal="negative"
Aroon_change="FALSE"
Aroon_momentum_positive="27"
Aroon_momentum_negative="73"
image_negative_thumbnail_id_1="1104"
image_negative_url_1="https://hehge.com/wp-content/uploads/sites/16/2023/06/MI_Finance_Negative_Landscape_0137.jpeg"
image_negative_thumbnail_id_2="500"
image_negative_url_2="https://hehge.com/wp-content/uploads/sites/16/2023/06/MI_Finance_Negative_Landscape_0105.jpeg"
image_neutral_thumbnail_id_1="530"
image_neutral_url_1="https://hehge.com/wp-content/uploads/sites/16/2023/06/MI_Finance_Neutral_Landscape_0069.jpeg"
image_neutral_thumbnail_id_2="550"
image_neutral_url_2="https://hehge.com/wp-content/uploads/sites/16/2023/06/MI_Finance_Neutral_Landscape_0049.jpeg"
image_positive_thumbnail_id_1="653"
image_positive_url_1="https://hehge.com/wp-content/uploads/sites/16/2023/06/MI_Finance_Positive_Landscape_0055.jpeg"
image_positive_thumbnail_id_2="975"
image_positive_url_2="https://hehge.com/wp-content/uploads/sites/16/2023/06/MI_Finance_Positive_Landscape_0137.jpeg"
image_professor_thumbnail_id_1="1167"
image_professor_url_1="https://hehge.com/wp-content/uploads/sites/16/2023/06/MI_Finance_Professor_Landscape_0001.jpeg"
image_professor_thumbnail_id_2="1203"
image_professor_url_2="https://hehge.com/wp-content/uploads/sites/16/2023/06/MI_Finance_Professor_Landscape_0037.jpeg"
