Symbol="FNKO"
AssetType="Common Stock"
Name="Funko Inc"
Description="Funko, Inc., a pop culture consumer products company, designs, sources, and distributes licensed pop culture products in the United States, Europe, and internationally. The company is headquartered in Everett, Washington."
CIK="1704711"
Exchange="NASDAQ"
Currency="USD"
Country="USA"
Sector="MANUFACTURING"
Industry="GAMES, TOYS & CHILDREN'S VEHICLES (NO DOLLS & BICYCLES)"
Address="2802 WETMORE AVE, EVERETT, WA, US"
FiscalYearEnd="December"
LatestQuarter="2023-03-31"
MarketCapitalization="542886000"
EBITDA="-14927000"
PERatio="None"
PEGRatio="None"
BookValue="6.71"
DividendPerShare="0"
DividendYield="0"
EPS="-1.62"
RevenuePerShareTTM="27.36"
ProfitMargin="-0.0578"
OperatingMarginTTM="-0.0522"
ReturnOnAssetsTTM="-0.0408"
ReturnOnEquityTTM="-0.218"
RevenueTTM="1266241000"
GrossProfitTTM="434021000"
DilutedEPSTTM="-1.62"
QuarterlyEarningsGrowthYOY="-0.321"
QuarterlyRevenueGrowthYOY="-0.183"
AnalystTargetPrice="12.1"
TrailingPE="-"
ForwardPE="-"
PriceToSalesRatioTTM="0.361"
PriceToBookRatio="1.105"
EVToRevenue="0.582"
EVToEBITDA="6.87"
Beta="1.462"
num_52WeekHigh="27.79"
num_52WeekLow="7.14"
num_50DayMovingAverage="11.5"
num_200DayMovingAverage="12.2"
SharesOutstanding="47396500"
DividendDate="None"
ExDividendDate="None"
symbol="FNKO"
open="10.60"
high="10.99"
low="10.60"
price="10.71"
volume="347361.00"
latest_trading_day="2023-07-07"
previous_close="10.54"
change="0.17"
change_percent="1.6129%"
aroon_positive_momentum_days="48"
aroon_negative_momentum_days="0"
trend_strength="Absent or Weak Trend"
buying_signal="Weak Buy Signal"
volume_analysis="Target Volume"
value_analysis="Expected Range"
Aroon_change="FALSE"
Aroon_momentum="48"
Volume_recent_avg="580815"
Change_recent_avg="0.03"
Delta_recent_avg="0.48"
Variance_recent_avg="0.24"
Change_ratio_recent_avg="0.24"
RSI_change="FALSE"
ADX_change="FALSE"

event="FALSE"
Aroon_signal="positive"
Aroon_change="FALSE"
Aroon_momentum_positive="48"
Aroon_momentum_negative="52"
image_negative_thumbnail_id_1="1134"
image_negative_url_1="https://hehge.com/wp-content/uploads/sites/16/2023/06/MI_Finance_Negative_Landscape_0167.jpeg"
image_negative_thumbnail_id_2="142"
image_negative_url_2="https://hehge.com/wp-content/uploads/sites/16/2023/05/MI_Finance_Negative_Landscape_0034.jpeg"
image_neutral_thumbnail_id_1="582"
image_neutral_url_1="https://hehge.com/wp-content/uploads/sites/16/2023/06/MI_Finance_Neutral_Landscape_0017.jpeg"
image_neutral_thumbnail_id_2="579"
image_neutral_url_2="https://hehge.com/wp-content/uploads/sites/16/2023/06/MI_Finance_Neutral_Landscape_0020.jpeg"
image_positive_thumbnail_id_1="609"
image_positive_url_1="https://hehge.com/wp-content/uploads/sites/16/2023/06/MI_Finance_Positive_Landscape_0099.jpeg"
image_positive_thumbnail_id_2="986"
image_positive_url_2="https://hehge.com/wp-content/uploads/sites/16/2023/06/MI_Finance_Positive_Landscape_0148.jpeg"
image_professor_thumbnail_id_1="1177"
image_professor_url_1="https://hehge.com/wp-content/uploads/sites/16/2023/06/MI_Finance_Professor_Landscape_0011.jpeg"
image_professor_thumbnail_id_2="1197"
image_professor_url_2="https://hehge.com/wp-content/uploads/sites/16/2023/06/MI_Finance_Professor_Landscape_0031.jpeg"
