Symbol="DRS"
AssetType="Common Stock"
Name="Leonardo DRS Inc. Common Stock"
Description="None"
CIK="1833756"
Exchange="NASDAQ"
Currency="USD"
Country="USA"
Sector="MANUFACTURING"
Industry="SEARCH, DETECTION, NAVAGATION, GUIDANCE, AERONAUTICAL SYS"
Address="2345 CRYSTAL DRIVE, SUITE 1000, ARLINGTON, VA, US"
FiscalYearEnd="December"
LatestQuarter="2023-03-31"
MarketCapitalization="4491810000"
EBITDA="251000000"
PERatio="9.67"
PEGRatio="None"
BookValue="8.22"
DividendPerShare="0"
DividendYield="0"
EPS="1.78"
RevenuePerShareTTM="11.65"
ProfitMargin="0.144"
OperatingMarginTTM="0.0676"
ReturnOnAssetsTTM="0.0333"
ReturnOnEquityTTM="0.202"
RevenueTTM="2650000000"
GrossProfitTTM="575000000"
DilutedEPSTTM="1.78"
QuarterlyEarningsGrowthYOY="-0.729"
QuarterlyRevenueGrowthYOY="-0.07"
AnalystTargetPrice="18.25"
TrailingPE="9.67"
ForwardPE="-"
PriceToSalesRatioTTM="0.641"
PriceToBookRatio="1.117"
EVToRevenue="0.801"
EVToEBITDA="3.498"
Beta="None"
num_52WeekHigh="17.59"
num_52WeekLow="9.11"
num_50DayMovingAverage="16.18"
num_200DayMovingAverage="13.22"
SharesOutstanding="261000000"
DividendDate="None"
ExDividendDate="None"
symbol="DRS"
open="17.27"
high="17.29"
low="16.65"
price="16.70"
volume="550594.00"
latest_trading_day="2023-07-19"
previous_close="17.21"
change="-0.51"
change_percent="-2.9634%"
aroon_positive_momentum_days="93"
aroon_negative_momentum_days="0"
trend_strength="Absent or Weak Trend"
buying_signal="Weak Buy Signal"
volume_analysis="Target Volume"
value_analysis="Expected Range"
Aroon_change="FALSE"
Aroon_momentum="93"
Volume_recent_avg="717943"
Change_recent_avg="0.03"
Delta_recent_avg="0.44"
Variance_recent_avg="0.22"
Change_ratio_recent_avg="0.16"
RSI_change="FALSE"
ADX_change="FALSE"

event="FALSE"
Aroon_signal="positive"
Aroon_change="FALSE"
Aroon_momentum_positive="93"
Aroon_momentum_negative="6"
image_negative_thumbnail_id_1="132"
image_negative_url_1="https://hehge.com/wp-content/uploads/sites/16/2023/05/MI_Finance_Negative_Landscape_0044.jpeg"
image_negative_thumbnail_id_2="1094"
image_negative_url_2="https://hehge.com/wp-content/uploads/sites/16/2023/06/MI_Finance_Negative_Landscape_0127.jpeg"
image_neutral_thumbnail_id_1="588"
image_neutral_url_1="https://hehge.com/wp-content/uploads/sites/16/2023/06/MI_Finance_Neutral_Landscape_0011.jpeg"
image_neutral_thumbnail_id_2="549"
image_neutral_url_2="https://hehge.com/wp-content/uploads/sites/16/2023/06/MI_Finance_Neutral_Landscape_0050.jpeg"
image_positive_thumbnail_id_1="678"
image_positive_url_1="https://hehge.com/wp-content/uploads/sites/16/2023/06/MI_Finance_Positive_Landscape_0030.jpeg"
image_positive_thumbnail_id_2="1016"
image_positive_url_2="https://hehge.com/wp-content/uploads/sites/16/2023/06/MI_Finance_Positive_Landscape_0178.jpeg"
image_professor_thumbnail_id_1="1187"
image_professor_url_1="https://hehge.com/wp-content/uploads/sites/16/2023/06/MI_Finance_Professor_Landscape_0021.jpeg"
image_professor_thumbnail_id_2="1201"
image_professor_url_2="https://hehge.com/wp-content/uploads/sites/16/2023/06/MI_Finance_Professor_Landscape_0035.jpeg"
