Symbol="MEI"
AssetType="Common Stock"
Name="Methode Electronics Inc"
Description="Methode Electronics, Inc. designs, manufactures and markets component devices and subsystems globally. The company is headquartered in Chicago, Illinois."
CIK="65270"
Exchange="NYSE"
Currency="USD"
Country="USA"
Sector="MANUFACTURING"
Industry="ELECTRONIC CONNECTORS"
Address="7401 W WILSON AVE, CHICAGO, IL, US"
FiscalYearEnd="May"
LatestQuarter="2023-05-31"
MarketCapitalization="1250870000"
EBITDA="151600000"
PERatio="15.95"
PEGRatio="1.16"
BookValue="26.29"
DividendPerShare="0.56"
DividendYield="0.0167"
EPS="2.1"
RevenuePerShareTTM="32.75"
ProfitMargin="0.0654"
OperatingMarginTTM="0.0866"
ReturnOnAssetsTTM="0.043"
ReturnOnEquityTTM="0.0826"
RevenueTTM="1179600000"
GrossProfitTTM="264600000"
DilutedEPSTTM="2.1"
QuarterlyEarningsGrowthYOY="-0.478"
QuarterlyRevenueGrowthYOY="0.043"
AnalystTargetPrice="47"
TrailingPE="15.95"
ForwardPE="17.18"
PriceToSalesRatioTTM="1.366"
PriceToBookRatio="1.862"
EVToRevenue="1.505"
EVToEBITDA="10.88"
Beta="1.022"
num_52WeekHigh="51.0"
num_52WeekLow="31.99"
num_50DayMovingAverage="36.3"
num_200DayMovingAverage="42.39"
SharesOutstanding="37339400"
DividendDate="2023-07-28"
ExDividendDate="2023-07-13"
symbol="MEI"
open="33.11"
high="33.33"
low="32.29"
price="32.66"
volume="126476.00"
latest_trading_day="2023-08-08"
previous_close="33.50"
change="-0.84"
change_percent="-2.5075%"
aroon_positive_momentum_days="0"
aroon_negative_momentum_days="95"
trend_strength="Absent or Weak Trend"
buying_signal="Weak Sell Signal"
volume_analysis="Target Volume"
value_analysis="Expected Range"
Aroon_change="FALSE"
Aroon_momentum="5"
Volume_recent_avg="235934"
Change_recent_avg="-0.03"
Delta_recent_avg="0.87"
Variance_recent_avg="0.43"
Change_ratio_recent_avg="-0.1"
RSI_change="FALSE"
ADX_change="FALSE"

event="FALSE"
Aroon_signal="negative"
Aroon_change="FALSE"
Aroon_momentum_positive="5"
Aroon_momentum_negative="95"
image_negative_thumbnail_id_1="148"
image_negative_url_1="https://hehge.com/wp-content/uploads/sites/16/2023/05/MI_Finance_Negative_Landscape_0028.jpeg"
image_negative_thumbnail_id_2="99"
image_negative_url_2="https://hehge.com/wp-content/uploads/sites/16/2023/05/MI_Finance_Negative_Landscape_0077.jpeg"
image_neutral_thumbnail_id_1="585"
image_neutral_url_1="https://hehge.com/wp-content/uploads/sites/16/2023/06/MI_Finance_Neutral_Landscape_0014.jpeg"
image_neutral_thumbnail_id_2="564"
image_neutral_url_2="https://hehge.com/wp-content/uploads/sites/16/2023/06/MI_Finance_Neutral_Landscape_0035.jpeg"
image_positive_thumbnail_id_1="630"
image_positive_url_1="https://hehge.com/wp-content/uploads/sites/16/2023/06/MI_Finance_Positive_Landscape_0078.jpeg"
image_positive_thumbnail_id_2="965"
image_positive_url_2="https://hehge.com/wp-content/uploads/sites/16/2023/06/MI_Finance_Positive_Landscape_0127.jpeg"
image_professor_thumbnail_id_1="1195"
image_professor_url_1="https://hehge.com/wp-content/uploads/sites/16/2023/06/MI_Finance_Professor_Landscape_0029.jpeg"
image_professor_thumbnail_id_2="1183"
image_professor_url_2="https://hehge.com/wp-content/uploads/sites/16/2023/06/MI_Finance_Professor_Landscape_0017.jpeg"
