Symbol="GNRC"
AssetType="Common Stock"
Name="Generac Holdings Inc"
Description="Generac Holdings Inc., commonly referred to as Generac, is a Fortune 1000 American manufacturer of backup power generation products for residential, light commercial and industrial markets."
CIK="1474735"
Exchange="NYSE"
Currency="USD"
Country="USA"
Sector="MANUFACTURING"
Industry="MOTORS & GENERATORS"
Address="S45 W29290 HIGHWAY 59, WAUKESHA, WI, US"
FiscalYearEnd="December"
LatestQuarter="2023-03-31"
MarketCapitalization="8886179000"
EBITDA="615399000"
PERatio="38.2"
PEGRatio="2.034"
BookValue="37.61"
DividendPerShare="0"
DividendYield="0"
EPS="3.74"
RevenuePerShareTTM="68.91"
ProfitMargin="0.0691"
OperatingMarginTTM="0.106"
ReturnOnAssetsTTM="0.0552"
ReturnOnEquityTTM="0.13"
RevenueTTM="4316791000"
GrossProfitTTM="1522004000"
DilutedEPSTTM="3.74"
QuarterlyEarningsGrowthYOY="-0.968"
QuarterlyRevenueGrowthYOY="-0.218"
AnalystTargetPrice="139.81"
TrailingPE="38.2"
ForwardPE="13.97"
PriceToSalesRatioTTM="1.284"
PriceToBookRatio="2.764"
EVToRevenue="1.714"
EVToEBITDA="10.09"
Beta="1.243"
num_52WeekHigh="282.62"
num_52WeekLow="86.29"
num_50DayMovingAverage="124.2"
num_200DayMovingAverage="116.87"
SharesOutstanding="62193000"
DividendDate="2013-06-21"
ExDividendDate="2013-06-10"
symbol="GNRC"
open="146.15"
high="146.60"
low="142.10"
price="142.88"
volume="932583.00"
latest_trading_day="2023-07-14"
previous_close="146.79"
change="-3.91"
change_percent="-2.6637%"
aroon_positive_momentum_days="58"
aroon_negative_momentum_days="0"
trend_strength="Absent or Weak Trend"
buying_signal="Strong Buy Signal"
volume_analysis="Target Volume"
value_analysis="Expected Range"
Aroon_change="FALSE"
Aroon_momentum="58"
Volume_recent_avg="1183718"
Change_recent_avg="0.02"
Delta_recent_avg="5.02"
Variance_recent_avg="2.51"
Change_ratio_recent_avg="-0.04"
RSI_change="FALSE"
ADX_change="FALSE"

event="FALSE"
Aroon_signal="positive"
Aroon_change="FALSE"
Aroon_momentum_positive="58"
Aroon_momentum_negative="42"
image_negative_thumbnail_id_1="1148"
image_negative_url_1="https://hehge.com/wp-content/uploads/sites/16/2023/06/MI_Finance_Negative_Landscape_0181.jpeg"
image_negative_thumbnail_id_2="119"
image_negative_url_2="https://hehge.com/wp-content/uploads/sites/16/2023/05/MI_Finance_Negative_Landscape_0057.jpeg"
image_neutral_thumbnail_id_1="587"
image_neutral_url_1="https://hehge.com/wp-content/uploads/sites/16/2023/06/MI_Finance_Neutral_Landscape_0012.jpeg"
image_neutral_thumbnail_id_2="583"
image_neutral_url_2="https://hehge.com/wp-content/uploads/sites/16/2023/06/MI_Finance_Neutral_Landscape_0016.jpeg"
image_positive_thumbnail_id_1="999"
image_positive_url_1="https://hehge.com/wp-content/uploads/sites/16/2023/06/MI_Finance_Positive_Landscape_0161.jpeg"
image_positive_thumbnail_id_2="696"
image_positive_url_2="https://hehge.com/wp-content/uploads/sites/16/2023/06/MI_Finance_Positive_Landscape_0012.jpeg"
image_professor_thumbnail_id_1="1201"
image_professor_url_1="https://hehge.com/wp-content/uploads/sites/16/2023/06/MI_Finance_Professor_Landscape_0035.jpeg"
image_professor_thumbnail_id_2="1186"
image_professor_url_2="https://hehge.com/wp-content/uploads/sites/16/2023/06/MI_Finance_Professor_Landscape_0020.jpeg"
