Symbol="SENEA"
AssetType="Common Stock"
Name="Seneca Foods Corp A"
Description="Seneca Foods Corporation offers packaged fruits and vegetables in the United States and internationally. The company is headquartered in Marion, New York."
CIK="88948"
Exchange="NASDAQ"
Currency="USD"
Country="USA"
Sector="MANUFACTURING"
Industry="CANNED, FRUITS, VEG, PRESERVES, JAMS & JELLIES"
Address="3736 SOUTH MAIN STREET, MARION, NY, US"
FiscalYearEnd="March"
LatestQuarter="2023-06-30"
MarketCapitalization="379039000"
EBITDA="101279000"
PERatio="11.91"
PEGRatio="0"
BookValue="75.78"
DividendPerShare="0"
DividendYield="0"
EPS="4.17"
RevenuePerShareTTM="201.51"
ProfitMargin="0.0177"
OperatingMarginTTM="0.0385"
ReturnOnAssetsTTM="0.0325"
ReturnOnEquityTTM="0.0474"
RevenueTTM="1542823000"
GrossProfitTTM="135896000"
DilutedEPSTTM="4.17"
QuarterlyEarningsGrowthYOY="3.872"
QuarterlyRevenueGrowthYOY="0.126"
AnalystTargetPrice="21"
TrailingPE="11.91"
ForwardPE="-"
PriceToSalesRatioTTM="0.304"
PriceToBookRatio="0.857"
EVToRevenue="0.572"
EVToEBITDA="8.03"
Beta="0.601"
num_52WeekHigh="68.74"
num_52WeekLow="32.5"
num_50DayMovingAverage="39.93"
num_200DayMovingAverage="52.44"
SharesOutstanding="5884900"
DividendDate="None"
ExDividendDate="None"
symbol="SENEA"
open="49.66"
high="50.00"
low="49.28"
price="49.62"
volume="66502.00"
latest_trading_day="2023-08-18"
previous_close="49.67"
change="-0.05"
change_percent="-0.1007%"
aroon_positive_momentum_days="0"
aroon_negative_momentum_days="100"
trend_strength="Absent or Weak Trend"
buying_signal="Weak Sell Signal"
volume_analysis="Target Volume"
value_analysis="Expected Range"
Aroon_change="FALSE"
Aroon_momentum="0"
Volume_recent_avg="68985"
Change_recent_avg="0.01"
Delta_recent_avg="1.46"
Variance_recent_avg="0.73"
Change_ratio_recent_avg="-0.02"
RSI_change="FALSE"
ADX_change="FALSE"
Aroon_signal="negative"
Aroon_change="FALSE"
Aroon_momentum_positive="0"
Aroon_momentum_negative="100"
image_negative_thumbnail_id_1="1091"
image_negative_url_1="https://hehge.com/wp-content/uploads/sites/16/2023/06/MI_Finance_Negative_Landscape_0124.jpeg"
image_negative_thumbnail_id_2="118"
image_negative_url_2="https://hehge.com/wp-content/uploads/sites/16/2023/05/MI_Finance_Negative_Landscape_0058.jpeg"
image_neutral_thumbnail_id_1="556"
image_neutral_url_1="https://hehge.com/wp-content/uploads/sites/16/2023/06/MI_Finance_Neutral_Landscape_0043.jpeg"
image_neutral_thumbnail_id_2="524"
image_neutral_url_2="https://hehge.com/wp-content/uploads/sites/16/2023/06/MI_Finance_Neutral_Landscape_0075.jpeg"
image_positive_thumbnail_id_1="599"
image_positive_url_1="https://hehge.com/wp-content/uploads/sites/16/2023/06/MI_Finance_Positive_Landscape_0109.jpeg"
image_positive_thumbnail_id_2="975"
image_positive_url_2="https://hehge.com/wp-content/uploads/sites/16/2023/06/MI_Finance_Positive_Landscape_0137.jpeg"
image_professor_thumbnail_id_1="1172"
image_professor_url_1="https://hehge.com/wp-content/uploads/sites/16/2023/06/MI_Finance_Professor_Landscape_0006.jpeg"
image_professor_thumbnail_id_2="1197"
image_professor_url_2="https://hehge.com/wp-content/uploads/sites/16/2023/06/MI_Finance_Professor_Landscape_0031.jpeg"
