Symbol="UEIC"
AssetType="Common Stock"
Name="Universal Electronics Inc"
Description="Universal Electronics Inc. designs, develops, manufactures and sells universal and preprogrammed control products, smart wireless security and audio video accessories and smart home products for consumer electronics, subscription streaming, security, home automation, hospitality and climate control. markets. The company is headquartered in Scottsdale, Arizona."
CIK="101984"
Exchange="NASDAQ"
Currency="USD"
Country="USA"
Sector="MANUFACTURING"
Industry="HOUSEHOLD AUDIO & VIDEO EQUIPMENT"
Address="201 E. SANDPOINTE AVENUE, 8TH FLOOR, SANTA ANA, CA, US"
FiscalYearEnd="December"
LatestQuarter="2023-03-31"
MarketCapitalization="141560000"
EBITDA="31232000"
PERatio="None"
PEGRatio="1.39"
BookValue="16.43"
DividendPerShare="0"
DividendYield="0"
EPS="-4.59"
RevenuePerShareTTM="40.88"
ProfitMargin="-0.112"
OperatingMarginTTM="0.0146"
ReturnOnAssetsTTM="0.01"
ReturnOnEquityTTM="-0.241"
RevenueTTM="518718000"
GrossProfitTTM="155180000"
DilutedEPSTTM="-4.59"
QuarterlyEarningsGrowthYOY="-0.425"
QuarterlyRevenueGrowthYOY="-0.182"
AnalystTargetPrice="16"
TrailingPE="-"
ForwardPE="6.44"
PriceToSalesRatioTTM="0.488"
PriceToBookRatio="1.052"
EVToRevenue="0.577"
EVToEBITDA="8.52"
Beta="1.317"
num_52WeekHigh="29.28"
num_52WeekLow="7.59"
num_50DayMovingAverage="9.25"
num_200DayMovingAverage="15.49"
SharesOutstanding="12857400"
DividendDate="None"
ExDividendDate="None"
symbol="UEIC"
open="11.08"
high="11.13"
low="10.84"
price="11.01"
volume="69632.00"
latest_trading_day="2023-07-21"
previous_close="11.07"
change="-0.06"
change_percent="-0.5420%"
aroon_positive_momentum_days="4"
aroon_negative_momentum_days="0"
trend_strength="Absent or Weak Trend"
buying_signal="Weak Buy Signal"
volume_analysis="Target Volume"
value_analysis="Expected Range"
Aroon_change="FALSE"
Aroon_momentum="4"
Volume_recent_avg="238035"
Change_recent_avg="-0.02"
Delta_recent_avg="0.51"
Variance_recent_avg="0.25"
Change_ratio_recent_avg="-0.21"
RSI_change="FALSE"
ADX_change="FALSE"

event="FALSE"
Aroon_signal="positive"
Aroon_change="FALSE"
Aroon_momentum_positive="4"
Aroon_momentum_negative="96"
image_negative_thumbnail_id_1="1086"
image_negative_url_1="https://hehge.com/wp-content/uploads/sites/16/2023/06/MI_Finance_Negative_Landscape_0119.jpeg"
image_negative_thumbnail_id_2="1097"
image_negative_url_2="https://hehge.com/wp-content/uploads/sites/16/2023/06/MI_Finance_Negative_Landscape_0130.jpeg"
image_neutral_thumbnail_id_1="584"
image_neutral_url_1="https://hehge.com/wp-content/uploads/sites/16/2023/06/MI_Finance_Neutral_Landscape_0015.jpeg"
image_neutral_thumbnail_id_2="523"
image_neutral_url_2="https://hehge.com/wp-content/uploads/sites/16/2023/06/MI_Finance_Neutral_Landscape_0076.jpeg"
image_positive_thumbnail_id_1="665"
image_positive_url_1="https://hehge.com/wp-content/uploads/sites/16/2023/06/MI_Finance_Positive_Landscape_0043.jpeg"
image_positive_thumbnail_id_2="690"
image_positive_url_2="https://hehge.com/wp-content/uploads/sites/16/2023/06/MI_Finance_Positive_Landscape_0018.jpeg"
image_professor_thumbnail_id_1="1182"
image_professor_url_1="https://hehge.com/wp-content/uploads/sites/16/2023/06/MI_Finance_Professor_Landscape_0016.jpeg"
image_professor_thumbnail_id_2="1184"
image_professor_url_2="https://hehge.com/wp-content/uploads/sites/16/2023/06/MI_Finance_Professor_Landscape_0018.jpeg"
