Symbol="DCO"
AssetType="Common Stock"
Name="Ducommun Incorporated"
Description="Ducommun Incorporated provides engineering and manufacturing products and services primarily to the aerospace and defense, industrial, medical and other industries in the United States. The company is headquartered in Santa Ana, California."
CIK="30305"
Exchange="NYSE"
Currency="USD"
Country="USA"
Sector="MANUFACTURING"
Industry="AIRCRAFT PARTS & AUXILIARY EQUIPMENT, NEC"
Address="23301 WILMINGTON AVE., CARSON, CA, US"
FiscalYearEnd="December"
LatestQuarter="2023-03-31"
MarketCapitalization="678065000"
EBITDA="79507000"
PERatio="21.99"
PEGRatio="3.04"
BookValue="43.2"
DividendPerShare="0"
DividendYield="0"
EPS="2.12"
RevenuePerShareTTM="60.22"
ProfitMargin="0.0355"
OperatingMarginTTM="0.0656"
ReturnOnAssetsTTM="0.0304"
ReturnOnEquityTTM="0.051"
RevenueTTM="730247000"
GrossProfitTTM="144797000"
DilutedEPSTTM="2.12"
QuarterlyEarningsGrowthYOY="-0.364"
QuarterlyRevenueGrowthYOY="0.108"
AnalystTargetPrice="63.75"
TrailingPE="21.99"
ForwardPE="7.95"
PriceToSalesRatioTTM="0.845"
PriceToBookRatio="1.171"
EVToRevenue="1.249"
EVToEBITDA="4.14"
Beta="1.332"
num_52WeekHigh="58.28"
num_52WeekLow="38.89"
num_50DayMovingAverage="45.05"
num_200DayMovingAverage="49.27"
SharesOutstanding="14544500"
DividendDate="2011-03-04"
ExDividendDate="2011-02-16"
symbol="DCO"
open="46.10"
high="46.85"
low="45.84"
price="46.62"
volume="85668.00"
latest_trading_day="2023-07-11"
previous_close="46.28"
change="0.34"
change_percent="0.7347%"
aroon_positive_momentum_days="0"
aroon_negative_momentum_days="67"
trend_strength="Absent or Weak Trend"
buying_signal="Weak Sell Signal"
volume_analysis="Target Volume"
value_analysis="Expected Range"
Aroon_change="FALSE"
Aroon_momentum="33"
Volume_recent_avg="88985"
Change_recent_avg="-0.02"
Delta_recent_avg="1.31"
Variance_recent_avg="0.65"
Change_ratio_recent_avg="-0.04"
RSI_change="FALSE"
ADX_change="FALSE"

event="FALSE"
Aroon_signal="negative"
Aroon_change="FALSE"
Aroon_momentum_positive="33"
Aroon_momentum_negative="67"
image_negative_thumbnail_id_1="500"
image_negative_url_1="https://hehge.com/wp-content/uploads/sites/16/2023/06/MI_Finance_Negative_Landscape_0105.jpeg"
image_negative_thumbnail_id_2="105"
image_negative_url_2="https://hehge.com/wp-content/uploads/sites/16/2023/05/MI_Finance_Negative_Landscape_0071.jpeg"
image_neutral_thumbnail_id_1="561"
image_neutral_url_1="https://hehge.com/wp-content/uploads/sites/16/2023/06/MI_Finance_Neutral_Landscape_0038.jpeg"
image_neutral_thumbnail_id_2="587"
image_neutral_url_2="https://hehge.com/wp-content/uploads/sites/16/2023/06/MI_Finance_Neutral_Landscape_0012.jpeg"
image_positive_thumbnail_id_1="1002"
image_positive_url_1="https://hehge.com/wp-content/uploads/sites/16/2023/06/MI_Finance_Positive_Landscape_0164.jpeg"
image_positive_thumbnail_id_2="618"
image_positive_url_2="https://hehge.com/wp-content/uploads/sites/16/2023/06/MI_Finance_Positive_Landscape_0090.jpeg"
image_professor_thumbnail_id_1="1185"
image_professor_url_1="https://hehge.com/wp-content/uploads/sites/16/2023/06/MI_Finance_Professor_Landscape_0019.jpeg"
image_professor_thumbnail_id_2="1194"
image_professor_url_2="https://hehge.com/wp-content/uploads/sites/16/2023/06/MI_Finance_Professor_Landscape_0028.jpeg"
