Symbol="NRGV"
AssetType="Common Stock"
Name="Energy Vault Holdings Inc"
Description="Energy Vault Holdings, Inc. develops and sells energy storage solutions. The company is headquartered in Westlake Village, California."
CIK="1828536"
Exchange="NYSE"
Currency="USD"
Country="USA"
Sector="MANUFACTURING"
Industry="MISCELLANEOUS ELECTRICAL MACHINERY, EQUIPMENT & SUPPLIES"
Address="8556 OAKMONT LANE, INDIANAPOLIS, IN, US"
FiscalYearEnd="December"
LatestQuarter="2023-06-30"
MarketCapitalization="418571000"
EBITDA="-118447000"
PERatio="None"
PEGRatio="None"
BookValue="1.735"
DividendPerShare="0"
DividendYield="0"
EPS="-0.85"
RevenuePerShareTTM="1.093"
ProfitMargin="-0.714"
OperatingMarginTTM="-0.786"
ReturnOnAssetsTTM="-0.209"
ReturnOnEquityTTM="-0.395"
RevenueTTM="153118000"
GrossProfitTTM="59297000"
DilutedEPSTTM="-0.85"
QuarterlyEarningsGrowthYOY="0"
QuarterlyRevenueGrowthYOY="39.61"
AnalystTargetPrice="6.75"
TrailingPE="-"
ForwardPE="-"
PriceToSalesRatioTTM="9.35"
PriceToBookRatio="1.418"
EVToRevenue="-"
EVToEBITDA="-6.34"
Beta="0.216"
num_52WeekHigh="6.72"
num_52WeekLow="1.35"
num_50DayMovingAverage="2.935"
num_200DayMovingAverage="2.903"
SharesOutstanding="142857000"
DividendDate="None"
ExDividendDate="None"
symbol="NRGV"
open="2.96"
high="3.10"
low="2.91"
price="3.03"
volume="532934.00"
latest_trading_day="2023-08-25"
previous_close="2.93"
change="0.10"
change_percent="3.4130%"
aroon_positive_momentum_days="56"
aroon_negative_momentum_days="0"
trend_strength="Absent or Weak Trend"
buying_signal="Weak Buy Signal"
volume_analysis="Target Volume"
value_analysis="Expected Range"
Aroon_change="FALSE"
Aroon_momentum="56"
Volume_recent_avg="1108914"
Change_recent_avg="0.01"
Delta_recent_avg="0.24"
Variance_recent_avg="0.12"
Change_ratio_recent_avg="0.02"
RSI_change="FALSE"
ADX_change="FALSE"

event="FALSE"
Aroon_signal="positive"
Aroon_change="FALSE"
Aroon_momentum_positive="56"
Aroon_momentum_negative="44"
image_negative_thumbnail_id_1="1115"
image_negative_url_1="https://hehge.com/wp-content/uploads/sites/16/2023/06/MI_Finance_Negative_Landscape_0148.jpeg"
image_negative_thumbnail_id_2="143"
image_negative_url_2="https://hehge.com/wp-content/uploads/sites/16/2023/05/MI_Finance_Negative_Landscape_0033.jpeg"
image_neutral_thumbnail_id_1="589"
image_neutral_url_1="https://hehge.com/wp-content/uploads/sites/16/2023/06/MI_Finance_Neutral_Landscape_0010.jpeg"
image_neutral_thumbnail_id_2="566"
image_neutral_url_2="https://hehge.com/wp-content/uploads/sites/16/2023/06/MI_Finance_Neutral_Landscape_0033.jpeg"
image_positive_thumbnail_id_1="991"
image_positive_url_1="https://hehge.com/wp-content/uploads/sites/16/2023/06/MI_Finance_Positive_Landscape_0153.jpeg"
image_positive_thumbnail_id_2="696"
image_positive_url_2="https://hehge.com/wp-content/uploads/sites/16/2023/06/MI_Finance_Positive_Landscape_0012.jpeg"
image_professor_thumbnail_id_1="1171"
image_professor_url_1="https://hehge.com/wp-content/uploads/sites/16/2023/06/MI_Finance_Professor_Landscape_0005.jpeg"
image_professor_thumbnail_id_2="1167"
image_professor_url_2="https://hehge.com/wp-content/uploads/sites/16/2023/06/MI_Finance_Professor_Landscape_0001.jpeg"
