Symbol="LI"
AssetType="Common Stock"
Name="Li Auto Inc"
Description="Li Auto Inc. designs, develops, manufactures and sells smart electric sport utility vehicles (SUVs) in China. The company is headquartered in Beijing, China."
CIK="1791706"
Exchange="NASDAQ"
Currency="USD"
Country="China"
Sector="MANUFACTURING"
Industry="MOTOR VEHICLES & PASSENGER CAR BODIES"
Address="8TH FLOOR, BLOCK D, BUILDING 8, 4TH DISTRICT OF WANGJING EAST GARDEN, BEIJING, CHINA"
FiscalYearEnd="December"
LatestQuarter="2023-06-30"
MarketCapitalization="39886160000"
EBITDA="1348400000"
PERatio="None"
PEGRatio="None"
BookValue="49.72"
DividendPerShare="0"
DividendYield="0"
EPS="-0.16"
RevenuePerShareTTM="76.11"
ProfitMargin="0.0247"
OperatingMarginTTM="-0.0031"
ReturnOnAssetsTTM="-0.0017"
ReturnOnEquityTTM="0.0406"
RevenueTTM="74431939000"
GrossProfitTTM="8790456000"
DilutedEPSTTM="-0.16"
QuarterlyEarningsGrowthYOY="-0.17"
QuarterlyRevenueGrowthYOY="2.281"
AnalystTargetPrice="52.41"
TrailingPE="-"
ForwardPE="111.11"
PriceToSalesRatioTTM="0.592"
PriceToBookRatio="3.149"
EVToRevenue="0.387"
EVToEBITDA="-15.2"
Beta="0.824"
num_52WeekHigh="47.33"
num_52WeekLow="12.52"
num_50DayMovingAverage="37.49"
num_200DayMovingAverage="26.58"
SharesOutstanding="979849000"
DividendDate="None"
ExDividendDate="None"
symbol="LI"
open="38.58"
high="39.33"
low="38.26"
price="38.83"
volume="6325894.00"
latest_trading_day="2023-08-18"
previous_close="40.82"
change="-1.99"
change_percent="-4.8751%"
aroon_positive_momentum_days="77"
aroon_negative_momentum_days="0"
trend_strength="Absent or Weak Trend"
buying_signal="Strong Buy Signal"
volume_analysis="Target Volume"
value_analysis="Expected Range"
Aroon_change="FALSE"
Aroon_momentum="77"
Volume_recent_avg="7398446"
Change_recent_avg="0.07"
Delta_recent_avg="1.1"
Variance_recent_avg="0.55"
Change_ratio_recent_avg="0.19"
RSI_change="FALSE"
ADX_change="FALSE"

event="FALSE"
Aroon_signal="positive"
Aroon_change="FALSE"
Aroon_momentum_positive="77"
Aroon_momentum_negative="23"
image_negative_thumbnail_id_1="504"
image_negative_url_1="https://hehge.com/wp-content/uploads/sites/16/2023/06/MI_Finance_Negative_Landscape_0101.jpeg"
image_negative_thumbnail_id_2="1125"
image_negative_url_2="https://hehge.com/wp-content/uploads/sites/16/2023/06/MI_Finance_Negative_Landscape_0158.jpeg"
image_neutral_thumbnail_id_1="544"
image_neutral_url_1="https://hehge.com/wp-content/uploads/sites/16/2023/06/MI_Finance_Neutral_Landscape_0055.jpeg"
image_neutral_thumbnail_id_2="545"
image_neutral_url_2="https://hehge.com/wp-content/uploads/sites/16/2023/06/MI_Finance_Neutral_Landscape_0054.jpeg"
image_positive_thumbnail_id_1="693"
image_positive_url_1="https://hehge.com/wp-content/uploads/sites/16/2023/06/MI_Finance_Positive_Landscape_0015.jpeg"
image_positive_thumbnail_id_2="988"
image_positive_url_2="https://hehge.com/wp-content/uploads/sites/16/2023/06/MI_Finance_Positive_Landscape_0150.jpeg"
image_professor_thumbnail_id_1="1198"
image_professor_url_1="https://hehge.com/wp-content/uploads/sites/16/2023/06/MI_Finance_Professor_Landscape_0032.jpeg"
image_professor_thumbnail_id_2="1200"
image_professor_url_2="https://hehge.com/wp-content/uploads/sites/16/2023/06/MI_Finance_Professor_Landscape_0034.jpeg"
