Symbol="AOSL"
AssetType="Common Stock"
Name="Alpha and Omega Semiconductor Ltd"
Description="Alpha and Omega Semiconductor Limited designs, develops and supplies power semiconductor products for computer, consumer electronics, communications and industrial applications. The company is headquartered in Sunnyvale, California."
CIK="1387467"
Exchange="NASDAQ"
Currency="USD"
Country="USA"
Sector="MANUFACTURING"
Industry="SEMICONDUCTORS & RELATED DEVICES"
Address="475 OAKMEAD PARKWAY, SUNNYVALE, CA, US"
FiscalYearEnd="June"
LatestQuarter="2023-03-31"
MarketCapitalization="837034000"
EBITDA="77407000"
PERatio="31.72"
PEGRatio="-8.49"
BookValue="31.85"
DividendPerShare="0"
DividendYield="0"
EPS="0.96"
RevenuePerShareTTM="26.35"
ProfitMargin="0.0395"
OperatingMarginTTM="0.0526"
ReturnOnAssetsTTM="0.0193"
ReturnOnEquityTTM="0.0333"
RevenueTTM="723755000"
GrossProfitTTM="268556000"
DilutedEPSTTM="0.96"
QuarterlyEarningsGrowthYOY="-0.984"
QuarterlyRevenueGrowthYOY="-0.348"
AnalystTargetPrice="30.67"
TrailingPE="31.72"
ForwardPE="8.06"
PriceToSalesRatioTTM="1.044"
PriceToBookRatio="0.987"
EVToRevenue="0.828"
EVToEBITDA="1.229"
Beta="2.51"
num_52WeekHigh="45.89"
num_52WeekLow="20.64"
num_50DayMovingAverage="29.84"
num_200DayMovingAverage="29.57"
SharesOutstanding="27488800"
DividendDate="None"
ExDividendDate="None"
symbol="AOSL"
open="30.75"
high="31.01"
low="30.23"
price="30.45"
volume="115430.00"
latest_trading_day="2023-07-26"
previous_close="31.01"
change="-0.56"
change_percent="-1.8059%"
aroon_positive_momentum_days="45"
aroon_negative_momentum_days="0"
trend_strength="Absent or Weak Trend"
buying_signal="Weak Buy Signal"
volume_analysis="Target Volume"
value_analysis="Expected Range"
Aroon_change="FALSE"
Aroon_momentum="45"
Volume_recent_avg="216844"
Change_recent_avg="0.05"
Delta_recent_avg="0.96"
Variance_recent_avg="0.48"
Change_ratio_recent_avg="0.14"
RSI_change="FALSE"
ADX_change="FALSE"

event="aroon_milestone_positive_45"
Aroon_signal="positive"
Aroon_change="FALSE"
Aroon_momentum_positive="45"
Aroon_momentum_negative="55"
image_negative_thumbnail_id_1="487"
image_negative_url_1="https://hehge.com/wp-content/uploads/sites/16/2023/06/MI_Finance_Negative_Landscape_0118.jpeg"
image_negative_thumbnail_id_2="136"
image_negative_url_2="https://hehge.com/wp-content/uploads/sites/16/2023/05/MI_Finance_Negative_Landscape_0040.jpeg"
image_neutral_thumbnail_id_1="582"
image_neutral_url_1="https://hehge.com/wp-content/uploads/sites/16/2023/06/MI_Finance_Neutral_Landscape_0017.jpeg"
image_neutral_thumbnail_id_2="592"
image_neutral_url_2="https://hehge.com/wp-content/uploads/sites/16/2023/06/MI_Finance_Neutral_Landscape_0007.jpeg"
image_positive_thumbnail_id_1="1001"
image_positive_url_1="https://hehge.com/wp-content/uploads/sites/16/2023/06/MI_Finance_Positive_Landscape_0163.jpeg"
image_positive_thumbnail_id_2="705"
image_positive_url_2="https://hehge.com/wp-content/uploads/sites/16/2023/06/MI_Finance_Positive_Landscape_0003.jpeg"
image_professor_thumbnail_id_1="1167"
image_professor_url_1="https://hehge.com/wp-content/uploads/sites/16/2023/06/MI_Finance_Professor_Landscape_0001.jpeg"
image_professor_thumbnail_id_2="1202"
image_professor_url_2="https://hehge.com/wp-content/uploads/sites/16/2023/06/MI_Finance_Professor_Landscape_0036.jpeg"
