Symbol="FARM"
AssetType="Common Stock"
Name="Farmer Bros. Co"
Description="Farmer Bros. The company is headquartered in Northlake, Texas."
CIK="34563"
Exchange="NASDAQ"
Currency="USD"
Country="USA"
Sector="MANUFACTURING"
Industry="MISCELLANEOUS FOOD PREPARATIONS & KINDRED PRODUCTS"
Address="13601 NORTH FREEWAY, SUITE 200, FORT WORTH, TX, US"
FiscalYearEnd="June"
LatestQuarter="2023-03-31"
MarketCapitalization="49843000"
EBITDA="-12332000"
PERatio="None"
PEGRatio="1.63"
BookValue="3.701"
DividendPerShare="0"
DividendYield="0"
EPS="-1.89"
RevenuePerShareTTM="26.09"
ProfitMargin="-0.0722"
OperatingMarginTTM="-0.0693"
ReturnOnAssetsTTM="-0.0635"
ReturnOnEquityTTM="-0.415"
RevenueTTM="501294000"
GrossProfitTTM="136916000"
DilutedEPSTTM="-1.89"
QuarterlyEarningsGrowthYOY="0"
QuarterlyRevenueGrowthYOY="0.041"
AnalystTargetPrice="6"
TrailingPE="-"
ForwardPE="-"
PriceToSalesRatioTTM="0.195"
PriceToBookRatio="1.011"
EVToRevenue="0.48"
EVToEBITDA="17.3"
Beta="1.688"
num_52WeekHigh="6.83"
num_52WeekLow="1.75"
num_50DayMovingAverage="2.883"
num_200DayMovingAverage="3.826"
SharesOutstanding="20098000"
DividendDate="2011-02-14"
ExDividendDate="2011-01-26"
symbol="FARM"
open="2.47"
high="2.48"
low="2.29"
price="2.35"
volume="246392.00"
latest_trading_day="2023-08-21"
previous_close="2.48"
change="-0.13"
change_percent="-5.2419%"
aroon_positive_momentum_days="33"
aroon_negative_momentum_days="0"
trend_strength="Absent or Weak Trend"
buying_signal="High Volatility / Hold Signal"
volume_analysis="Target Volume"
value_analysis="Expected Range"
Aroon_change="FALSE"
Aroon_momentum="33"
Volume_recent_avg="1323159"
Change_recent_avg="-0.03"
Delta_recent_avg="0.16"
Variance_recent_avg="0.08"
Change_ratio_recent_avg="-1.0"
RSI_change="FALSE"
ADX_change="FALSE"

event="FALSE"
Aroon_signal="positive"
Aroon_change="FALSE"
Aroon_momentum_positive="33"
Aroon_momentum_negative="67"
image_negative_thumbnail_id_1="504"
image_negative_url_1="https://hehge.com/wp-content/uploads/sites/16/2023/06/MI_Finance_Negative_Landscape_0101.jpeg"
image_negative_thumbnail_id_2="153"
image_negative_url_2="https://hehge.com/wp-content/uploads/sites/16/2023/05/MI_Finance_Negative_Landscape_0023.jpeg"
image_neutral_thumbnail_id_1="551"
image_neutral_url_1="https://hehge.com/wp-content/uploads/sites/16/2023/06/MI_Finance_Neutral_Landscape_0048.jpeg"
image_neutral_thumbnail_id_2="535"
image_neutral_url_2="https://hehge.com/wp-content/uploads/sites/16/2023/06/MI_Finance_Neutral_Landscape_0064.jpeg"
image_positive_thumbnail_id_1="672"
image_positive_url_1="https://hehge.com/wp-content/uploads/sites/16/2023/06/MI_Finance_Positive_Landscape_0036.jpeg"
image_positive_thumbnail_id_2="1000"
image_positive_url_2="https://hehge.com/wp-content/uploads/sites/16/2023/06/MI_Finance_Positive_Landscape_0162.jpeg"
image_professor_thumbnail_id_1="1174"
image_professor_url_1="https://hehge.com/wp-content/uploads/sites/16/2023/06/MI_Finance_Professor_Landscape_0008.jpeg"
image_professor_thumbnail_id_2="1193"
image_professor_url_2="https://hehge.com/wp-content/uploads/sites/16/2023/06/MI_Finance_Professor_Landscape_0027.jpeg"
