Symbol="TM"
AssetType="Common Stock"
Name="Toyota Motor Corporation ADR"
Description="Toyota Motor Corporation designs, manufactures, assembles and sells passenger cars, minivans and commercial vehicles, and related parts and accessories. The company is headquartered in Toyota, Japan."
CIK="1094517"
Exchange="NYSE"
Currency="USD"
Country="USA"
Sector="MANUFACTURING"
Industry="MOTOR VEHICLES & PASSENGER CAR BODIES"
Address="1 TOYOTA CHO TOYOTA CITY, AICHI PREFECTURE 471-8571, JAPAN, JP"
FiscalYearEnd="March"
LatestQuarter="2023-06-30"
MarketCapitalization="39465960000000"
EBITDA="4947951223000"
PERatio="13.48"
PEGRatio="3.725"
BookValue="1399.18"
DividendPerShare="60"
DividendYield="0.0298"
EPS="222.53"
RevenuePerShareTTM="1800.06"
ProfitMargin="0.0772"
OperatingMarginTTM="0.0833"
ReturnOnAssetsTTM="0.0269"
ReturnOnEquityTTM="10.49"
RevenueTTM="39210014736000"
GrossProfitTTM="5971673000000"
DilutedEPSTTM="12.67"
QuarterlyEarningsGrowthYOY="0.803"
QuarterlyRevenueGrowthYOY="0.242"
AnalystTargetPrice="177.25"
TrailingPE="12.91"
ForwardPE="8.64"
PriceToSalesRatioTTM="0.0058"
PriceToBookRatio="0.968"
EVToRevenue="0.0104"
EVToEBITDA="0.0646"
Beta="0.575"
num_52WeekHigh="175.37"
num_52WeekLow="130.07"
num_50DayMovingAverage="161.45"
num_200DayMovingAverage="145.46"
SharesOutstanding="1354820000"
DividendDate="2023-06-06"
ExDividendDate="2023-03-30"
symbol="TM"
open="162.74"
high="163.92"
low="162.00"
price="162.24"
volume="330797.00"
latest_trading_day="2023-08-16"
previous_close="165.39"
change="-3.15"
change_percent="-1.9046%"
aroon_positive_momentum_days="69"
aroon_negative_momentum_days="0"
trend_strength="Absent or Weak Trend"
buying_signal="Strong Buy Signal"
volume_analysis="Target Volume"
value_analysis="Expected Range"
Aroon_change="FALSE"
Aroon_momentum="69"
Volume_recent_avg="292886"
Change_recent_avg="0.07"
Delta_recent_avg="1.4"
Variance_recent_avg="0.7"
Change_ratio_recent_avg="0.04"
RSI_change="FALSE"
ADX_change="FALSE"

event="FALSE"
Aroon_signal="positive"
Aroon_change="FALSE"
Aroon_momentum_positive="69"
Aroon_momentum_negative="31"
image_negative_thumbnail_id_1="163"
image_negative_url_1="https://hehge.com/wp-content/uploads/sites/16/2023/05/MI_Finance_Negative_Landscape_0013.jpeg"
image_negative_thumbnail_id_2="98"
image_negative_url_2="https://hehge.com/wp-content/uploads/sites/16/2023/05/MI_Finance_Negative_Landscape_0078.jpeg"
image_neutral_thumbnail_id_1="533"
image_neutral_url_1="https://hehge.com/wp-content/uploads/sites/16/2023/06/MI_Finance_Neutral_Landscape_0066.jpeg"
image_neutral_thumbnail_id_2="529"
image_neutral_url_2="https://hehge.com/wp-content/uploads/sites/16/2023/06/MI_Finance_Neutral_Landscape_0070.jpeg"
image_positive_thumbnail_id_1="705"
image_positive_url_1="https://hehge.com/wp-content/uploads/sites/16/2023/06/MI_Finance_Positive_Landscape_0003.jpeg"
image_positive_thumbnail_id_2="954"
image_positive_url_2="https://hehge.com/wp-content/uploads/sites/16/2023/06/MI_Finance_Positive_Landscape_0116.jpeg"
image_professor_thumbnail_id_1="1171"
image_professor_url_1="https://hehge.com/wp-content/uploads/sites/16/2023/06/MI_Finance_Professor_Landscape_0005.jpeg"
image_professor_thumbnail_id_2="1169"
image_professor_url_2="https://hehge.com/wp-content/uploads/sites/16/2023/06/MI_Finance_Professor_Landscape_0003.jpeg"
