Symbol="CTXR"
AssetType="Common Stock"
Name="Citius Pharmaceuticals Inc"
Description="Citius Pharmaceuticals, Inc., a specialty pharmaceutical company, develops and markets critical care products. The company is headquartered in Cranford, New Jersey."
CIK="1506251"
Exchange="NASDAQ"
Currency="USD"
Country="USA"
Sector="MANUFACTURING"
Industry="MOTOR VEHICLE PARTS & ACCESSORIES"
Address="11 COMMERCE DRIVE, 1ST FLOOR, CRANFORD, NJ, US"
FiscalYearEnd="September"
LatestQuarter="2023-03-31"
MarketCapitalization="189041000"
EBITDA="-34398480"
PERatio="None"
PEGRatio="0"
BookValue="0.623"
DividendPerShare="0"
DividendYield="0"
EPS="-0.22"
RevenuePerShareTTM="0"
ProfitMargin="0"
OperatingMarginTTM="0"
ReturnOnAssetsTTM="-0.185"
ReturnOnEquityTTM="-0.295"
RevenueTTM="0"
GrossProfitTTM="0"
DilutedEPSTTM="-0.22"
QuarterlyEarningsGrowthYOY="0"
QuarterlyRevenueGrowthYOY="0"
AnalystTargetPrice="6"
TrailingPE="-"
ForwardPE="1.289"
PriceToSalesRatioTTM="-"
PriceToBookRatio="1.505"
EVToRevenue="-"
EVToEBITDA="-3.871"
Beta="1.361"
num_52WeekHigh="1.71"
num_52WeekLow="0.77"
num_50DayMovingAverage="1.23"
num_200DayMovingAverage="1.188"
SharesOutstanding="158858000"
DividendDate="2017-06-09"
ExDividendDate="None"
symbol="CTXR"
open="1.20"
high="1.24"
low="1.18"
price="1.19"
volume="627282.00"
latest_trading_day="2023-07-14"
previous_close="1.21"
change="-0.02"
change_percent="-1.6529%"
aroon_positive_momentum_days="0"
aroon_negative_momentum_days="13"
trend_strength="Absent or Weak Trend"
buying_signal="Weak Sell Signal"
volume_analysis="Target Volume"
value_analysis="Expected Range"
Aroon_change="FALSE"
Aroon_momentum="87"
Volume_recent_avg="1470120"
Change_recent_avg="0.01"
Delta_recent_avg="0.09"
Variance_recent_avg="0.05"
Change_ratio_recent_avg="-0.08"
RSI_change="FALSE"
ADX_change="FALSE"

event="FALSE"
Aroon_signal="negative"
Aroon_change="FALSE"
Aroon_momentum_positive="87"
Aroon_momentum_negative="13"
image_negative_thumbnail_id_1="516"
image_negative_url_1="https://hehge.com/wp-content/uploads/sites/16/2023/06/MI_Finance_Negative_Landscape_0089.jpeg"
image_negative_thumbnail_id_2="96"
image_negative_url_2="https://hehge.com/wp-content/uploads/sites/16/2023/05/MI_Finance_Negative_Landscape_0080.jpeg"
image_neutral_thumbnail_id_1="556"
image_neutral_url_1="https://hehge.com/wp-content/uploads/sites/16/2023/06/MI_Finance_Neutral_Landscape_0043.jpeg"
image_neutral_thumbnail_id_2="526"
image_neutral_url_2="https://hehge.com/wp-content/uploads/sites/16/2023/06/MI_Finance_Neutral_Landscape_0073.jpeg"
image_positive_thumbnail_id_1="605"
image_positive_url_1="https://hehge.com/wp-content/uploads/sites/16/2023/06/MI_Finance_Positive_Landscape_0103.jpeg"
image_positive_thumbnail_id_2="696"
image_positive_url_2="https://hehge.com/wp-content/uploads/sites/16/2023/06/MI_Finance_Positive_Landscape_0012.jpeg"
image_professor_thumbnail_id_1="1180"
image_professor_url_1="https://hehge.com/wp-content/uploads/sites/16/2023/06/MI_Finance_Professor_Landscape_0014.jpeg"
image_professor_thumbnail_id_2="1177"
image_professor_url_2="https://hehge.com/wp-content/uploads/sites/16/2023/06/MI_Finance_Professor_Landscape_0011.jpeg"
