Symbol="DOOR"
AssetType="Common Stock"
Name="Masonite International Corp"
Description="Masonite International Corporation designs, manufactures, markets and distributes interior and exterior doors for the new construction and repair, renovation and remodeling sectors of the residential and non-residential building construction markets globally. The company is headquartered in Tampa, Florida."
CIK="893691"
Exchange="NYSE"
Currency="USD"
Country="USA"
Sector="MANUFACTURING"
Industry="MILLWOOD, VENEER, PLYWOOD, & STRUCTURAL WOOD MEMBERS"
Address="1242 EAST 5TH AVENUE, TAMPA, FL, US"
FiscalYearEnd="December"
LatestQuarter="2023-06-30"
MarketCapitalization="2183177000"
EBITDA="396656000"
PERatio="12.95"
PEGRatio="0.4"
BookValue="37.24"
DividendPerShare="0"
DividendYield="0"
EPS="7.66"
RevenuePerShareTTM="129.38"
ProfitMargin="0.0609"
OperatingMarginTTM="0.102"
ReturnOnAssetsTTM="0.0747"
ReturnOnEquityTTM="0.239"
RevenueTTM="2871464000"
GrossProfitTTM="673895000"
DilutedEPSTTM="7.66"
QuarterlyEarningsGrowthYOY="-0.163"
QuarterlyRevenueGrowthYOY="-0.026"
AnalystTargetPrice="122.13"
TrailingPE="12.95"
ForwardPE="7.88"
PriceToSalesRatioTTM="0.593"
PriceToBookRatio="2.391"
EVToRevenue="0.853"
EVToEBITDA="6.89"
Beta="1.754"
num_52WeekHigh="109.58"
num_52WeekLow="65.71"
num_50DayMovingAverage="102.48"
num_200DayMovingAverage="90.38"
SharesOutstanding="22003400"
DividendDate="None"
ExDividendDate="None"
symbol="DOOR"
open="99.74"
high="101.59"
low="98.88"
price="99.99"
volume="124053.00"
latest_trading_day="2023-08-28"
previous_close="99.22"
change="0.77"
change_percent="0.7761%"
aroon_positive_momentum_days="77"
aroon_negative_momentum_days="0"
trend_strength="Absent or Weak Trend"
buying_signal="Strong Buy Signal"
volume_analysis="Target Volume"
value_analysis="Expected Range"
Aroon_change="FALSE"
Aroon_momentum="77"
Volume_recent_avg="116409"
Change_recent_avg="0.07"
Delta_recent_avg="2.67"
Variance_recent_avg="1.33"
Change_ratio_recent_avg="0.06"
RSI_change="FALSE"
ADX_change="FALSE"

event="FALSE"
Aroon_signal="positive"
Aroon_change="FALSE"
Aroon_momentum_positive="77"
Aroon_momentum_negative="23"
image_negative_thumbnail_id_1="1124"
image_negative_url_1="https://hehge.com/wp-content/uploads/sites/16/2023/06/MI_Finance_Negative_Landscape_0157.jpeg"
image_negative_thumbnail_id_2="1100"
image_negative_url_2="https://hehge.com/wp-content/uploads/sites/16/2023/06/MI_Finance_Negative_Landscape_0133.jpeg"
image_neutral_thumbnail_id_1="535"
image_neutral_url_1="https://hehge.com/wp-content/uploads/sites/16/2023/06/MI_Finance_Neutral_Landscape_0064.jpeg"
image_neutral_thumbnail_id_2="554"
image_neutral_url_2="https://hehge.com/wp-content/uploads/sites/16/2023/06/MI_Finance_Neutral_Landscape_0045.jpeg"
image_positive_thumbnail_id_1="964"
image_positive_url_1="https://hehge.com/wp-content/uploads/sites/16/2023/06/MI_Finance_Positive_Landscape_0126.jpeg"
image_positive_thumbnail_id_2="1000"
image_positive_url_2="https://hehge.com/wp-content/uploads/sites/16/2023/06/MI_Finance_Positive_Landscape_0162.jpeg"
image_professor_thumbnail_id_1="1174"
image_professor_url_1="https://hehge.com/wp-content/uploads/sites/16/2023/06/MI_Finance_Professor_Landscape_0008.jpeg"
image_professor_thumbnail_id_2="1175"
image_professor_url_2="https://hehge.com/wp-content/uploads/sites/16/2023/06/MI_Finance_Professor_Landscape_0009.jpeg"
