Symbol="JJSF"
AssetType="Common Stock"
Name="J & J Snack Foods Corp"
Description="J & J Snack Foods Corp. The company is headquartered in Pennsauken, New Jersey."
CIK="785956"
Exchange="NASDAQ"
Currency="USD"
Country="USA"
Sector="MANUFACTURING"
Industry="COOKIES & CRACKERS"
Address="6000 CENTRAL HIGHWAY, PENNSAUKEN, NJ, US"
FiscalYearEnd="September"
LatestQuarter="2023-03-31"
MarketCapitalization="3043981000"
EBITDA="125190000"
PERatio="65.88"
PEGRatio="5.25"
BookValue="44.58"
DividendPerShare="2.733"
DividendYield="0.0176"
EPS="2.4"
RevenuePerShareTTM="76.52"
ProfitMargin="0.0316"
OperatingMarginTTM="0.0452"
ReturnOnAssetsTTM="0.0354"
ReturnOnEquityTTM="0.0543"
RevenueTTM="1469850000"
GrossProfitTTM="369642000"
DilutedEPSTTM="2.4"
QuarterlyEarningsGrowthYOY="1.101"
QuarterlyRevenueGrowthYOY="0.2"
AnalystTargetPrice="165.75"
TrailingPE="65.88"
ForwardPE="28.99"
PriceToSalesRatioTTM="2.133"
PriceToBookRatio="3.475"
EVToRevenue="2.225"
EVToEBITDA="26.5"
Beta="0.559"
num_52WeekHigh="164.64"
num_52WeekLow="126.01"
num_50DayMovingAverage="156.98"
num_200DayMovingAverage="150.97"
SharesOutstanding="19252300"
DividendDate="2023-07-11"
ExDividendDate="2023-06-16"
symbol="JJSF"
open="157.97"
high="161.09"
low="157.97"
price="160.32"
volume="100452.00"
latest_trading_day="2023-07-31"
previous_close="158.11"
change="2.21"
change_percent="1.3978%"
aroon_positive_momentum_days="74"
aroon_negative_momentum_days="0"
trend_strength="Absent or Weak Trend"
buying_signal="Weak Buy Signal"
volume_analysis="Target Volume"
value_analysis="Expected Range"
Aroon_change="FALSE"
Aroon_momentum="74"
Volume_recent_avg="68466"
Change_recent_avg="0.3"
Delta_recent_avg="2.92"
Variance_recent_avg="1.46"
Change_ratio_recent_avg="0.19"
RSI_change="FALSE"
ADX_change="FALSE"

event="FALSE"
Aroon_signal="positive"
Aroon_change="FALSE"
Aroon_momentum_positive="74"
Aroon_momentum_negative="26"
image_negative_thumbnail_id_1="1090"
image_negative_url_1="https://hehge.com/wp-content/uploads/sites/16/2023/06/MI_Finance_Negative_Landscape_0123.jpeg"
image_negative_thumbnail_id_2="136"
image_negative_url_2="https://hehge.com/wp-content/uploads/sites/16/2023/05/MI_Finance_Negative_Landscape_0040.jpeg"
image_neutral_thumbnail_id_1="531"
image_neutral_url_1="https://hehge.com/wp-content/uploads/sites/16/2023/06/MI_Finance_Neutral_Landscape_0068.jpeg"
image_neutral_thumbnail_id_2="588"
image_neutral_url_2="https://hehge.com/wp-content/uploads/sites/16/2023/06/MI_Finance_Neutral_Landscape_0011.jpeg"
image_positive_thumbnail_id_1="643"
image_positive_url_1="https://hehge.com/wp-content/uploads/sites/16/2023/06/MI_Finance_Positive_Landscape_0065.jpeg"
image_positive_thumbnail_id_2="1009"
image_positive_url_2="https://hehge.com/wp-content/uploads/sites/16/2023/06/MI_Finance_Positive_Landscape_0171.jpeg"
image_professor_thumbnail_id_1="1178"
image_professor_url_1="https://hehge.com/wp-content/uploads/sites/16/2023/06/MI_Finance_Professor_Landscape_0012.jpeg"
image_professor_thumbnail_id_2="1176"
image_professor_url_2="https://hehge.com/wp-content/uploads/sites/16/2023/06/MI_Finance_Professor_Landscape_0010.jpeg"
