Symbol="GSM"
AssetType="Common Stock"
Name="Ferroglobe PLC"
Description="Ferroglobe PLC operates in the silicon and specialty metals industry in the United States, Europe, and internationally. The company is headquartered in London, the United Kingdom."
CIK="1639877"
Exchange="NASDAQ"
Currency="USD"
Country="USA"
Sector="MANUFACTURING"
Industry="PRIMARY SMELTING & REFINING OF NONFERROUS METALS"
Address="LEGALINX LTD, ONE FETTER LANE, LONDON, GB"
FiscalYearEnd="December"
LatestQuarter="2023-03-31"
MarketCapitalization="967159000"
EBITDA="624407000"
PERatio="3.127"
PEGRatio="9.51"
BookValue="3.505"
DividendPerShare="0"
DividendYield="0"
EPS="1.65"
RevenuePerShareTTM="12.15"
ProfitMargin="0.136"
OperatingMarginTTM="0.241"
ReturnOnAssetsTTM="0.183"
ReturnOnEquityTTM="0.562"
RevenueTTM="2283519000"
GrossProfitTTM="1312830000"
DilutedEPSTTM="1.65"
QuarterlyEarningsGrowthYOY="-0.863"
QuarterlyRevenueGrowthYOY="-0.44"
AnalystTargetPrice="12.5"
TrailingPE="3.127"
ForwardPE="5.21"
PriceToSalesRatioTTM="0.259"
PriceToBookRatio="1.232"
EVToRevenue="0.339"
EVToEBITDA="1.364"
Beta="2.226"
num_52WeekHigh="7.69"
num_52WeekLow="3.64"
num_50DayMovingAverage="4.888"
num_200DayMovingAverage="4.722"
SharesOutstanding="187434000"
DividendDate="2018-09-20"
ExDividendDate="2018-09-04"
symbol="GSM"
open="5.17"
high="5.18"
low="4.95"
price="4.97"
volume="911656.00"
latest_trading_day="2023-07-27"
previous_close="5.16"
change="-0.19"
change_percent="-3.6822%"
aroon_positive_momentum_days="61"
aroon_negative_momentum_days="0"
trend_strength="Absent or Weak Trend"
buying_signal="Weak Buy Signal"
volume_analysis="Target Volume"
value_analysis="Expected Range"
Aroon_change="FALSE"
Aroon_momentum="61"
Volume_recent_avg="980562"
Change_recent_avg="-0.01"
Delta_recent_avg="0.2"
Variance_recent_avg="0.1"
Change_ratio_recent_avg="-0.21"
RSI_change="FALSE"
ADX_change="FALSE"

event="FALSE"
Aroon_signal="positive"
Aroon_change="FALSE"
Aroon_momentum_positive="61"
Aroon_momentum_negative="39"
image_negative_thumbnail_id_1="1158"
image_negative_url_1="https://hehge.com/wp-content/uploads/sites/16/2023/06/MI_Finance_Negative_Landscape_0192.jpeg"
image_negative_thumbnail_id_2="508"
image_negative_url_2="https://hehge.com/wp-content/uploads/sites/16/2023/06/MI_Finance_Negative_Landscape_0097.jpeg"
image_neutral_thumbnail_id_1="529"
image_neutral_url_1="https://hehge.com/wp-content/uploads/sites/16/2023/06/MI_Finance_Neutral_Landscape_0070.jpeg"
image_neutral_thumbnail_id_2="550"
image_neutral_url_2="https://hehge.com/wp-content/uploads/sites/16/2023/06/MI_Finance_Neutral_Landscape_0049.jpeg"
image_positive_thumbnail_id_1="1005"
image_positive_url_1="https://hehge.com/wp-content/uploads/sites/16/2023/06/MI_Finance_Positive_Landscape_0167.jpeg"
image_positive_thumbnail_id_2="635"
image_positive_url_2="https://hehge.com/wp-content/uploads/sites/16/2023/06/MI_Finance_Positive_Landscape_0073.jpeg"
image_professor_thumbnail_id_1="1202"
image_professor_url_1="https://hehge.com/wp-content/uploads/sites/16/2023/06/MI_Finance_Professor_Landscape_0036.jpeg"
image_professor_thumbnail_id_2="1196"
image_professor_url_2="https://hehge.com/wp-content/uploads/sites/16/2023/06/MI_Finance_Professor_Landscape_0030.jpeg"
