Symbol="AMBA"
AssetType="Common Stock"
Name="Ambarella Inc"
Description="Ambarella, Inc. develops semiconductor video solutions that enable high definition (HD) and ultra HD compression, image processing, and deep neural network processing globally. The company is headquartered in Santa Clara, California."
CIK="1280263"
Exchange="NASDAQ"
Currency="USD"
Country="USA"
Sector="MANUFACTURING"
Industry="SEMICONDUCTORS & RELATED DEVICES"
Address="3101 JAY STREET, SANTA CLARA, CA, US"
FiscalYearEnd="January"
LatestQuarter="2023-04-30"
MarketCapitalization="3175881000"
EBITDA="-84370000"
PERatio="None"
PEGRatio="4.965"
BookValue="15.31"
DividendPerShare="0"
DividendYield="0"
EPS="-2.33"
RevenuePerShareTTM="7.98"
ProfitMargin="-0.292"
OperatingMarginTTM="-0.321"
ReturnOnAssetsTTM="-0.0904"
ReturnOnEquityTTM="-0.153"
RevenueTTM="309443000"
GrossProfitTTM="211962000"
DilutedEPSTTM="-2.33"
QuarterlyEarningsGrowthYOY="0"
QuarterlyRevenueGrowthYOY="-0.312"
AnalystTargetPrice="92.44"
TrailingPE="-"
ForwardPE="57.47"
PriceToSalesRatioTTM="9.55"
PriceToBookRatio="5.1"
EVToRevenue="8.15"
EVToEBITDA="-64.06"
Beta="1.508"
num_52WeekHigh="99.86"
num_52WeekLow="49.02"
num_50DayMovingAverage="78.66"
num_200DayMovingAverage="75.63"
SharesOutstanding="39602400"
DividendDate="None"
ExDividendDate="None"
symbol="AMBA"
open="80.85"
high="81.64"
low="78.94"
price="79.05"
volume="434099.00"
latest_trading_day="2023-07-21"
previous_close="79.81"
change="-0.76"
change_percent="-0.9523%"
aroon_positive_momentum_days="41"
aroon_negative_momentum_days="0"
trend_strength="Absent or Weak Trend"
buying_signal="Weak Buy Signal"
volume_analysis="Target Volume"
value_analysis="Expected Range"
Aroon_change="FALSE"
Aroon_momentum="41"
Volume_recent_avg="540283"
Change_recent_avg="0.05"
Delta_recent_avg="2.73"
Variance_recent_avg="1.37"
Change_ratio_recent_avg="0.06"
RSI_change="FALSE"
ADX_change="FALSE"

event="FALSE"
Aroon_signal="positive"
Aroon_change="FALSE"
Aroon_momentum_positive="41"
Aroon_momentum_negative="59"
image_negative_thumbnail_id_1="1124"
image_negative_url_1="https://hehge.com/wp-content/uploads/sites/16/2023/06/MI_Finance_Negative_Landscape_0157.jpeg"
image_negative_thumbnail_id_2="101"
image_negative_url_2="https://hehge.com/wp-content/uploads/sites/16/2023/05/MI_Finance_Negative_Landscape_0075.jpeg"
image_neutral_thumbnail_id_1="535"
image_neutral_url_1="https://hehge.com/wp-content/uploads/sites/16/2023/06/MI_Finance_Neutral_Landscape_0064.jpeg"
image_neutral_thumbnail_id_2="570"
image_neutral_url_2="https://hehge.com/wp-content/uploads/sites/16/2023/06/MI_Finance_Neutral_Landscape_0029.jpeg"
image_positive_thumbnail_id_1="1014"
image_positive_url_1="https://hehge.com/wp-content/uploads/sites/16/2023/06/MI_Finance_Positive_Landscape_0176.jpeg"
image_positive_thumbnail_id_2="978"
image_positive_url_2="https://hehge.com/wp-content/uploads/sites/16/2023/06/MI_Finance_Positive_Landscape_0140.jpeg"
image_professor_thumbnail_id_1="1182"
image_professor_url_1="https://hehge.com/wp-content/uploads/sites/16/2023/06/MI_Finance_Professor_Landscape_0016.jpeg"
image_professor_thumbnail_id_2="1173"
image_professor_url_2="https://hehge.com/wp-content/uploads/sites/16/2023/06/MI_Finance_Professor_Landscape_0007.jpeg"
