Symbol="MAS"
AssetType="Common Stock"
Name="Masco Corporation"
Description="Masco Corporation is a manufacturer of products for the home improvement and new home construction markets."
CIK="62996"
Exchange="NYSE"
Currency="USD"
Country="USA"
Sector="MANUFACTURING"
Industry="MILLWOOD, VENEER, PLYWOOD, & STRUCTURAL WOOD MEMBERS"
Address="21001 VAN BORN RD, TAYLOR, MI, US"
FiscalYearEnd="December"
LatestQuarter="2023-06-30"
MarketCapitalization="13344860000"
EBITDA="1445000000"
PERatio="15.85"
PEGRatio="1.778"
BookValue="-0.854"
DividendPerShare="1.135"
DividendYield="0.0188"
EPS="3.534"
RevenuePerShareTTM="36.35"
ProfitMargin="0.0973"
OperatingMarginTTM="0.158"
ReturnOnAssetsTTM="0.151"
ReturnOnEquityTTM="0"
RevenueTTM="8233000000"
GrossProfitTTM="2745000000"
DilutedEPSTTM="3.56"
QuarterlyEarningsGrowthYOY="-0.017"
QuarterlyRevenueGrowthYOY="-0.096"
AnalystTargetPrice="66.09"
TrailingPE="16.67"
ForwardPE="13.51"
PriceToSalesRatioTTM="1.247"
PriceToBookRatio="259.51"
EVToRevenue="1.646"
EVToEBITDA="10.84"
Beta="1.225"
num_52WeekHigh="63.55"
num_52WeekLow="41.41"
num_50DayMovingAverage="57.08"
num_200DayMovingAverage="52.02"
SharesOutstanding="225089000"
DividendDate="2023-08-28"
ExDividendDate="2023-08-10"
symbol="MAS"
open="58.79"
high="59.19"
low="58.52"
price="58.62"
volume="944878.00"
latest_trading_day="2023-08-11"
previous_close="58.81"
change="-0.19"
change_percent="-0.3231%"
aroon_positive_momentum_days="70"
aroon_negative_momentum_days="0"
trend_strength="Absent or Weak Trend"
buying_signal="Weak Buy Signal"
volume_analysis="Target Volume"
value_analysis="Expected Range"
Aroon_change="FALSE"
Aroon_momentum="70"
Volume_recent_avg="1861991"
Change_recent_avg="-0.01"
Delta_recent_avg="1.19"
Variance_recent_avg="0.6"
Change_ratio_recent_avg="-0.03"
RSI_change="FALSE"
ADX_change="FALSE"

event="aroon_milestone_positive_60"
Aroon_signal="positive"
Aroon_change="FALSE"
Aroon_momentum_positive="70"
Aroon_momentum_negative="30"
image_negative_thumbnail_id_1="139"
image_negative_url_1="https://hehge.com/wp-content/uploads/sites/16/2023/05/MI_Finance_Negative_Landscape_0037.jpeg"
image_negative_thumbnail_id_2="147"
image_negative_url_2="https://hehge.com/wp-content/uploads/sites/16/2023/05/MI_Finance_Negative_Landscape_0029.jpeg"
image_neutral_thumbnail_id_1="547"
image_neutral_url_1="https://hehge.com/wp-content/uploads/sites/16/2023/06/MI_Finance_Neutral_Landscape_0052.jpeg"
image_neutral_thumbnail_id_2="591"
image_neutral_url_2="https://hehge.com/wp-content/uploads/sites/16/2023/06/MI_Finance_Neutral_Landscape_0008.jpeg"
image_positive_thumbnail_id_1="970"
image_positive_url_1="https://hehge.com/wp-content/uploads/sites/16/2023/06/MI_Finance_Positive_Landscape_0132.jpeg"
image_positive_thumbnail_id_2="618"
image_positive_url_2="https://hehge.com/wp-content/uploads/sites/16/2023/06/MI_Finance_Positive_Landscape_0090.jpeg"
image_professor_thumbnail_id_1="1192"
image_professor_url_1="https://hehge.com/wp-content/uploads/sites/16/2023/06/MI_Finance_Professor_Landscape_0026.jpeg"
image_professor_thumbnail_id_2="1202"
image_professor_url_2="https://hehge.com/wp-content/uploads/sites/16/2023/06/MI_Finance_Professor_Landscape_0036.jpeg"
