Symbol="AXR"
AssetType="Common Stock"
Name="AMREP Corporation"
Description="AMREP Corporation is primarily engaged in the real estate business. The company is headquartered in Plymouth Meeting, Pennsylvania."
CIK="6207"
Exchange="NYSE"
Currency="USD"
Country="USA"
Sector="MANUFACTURING"
Industry="PERIODICALS: PUBLISHING OR PUBLISHING & PRINTING"
Address="620 WEST GERMANTOWN PIKE, SUITE 175, PLYMOUTH MEETING, PA, US"
FiscalYearEnd="April"
LatestQuarter="2023-04-30"
MarketCapitalization="89333000"
EBITDA="13490000"
PERatio="2.982"
PEGRatio="0"
BookValue="21.23"
DividendPerShare="0"
DividendYield="0"
EPS="5.7"
RevenuePerShareTTM="9.21"
ProfitMargin="0.448"
OperatingMarginTTM="0.276"
ReturnOnAssetsTTM="0.0796"
ReturnOnEquityTTM="0.224"
RevenueTTM="48676000"
GrossProfitTTM="26657000"
DilutedEPSTTM="5.7"
QuarterlyEarningsGrowthYOY="25"
QuarterlyRevenueGrowthYOY="-0.46"
AnalystTargetPrice="2.46"
TrailingPE="2.982"
ForwardPE="-"
PriceToSalesRatioTTM="0.937"
PriceToBookRatio="0.656"
EVToRevenue="0.723"
EVToEBITDA="2.058"
Beta="1.014"
num_52WeekHigh="19.97"
num_52WeekLow="10.26"
num_50DayMovingAverage="17.33"
num_200DayMovingAverage="13.96"
SharesOutstanding="5254900"
DividendDate="None"
ExDividendDate="2007-08-08"
symbol="AXR"
open="17.07"
high="17.31"
low="16.66"
price="16.66"
volume="3035.00"
latest_trading_day="2023-08-10"
previous_close="17.00"
change="-0.34"
change_percent="-2.0000%"
aroon_positive_momentum_days="100"
aroon_negative_momentum_days="0"
trend_strength="Absent or Weak Trend"
buying_signal="Strong Buy Signal"
volume_analysis="Target Volume"
value_analysis="Expected Range"
Aroon_change="FALSE"
Aroon_momentum="100"
Volume_recent_avg="9108"
Change_recent_avg="0.01"
Delta_recent_avg="0.58"
Variance_recent_avg="0.29"
Change_ratio_recent_avg="-0.05"
RSI_change="FALSE"
ADX_change="FALSE"
Aroon_signal="positive"
Aroon_change="FALSE"
Aroon_momentum_positive="100"
Aroon_momentum_negative="0"
image_negative_thumbnail_id_1="109"
image_negative_url_1="https://hehge.com/wp-content/uploads/sites/16/2023/05/MI_Finance_Negative_Landscape_0067.jpeg"
image_negative_thumbnail_id_2="1135"
image_negative_url_2="https://hehge.com/wp-content/uploads/sites/16/2023/06/MI_Finance_Negative_Landscape_0168.jpeg"
image_neutral_thumbnail_id_1="558"
image_neutral_url_1="https://hehge.com/wp-content/uploads/sites/16/2023/06/MI_Finance_Neutral_Landscape_0041.jpeg"
image_neutral_thumbnail_id_2="567"
image_neutral_url_2="https://hehge.com/wp-content/uploads/sites/16/2023/06/MI_Finance_Neutral_Landscape_0032.jpeg"
image_positive_thumbnail_id_1="622"
image_positive_url_1="https://hehge.com/wp-content/uploads/sites/16/2023/06/MI_Finance_Positive_Landscape_0086.jpeg"
image_positive_thumbnail_id_2="951"
image_positive_url_2="https://hehge.com/wp-content/uploads/sites/16/2023/06/MI_Finance_Positive_Landscape_0113.jpeg"
image_professor_thumbnail_id_1="1200"
image_professor_url_1="https://hehge.com/wp-content/uploads/sites/16/2023/06/MI_Finance_Professor_Landscape_0034.jpeg"
image_professor_thumbnail_id_2="1187"
image_professor_url_2="https://hehge.com/wp-content/uploads/sites/16/2023/06/MI_Finance_Professor_Landscape_0021.jpeg"
