Symbol="BYND"
AssetType="Common Stock"
Name="Beyond Meat Inc"
Description="Beyond Meat, Inc., a food company, manufactures, markets, and sells plant-based meat products in the United States and internationally. The company is headquartered in El Segundo, California."
CIK="1655210"
Exchange="NASDAQ"
Currency="USD"
Country="USA"
Sector="MANUFACTURING"
Industry="FOOD AND KINDRED PRODUCTS"
Address="119 STANDARD STREET, EL SEGUNDO, CA, US"
FiscalYearEnd="December"
LatestQuarter="2023-03-31"
MarketCapitalization="949271000"
EBITDA="-257516992"
PERatio="None"
PEGRatio="5.75"
BookValue="-3.946"
DividendPerShare="0"
DividendYield="0"
EPS="-5.59"
RevenuePerShareTTM="6.3"
ProfitMargin="-0.808"
OperatingMarginTTM="-0.72"
ReturnOnAssetsTTM="-0.158"
ReturnOnEquityTTM="-11.67"
RevenueTTM="401714000"
GrossProfitTTM="-23743000"
DilutedEPSTTM="-5.59"
QuarterlyEarningsGrowthYOY="0"
QuarterlyRevenueGrowthYOY="-0.157"
AnalystTargetPrice="10.27"
TrailingPE="-"
ForwardPE="666.67"
PriceToSalesRatioTTM="2.12"
PriceToBookRatio="59.32"
EVToRevenue="3.992"
EVToEBITDA="-5.27"
Beta="2.084"
num_52WeekHigh="44.59"
num_52WeekLow="9.81"
num_50DayMovingAverage="12.09"
num_200DayMovingAverage="14.39"
SharesOutstanding="64227000"
DividendDate="None"
ExDividendDate="None"
symbol="BYND"
open="13.79"
high="15.09"
low="13.56"
price="14.78"
volume="4686819.00"
latest_trading_day="2023-07-07"
previous_close="13.63"
change="1.15"
change_percent="8.4373%"
aroon_positive_momentum_days="0"
aroon_negative_momentum_days="55"
trend_strength="Absent or Weak Trend"
buying_signal="Weak Sell Signal"
volume_analysis="Target Volume"
value_analysis="Expected Range"
Aroon_change="FALSE"
Aroon_momentum="45"
Volume_recent_avg="2732586"
Change_recent_avg="-0.01"
Delta_recent_avg="0.96"
Variance_recent_avg="0.48"
Change_ratio_recent_avg="-0.18"
RSI_change="FALSE"
ADX_change="FALSE"

event="FALSE"
Aroon_signal="negative"
Aroon_change="FALSE"
Aroon_momentum_positive="45"
Aroon_momentum_negative="55"
image_negative_thumbnail_id_1="173"
image_negative_url_1="https://hehge.com/wp-content/uploads/sites/16/2023/05/MI_Finance_Negative_Landscape_0003.jpeg"
image_negative_thumbnail_id_2="147"
image_negative_url_2="https://hehge.com/wp-content/uploads/sites/16/2023/05/MI_Finance_Negative_Landscape_0029.jpeg"
image_neutral_thumbnail_id_1="533"
image_neutral_url_1="https://hehge.com/wp-content/uploads/sites/16/2023/06/MI_Finance_Neutral_Landscape_0066.jpeg"
image_neutral_thumbnail_id_2="538"
image_neutral_url_2="https://hehge.com/wp-content/uploads/sites/16/2023/06/MI_Finance_Neutral_Landscape_0061.jpeg"
image_positive_thumbnail_id_1="995"
image_positive_url_1="https://hehge.com/wp-content/uploads/sites/16/2023/06/MI_Finance_Positive_Landscape_0157.jpeg"
image_positive_thumbnail_id_2="1010"
image_positive_url_2="https://hehge.com/wp-content/uploads/sites/16/2023/06/MI_Finance_Positive_Landscape_0172.jpeg"
image_professor_thumbnail_id_1="1186"
image_professor_url_1="https://hehge.com/wp-content/uploads/sites/16/2023/06/MI_Finance_Professor_Landscape_0020.jpeg"
image_professor_thumbnail_id_2="1177"
image_professor_url_2="https://hehge.com/wp-content/uploads/sites/16/2023/06/MI_Finance_Professor_Landscape_0011.jpeg"
