Symbol="DIOD"
AssetType="Common Stock"
Name="Diodes Incorporated"
Description="Diodes Incorporated designs, manufactures and supplies standard products for specific applications in the discrete, logic, analog and mixed-signal semiconductor markets worldwide. The company is headquartered in Plano, Texas."
CIK="29002"
Exchange="NASDAQ"
Currency="USD"
Country="USA"
Sector="MANUFACTURING"
Industry="SEMICONDUCTORS & RELATED DEVICES"
Address="4949 HEDGCOXE ROAD, SUITE 200, PLANO, TX, US"
FiscalYearEnd="December"
LatestQuarter="2023-06-30"
MarketCapitalization="3737626000"
EBITDA="517506000"
PERatio="11.37"
PEGRatio="0.88"
BookValue="36.34"
DividendPerShare="0"
DividendYield="0"
EPS="7.19"
RevenuePerShareTTM="42.83"
ProfitMargin="0.17"
OperatingMarginTTM="0.196"
ReturnOnAssetsTTM="0.103"
ReturnOnEquityTTM="0.215"
RevenueTTM="1951878000"
GrossProfitTTM="827237000"
DilutedEPSTTM="7.19"
QuarterlyEarningsGrowthYOY="0.011"
QuarterlyRevenueGrowthYOY="-0.068"
AnalystTargetPrice="97.8"
TrailingPE="11.37"
ForwardPE="11.26"
PriceToSalesRatioTTM="1.879"
PriceToBookRatio="2.807"
EVToRevenue="1.929"
EVToEBITDA="7.08"
Beta="1.43"
num_52WeekHigh="97.45"
num_52WeekLow="61.51"
num_50DayMovingAverage="89.48"
num_200DayMovingAverage="87.42"
SharesOutstanding="45720200"
DividendDate="None"
ExDividendDate="None"
symbol="DIOD"
open="81.80"
high="83.58"
low="81.23"
price="81.68"
volume="269548.00"
latest_trading_day="2023-08-21"
previous_close="81.75"
change="-0.07"
change_percent="-0.0856%"
aroon_positive_momentum_days="0"
aroon_negative_momentum_days="38"
trend_strength="Absent or Weak Trend"
buying_signal="Strong Sell Signal"
volume_analysis="Target Volume"
value_analysis="Expected Range"
Aroon_change="FALSE"
Aroon_momentum="62"
Volume_recent_avg="236545"
Change_recent_avg="0.01"
Delta_recent_avg="2.56"
Variance_recent_avg="1.28"
Change_ratio_recent_avg="0.01"
RSI_change="FALSE"
ADX_change="FALSE"

event="aroon_milestone_negative_10"
Aroon_signal="negative"
Aroon_change="FALSE"
Aroon_momentum_positive="62"
Aroon_momentum_negative="38"
image_negative_thumbnail_id_1="517"
image_negative_url_1="https://hehge.com/wp-content/uploads/sites/16/2023/06/MI_Finance_Negative_Landscape_0088.jpeg"
image_negative_thumbnail_id_2="164"
image_negative_url_2="https://hehge.com/wp-content/uploads/sites/16/2023/05/MI_Finance_Negative_Landscape_0012.jpeg"
image_neutral_thumbnail_id_1="570"
image_neutral_url_1="https://hehge.com/wp-content/uploads/sites/16/2023/06/MI_Finance_Neutral_Landscape_0029.jpeg"
image_neutral_thumbnail_id_2="594"
image_neutral_url_2="https://hehge.com/wp-content/uploads/sites/16/2023/06/MI_Finance_Neutral_Landscape_0005.jpeg"
image_positive_thumbnail_id_1="654"
image_positive_url_1="https://hehge.com/wp-content/uploads/sites/16/2023/06/MI_Finance_Positive_Landscape_0054.jpeg"
image_positive_thumbnail_id_2="636"
image_positive_url_2="https://hehge.com/wp-content/uploads/sites/16/2023/06/MI_Finance_Positive_Landscape_0072.jpeg"
image_professor_thumbnail_id_1="1175"
image_professor_url_1="https://hehge.com/wp-content/uploads/sites/16/2023/06/MI_Finance_Professor_Landscape_0009.jpeg"
image_professor_thumbnail_id_2="1197"
image_professor_url_2="https://hehge.com/wp-content/uploads/sites/16/2023/06/MI_Finance_Professor_Landscape_0031.jpeg"
