Symbol="DIOD"
AssetType="Common Stock"
Name="Diodes Incorporated"
Description="Diodes Incorporated designs, manufactures and supplies standard products for specific applications in the discrete, logic, analog and mixed-signal semiconductor markets worldwide. The company is headquartered in Plano, Texas."
CIK="29002"
Exchange="NASDAQ"
Currency="USD"
Country="USA"
Sector="MANUFACTURING"
Industry="SEMICONDUCTORS & RELATED DEVICES"
Address="4949 HEDGCOXE ROAD, SUITE 200, PLANO, TX, US"
FiscalYearEnd="December"
LatestQuarter="2023-03-31"
MarketCapitalization="4132191000"
EBITDA="531241000"
PERatio="12.97"
PEGRatio="0.88"
BookValue="34.91"
DividendPerShare="0"
DividendYield="0"
EPS="6.97"
RevenuePerShareTTM="43.69"
ProfitMargin="0.166"
OperatingMarginTTM="0.201"
ReturnOnAssetsTTM="0.112"
ReturnOnEquityTTM="0.223"
RevenueTTM="1985698000"
GrossProfitTTM="827237000"
DilutedEPSTTM="6.97"
QuarterlyEarningsGrowthYOY="-0.031"
QuarterlyRevenueGrowthYOY="-0.031"
AnalystTargetPrice="104.6"
TrailingPE="12.97"
ForwardPE="11.26"
PriceToSalesRatioTTM="1.879"
PriceToBookRatio="2.807"
EVToRevenue="1.929"
EVToEBITDA="7.08"
Beta="1.434"
num_52WeekHigh="97.45"
num_52WeekLow="61.51"
num_50DayMovingAverage="89.66"
num_200DayMovingAverage="84.7"
SharesOutstanding="45720200"
DividendDate="None"
ExDividendDate="None"
symbol="DIOD"
open="89.26"
high="90.54"
low="88.32"
price="90.38"
volume="177456.00"
latest_trading_day="2023-07-11"
previous_close="88.96"
change="1.42"
change_percent="1.5962%"
aroon_positive_momentum_days="72"
aroon_negative_momentum_days="0"
trend_strength="Absent or Weak Trend"
buying_signal="Weak Buy Signal"
volume_analysis="Target Volume"
value_analysis="Expected Range"
Aroon_change="FALSE"
Aroon_momentum="72"
Volume_recent_avg="220247"
Change_recent_avg="-0.01"
Delta_recent_avg="2.7"
Variance_recent_avg="1.35"
Change_ratio_recent_avg="-0.03"
RSI_change="FALSE"
ADX_change="FALSE"

event="FALSE"
Aroon_signal="positive"
Aroon_change="FALSE"
Aroon_momentum_positive="72"
Aroon_momentum_negative="28"
image_negative_thumbnail_id_1="1113"
image_negative_url_1="https://hehge.com/wp-content/uploads/sites/16/2023/06/MI_Finance_Negative_Landscape_0146.jpeg"
image_negative_thumbnail_id_2="133"
image_negative_url_2="https://hehge.com/wp-content/uploads/sites/16/2023/05/MI_Finance_Negative_Landscape_0043.jpeg"
image_neutral_thumbnail_id_1="597"
image_neutral_url_1="https://hehge.com/wp-content/uploads/sites/16/2023/06/MI_Finance_Neutral_Landscape_0002.jpeg"
image_neutral_thumbnail_id_2="550"
image_neutral_url_2="https://hehge.com/wp-content/uploads/sites/16/2023/06/MI_Finance_Neutral_Landscape_0049.jpeg"
image_positive_thumbnail_id_1="619"
image_positive_url_1="https://hehge.com/wp-content/uploads/sites/16/2023/06/MI_Finance_Positive_Landscape_0089.jpeg"
image_positive_thumbnail_id_2="951"
image_positive_url_2="https://hehge.com/wp-content/uploads/sites/16/2023/06/MI_Finance_Positive_Landscape_0113.jpeg"
image_professor_thumbnail_id_1="1190"
image_professor_url_1="https://hehge.com/wp-content/uploads/sites/16/2023/06/MI_Finance_Professor_Landscape_0024.jpeg"
image_professor_thumbnail_id_2="1184"
image_professor_url_2="https://hehge.com/wp-content/uploads/sites/16/2023/06/MI_Finance_Professor_Landscape_0018.jpeg"
