Symbol="YETI"
AssetType="Common Stock"
Name="YETI Holdings Inc"
Description="YETI Holdings, Inc. designs, markets, sells and distributes products for the outdoor and recreation market under the YETI brand. The company is headquartered in Austin, Texas."
CIK="1670592"
Exchange="NYSE"
Currency="USD"
Country="USA"
Sector="MANUFACTURING"
Industry="SPORTING & ATHLETIC GOODS, NEC"
Address="7601 SOUTHWEST PARKWAY, AUSTIN, TX, US"
FiscalYearEnd="December"
LatestQuarter="2023-06-30"
MarketCapitalization="4146004000"
EBITDA="134709000"
PERatio="60.51"
PEGRatio="1.655"
BookValue="6.77"
DividendPerShare="0"
DividendYield="0"
EPS="0.79"
RevenuePerShareTTM="18.36"
ProfitMargin="0.0419"
OperatingMarginTTM="0.0568"
ReturnOnAssetsTTM="0.0526"
ReturnOnEquityTTM="0.122"
RevenueTTM="1586911000"
GrossProfitTTM="763401000"
DilutedEPSTTM="0.79"
QuarterlyEarningsGrowthYOY="-0.171"
QuarterlyRevenueGrowthYOY="-0.042"
AnalystTargetPrice="50.53"
TrailingPE="60.51"
ForwardPE="16.37"
PriceToSalesRatioTTM="2.479"
PriceToBookRatio="7.21"
EVToRevenue="2.554"
EVToEBITDA="14.1"
Beta="2.454"
num_52WeekHigh="49.02"
num_52WeekLow="27.86"
num_50DayMovingAverage="40.77"
num_200DayMovingAverage="40.72"
SharesOutstanding="86736000"
DividendDate="None"
ExDividendDate="None"
symbol="YETI"
open="47.50"
high="47.66"
low="45.71"
price="46.05"
volume="1189434.00"
latest_trading_day="2023-08-24"
previous_close="47.80"
change="-1.75"
change_percent="-3.6611%"
aroon_positive_momentum_days="24"
aroon_negative_momentum_days="0"
trend_strength="Absent or Weak Trend"
buying_signal="Weak Buy Signal"
volume_analysis="Target Volume"
value_analysis="Expected Range"
Aroon_change="FALSE"
Aroon_momentum="24"
Volume_recent_avg="1213387"
Change_recent_avg="0.01"
Delta_recent_avg="1.24"
Variance_recent_avg="0.62"
Change_ratio_recent_avg="-0.03"
RSI_change="FALSE"
ADX_change="FALSE"

event="FALSE"
Aroon_signal="positive"
Aroon_change="FALSE"
Aroon_momentum_positive="24"
Aroon_momentum_negative="76"
image_negative_thumbnail_id_1="1166"
image_negative_url_1="https://hehge.com/wp-content/uploads/sites/16/2023/06/MI_Finance_Positive_Negative_0187.jpeg"
image_negative_thumbnail_id_2="1125"
image_negative_url_2="https://hehge.com/wp-content/uploads/sites/16/2023/06/MI_Finance_Negative_Landscape_0158.jpeg"
image_neutral_thumbnail_id_1="579"
image_neutral_url_1="https://hehge.com/wp-content/uploads/sites/16/2023/06/MI_Finance_Neutral_Landscape_0020.jpeg"
image_neutral_thumbnail_id_2="581"
image_neutral_url_2="https://hehge.com/wp-content/uploads/sites/16/2023/06/MI_Finance_Neutral_Landscape_0018.jpeg"
image_positive_thumbnail_id_1="609"
image_positive_url_1="https://hehge.com/wp-content/uploads/sites/16/2023/06/MI_Finance_Positive_Landscape_0099.jpeg"
image_positive_thumbnail_id_2="1015"
image_positive_url_2="https://hehge.com/wp-content/uploads/sites/16/2023/06/MI_Finance_Positive_Landscape_0177.jpeg"
image_professor_thumbnail_id_1="1197"
image_professor_url_1="https://hehge.com/wp-content/uploads/sites/16/2023/06/MI_Finance_Professor_Landscape_0031.jpeg"
image_professor_thumbnail_id_2="1196"
image_professor_url_2="https://hehge.com/wp-content/uploads/sites/16/2023/06/MI_Finance_Professor_Landscape_0030.jpeg"
