Symbol="BRLT"
AssetType="Common Stock"
Name="Brilliant Earth Group Inc"
Description="None"
CIK="1866757"
Exchange="NASDAQ"
Currency="USD"
Country="USA"
Sector="MANUFACTURING"
Industry="JEWELRY, SILVERWARE & PLATED WARE"
Address="300 GRANT AVENUE, 3RD FLOOR, SAN FRANCISCO, CA, US"
FiscalYearEnd="December"
LatestQuarter="2023-03-31"
MarketCapitalization="389837000"
EBITDA="20337000"
PERatio="70.0"
PEGRatio="None"
BookValue="0.971"
DividendPerShare="0"
DividendYield="0"
EPS="0.0141"
RevenuePerShareTTM="39.66"
ProfitMargin="0.004"
OperatingMarginTTM="0.041"
ReturnOnAssetsTTM="0.0447"
ReturnOnEquityTTM="16.87"
RevenueTTM="437542000"
GrossProfitTTM="234291000"
DilutedEPSTTM="0.09"
QuarterlyEarningsGrowthYOY="-0.458"
QuarterlyRevenueGrowthYOY="-0.023"
AnalystTargetPrice="7.5"
TrailingPE="43.78"
ForwardPE="117.65"
PriceToSalesRatioTTM="0.985"
PriceToBookRatio="5.44"
EVToRevenue="0.0139"
EVToEBITDA="-0.325"
Beta="None"
num_52WeekHigh="9.45"
num_52WeekLow="3.25"
num_50DayMovingAverage="3.818"
num_200DayMovingAverage="4.803"
SharesOutstanding="11623100"
DividendDate="None"
ExDividendDate="None"
symbol="BRLT"
open="3.96"
high="4.04"
low="3.90"
price="3.94"
volume="45817.00"
latest_trading_day="2023-07-14"
previous_close="4.05"
change="-0.11"
change_percent="-2.7160%"
aroon_positive_momentum_days="0"
aroon_negative_momentum_days="83"
trend_strength="Absent or Weak Trend"
buying_signal="Weak Sell Signal"
volume_analysis="Target Volume"
value_analysis="Expected Range"
Aroon_change="FALSE"
Aroon_momentum="17"
Volume_recent_avg="72477"
Change_recent_avg="0.01"
Delta_recent_avg="0.23"
Variance_recent_avg="0.11"
Change_ratio_recent_avg="0.02"
RSI_change="FALSE"
ADX_change="FALSE"

event="FALSE"
Aroon_signal="negative"
Aroon_change="FALSE"
Aroon_momentum_positive="17"
Aroon_momentum_negative="83"
image_negative_thumbnail_id_1="1124"
image_negative_url_1="https://hehge.com/wp-content/uploads/sites/16/2023/06/MI_Finance_Negative_Landscape_0157.jpeg"
image_negative_thumbnail_id_2="165"
image_negative_url_2="https://hehge.com/wp-content/uploads/sites/16/2023/05/MI_Finance_Negative_Landscape_0011.jpeg"
image_neutral_thumbnail_id_1="524"
image_neutral_url_1="https://hehge.com/wp-content/uploads/sites/16/2023/06/MI_Finance_Neutral_Landscape_0075.jpeg"
image_neutral_thumbnail_id_2="557"
image_neutral_url_2="https://hehge.com/wp-content/uploads/sites/16/2023/06/MI_Finance_Neutral_Landscape_0042.jpeg"
image_positive_thumbnail_id_1="976"
image_positive_url_1="https://hehge.com/wp-content/uploads/sites/16/2023/06/MI_Finance_Positive_Landscape_0138.jpeg"
image_positive_thumbnail_id_2="983"
image_positive_url_2="https://hehge.com/wp-content/uploads/sites/16/2023/06/MI_Finance_Positive_Landscape_0145.jpeg"
image_professor_thumbnail_id_1="1202"
image_professor_url_1="https://hehge.com/wp-content/uploads/sites/16/2023/06/MI_Finance_Professor_Landscape_0036.jpeg"
image_professor_thumbnail_id_2="1192"
image_professor_url_2="https://hehge.com/wp-content/uploads/sites/16/2023/06/MI_Finance_Professor_Landscape_0026.jpeg"
