Symbol="SOLO"
AssetType="Common Stock"
Name="Electrameccanica Vehicles Corp"
Description="Electrameccanica Vehicles Corp. The company is headquartered in Vancouver, Canada."
CIK="1637736"
Exchange="NASDAQ"
Currency="USD"
Country="USA"
Sector="MANUFACTURING"
Industry="MOTOR VEHICLES & PASSENGER CAR BODIES"
Address="102 EAST 1ST AVENUE, VANCOUVER, BC, CA"
FiscalYearEnd="December"
LatestQuarter="2023-03-31"
MarketCapitalization="89466000"
EBITDA="-92731304"
PERatio="None"
PEGRatio="None"
BookValue="0.972"
DividendPerShare="0"
DividendYield="0"
EPS="-0.96"
RevenuePerShareTTM="0.053"
ProfitMargin="0"
OperatingMarginTTM="-15.63"
ReturnOnAssetsTTM="-0.308"
ReturnOnEquityTTM="-0.689"
RevenueTTM="6278200"
GrossProfitTTM="-26255336"
DilutedEPSTTM="-0.96"
QuarterlyEarningsGrowthYOY="0"
QuarterlyRevenueGrowthYOY="-0.514"
AnalystTargetPrice="1.05"
TrailingPE="-"
ForwardPE="4.73"
PriceToSalesRatioTTM="19.39"
PriceToBookRatio="0.55"
EVToRevenue="0.129"
EVToEBITDA="0.366"
Beta="2.636"
num_52WeekHigh="1.87"
num_52WeekLow="0.44"
num_50DayMovingAverage="0.631"
num_200DayMovingAverage="0.811"
SharesOutstanding="119288000"
DividendDate="2018-05-16"
ExDividendDate="None"
symbol="SOLO"
open="0.77"
high="0.77"
low="0.73"
price="0.74"
volume="240771.00"
latest_trading_day="2023-07-21"
previous_close="0.74"
change="-0.00"
change_percent="-0.0673%"
aroon_positive_momentum_days="38"
aroon_negative_momentum_days="0"
trend_strength="Absent or Weak Trend"
buying_signal="Weak Buy Signal"
volume_analysis="Target Volume"
value_analysis="Expected Range"
Aroon_change="FALSE"
Aroon_momentum="38"
Volume_recent_avg="871226"
Change_recent_avg="0.01"
Delta_recent_avg="0.05"
Variance_recent_avg="0.03"
Change_ratio_recent_avg="-0.14"
RSI_change="FALSE"
ADX_change="FALSE"

event="FALSE"
Aroon_signal="positive"
Aroon_change="FALSE"
Aroon_momentum_positive="38"
Aroon_momentum_negative="62"
image_negative_thumbnail_id_1="173"
image_negative_url_1="https://hehge.com/wp-content/uploads/sites/16/2023/05/MI_Finance_Negative_Landscape_0003.jpeg"
image_negative_thumbnail_id_2="1123"
image_negative_url_2="https://hehge.com/wp-content/uploads/sites/16/2023/06/MI_Finance_Negative_Landscape_0156.jpeg"
image_neutral_thumbnail_id_1="550"
image_neutral_url_1="https://hehge.com/wp-content/uploads/sites/16/2023/06/MI_Finance_Neutral_Landscape_0049.jpeg"
image_neutral_thumbnail_id_2="571"
image_neutral_url_2="https://hehge.com/wp-content/uploads/sites/16/2023/06/MI_Finance_Neutral_Landscape_0028.jpeg"
image_positive_thumbnail_id_1="1166"
image_positive_url_1="https://hehge.com/wp-content/uploads/sites/16/2023/06/MI_Finance_Positive_Negative_0187.jpeg"
image_positive_thumbnail_id_2="986"
image_positive_url_2="https://hehge.com/wp-content/uploads/sites/16/2023/06/MI_Finance_Positive_Landscape_0148.jpeg"
image_professor_thumbnail_id_1="1194"
image_professor_url_1="https://hehge.com/wp-content/uploads/sites/16/2023/06/MI_Finance_Professor_Landscape_0028.jpeg"
image_professor_thumbnail_id_2="1172"
image_professor_url_2="https://hehge.com/wp-content/uploads/sites/16/2023/06/MI_Finance_Professor_Landscape_0006.jpeg"
