Symbol="SOLO"
AssetType="Common Stock"
Name="Electrameccanica Vehicles Corp"
Description="Electrameccanica Vehicles Corp. The company is headquartered in Vancouver, Canada."
CIK="1637736"
Exchange="NASDAQ"
Currency="USD"
Country="USA"
Sector="MANUFACTURING"
Industry="MOTOR VEHICLES & PASSENGER CAR BODIES"
Address="102 EAST 1ST AVENUE, VANCOUVER, BC, CA"
FiscalYearEnd="December"
LatestQuarter="2023-03-31"
MarketCapitalization="78372000"
EBITDA="-92731304"
PERatio="None"
PEGRatio="None"
BookValue="0.972"
DividendPerShare="0"
DividendYield="0"
EPS="-1.05"
RevenuePerShareTTM="0.053"
ProfitMargin="0"
OperatingMarginTTM="-15.63"
ReturnOnAssetsTTM="-0.308"
ReturnOnEquityTTM="-0.689"
RevenueTTM="6278200"
GrossProfitTTM="-26255336"
DilutedEPSTTM="-1.05"
QuarterlyEarningsGrowthYOY="0"
QuarterlyRevenueGrowthYOY="-0.514"
AnalystTargetPrice="1.05"
TrailingPE="-"
ForwardPE="4.73"
PriceToSalesRatioTTM="19.39"
PriceToBookRatio="0.55"
EVToRevenue="0.129"
EVToEBITDA="0.366"
Beta="2.636"
num_52WeekHigh="1.87"
num_52WeekLow="0.44"
num_50DayMovingAverage="0.596"
num_200DayMovingAverage="0.836"
SharesOutstanding="119288000"
DividendDate="2018-05-16"
ExDividendDate="None"
symbol="SOLO"
open="0.66"
high="0.70"
low="0.63"
price="0.66"
volume="734857.00"
latest_trading_day="2023-07-10"
previous_close="0.66"
change="0.00"
change_percent="0.5327%"
aroon_positive_momentum_days="29"
aroon_negative_momentum_days="0"
trend_strength="Absent or Weak Trend"
buying_signal="Weak Buy Signal"
volume_analysis="Target Volume"
value_analysis="Expected Range"
Aroon_change="FALSE"
Aroon_momentum="29"
Volume_recent_avg="863617"
Change_recent_avg="0.01"
Delta_recent_avg="0.05"
Variance_recent_avg="0.03"
Change_ratio_recent_avg="-0.47"
RSI_change="FALSE"
ADX_change="FALSE"

event="FALSE"
Aroon_signal="positive"
Aroon_change="FALSE"
Aroon_momentum_positive="29"
Aroon_momentum_negative="71"
image_negative_thumbnail_id_1="496"
image_negative_url_1="https://hehge.com/wp-content/uploads/sites/16/2023/06/MI_Finance_Negative_Landscape_0109.jpeg"
image_negative_thumbnail_id_2="1156"
image_negative_url_2="https://hehge.com/wp-content/uploads/sites/16/2023/06/MI_Finance_Negative_Landscape_0190.jpeg"
image_neutral_thumbnail_id_1="592"
image_neutral_url_1="https://hehge.com/wp-content/uploads/sites/16/2023/06/MI_Finance_Neutral_Landscape_0007.jpeg"
image_neutral_thumbnail_id_2="527"
image_neutral_url_2="https://hehge.com/wp-content/uploads/sites/16/2023/06/MI_Finance_Neutral_Landscape_0072.jpeg"
image_positive_thumbnail_id_1="999"
image_positive_url_1="https://hehge.com/wp-content/uploads/sites/16/2023/06/MI_Finance_Positive_Landscape_0161.jpeg"
image_positive_thumbnail_id_2="599"
image_positive_url_2="https://hehge.com/wp-content/uploads/sites/16/2023/06/MI_Finance_Positive_Landscape_0109.jpeg"
image_professor_thumbnail_id_1="1191"
image_professor_url_1="https://hehge.com/wp-content/uploads/sites/16/2023/06/MI_Finance_Professor_Landscape_0025.jpeg"
image_professor_thumbnail_id_2="1200"
image_professor_url_2="https://hehge.com/wp-content/uploads/sites/16/2023/06/MI_Finance_Professor_Landscape_0034.jpeg"
