Symbol="TDG"
AssetType="Common Stock"
Name="Transdigm Group Incorporated"
Description="TransDigm Group is a publicly traded aerospace manufacturing company headquartered in Cleveland, Ohio. TransDigm develops and manufactures engineered aerospace components."
CIK="1260221"
Exchange="NYSE"
Currency="USD"
Country="USA"
Sector="MANUFACTURING"
Industry="AIRCRAFT PARTS & AUXILIARY EQUIPMENT, NEC"
Address="1301 EAST 9TH STREET, SUITE 3000, CLEVELAND, OH, US"
FiscalYearEnd="September"
LatestQuarter="2023-06-30"
MarketCapitalization="49816080000"
EBITDA="2998000000"
PERatio="47.44"
PEGRatio="1.264"
BookValue="-43.41"
DividendPerShare="0"
DividendYield="0"
EPS="19.03"
RevenuePerShareTTM="109.53"
ProfitMargin="0.184"
OperatingMarginTTM="0.438"
ReturnOnAssetsTTM="0.0891"
ReturnOnEquityTTM="0"
RevenueTTM="6243000000"
GrossProfitTTM="3106000000"
DilutedEPSTTM="19.03"
QuarterlyEarningsGrowthYOY="0.495"
QuarterlyRevenueGrowthYOY="0.247"
AnalystTargetPrice="992.11"
TrailingPE="47.44"
ForwardPE="29.33"
PriceToSalesRatioTTM="6.13"
PriceToBookRatio="-"
EVToRevenue="9.39"
EVToEBITDA="20.75"
Beta="1.388"
num_52WeekHigh="940"
num_52WeekLow="499.63"
num_50DayMovingAverage="879.57"
num_200DayMovingAverage="757.14"
SharesOutstanding="55183000"
DividendDate="2022-08-26"
ExDividendDate="2022-08-18"
symbol="TDG"
open="893.56"
high="909.76"
low="893.56"
price="902.74"
volume="217604.00"
latest_trading_day="2023-08-30"
previous_close="893.58"
change="9.16"
change_percent="1.0251%"
aroon_positive_momentum_days="95"
aroon_negative_momentum_days="0"
trend_strength="Absent or Weak Trend"
buying_signal="Strong Buy Signal"
volume_analysis="Target Volume"
value_analysis="Expected Range"
Aroon_change="FALSE"
Aroon_momentum="95"
Volume_recent_avg="249305"
Change_recent_avg="1.42"
Delta_recent_avg="15.03"
Variance_recent_avg="7.52"
Change_ratio_recent_avg="0.17"
RSI_change="FALSE"
ADX_change="FALSE"

event="FALSE"
Aroon_signal="positive"
Aroon_change="FALSE"
Aroon_momentum_positive="95"
Aroon_momentum_negative="5"
image_negative_thumbnail_id_1="158"
image_negative_url_1="https://hehge.com/wp-content/uploads/sites/16/2023/05/MI_Finance_Negative_Landscape_0018.jpeg"
image_negative_thumbnail_id_2="141"
image_negative_url_2="https://hehge.com/wp-content/uploads/sites/16/2023/05/MI_Finance_Negative_Landscape_0035.jpeg"
image_neutral_thumbnail_id_1="526"
image_neutral_url_1="https://hehge.com/wp-content/uploads/sites/16/2023/06/MI_Finance_Neutral_Landscape_0073.jpeg"
image_neutral_thumbnail_id_2="557"
image_neutral_url_2="https://hehge.com/wp-content/uploads/sites/16/2023/06/MI_Finance_Neutral_Landscape_0042.jpeg"
image_positive_thumbnail_id_1="693"
image_positive_url_1="https://hehge.com/wp-content/uploads/sites/16/2023/06/MI_Finance_Positive_Landscape_0015.jpeg"
image_positive_thumbnail_id_2="638"
image_positive_url_2="https://hehge.com/wp-content/uploads/sites/16/2023/06/MI_Finance_Positive_Landscape_0070.jpeg"
image_professor_thumbnail_id_1="1196"
image_professor_url_1="https://hehge.com/wp-content/uploads/sites/16/2023/06/MI_Finance_Professor_Landscape_0030.jpeg"
image_professor_thumbnail_id_2="1173"
image_professor_url_2="https://hehge.com/wp-content/uploads/sites/16/2023/06/MI_Finance_Professor_Landscape_0007.jpeg"
