Symbol="SPCB"
AssetType="Common Stock"
Name="Supercom Ltd"
Description="SuperCom Ltd. provides digital identity, Internet of things and connectivity, and cyber security products and solutions to governments and public and private organizations around the world. The company is headquartered in Tel Aviv-Yafo, Israel."
CIK="1291855"
Exchange="NASDAQ"
Currency="USD"
Country="USA"
Sector="MANUFACTURING"
Industry="SEMICONDUCTORS & RELATED DEVICES"
Address="1 ARIE SHENKAR STREET, HERTZLIYA, IL"
FiscalYearEnd="December"
LatestQuarter="2023-03-31"
MarketCapitalization="4612700"
EBITDA="-2813750"
PERatio="None"
PEGRatio="0"
BookValue="1.022"
DividendPerShare="0"
DividendYield="0"
EPS="-2"
RevenuePerShareTTM="4.987"
ProfitMargin="-0.317"
OperatingMarginTTM="-0.272"
ReturnOnAssetsTTM="-0.0823"
ReturnOnEquityTTM="-1.252"
RevenueTTM="20979000"
GrossProfitTTM="6388000"
DilutedEPSTTM="-2"
QuarterlyEarningsGrowthYOY="2.104"
QuarterlyRevenueGrowthYOY="1.093"
AnalystTargetPrice="5"
TrailingPE="-"
ForwardPE="35.21"
PriceToSalesRatioTTM="0.511"
PriceToBookRatio="2.125"
EVToRevenue="3.067"
EVToEBITDA="-5.64"
Beta="0.487"
num_52WeekHigh="4.595"
num_52WeekLow="0.92"
num_50DayMovingAverage="1.081"
num_200DayMovingAverage="1.809"
SharesOutstanding="4907100"
DividendDate="None"
ExDividendDate="None"
symbol="SPCB"
open="0.96"
high="0.98"
low="0.93"
price="0.97"
volume="21776.00"
latest_trading_day="2023-07-13"
previous_close="0.97"
change="-0.00"
change_percent="-0.1133%"
aroon_positive_momentum_days="0"
aroon_negative_momentum_days="92"
trend_strength="Absent or Weak Trend"
buying_signal="Strong Sell Signal"
volume_analysis="Target Volume"
value_analysis="Expected Range"
Aroon_change="FALSE"
Aroon_momentum="8"
Volume_recent_avg="61867"
Change_recent_avg="-0.02"
Delta_recent_avg="0.1"
Variance_recent_avg="0.05"
Change_ratio_recent_avg="-1.26"
RSI_change="FALSE"
ADX_change="FALSE"

event="FALSE"
Aroon_signal="negative"
Aroon_change="FALSE"
Aroon_momentum_positive="8"
Aroon_momentum_negative="92"
image_negative_thumbnail_id_1="1131"
image_negative_url_1="https://hehge.com/wp-content/uploads/sites/16/2023/06/MI_Finance_Negative_Landscape_0164.jpeg"
image_negative_thumbnail_id_2="1166"
image_negative_url_2="https://hehge.com/wp-content/uploads/sites/16/2023/06/MI_Finance_Positive_Negative_0187.jpeg"
image_neutral_thumbnail_id_1="559"
image_neutral_url_1="https://hehge.com/wp-content/uploads/sites/16/2023/06/MI_Finance_Neutral_Landscape_0040.jpeg"
image_neutral_thumbnail_id_2="562"
image_neutral_url_2="https://hehge.com/wp-content/uploads/sites/16/2023/06/MI_Finance_Neutral_Landscape_0037.jpeg"
image_positive_thumbnail_id_1="697"
image_positive_url_1="https://hehge.com/wp-content/uploads/sites/16/2023/06/MI_Finance_Positive_Landscape_0011.jpeg"
image_positive_thumbnail_id_2="602"
image_positive_url_2="https://hehge.com/wp-content/uploads/sites/16/2023/06/MI_Finance_Positive_Landscape_0106.jpeg"
image_professor_thumbnail_id_1="1198"
image_professor_url_1="https://hehge.com/wp-content/uploads/sites/16/2023/06/MI_Finance_Professor_Landscape_0032.jpeg"
image_professor_thumbnail_id_2="1199"
image_professor_url_2="https://hehge.com/wp-content/uploads/sites/16/2023/06/MI_Finance_Professor_Landscape_0033.jpeg"
