Symbol="AIR"
AssetType="Common Stock"
Name="AAR Corp"
Description="AAR Corp. The company is headquartered in Wood Dale, Illinois."
CIK="1750"
Exchange="NYSE"
Currency="USD"
Country="USA"
Sector="MANUFACTURING"
Industry="AIRCRAFT & PARTS"
Address="1100 N WOOD DALE RD, WOOD DALE, IL, US"
FiscalYearEnd="May"
LatestQuarter="2023-05-31"
MarketCapitalization="2036708000"
EBITDA="162500000"
PERatio="22.94"
PEGRatio="2.406"
BookValue="31.26"
DividendPerShare="0"
DividendYield="0.007"
EPS="2.544"
RevenuePerShareTTM="54.55"
ProfitMargin="0"
OperatingMarginTTM="0"
ReturnOnAssetsTTM="0.0522"
ReturnOnEquityTTM="8.31"
RevenueTTM="1913300000"
GrossProfitTTM="371300000"
DilutedEPSTTM="2.53"
QuarterlyEarningsGrowthYOY="-0.011"
QuarterlyRevenueGrowthYOY="0.152"
AnalystTargetPrice="0.15"
TrailingPE="23.04"
ForwardPE="15.13"
PriceToSalesRatioTTM="0.85"
PriceToBookRatio="1.537"
EVToRevenue="0.948"
EVToEBITDA="11.14"
Beta="1.617"
num_52WeekHigh="63.88"
num_52WeekLow="33.75"
num_50DayMovingAverage="55.95"
num_200DayMovingAverage="50.89"
SharesOutstanding="34935000"
DividendDate="2020-04-09"
ExDividendDate="2020-03-27"
symbol="AIR"
open="59.24"
high="59.72"
low="58.81"
price="59.00"
volume="95718.00"
latest_trading_day="2023-08-02"
previous_close="59.93"
change="-0.93"
change_percent="-1.5518%"
aroon_positive_momentum_days="96"
aroon_negative_momentum_days="0"
trend_strength="Absent or Weak Trend"
buying_signal="Weak Buy Signal"
volume_analysis="Target Volume"
value_analysis="Expected Range"
Aroon_change="FALSE"
Aroon_momentum="96"
Volume_recent_avg="189041"
Change_recent_avg="0.02"
Delta_recent_avg="1.28"
Variance_recent_avg="0.64"
Change_ratio_recent_avg="0.02"
RSI_change="FALSE"
ADX_change="FALSE"

event="FALSE"
Aroon_signal="positive"
Aroon_change="FALSE"
Aroon_momentum_positive="96"
Aroon_momentum_negative="4"
image_negative_thumbnail_id_1="1131"
image_negative_url_1="https://hehge.com/wp-content/uploads/sites/16/2023/06/MI_Finance_Negative_Landscape_0164.jpeg"
image_negative_thumbnail_id_2="138"
image_negative_url_2="https://hehge.com/wp-content/uploads/sites/16/2023/05/MI_Finance_Negative_Landscape_0038.jpeg"
image_neutral_thumbnail_id_1="546"
image_neutral_url_1="https://hehge.com/wp-content/uploads/sites/16/2023/06/MI_Finance_Neutral_Landscape_0053.jpeg"
image_neutral_thumbnail_id_2="549"
image_neutral_url_2="https://hehge.com/wp-content/uploads/sites/16/2023/06/MI_Finance_Neutral_Landscape_0050.jpeg"
image_positive_thumbnail_id_1="639"
image_positive_url_1="https://hehge.com/wp-content/uploads/sites/16/2023/06/MI_Finance_Positive_Landscape_0069.jpeg"
image_positive_thumbnail_id_2="659"
image_positive_url_2="https://hehge.com/wp-content/uploads/sites/16/2023/06/MI_Finance_Positive_Landscape_0049.jpeg"
image_professor_thumbnail_id_1="1197"
image_professor_url_1="https://hehge.com/wp-content/uploads/sites/16/2023/06/MI_Finance_Professor_Landscape_0031.jpeg"
image_professor_thumbnail_id_2="1192"
image_professor_url_2="https://hehge.com/wp-content/uploads/sites/16/2023/06/MI_Finance_Professor_Landscape_0026.jpeg"
