Symbol="OTIS"
AssetType="Common Stock"
Name="Otis Worldwide Corp"
Description="Otis Worldwide Corporation is an American company that develops, manufactures and markets elevators, escalators, moving walkways, and related equipment."
CIK="1781335"
Exchange="NYSE"
Currency="USD"
Country="USA"
Sector="MANUFACTURING"
Industry="ELECTRONIC & OTHER ELECTRICAL EQUIPMENT (NO COMPUTER EQUIP)"
Address="ONE CARRIER PLACE, FARMINGTON, CT, US"
FiscalYearEnd="December"
LatestQuarter="2023-03-31"
MarketCapitalization="36726116000"
EBITDA="2268000000"
PERatio="29.47"
PEGRatio="3.309"
BookValue="-11.76"
DividendPerShare="1.16"
DividendYield="0.0156"
EPS="3.01"
RevenuePerShareTTM="32.61"
ProfitMargin="0.0935"
OperatingMarginTTM="0.153"
ReturnOnAssetsTTM="0.12"
ReturnOnEquityTTM="0"
RevenueTTM="13617000000"
GrossProfitTTM="3942000000"
DilutedEPSTTM="3.01"
QuarterlyEarningsGrowthYOY="0.082"
QuarterlyRevenueGrowthYOY="-0.02"
AnalystTargetPrice="88.58"
TrailingPE="29.47"
ForwardPE="22.99"
PriceToSalesRatioTTM="2.377"
PriceToBookRatio="13.2"
EVToRevenue="2.844"
EVToEBITDA="17.58"
Beta="0.847"
num_52WeekHigh="90.11"
num_52WeekLow="61.79"
num_50DayMovingAverage="85.6"
num_200DayMovingAverage="80.04"
SharesOutstanding="413291000"
DividendDate="2023-06-09"
ExDividendDate="2023-05-18"
symbol="OTIS"
open="88.95"
high="89.42"
low="88.53"
price="89.04"
volume="1250178.00"
latest_trading_day="2023-07-13"
previous_close="88.71"
change="0.33"
change_percent="0.3720%"
aroon_positive_momentum_days="58"
aroon_negative_momentum_days="0"
trend_strength="Absent or Weak Trend"
buying_signal="Weak Buy Signal"
volume_analysis="Target Volume"
value_analysis="Expected Range"
Aroon_change="FALSE"
Aroon_momentum="58"
Volume_recent_avg="1841747"
Change_recent_avg="0.03"
Delta_recent_avg="1.41"
Variance_recent_avg="0.71"
Change_ratio_recent_avg="0.02"
RSI_change="FALSE"
ADX_change="FALSE"

event="FALSE"
Aroon_signal="positive"
Aroon_change="FALSE"
Aroon_momentum_positive="58"
Aroon_momentum_negative="42"
image_negative_thumbnail_id_1="165"
image_negative_url_1="https://hehge.com/wp-content/uploads/sites/16/2023/05/MI_Finance_Negative_Landscape_0011.jpeg"
image_negative_thumbnail_id_2="1155"
image_negative_url_2="https://hehge.com/wp-content/uploads/sites/16/2023/06/MI_Finance_Negative_Landscape_0189.jpeg"
image_neutral_thumbnail_id_1="568"
image_neutral_url_1="https://hehge.com/wp-content/uploads/sites/16/2023/06/MI_Finance_Neutral_Landscape_0031.jpeg"
image_neutral_thumbnail_id_2="598"
image_neutral_url_2="https://hehge.com/wp-content/uploads/sites/16/2023/06/MI_Finance_Neutral_Landscape_0001.jpeg"
image_positive_thumbnail_id_1="963"
image_positive_url_1="https://hehge.com/wp-content/uploads/sites/16/2023/06/MI_Finance_Positive_Landscape_0125.jpeg"
image_positive_thumbnail_id_2="985"
image_positive_url_2="https://hehge.com/wp-content/uploads/sites/16/2023/06/MI_Finance_Positive_Landscape_0147.jpeg"
image_professor_thumbnail_id_1="1168"
image_professor_url_1="https://hehge.com/wp-content/uploads/sites/16/2023/06/MI_Finance_Professor_Landscape_0002.jpeg"
image_professor_thumbnail_id_2="1191"
image_professor_url_2="https://hehge.com/wp-content/uploads/sites/16/2023/06/MI_Finance_Professor_Landscape_0025.jpeg"
