Symbol="FAMI"
AssetType="Common Stock"
Name="Farmmi Inc"
Description="Farmmi, Inc. processes and sells agricultural products in China, the United States, Japan, Canada, Europe, Korea, and the Middle East. The company is headquartered in Lishui, China."
CIK="1701261"
Exchange="NASDAQ"
Currency="USD"
Country="China"
Sector="MANUFACTURING"
Industry="CANNED, FRUITS, VEG, PRESERVES, JAMS & JELLIES"
Address="NO. 307, TIANNING INDUSTRIAL AREA, LISHUI, ZHEJIANG PROVINCE, CHINA"
FiscalYearEnd="September"
LatestQuarter="2022-12-31"
MarketCapitalization="10026600"
EBITDA="974670"
PERatio="4.194"
PEGRatio="None"
BookValue="6.47"
DividendPerShare="0"
DividendYield="0"
EPS="0.1"
RevenuePerShareTTM="4.268"
ProfitMargin="0.0224"
OperatingMarginTTM="0.0095"
ReturnOnAssetsTTM="0.0036"
ReturnOnEquityTTM="0.0141"
RevenueTTM="99213000"
GrossProfitTTM="5438100"
DilutedEPSTTM="0.1"
QuarterlyEarningsGrowthYOY="-0.127"
QuarterlyRevenueGrowthYOY="1.556"
AnalystTargetPrice="None"
TrailingPE="4.194"
ForwardPE="-"
PriceToSalesRatioTTM="0.178"
PriceToBookRatio="0.0709"
EVToRevenue="0.0643"
EVToEBITDA="-62.93"
Beta="0.86"
num_52WeekHigh="1.27"
num_52WeekLow="0.39"
num_50DayMovingAverage="0.456"
num_200DayMovingAverage="0.535"
SharesOutstanding="23907000"
DividendDate="None"
ExDividendDate="None"
symbol="FAMI"
open="0.42"
high="0.44"
low="0.41"
price="0.42"
volume="201236.00"
latest_trading_day="2023-07-14"
previous_close="0.43"
change="-0.01"
change_percent="-2.4878%"
aroon_positive_momentum_days="64"
aroon_negative_momentum_days="0"
trend_strength="Absent or Weak Trend"
buying_signal="High Volatility / Hold Signal"
volume_analysis="Target Volume"
value_analysis="Expected Range"
Aroon_change="FALSE"
Aroon_momentum="64"
Volume_recent_avg="291977"
Change_recent_avg="-0.01"
Delta_recent_avg="0.03"
Variance_recent_avg="0.02"
Change_ratio_recent_avg="-0.84"
RSI_change="FALSE"
ADX_change="FALSE"

event="FALSE"
Aroon_signal="positive"
Aroon_change="FALSE"
Aroon_momentum_positive="64"
Aroon_momentum_negative="36"
image_negative_thumbnail_id_1="1134"
image_negative_url_1="https://hehge.com/wp-content/uploads/sites/16/2023/06/MI_Finance_Negative_Landscape_0167.jpeg"
image_negative_thumbnail_id_2="139"
image_negative_url_2="https://hehge.com/wp-content/uploads/sites/16/2023/05/MI_Finance_Negative_Landscape_0037.jpeg"
image_neutral_thumbnail_id_1="570"
image_neutral_url_1="https://hehge.com/wp-content/uploads/sites/16/2023/06/MI_Finance_Neutral_Landscape_0029.jpeg"
image_neutral_thumbnail_id_2="531"
image_neutral_url_2="https://hehge.com/wp-content/uploads/sites/16/2023/06/MI_Finance_Neutral_Landscape_0068.jpeg"
image_positive_thumbnail_id_1="627"
image_positive_url_1="https://hehge.com/wp-content/uploads/sites/16/2023/06/MI_Finance_Positive_Landscape_0081.jpeg"
image_positive_thumbnail_id_2="612"
image_positive_url_2="https://hehge.com/wp-content/uploads/sites/16/2023/06/MI_Finance_Positive_Landscape_0096.jpeg"
image_professor_thumbnail_id_1="1179"
image_professor_url_1="https://hehge.com/wp-content/uploads/sites/16/2023/06/MI_Finance_Professor_Landscape_0013.jpeg"
image_professor_thumbnail_id_2="1196"
image_professor_url_2="https://hehge.com/wp-content/uploads/sites/16/2023/06/MI_Finance_Professor_Landscape_0030.jpeg"
