Symbol="BE"
AssetType="Common Stock"
Name="Bloom Energy Corp"
Description="Bloom Energy Corporation designs, manufactures and sells solid oxide fuel cell systems for on-site power generation in the United States, Japan, China, India, and the Republic of Korea. The company is headquartered in San Jose, California."
CIK="1664703"
Exchange="NYSE"
Currency="USD"
Country="USA"
Sector="MANUFACTURING"
Industry="ELECTRICAL INDUSTRIAL APPARATUS"
Address="4353 NORTH FIRST STREET, SAN JOSE, CA, US"
FiscalYearEnd="December"
LatestQuarter="2023-03-31"
MarketCapitalization="3480533000"
EBITDA="-96940000"
PERatio="None"
PEGRatio="33.78"
BookValue="1.917"
DividendPerShare="0"
DividendYield="0"
EPS="-1.6"
RevenuePerShareTTM="6.59"
ProfitMargin="-0.231"
OperatingMarginTTM="-0.118"
ReturnOnAssetsTTM="-0.0487"
ReturnOnEquityTTM="-0.684"
RevenueTTM="1273277000"
GrossProfitTTM="257588000"
DilutedEPSTTM="-1.6"
QuarterlyEarningsGrowthYOY="0"
QuarterlyRevenueGrowthYOY="0.369"
AnalystTargetPrice="26.66"
TrailingPE="-"
ForwardPE="833.33"
PriceToSalesRatioTTM="4.064"
PriceToBookRatio="26.26"
EVToRevenue="4.751"
EVToEBITDA="-27.61"
Beta="2.855"
num_52WeekHigh="31.47"
num_52WeekLow="12.33"
num_50DayMovingAverage="15.45"
num_200DayMovingAverage="19.29"
SharesOutstanding="192865000"
DividendDate="None"
ExDividendDate="None"
symbol="BE"
open="16.11"
high="17.12"
low="15.91"
price="16.69"
volume="4709489.00"
latest_trading_day="2023-07-07"
previous_close="15.55"
change="1.14"
change_percent="7.3312%"
aroon_positive_momentum_days="0"
aroon_negative_momentum_days="77"
trend_strength="Absent or Weak Trend"
buying_signal="Weak Sell Signal"
volume_analysis="Target Volume"
value_analysis="Expected Range"
Aroon_change="FALSE"
Aroon_momentum="23"
Volume_recent_avg="4021366"
Change_recent_avg="-0.06"
Delta_recent_avg="0.87"
Variance_recent_avg="0.44"
Change_ratio_recent_avg="-0.38"
RSI_change="FALSE"
ADX_change="FALSE"

event="FALSE"
Aroon_signal="negative"
Aroon_change="FALSE"
Aroon_momentum_positive="23"
Aroon_momentum_negative="77"
image_negative_thumbnail_id_1="162"
image_negative_url_1="https://hehge.com/wp-content/uploads/sites/16/2023/05/MI_Finance_Negative_Landscape_0014.jpeg"
image_negative_thumbnail_id_2="512"
image_negative_url_2="https://hehge.com/wp-content/uploads/sites/16/2023/06/MI_Finance_Negative_Landscape_0093.jpeg"
image_neutral_thumbnail_id_1="589"
image_neutral_url_1="https://hehge.com/wp-content/uploads/sites/16/2023/06/MI_Finance_Neutral_Landscape_0010.jpeg"
image_neutral_thumbnail_id_2="521"
image_neutral_url_2="https://hehge.com/wp-content/uploads/sites/16/2023/06/MI_Finance_Neutral_Landscape_0078.jpeg"
image_positive_thumbnail_id_1="707"
image_positive_url_1="https://hehge.com/wp-content/uploads/sites/16/2023/06/MI_Finance_Positive_Landscape_0001.jpeg"
image_positive_thumbnail_id_2="706"
image_positive_url_2="https://hehge.com/wp-content/uploads/sites/16/2023/06/MI_Finance_Positive_Landscape_0002.jpeg"
image_professor_thumbnail_id_1="1180"
image_professor_url_1="https://hehge.com/wp-content/uploads/sites/16/2023/06/MI_Finance_Professor_Landscape_0014.jpeg"
image_professor_thumbnail_id_2="1188"
image_professor_url_2="https://hehge.com/wp-content/uploads/sites/16/2023/06/MI_Finance_Professor_Landscape_0022.jpeg"
