Symbol="NWSA"
AssetType="Common Stock"
Name="News Corp A"
Description="News Corporation is an American mass media and publishing company operating across digital real estate information, news media, book publishing, and cable television."
CIK="1564708"
Exchange="NASDAQ"
Currency="USD"
Country="USA"
Sector="MANUFACTURING"
Industry="NEWSPAPERS: PUBLISHING OR PUBLISHING & PRINTING"
Address="1211 AVENUE OF THE AMERICAS, NEW YORK, NY, US"
FiscalYearEnd="June"
LatestQuarter="2023-03-31"
MarketCapitalization="11418615000"
EBITDA="1147000000"
PERatio="43.22"
PEGRatio="10.01"
BookValue="14.06"
DividendPerShare="0.2"
DividendYield="0.0102"
EPS="0.46"
RevenuePerShareTTM="17.46"
ProfitMargin="0.0264"
OperatingMarginTTM="0.0683"
ReturnOnAssetsTTM="0.0251"
ReturnOnEquityTTM="0.0376"
RevenueTTM="10119999000"
GrossProfitTTM="5309000000"
DilutedEPSTTM="0.46"
QuarterlyEarningsGrowthYOY="-0.376"
QuarterlyRevenueGrowthYOY="-0.018"
AnalystTargetPrice="23.35"
TrailingPE="43.22"
ForwardPE="27.62"
PriceToSalesRatioTTM="0.993"
PriceToBookRatio="1.366"
EVToRevenue="1.291"
EVToEBITDA="9.68"
Beta="1.328"
num_52WeekHigh="21.55"
num_52WeekLow="14.77"
num_50DayMovingAverage="19.38"
num_200DayMovingAverage="18.26"
SharesOutstanding="379750000"
DividendDate="2023-04-12"
ExDividendDate="2023-03-14"
symbol="NWSA"
open="19.70"
high="20.27"
low="19.68"
price="19.88"
volume="2677585.00"
latest_trading_day="2023-08-04"
previous_close="19.71"
change="0.17"
change_percent="0.8625%"
aroon_positive_momentum_days="55"
aroon_negative_momentum_days="0"
trend_strength="Absent or Weak Trend"
buying_signal="Strong Buy Signal"
volume_analysis="Target Volume"
value_analysis="Expected Range"
Aroon_change="FALSE"
Aroon_momentum="55"
Volume_recent_avg="2410933"
Change_recent_avg="0.02"
Delta_recent_avg="0.38"
Variance_recent_avg="0.19"
Change_ratio_recent_avg="0.12"
RSI_change="FALSE"
ADX_change="FALSE"

event="FALSE"
Aroon_signal="positive"
Aroon_change="FALSE"
Aroon_momentum_positive="55"
Aroon_momentum_negative="45"
image_negative_thumbnail_id_1="129"
image_negative_url_1="https://hehge.com/wp-content/uploads/sites/16/2023/05/MI_Finance_Negative_Landscape_0047.jpeg"
image_negative_thumbnail_id_2="512"
image_negative_url_2="https://hehge.com/wp-content/uploads/sites/16/2023/06/MI_Finance_Negative_Landscape_0093.jpeg"
image_neutral_thumbnail_id_1="549"
image_neutral_url_1="https://hehge.com/wp-content/uploads/sites/16/2023/06/MI_Finance_Neutral_Landscape_0050.jpeg"
image_neutral_thumbnail_id_2="595"
image_neutral_url_2="https://hehge.com/wp-content/uploads/sites/16/2023/06/MI_Finance_Neutral_Landscape_0004.jpeg"
image_positive_thumbnail_id_1="661"
image_positive_url_1="https://hehge.com/wp-content/uploads/sites/16/2023/06/MI_Finance_Positive_Landscape_0047.jpeg"
image_positive_thumbnail_id_2="961"
image_positive_url_2="https://hehge.com/wp-content/uploads/sites/16/2023/06/MI_Finance_Positive_Landscape_0123.jpeg"
image_professor_thumbnail_id_1="1178"
image_professor_url_1="https://hehge.com/wp-content/uploads/sites/16/2023/06/MI_Finance_Professor_Landscape_0012.jpeg"
image_professor_thumbnail_id_2="1186"
image_professor_url_2="https://hehge.com/wp-content/uploads/sites/16/2023/06/MI_Finance_Professor_Landscape_0020.jpeg"
