Symbol="AGS"
AssetType="Common Stock"
Name="PlayAGS Inc"
Description="PlayAGS, Inc. designs and supplies game products and services for the gaming industry in the United States and internationally. The company is headquartered in Las Vegas, Nevada."
CIK="1593548"
Exchange="NYSE"
Currency="USD"
Country="USA"
Sector="MANUFACTURING"
Industry="MISCELLANEOUS MANUFACTURING INDUSTRIES"
Address="5475 S. DECATUR BLVD., SUITE #100, LAS VEGAS, NV, US"
FiscalYearEnd="December"
LatestQuarter="2023-03-31"
MarketCapitalization="214230000"
EBITDA="128119000"
PERatio="50.03"
PEGRatio="None"
BookValue="1.45"
DividendPerShare="0"
DividendYield="0"
EPS="0.113"
RevenuePerShareTTM="8.53"
ProfitMargin="0.0132"
OperatingMarginTTM="0.144"
ReturnOnAssetsTTM="0.0425"
ReturnOnEquityTTM="9.54"
RevenueTTM="319754000"
GrossProfitTTM="223310000"
DilutedEPSTTM="0.11"
QuarterlyEarningsGrowthYOY="0"
QuarterlyRevenueGrowthYOY="0.142"
AnalystTargetPrice="11.25"
TrailingPE="51.45"
ForwardPE="14.84"
PriceToSalesRatioTTM="0.636"
PriceToBookRatio="4.414"
EVToRevenue="2.457"
EVToEBITDA="7.33"
Beta="2.37"
num_52WeekHigh="8.4"
num_52WeekLow="4.21"
num_50DayMovingAverage="5.63"
num_200DayMovingAverage="5.9"
SharesOutstanding="37916900"
DividendDate="None"
ExDividendDate="None"
symbol="AGS"
open="5.65"
high="5.65"
low="5.32"
price="5.35"
volume="266774.00"
latest_trading_day="2023-07-05"
previous_close="5.66"
change="-0.31"
change_percent="-5.4770%"
aroon_positive_momentum_days="0"
aroon_negative_momentum_days="51"
trend_strength="Absent or Weak Trend"
buying_signal="Weak Sell Signal"
volume_analysis="Target Volume"
value_analysis="Expected Range"
Aroon_change="FALSE"
Aroon_momentum="49"
Volume_recent_avg="670339"
Change_recent_avg="-0.03"
Delta_recent_avg="0.31"
Variance_recent_avg="0.15"
Change_ratio_recent_avg="-0.47"
RSI_change="FALSE"
ADX_change="FALSE"

event="FALSE"
Aroon_signal="negative"
Aroon_change="FALSE"
Aroon_momentum_positive="49"
Aroon_momentum_negative="51"
image_negative_thumbnail_id_1="130"
image_negative_url_1="https://hehge.com/wp-content/uploads/sites/16/2023/05/MI_Finance_Negative_Landscape_0046.jpeg"
image_negative_thumbnail_id_2="1119"
image_negative_url_2="https://hehge.com/wp-content/uploads/sites/16/2023/06/MI_Finance_Negative_Landscape_0152.jpeg"
image_neutral_thumbnail_id_1="533"
image_neutral_url_1="https://hehge.com/wp-content/uploads/sites/16/2023/06/MI_Finance_Neutral_Landscape_0066.jpeg"
image_neutral_thumbnail_id_2="557"
image_neutral_url_2="https://hehge.com/wp-content/uploads/sites/16/2023/06/MI_Finance_Neutral_Landscape_0042.jpeg"
image_positive_thumbnail_id_1="1002"
image_positive_url_1="https://hehge.com/wp-content/uploads/sites/16/2023/06/MI_Finance_Positive_Landscape_0164.jpeg"
image_positive_thumbnail_id_2="679"
image_positive_url_2="https://hehge.com/wp-content/uploads/sites/16/2023/06/MI_Finance_Positive_Landscape_0029.jpeg"
image_professor_thumbnail_id_1="1195"
image_professor_url_1="https://hehge.com/wp-content/uploads/sites/16/2023/06/MI_Finance_Professor_Landscape_0029.jpeg"
image_professor_thumbnail_id_2="1169"
image_professor_url_2="https://hehge.com/wp-content/uploads/sites/16/2023/06/MI_Finance_Professor_Landscape_0003.jpeg"
