Symbol="TTMI"
AssetType="Common Stock"
Name="TTM Technologies Inc"
Description="TTM Technologies, Inc., manufactures and sells printed circuit boards (PCBs) worldwide. The company is headquartered in Santa Ana, California."
CIK="1116942"
Exchange="NASDAQ"
Currency="USD"
Country="USA"
Sector="MANUFACTURING"
Industry="PRINTED CIRCUIT BOARDS"
Address="200 EAST SANDPOINTE, SUITE 400, SANTA ANA, CA, US"
FiscalYearEnd="December"
LatestQuarter="2023-03-31"
MarketCapitalization="1391066000"
EBITDA="293119000"
PERatio="19.94"
PEGRatio="0.52"
BookValue="14.89"
DividendPerShare="0"
DividendYield="0"
EPS="0.68"
RevenuePerShareTTM="24.1"
ProfitMargin="0.0291"
OperatingMarginTTM="0.0559"
ReturnOnAssetsTTM="0.0276"
ReturnOnEquityTTM="0.0481"
RevenueTTM="2458223000"
GrossProfitTTM="457965000"
DilutedEPSTTM="0.68"
QuarterlyEarningsGrowthYOY="-0.256"
QuarterlyRevenueGrowthYOY="-0.063"
AnalystTargetPrice="15.19"
TrailingPE="19.94"
ForwardPE="-"
PriceToSalesRatioTTM="0.619"
PriceToBookRatio="1.062"
EVToRevenue="0.907"
EVToEBITDA="7.58"
Beta="1.443"
num_52WeekHigh="17.49"
num_52WeekLow="11.13"
num_50DayMovingAverage="13.07"
num_200DayMovingAverage="14.05"
SharesOutstanding="102586000"
DividendDate="None"
ExDividendDate="None"
symbol="TTMI"
open="13.64"
high="13.74"
low="13.39"
price="13.56"
volume="449798.00"
latest_trading_day="2023-07-07"
previous_close="13.59"
change="-0.03"
change_percent="-0.2208%"
aroon_positive_momentum_days="28"
aroon_negative_momentum_days="0"
trend_strength="Absent or Weak Trend"
buying_signal="Weak Buy Signal"
volume_analysis="Target Volume"
value_analysis="Expected Range"
Aroon_change="FALSE"
Aroon_momentum="28"
Volume_recent_avg="550543"
Change_recent_avg="0.01"
Delta_recent_avg="0.36"
Variance_recent_avg="0.18"
Change_ratio_recent_avg="0.03"
RSI_change="FALSE"
ADX_change="FALSE"

event="FALSE"
Aroon_signal="positive"
Aroon_change="FALSE"
Aroon_momentum_positive="28"
Aroon_momentum_negative="72"
image_negative_thumbnail_id_1="133"
image_negative_url_1="https://hehge.com/wp-content/uploads/sites/16/2023/05/MI_Finance_Negative_Landscape_0043.jpeg"
image_negative_thumbnail_id_2="112"
image_negative_url_2="https://hehge.com/wp-content/uploads/sites/16/2023/05/MI_Finance_Negative_Landscape_0064.jpeg"
image_neutral_thumbnail_id_1="585"
image_neutral_url_1="https://hehge.com/wp-content/uploads/sites/16/2023/06/MI_Finance_Neutral_Landscape_0014.jpeg"
image_neutral_thumbnail_id_2="527"
image_neutral_url_2="https://hehge.com/wp-content/uploads/sites/16/2023/06/MI_Finance_Neutral_Landscape_0072.jpeg"
image_positive_thumbnail_id_1="975"
image_positive_url_1="https://hehge.com/wp-content/uploads/sites/16/2023/06/MI_Finance_Positive_Landscape_0137.jpeg"
image_positive_thumbnail_id_2="981"
image_positive_url_2="https://hehge.com/wp-content/uploads/sites/16/2023/06/MI_Finance_Positive_Landscape_0143.jpeg"
image_professor_thumbnail_id_1="1191"
image_professor_url_1="https://hehge.com/wp-content/uploads/sites/16/2023/06/MI_Finance_Professor_Landscape_0025.jpeg"
image_professor_thumbnail_id_2="1199"
image_professor_url_2="https://hehge.com/wp-content/uploads/sites/16/2023/06/MI_Finance_Professor_Landscape_0033.jpeg"
