Symbol="MSI"
AssetType="Common Stock"
Name="Motorola Solutions Inc"
Description="Motorola Solutions, Inc., is an American data communications and telecommunications equipment provider that succeeded Motorola, Inc., following the spinoff of the mobile phone division into Motorola Mobility in 2011. The company is headquartered in Chicago, Illinois."
CIK="68505"
Exchange="NYSE"
Currency="USD"
Country="USA"
Sector="MANUFACTURING"
Industry="RADIO & TV BROADCASTING & COMMUNICATIONS EQUIPMENT"
Address="500 W. MONROE ST., CHICAGO, IL, US"
FiscalYearEnd="December"
LatestQuarter="2023-06-30"
MarketCapitalization="46484443000"
EBITDA="2745000000"
PERatio="31.5"
PEGRatio="1.948"
BookValue="2.017"
DividendPerShare="3.43"
DividendYield="0.0127"
EPS="8.8"
RevenuePerShareTTM="57.67"
ProfitMargin="0.157"
OperatingMarginTTM="0.243"
ReturnOnAssetsTTM="0.122"
ReturnOnEquityTTM="0.253"
RevenueTTM="9654000000"
GrossProfitTTM="4394000000"
DilutedEPSTTM="8.8"
QuarterlyEarningsGrowthYOY="0.617"
QuarterlyRevenueGrowthYOY="0.123"
AnalystTargetPrice="311.23"
TrailingPE="31.5"
ForwardPE="23.53"
PriceToSalesRatioTTM="4.928"
PriceToBookRatio="-"
EVToRevenue="5.73"
EVToEBITDA="24.42"
Beta="0.925"
num_52WeekHigh="298.49"
num_52WeekLow="210.68"
num_50DayMovingAverage="286.62"
num_200DayMovingAverage="274.15"
SharesOutstanding="167717000"
DividendDate="2023-07-14"
ExDividendDate="2023-06-14"
symbol="MSI"
open="278.13"
high="278.88"
low="275.54"
price="275.89"
volume="764693.00"
latest_trading_day="2023-08-22"
previous_close="277.16"
change="-1.27"
change_percent="-0.4582%"
aroon_positive_momentum_days="64"
aroon_negative_momentum_days="0"
trend_strength="Absent or Weak Trend"
buying_signal="Weak Buy Signal"
volume_analysis="Target Volume"
value_analysis="Expected Range"
Aroon_change="FALSE"
Aroon_momentum="64"
Volume_recent_avg="803938"
Change_recent_avg="-0.09"
Delta_recent_avg="4.23"
Variance_recent_avg="2.12"
Change_ratio_recent_avg="-0.04"
RSI_change="FALSE"
ADX_change="FALSE"

event="FALSE"
Aroon_signal="positive"
Aroon_change="FALSE"
Aroon_momentum_positive="64"
Aroon_momentum_negative="36"
image_negative_thumbnail_id_1="140"
image_negative_url_1="https://hehge.com/wp-content/uploads/sites/16/2023/05/MI_Finance_Negative_Landscape_0036.jpeg"
image_negative_thumbnail_id_2="137"
image_negative_url_2="https://hehge.com/wp-content/uploads/sites/16/2023/05/MI_Finance_Negative_Landscape_0039.jpeg"
image_neutral_thumbnail_id_1="547"
image_neutral_url_1="https://hehge.com/wp-content/uploads/sites/16/2023/06/MI_Finance_Neutral_Landscape_0052.jpeg"
image_neutral_thumbnail_id_2="563"
image_neutral_url_2="https://hehge.com/wp-content/uploads/sites/16/2023/06/MI_Finance_Neutral_Landscape_0036.jpeg"
image_positive_thumbnail_id_1="634"
image_positive_url_1="https://hehge.com/wp-content/uploads/sites/16/2023/06/MI_Finance_Positive_Landscape_0074.jpeg"
image_positive_thumbnail_id_2="661"
image_positive_url_2="https://hehge.com/wp-content/uploads/sites/16/2023/06/MI_Finance_Positive_Landscape_0047.jpeg"
image_professor_thumbnail_id_1="1181"
image_professor_url_1="https://hehge.com/wp-content/uploads/sites/16/2023/06/MI_Finance_Professor_Landscape_0015.jpeg"
image_professor_thumbnail_id_2="1169"
image_professor_url_2="https://hehge.com/wp-content/uploads/sites/16/2023/06/MI_Finance_Professor_Landscape_0003.jpeg"
