Symbol="RUN"
AssetType="Common Stock"
Name="Sunrun Inc"
Description="Sunrun Inc. is dedicated to the design, development, installation, sale, ownership and maintenance of residential solar energy systems in the United States. The company is headquartered in San Francisco, California."
CIK="1469367"
Exchange="NASDAQ"
Currency="USD"
Country="USA"
Sector="MANUFACTURING"
Industry="HEATING EQUIP, EXCEPT ELEC & WARM AIR; & PLUMBING FIXTURES"
Address="225 BUSH STREET, SUITE 1400, SAN FRANCISCO, CA, US"
FiscalYearEnd="December"
LatestQuarter="2023-06-30"
MarketCapitalization="4017930000"
EBITDA="-243071008"
PERatio="186.35"
PEGRatio="0.45"
BookValue="30.4"
DividendPerShare="0"
DividendYield="0"
EPS="0.1"
RevenuePerShareTTM="11.31"
ProfitMargin="0.0366"
OperatingMarginTTM="-0.302"
ReturnOnAssetsTTM="-0.0239"
ReturnOnEquityTTM="-0.145"
RevenueTTM="2421100000"
GrossProfitTTM="298712000"
DilutedEPSTTM="0.1"
QuarterlyEarningsGrowthYOY="7.73"
QuarterlyRevenueGrowthYOY="0.01"
AnalystTargetPrice="33.73"
TrailingPE="186.35"
ForwardPE="163.93"
PriceToSalesRatioTTM="2.954"
PriceToBookRatio="1.054"
EVToRevenue="6.82"
EVToEBITDA="700.18"
Beta="2.278"
num_52WeekHigh="39.13"
num_52WeekLow="14.55"
num_50DayMovingAverage="18.87"
num_200DayMovingAverage="22.35"
SharesOutstanding="215612000"
DividendDate="None"
ExDividendDate="None"
symbol="RUN"
open="19.33"
high="19.40"
low="17.25"
price="17.53"
volume="16648641.00"
latest_trading_day="2023-08-04"
previous_close="19.20"
change="-1.67"
change_percent="-8.6979%"
aroon_positive_momentum_days="14"
aroon_negative_momentum_days="0"
trend_strength="Absent or Weak Trend"
buying_signal="Weak Buy Signal"
volume_analysis="Target Volume"
value_analysis="Expected Range"
Aroon_change="FALSE"
Aroon_momentum="14"
Volume_recent_avg="9882551"
Change_recent_avg="-0.08"
Delta_recent_avg="1.24"
Variance_recent_avg="0.62"
Change_ratio_recent_avg="-0.52"
RSI_change="FALSE"
ADX_change="FALSE"

event="FALSE"
Aroon_signal="positive"
Aroon_change="FALSE"
Aroon_momentum_positive="14"
Aroon_momentum_negative="86"
image_negative_thumbnail_id_1="1092"
image_negative_url_1="https://hehge.com/wp-content/uploads/sites/16/2023/06/MI_Finance_Negative_Landscape_0125.jpeg"
image_negative_thumbnail_id_2="143"
image_negative_url_2="https://hehge.com/wp-content/uploads/sites/16/2023/05/MI_Finance_Negative_Landscape_0033.jpeg"
image_neutral_thumbnail_id_1="577"
image_neutral_url_1="https://hehge.com/wp-content/uploads/sites/16/2023/06/MI_Finance_Neutral_Landscape_0022.jpeg"
image_neutral_thumbnail_id_2="546"
image_neutral_url_2="https://hehge.com/wp-content/uploads/sites/16/2023/06/MI_Finance_Neutral_Landscape_0053.jpeg"
image_positive_thumbnail_id_1="668"
image_positive_url_1="https://hehge.com/wp-content/uploads/sites/16/2023/06/MI_Finance_Positive_Landscape_0040.jpeg"
image_positive_thumbnail_id_2="643"
image_positive_url_2="https://hehge.com/wp-content/uploads/sites/16/2023/06/MI_Finance_Positive_Landscape_0065.jpeg"
image_professor_thumbnail_id_1="1196"
image_professor_url_1="https://hehge.com/wp-content/uploads/sites/16/2023/06/MI_Finance_Professor_Landscape_0030.jpeg"
image_professor_thumbnail_id_2="1178"
image_professor_url_2="https://hehge.com/wp-content/uploads/sites/16/2023/06/MI_Finance_Professor_Landscape_0012.jpeg"
