Symbol="ASTI"
AssetType="Common Stock"
Name="Ascent Solar Technologies Inc."
Description="Ascent Solar Technologies, Inc. designs, manufactures, and sells copper-indium-gallium-diselenide photovoltaic products for aerospace, defense, emergency management, and consumer/OEM applications. The company is headquartered in Thornton, Colorado."
CIK="1350102"
Exchange="NASDAQ"
Currency="USD"
Country="USA"
Sector="MANUFACTURING"
Industry="SEMICONDUCTORS & RELATED DEVICES"
Address="12300 GRANT STREET, THORNTON, CO, US"
FiscalYearEnd="December"
LatestQuarter="2023-03-31"
MarketCapitalization="3984400"
EBITDA="-19785156"
PERatio="None"
PEGRatio="0"
BookValue="-0.058"
DividendPerShare="0"
DividendYield="0"
EPS="-0.67"
RevenuePerShareTTM="0.023"
ProfitMargin="0"
OperatingMarginTTM="-25.45"
ReturnOnAssetsTTM="-0.978"
ReturnOnEquityTTM="-22.55"
RevenueTTM="780800"
GrossProfitTTM="-6764594"
DilutedEPSTTM="-0.67"
QuarterlyEarningsGrowthYOY="-0.902"
QuarterlyRevenueGrowthYOY="-0.781"
AnalystTargetPrice="3"
TrailingPE="-"
ForwardPE="-"
PriceToSalesRatioTTM="81.29"
PriceToBookRatio="59.26"
EVToRevenue="81.89"
EVToEBITDA="-6.99"
Beta="1.729"
num_52WeekHigh="18.01"
num_52WeekLow="0.075"
num_50DayMovingAverage="0.114"
num_200DayMovingAverage="1.124"
SharesOutstanding="49930000"
DividendDate="2018-07-23"
ExDividendDate="None"
symbol="ASTI"
open="0.08"
high="0.08"
low="0.08"
price="0.08"
volume="2081712.00"
latest_trading_day="2023-08-02"
previous_close="0.08"
change="-0.00"
change_percent="-2.7848%"
aroon_positive_momentum_days="0"
aroon_negative_momentum_days="100"
trend_strength="Absent or Weak Trend"
buying_signal="Strong Sell Signal"
volume_analysis="Trending High"
value_analysis="Bullish Trend"
Aroon_change="FALSE"
Aroon_momentum="0"
Volume_recent_avg="1551712"
Change_recent_avg="-0.01"
Delta_recent_avg="0.03"
Variance_recent_avg="0.01"
Change_ratio_recent_avg="-2.96"
RSI_change="FALSE"
ADX_change="FALSE"
Aroon_signal="negative"
Aroon_change="FALSE"
Aroon_momentum_positive="0"
Aroon_momentum_negative="100"
image_negative_thumbnail_id_1="1116"
image_negative_url_1="https://hehge.com/wp-content/uploads/sites/16/2023/06/MI_Finance_Negative_Landscape_0149.jpeg"
image_negative_thumbnail_id_2="489"
image_negative_url_2="https://hehge.com/wp-content/uploads/sites/16/2023/06/MI_Finance_Negative_Landscape_0116.jpeg"
image_neutral_thumbnail_id_1="590"
image_neutral_url_1="https://hehge.com/wp-content/uploads/sites/16/2023/06/MI_Finance_Neutral_Landscape_0009.jpeg"
image_neutral_thumbnail_id_2="523"
image_neutral_url_2="https://hehge.com/wp-content/uploads/sites/16/2023/06/MI_Finance_Neutral_Landscape_0076.jpeg"
image_positive_thumbnail_id_1="1011"
image_positive_url_1="https://hehge.com/wp-content/uploads/sites/16/2023/06/MI_Finance_Positive_Landscape_0173.jpeg"
image_positive_thumbnail_id_2="681"
image_positive_url_2="https://hehge.com/wp-content/uploads/sites/16/2023/06/MI_Finance_Positive_Landscape_0027.jpeg"
image_professor_thumbnail_id_1="1199"
image_professor_url_1="https://hehge.com/wp-content/uploads/sites/16/2023/06/MI_Finance_Professor_Landscape_0033.jpeg"
image_professor_thumbnail_id_2="1169"
image_professor_url_2="https://hehge.com/wp-content/uploads/sites/16/2023/06/MI_Finance_Professor_Landscape_0003.jpeg"
