Symbol="NVVE"
AssetType="Common Stock"
Name="Nuvve Holding Corp"
Description="NUVVE Corporation develops vehicle-to-network (V2G) software technology. The company is headquartered in San Diego, California."
CIK="1836875"
Exchange="NASDAQ"
Currency="USD"
Country="USA"
Sector="MANUFACTURING"
Industry="POWER, DISTRIBUTION & SPECIALTY TRANSFORMERS"
Address="2468 HISTORIC DECATUR ROAD, SAN DIEGO, CA, US"
FiscalYearEnd="December"
LatestQuarter="2023-06-30"
MarketCapitalization="14823000"
EBITDA="-33086116"
PERatio="None"
PEGRatio="None"
BookValue="0.561"
DividendPerShare="0"
DividendYield="0"
EPS="-1.31"
RevenuePerShareTTM="0.231"
ProfitMargin="0"
OperatingMarginTTM="-5.88"
ReturnOnAssetsTTM="-0.573"
ReturnOnEquityTTM="-1.347"
RevenueTTM="5675500"
GrossProfitTTM="2188600"
DilutedEPSTTM="-1.31"
QuarterlyEarningsGrowthYOY="0"
QuarterlyRevenueGrowthYOY="0.629"
AnalystTargetPrice="2.5"
TrailingPE="-"
ForwardPE="-"
PriceToSalesRatioTTM="4.913"
PriceToBookRatio="0.32"
EVToRevenue="0.205"
EVToEBITDA="0.125"
Beta="1.786"
num_52WeekHigh="3.411"
num_52WeekLow="0.44"
num_50DayMovingAverage="0.574"
num_200DayMovingAverage="0.729"
SharesOutstanding="30158700"
DividendDate="None"
ExDividendDate="None"
symbol="NVVE"
open="0.48"
high="0.53"
low="0.48"
price="0.49"
volume="218788.00"
latest_trading_day="2023-08-18"
previous_close="0.49"
change="0.00"
change_percent="0.3676%"
aroon_positive_momentum_days="30"
aroon_negative_momentum_days="0"
trend_strength="Absent or Weak Trend"
buying_signal="Weak Buy Signal"
volume_analysis="Target Volume"
value_analysis="Expected Range"
Aroon_change="FALSE"
Aroon_momentum="30"
Volume_recent_avg="712262"
Change_recent_avg="0.01"
Delta_recent_avg="0.07"
Variance_recent_avg="0.03"
Change_ratio_recent_avg="-1.17"
RSI_change="FALSE"
ADX_change="FALSE"

event="FALSE"
Aroon_signal="positive"
Aroon_change="FALSE"
Aroon_momentum_positive="30"
Aroon_momentum_negative="70"
image_negative_thumbnail_id_1="1107"
image_negative_url_1="https://hehge.com/wp-content/uploads/sites/16/2023/06/MI_Finance_Negative_Landscape_0140.jpeg"
image_negative_thumbnail_id_2="1143"
image_negative_url_2="https://hehge.com/wp-content/uploads/sites/16/2023/06/MI_Finance_Negative_Landscape_0176.jpeg"
image_neutral_thumbnail_id_1="583"
image_neutral_url_1="https://hehge.com/wp-content/uploads/sites/16/2023/06/MI_Finance_Neutral_Landscape_0016.jpeg"
image_neutral_thumbnail_id_2="597"
image_neutral_url_2="https://hehge.com/wp-content/uploads/sites/16/2023/06/MI_Finance_Neutral_Landscape_0002.jpeg"
image_positive_thumbnail_id_1="694"
image_positive_url_1="https://hehge.com/wp-content/uploads/sites/16/2023/06/MI_Finance_Positive_Landscape_0014.jpeg"
image_positive_thumbnail_id_2="1007"
image_positive_url_2="https://hehge.com/wp-content/uploads/sites/16/2023/06/MI_Finance_Positive_Landscape_0169.jpeg"
image_professor_thumbnail_id_1="1180"
image_professor_url_1="https://hehge.com/wp-content/uploads/sites/16/2023/06/MI_Finance_Professor_Landscape_0014.jpeg"
image_professor_thumbnail_id_2="1181"
image_professor_url_2="https://hehge.com/wp-content/uploads/sites/16/2023/06/MI_Finance_Professor_Landscape_0015.jpeg"
