Symbol="BTOG"
AssetType="Common Stock"
Name="Bit Origin Ltd"
Description="China Xiangtai Food Co., Ltd. is engaged in wholesale and retail of feed raw materials in China. The company is headquartered in Chongqing, China."
CIK="1735556"
Exchange="NASDAQ"
Currency="USD"
Country="China"
Sector="MANUFACTURING"
Industry="MEAT PACKING PLANTS"
Address="C/O CHONGQING PENGLIN FOOD CO., LTD., XINGANXIAN BLDG B, STE 19-1 LIANGLUKOU,, YUZHONG DISTRICT, CHONGQING, CHINA"
FiscalYearEnd="June"
LatestQuarter="2022-06-30"
MarketCapitalization="5798000"
EBITDA="-5592760"
PERatio="None"
PEGRatio="None"
BookValue="10.07"
DividendPerShare="0"
DividendYield="0"
EPS="-2.87"
RevenuePerShareTTM="0.774"
ProfitMargin="10.2"
OperatingMarginTTM="-3.665"
ReturnOnAssetsTTM="-0.157"
ReturnOnEquityTTM="-0.901"
RevenueTTM="2253200"
GrossProfitTTM="-211033"
DilutedEPSTTM="-2.87"
QuarterlyEarningsGrowthYOY="0"
QuarterlyRevenueGrowthYOY="-0.852"
AnalystTargetPrice="None"
TrailingPE="-"
ForwardPE="-"
PriceToSalesRatioTTM="99.37"
PriceToBookRatio="0.609"
EVToRevenue="82.41"
EVToEBITDA="-3.163"
Beta="0.376"
num_52WeekHigh="14.97"
num_52WeekLow="1.25"
num_50DayMovingAverage="1.924"
num_200DayMovingAverage="5.65"
SharesOutstanding="3351400"
DividendDate="None"
ExDividendDate="None"
symbol="BTOG"
open="1.77"
high="1.78"
low="1.70"
price="1.73"
volume="7907.00"
latest_trading_day="2023-08-04"
previous_close="1.79"
change="-0.06"
change_percent="-3.3520%"
aroon_positive_momentum_days="0"
aroon_negative_momentum_days="80"
trend_strength="Absent or Weak Trend"
buying_signal="Weak Sell Signal"
volume_analysis="Target Volume"
value_analysis="Expected Range"
Aroon_change="FALSE"
Aroon_momentum="20"
Volume_recent_avg="193363"
Change_recent_avg="-0.03"
Delta_recent_avg="0.15"
Variance_recent_avg="0.08"
Change_ratio_recent_avg="-3.49"
RSI_change="FALSE"
ADX_change="FALSE"

event="FALSE"
Aroon_signal="negative"
Aroon_change="FALSE"
Aroon_momentum_positive="20"
Aroon_momentum_negative="80"
image_negative_thumbnail_id_1="1161"
image_negative_url_1="https://hehge.com/wp-content/uploads/sites/16/2023/06/MI_Finance_Negative_Landscape_0195.jpeg"
image_negative_thumbnail_id_2="173"
image_negative_url_2="https://hehge.com/wp-content/uploads/sites/16/2023/05/MI_Finance_Negative_Landscape_0003.jpeg"
image_neutral_thumbnail_id_1="432"
image_neutral_url_1="https://hehge.com/wp-content/uploads/sites/16/2023/05/MI_Finance_Neutral_Landscape_0019.jpeg"
image_neutral_thumbnail_id_2="573"
image_neutral_url_2="https://hehge.com/wp-content/uploads/sites/16/2023/06/MI_Finance_Neutral_Landscape_0026.jpeg"
image_positive_thumbnail_id_1="631"
image_positive_url_1="https://hehge.com/wp-content/uploads/sites/16/2023/06/MI_Finance_Positive_Landscape_0077.jpeg"
image_positive_thumbnail_id_2="681"
image_positive_url_2="https://hehge.com/wp-content/uploads/sites/16/2023/06/MI_Finance_Positive_Landscape_0027.jpeg"
image_professor_thumbnail_id_1="1167"
image_professor_url_1="https://hehge.com/wp-content/uploads/sites/16/2023/06/MI_Finance_Professor_Landscape_0001.jpeg"
image_professor_thumbnail_id_2="1203"
image_professor_url_2="https://hehge.com/wp-content/uploads/sites/16/2023/06/MI_Finance_Professor_Landscape_0037.jpeg"
