Symbol="BTOG"
AssetType="Common Stock"
Name="Bit Origin Ltd"
Description="China Xiangtai Food Co., Ltd. is engaged in wholesale and retail of feed raw materials in China. The company is headquartered in Chongqing, China."
CIK="1735556"
Exchange="NASDAQ"
Currency="USD"
Country="China"
Sector="MANUFACTURING"
Industry="MEAT PACKING PLANTS"
Address="C/O CHONGQING PENGLIN FOOD CO., LTD., XINGANXIAN BLDG B, STE 19-1 LIANGLUKOU,, YUZHONG DISTRICT, CHONGQING, CHINA"
FiscalYearEnd="June"
LatestQuarter="2022-06-30"
MarketCapitalization="8009900"
EBITDA="-5592760"
PERatio="None"
PEGRatio="None"
BookValue="10.07"
DividendPerShare="0"
DividendYield="0"
EPS="-3.15"
RevenuePerShareTTM="0.774"
ProfitMargin="10.2"
OperatingMarginTTM="-3.665"
ReturnOnAssetsTTM="-0.157"
ReturnOnEquityTTM="-0.901"
RevenueTTM="2253200"
GrossProfitTTM="-211033"
DilutedEPSTTM="-3.15"
QuarterlyEarningsGrowthYOY="0"
QuarterlyRevenueGrowthYOY="-0.852"
AnalystTargetPrice="None"
TrailingPE="-"
ForwardPE="-"
PriceToSalesRatioTTM="99.37"
PriceToBookRatio="0.609"
EVToRevenue="82.41"
EVToEBITDA="-3.163"
Beta="0.388"
num_52WeekHigh="15.3"
num_52WeekLow="1.25"
num_50DayMovingAverage="2.795"
num_200DayMovingAverage="6.26"
SharesOutstanding="3351400"
DividendDate="None"
ExDividendDate="None"
symbol="BTOG"
open="2.72"
high="2.74"
low="2.25"
price="2.39"
volume="41982.00"
latest_trading_day="2023-07-14"
previous_close="2.62"
change="-0.23"
change_percent="-8.7786%"
aroon_positive_momentum_days="0"
aroon_negative_momentum_days="65"
trend_strength="Absent or Weak Trend"
buying_signal="Weak Sell Signal"
volume_analysis="Target Volume"
value_analysis="Expected Range"
Aroon_change="FALSE"
Aroon_momentum="35"
Volume_recent_avg="199003"
Change_recent_avg="-0.02"
Delta_recent_avg="0.12"
Variance_recent_avg="0.06"
Change_ratio_recent_avg="-3.17"
RSI_change="FALSE"
ADX_change="FALSE"

event="FALSE"
Aroon_signal="negative"
Aroon_change="FALSE"
Aroon_momentum_positive="35"
Aroon_momentum_negative="65"
image_negative_thumbnail_id_1="509"
image_negative_url_1="https://hehge.com/wp-content/uploads/sites/16/2023/06/MI_Finance_Negative_Landscape_0096.jpeg"
image_negative_thumbnail_id_2="108"
image_negative_url_2="https://hehge.com/wp-content/uploads/sites/16/2023/05/MI_Finance_Negative_Landscape_0068.jpeg"
image_neutral_thumbnail_id_1="567"
image_neutral_url_1="https://hehge.com/wp-content/uploads/sites/16/2023/06/MI_Finance_Neutral_Landscape_0032.jpeg"
image_neutral_thumbnail_id_2="580"
image_neutral_url_2="https://hehge.com/wp-content/uploads/sites/16/2023/06/MI_Finance_Neutral_Landscape_0019.jpeg"
image_positive_thumbnail_id_1="642"
image_positive_url_1="https://hehge.com/wp-content/uploads/sites/16/2023/06/MI_Finance_Positive_Landscape_0066.jpeg"
image_positive_thumbnail_id_2="954"
image_positive_url_2="https://hehge.com/wp-content/uploads/sites/16/2023/06/MI_Finance_Positive_Landscape_0116.jpeg"
image_professor_thumbnail_id_1="1193"
image_professor_url_1="https://hehge.com/wp-content/uploads/sites/16/2023/06/MI_Finance_Professor_Landscape_0027.jpeg"
image_professor_thumbnail_id_2="1201"
image_professor_url_2="https://hehge.com/wp-content/uploads/sites/16/2023/06/MI_Finance_Professor_Landscape_0035.jpeg"
