Symbol="ACCO"
AssetType="Common Stock"
Name="Acco Brands Corporation"
Description="ACCO Brands Corporation designs, manufactures and markets consumer, school, technology and office products. The company is headquartered in Lake Zurich, Illinois."
CIK="712034"
Exchange="NYSE"
Currency="USD"
Country="USA"
Sector="MANUFACTURING"
Industry="BLANKBOOKS, LOOSELEAF BINDERS & BOOKBINDG & RELATD WORK"
Address="FOUR CORPORATE DRIVE, LAKE ZURICH, IL, US"
FiscalYearEnd="December"
LatestQuarter="2023-06-30"
MarketCapitalization="498316000"
EBITDA="210900000"
PERatio="None"
PEGRatio="0.421"
BookValue="8.75"
DividendPerShare="0.3"
DividendYield="0.0571"
EPS="-0.28"
RevenuePerShareTTM="19.85"
ProfitMargin="-0.0145"
OperatingMarginTTM="0.0784"
ReturnOnAssetsTTM="0.0311"
ReturnOnEquityTTM="-0.0319"
RevenueTTM="1881200000"
GrossProfitTTM="552300000"
DilutedEPSTTM="-0.28"
QuarterlyEarningsGrowthYOY="-0.325"
QuarterlyRevenueGrowthYOY="-0.053"
AnalystTargetPrice="9.75"
TrailingPE="-"
ForwardPE="5.05"
PriceToSalesRatioTTM="0.255"
PriceToBookRatio="0.677"
EVToRevenue="0.803"
EVToEBITDA="9.67"
Beta="1.859"
num_52WeekHigh="6.34"
num_52WeekLow="4.036"
num_50DayMovingAverage="5.51"
num_200DayMovingAverage="5.44"
SharesOutstanding="94917000"
DividendDate="2023-09-12"
ExDividendDate="2023-08-21"
symbol="ACCO"
open="5.25"
high="5.36"
low="5.18"
price="5.33"
volume="1339189.00"
latest_trading_day="2023-08-31"
previous_close="5.25"
change="0.08"
change_percent="1.5238%"
aroon_positive_momentum_days="0"
aroon_negative_momentum_days="43"
trend_strength="Absent or Weak Trend"
buying_signal="High Volatility / Hold Signal"
volume_analysis="Target Volume"
value_analysis="Expected Range"
Aroon_change="FALSE"
Aroon_momentum="57"
Volume_recent_avg="560260"
Change_recent_avg="0.01"
Delta_recent_avg="0.16"
Variance_recent_avg="0.08"
Change_ratio_recent_avg="-0.08"
RSI_change="FALSE"
ADX_change="FALSE"

event="FALSE"
Aroon_signal="negative"
Aroon_change="FALSE"
Aroon_momentum_positive="57"
Aroon_momentum_negative="43"
image_negative_thumbnail_id_1="505"
image_negative_url_1="https://hehge.com/wp-content/uploads/sites/16/2023/06/MI_Finance_Negative_Landscape_0100.jpeg"
image_negative_thumbnail_id_2="1093"
image_negative_url_2="https://hehge.com/wp-content/uploads/sites/16/2023/06/MI_Finance_Negative_Landscape_0126.jpeg"
image_neutral_thumbnail_id_1="578"
image_neutral_url_1="https://hehge.com/wp-content/uploads/sites/16/2023/06/MI_Finance_Neutral_Landscape_0021.jpeg"
image_neutral_thumbnail_id_2="597"
image_neutral_url_2="https://hehge.com/wp-content/uploads/sites/16/2023/06/MI_Finance_Neutral_Landscape_0002.jpeg"
image_positive_thumbnail_id_1="658"
image_positive_url_1="https://hehge.com/wp-content/uploads/sites/16/2023/06/MI_Finance_Positive_Landscape_0050.jpeg"
image_positive_thumbnail_id_2="1003"
image_positive_url_2="https://hehge.com/wp-content/uploads/sites/16/2023/06/MI_Finance_Positive_Landscape_0165.jpeg"
image_professor_thumbnail_id_1="1189"
image_professor_url_1="https://hehge.com/wp-content/uploads/sites/16/2023/06/MI_Finance_Professor_Landscape_0023.jpeg"
image_professor_thumbnail_id_2="1191"
image_professor_url_2="https://hehge.com/wp-content/uploads/sites/16/2023/06/MI_Finance_Professor_Landscape_0025.jpeg"
