Symbol="FIGS"
AssetType="Common Stock"
Name="Figs Inc"
Description="FIGS, Inc. is a consumer-focused healthcare lifestyle and apparel company in the United States. The company is headquartered in Santa Monica, California."
CIK="1846576"
Exchange="NYSE"
Currency="USD"
Country="USA"
Sector="MANUFACTURING"
Industry="APPAREL & OTHER FINISHD PRODS OF FABRICS & SIMILAR MATL"
Address="2834 COLORADO AVENUE, SUITE 100, SANTA MONICA, CA, US"
FiscalYearEnd="December"
LatestQuarter="2023-06-30"
MarketCapitalization="1057967000"
EBITDA="26822000"
PERatio="78.5"
PEGRatio="None"
BookValue="2.002"
DividendPerShare="0"
DividendYield="0"
EPS="0.08"
RevenuePerShareTTM="3.195"
ProfitMargin="0.0262"
OperatingMarginTTM="0.0458"
ReturnOnAssetsTTM="0.0398"
ReturnOnEquityTTM="0.0453"
RevenueTTM="531851000"
GrossProfitTTM="354460000"
DilutedEPSTTM="0.08"
QuarterlyEarningsGrowthYOY="-0.32"
QuarterlyRevenueGrowthYOY="0.13"
AnalystTargetPrice="8.93"
TrailingPE="78.5"
ForwardPE="63.69"
PriceToSalesRatioTTM="2.298"
PriceToBookRatio="4.199"
EVToRevenue="2.231"
EVToEBITDA="21.15"
Beta="1.4"
num_52WeekHigh="12.87"
num_52WeekLow="5.55"
num_50DayMovingAverage="7.39"
num_200DayMovingAverage="7.42"
SharesOutstanding="160718000"
DividendDate="None"
ExDividendDate="None"
symbol="FIGS"
open="6.31"
high="6.40"
low="6.17"
price="6.37"
volume="2600385.00"
latest_trading_day="2023-08-25"
previous_close="6.28"
change="0.09"
change_percent="1.4331%"
aroon_positive_momentum_days="0"
aroon_negative_momentum_days="54"
trend_strength="Absent or Weak Trend"
buying_signal="Strong Sell Signal"
volume_analysis="Target Volume"
value_analysis="Expected Range"
Aroon_change="FALSE"
Aroon_momentum="46"
Volume_recent_avg="2817443"
Change_recent_avg="0.01"
Delta_recent_avg="0.36"
Variance_recent_avg="0.18"
Change_ratio_recent_avg="-0.04"
RSI_change="FALSE"
ADX_change="FALSE"

event="FALSE"
Aroon_signal="negative"
Aroon_change="FALSE"
Aroon_momentum_positive="46"
Aroon_momentum_negative="54"
image_negative_thumbnail_id_1="147"
image_negative_url_1="https://hehge.com/wp-content/uploads/sites/16/2023/05/MI_Finance_Negative_Landscape_0029.jpeg"
image_negative_thumbnail_id_2="1106"
image_negative_url_2="https://hehge.com/wp-content/uploads/sites/16/2023/06/MI_Finance_Negative_Landscape_0139.jpeg"
image_neutral_thumbnail_id_1="586"
image_neutral_url_1="https://hehge.com/wp-content/uploads/sites/16/2023/06/MI_Finance_Neutral_Landscape_0013.jpeg"
image_neutral_thumbnail_id_2="562"
image_neutral_url_2="https://hehge.com/wp-content/uploads/sites/16/2023/06/MI_Finance_Neutral_Landscape_0037.jpeg"
image_positive_thumbnail_id_1="611"
image_positive_url_1="https://hehge.com/wp-content/uploads/sites/16/2023/06/MI_Finance_Positive_Landscape_0097.jpeg"
image_positive_thumbnail_id_2="658"
image_positive_url_2="https://hehge.com/wp-content/uploads/sites/16/2023/06/MI_Finance_Positive_Landscape_0050.jpeg"
image_professor_thumbnail_id_1="1188"
image_professor_url_1="https://hehge.com/wp-content/uploads/sites/16/2023/06/MI_Finance_Professor_Landscape_0022.jpeg"
image_professor_thumbnail_id_2="1184"
image_professor_url_2="https://hehge.com/wp-content/uploads/sites/16/2023/06/MI_Finance_Professor_Landscape_0018.jpeg"
