Symbol="OSIS"
AssetType="Common Stock"
Name="OSI Systems Inc"
Description="OSI Systems, Inc. designs, manufactures, and sells electronic components and systems worldwide. The company is headquartered in Hawthorne, California."
CIK="1039065"
Exchange="NASDAQ"
Currency="USD"
Country="USA"
Sector="MANUFACTURING"
Industry="SEMICONDUCTORS & RELATED DEVICES"
Address="12525 CHADRON AVE, HAWTHORNE, CA, US"
FiscalYearEnd="June"
LatestQuarter="2023-03-31"
MarketCapitalization="1967703000"
EBITDA="169320000"
PERatio="24.51"
PEGRatio="1.245"
BookValue="39.87"
DividendPerShare="0"
DividendYield="0"
EPS="4.8"
RevenuePerShareTTM="71.23"
ProfitMargin="0.0691"
OperatingMarginTTM="0.109"
ReturnOnAssetsTTM="0.0556"
ReturnOnEquityTTM="0.129"
RevenueTTM="1203378000"
GrossProfitTTM="424427000"
DilutedEPSTTM="4.8"
QuarterlyEarningsGrowthYOY="-0.473"
QuarterlyRevenueGrowthYOY="0.043"
AnalystTargetPrice="142.4"
TrailingPE="24.51"
ForwardPE="13.7"
PriceToSalesRatioTTM="1.156"
PriceToBookRatio="2.253"
EVToRevenue="1.467"
EVToEBITDA="9.49"
Beta="0.914"
num_52WeekHigh="127.07"
num_52WeekLow="69.31"
num_50DayMovingAverage="119.76"
num_200DayMovingAverage="98.97"
SharesOutstanding="16727900"
DividendDate="None"
ExDividendDate="None"
symbol="OSIS"
open="118.28"
high="118.89"
low="117.16"
price="117.63"
volume="43863.00"
latest_trading_day="2023-07-28"
previous_close="118.01"
change="-0.38"
change_percent="-0.3220%"
aroon_positive_momentum_days="0"
aroon_negative_momentum_days="1"
trend_strength="Absent or Weak Trend"
buying_signal="Weak Sell Signal"
volume_analysis="Target Volume"
value_analysis="Expected Range"
Aroon_change="TRUE"
Aroon_momentum="99"
Volume_recent_avg="114445"
Change_recent_avg="0.22"
Delta_recent_avg="2.57"
Variance_recent_avg="1.29"
Change_ratio_recent_avg="0.2"
RSI_change="FALSE"
ADX_change="FALSE"
Aroon_signal="negative"
Aroon_change="TRUE"
Aroon_momentum_positive="99"
Aroon_momentum_negative="1"
image_negative_thumbnail_id_1="495"
image_negative_url_1="https://hehge.com/wp-content/uploads/sites/16/2023/06/MI_Finance_Negative_Landscape_0110.jpeg"
image_negative_thumbnail_id_2="1110"
image_negative_url_2="https://hehge.com/wp-content/uploads/sites/16/2023/06/MI_Finance_Negative_Landscape_0143.jpeg"
image_neutral_thumbnail_id_1="534"
image_neutral_url_1="https://hehge.com/wp-content/uploads/sites/16/2023/06/MI_Finance_Neutral_Landscape_0065.jpeg"
image_neutral_thumbnail_id_2="571"
image_neutral_url_2="https://hehge.com/wp-content/uploads/sites/16/2023/06/MI_Finance_Neutral_Landscape_0028.jpeg"
image_positive_thumbnail_id_1="631"
image_positive_url_1="https://hehge.com/wp-content/uploads/sites/16/2023/06/MI_Finance_Positive_Landscape_0077.jpeg"
image_positive_thumbnail_id_2="641"
image_positive_url_2="https://hehge.com/wp-content/uploads/sites/16/2023/06/MI_Finance_Positive_Landscape_0067.jpeg"
image_professor_thumbnail_id_1="1178"
image_professor_url_1="https://hehge.com/wp-content/uploads/sites/16/2023/06/MI_Finance_Professor_Landscape_0012.jpeg"
image_professor_thumbnail_id_2="1204"
image_professor_url_2="https://hehge.com/wp-content/uploads/sites/16/2023/06/MI_Finance_Professor_Landscape_0038.jpeg"
