Symbol="SKYX"
AssetType="Common Stock"
Name="SKYX Platforms Corp"
Description="SQL Technologies Corporation The company is headquartered in Johns Creek, Georgia."
CIK="1598981"
Exchange="NASDAQ"
Currency="USD"
Country="USA"
Sector="MANUFACTURING"
Industry="ELECTRIC LIGHTING & WIRING EQUIPMENT"
Address="4400 NORTH POINT PARKWAY, SUITE 154, ALPHARETTA, GA, US"
FiscalYearEnd="December"
LatestQuarter="2023-03-31"
MarketCapitalization="225731000"
EBITDA="-21020636"
PERatio="None"
PEGRatio="None"
BookValue="0.103"
DividendPerShare="0"
DividendYield="0"
EPS="-0.21"
RevenuePerShareTTM="0"
ProfitMargin="0"
OperatingMarginTTM="-624.89"
ReturnOnAssetsTTM="-0.343"
ReturnOnEquityTTM="-1.761"
RevenueTTM="35080"
GrossProfitTTM="-106177"
DilutedEPSTTM="-0.21"
QuarterlyEarningsGrowthYOY="0"
QuarterlyRevenueGrowthYOY="0.438"
AnalystTargetPrice="10"
TrailingPE="-"
ForwardPE="-"
PriceToSalesRatioTTM="8054.31"
PriceToBookRatio="14.37"
EVToRevenue="10135.42"
EVToEBITDA="-7.97"
Beta="-2467.72"
num_52WeekHigh="7.78"
num_52WeekLow="1.35"
num_50DayMovingAverage="3.081"
num_200DayMovingAverage="3.114"
SharesOutstanding="87155000"
DividendDate="None"
ExDividendDate="None"
symbol="SKYX"
open="2.53"
high="2.63"
low="2.46"
price="2.59"
volume="102827.00"
latest_trading_day="2023-07-07"
previous_close="2.54"
change="0.05"
change_percent="1.9685%"
aroon_positive_momentum_days="0"
aroon_negative_momentum_days="43"
trend_strength="Absent or Weak Trend"
buying_signal="Weak Sell Signal"
volume_analysis="Target Volume"
value_analysis="Expected Range"
Aroon_change="FALSE"
Aroon_momentum="57"
Volume_recent_avg="233860"
Change_recent_avg="-0.01"
Delta_recent_avg="0.22"
Variance_recent_avg="0.11"
Change_ratio_recent_avg="-0.49"
RSI_change="FALSE"
ADX_change="FALSE"

event="FALSE"
Aroon_signal="negative"
Aroon_change="FALSE"
Aroon_momentum_positive="57"
Aroon_momentum_negative="43"
image_negative_thumbnail_id_1="498"
image_negative_url_1="https://hehge.com/wp-content/uploads/sites/16/2023/06/MI_Finance_Negative_Landscape_0107.jpeg"
image_negative_thumbnail_id_2="500"
image_negative_url_2="https://hehge.com/wp-content/uploads/sites/16/2023/06/MI_Finance_Negative_Landscape_0105.jpeg"
image_neutral_thumbnail_id_1="568"
image_neutral_url_1="https://hehge.com/wp-content/uploads/sites/16/2023/06/MI_Finance_Neutral_Landscape_0031.jpeg"
image_neutral_thumbnail_id_2="583"
image_neutral_url_2="https://hehge.com/wp-content/uploads/sites/16/2023/06/MI_Finance_Neutral_Landscape_0016.jpeg"
image_positive_thumbnail_id_1="684"
image_positive_url_1="https://hehge.com/wp-content/uploads/sites/16/2023/06/MI_Finance_Positive_Landscape_0024.jpeg"
image_positive_thumbnail_id_2="988"
image_positive_url_2="https://hehge.com/wp-content/uploads/sites/16/2023/06/MI_Finance_Positive_Landscape_0150.jpeg"
image_professor_thumbnail_id_1="1167"
image_professor_url_1="https://hehge.com/wp-content/uploads/sites/16/2023/06/MI_Finance_Professor_Landscape_0001.jpeg"
image_professor_thumbnail_id_2="1192"
image_professor_url_2="https://hehge.com/wp-content/uploads/sites/16/2023/06/MI_Finance_Professor_Landscape_0026.jpeg"
