Symbol="EVA"
AssetType="Common Stock"
Name="Enviva Partners LP"
Description="Enviva Partners, LP produces and sells general purpose wood pellets. The company is headquartered in Bethesda, Maryland."
CIK="1592057"
Exchange="NYSE"
Currency="USD"
Country="USA"
Sector="MANUFACTURING"
Industry="LUMBER & WOOD PRODUCTS (NO FURNITURE)"
Address="7200 WISCONSIN AVE, SUITE 1000, BETHESDA, MD, US"
FiscalYearEnd="December"
LatestQuarter="2023-06-30"
MarketCapitalization="822090000"
EBITDA="32809000"
PERatio="None"
PEGRatio="0"
BookValue="5.19"
DividendPerShare="1.81"
DividendYield="0.3"
EPS="-3.91"
RevenuePerShareTTM="16.86"
ProfitMargin="-0.236"
OperatingMarginTTM="-0.0827"
ReturnOnAssetsTTM="-0.0255"
ReturnOnEquityTTM="-0.695"
RevenueTTM="1135960000"
GrossProfitTTM="207741000"
DilutedEPSTTM="-3.91"
QuarterlyEarningsGrowthYOY="15.21"
QuarterlyRevenueGrowthYOY="0.019"
AnalystTargetPrice="15.8"
TrailingPE="-"
ForwardPE="-"
PriceToSalesRatioTTM="3.252"
PriceToBookRatio="8.93"
EVToRevenue="4.84"
EVToEBITDA="-3855.53"
Beta="1.087"
num_52WeekHigh="73.43"
num_52WeekLow="6.69"
num_50DayMovingAverage="11.81"
num_200DayMovingAverage="32.42"
SharesOutstanding="74330000"
DividendDate="2023-02-24"
ExDividendDate="2023-02-17"
symbol="EVA"
open="11.56"
high="11.70"
low="10.85"
price="10.92"
volume="677036.00"
latest_trading_day="2023-08-14"
previous_close="11.85"
change="-0.93"
change_percent="-7.8481%"
aroon_positive_momentum_days="10"
aroon_negative_momentum_days="0"
trend_strength="Strong Trend"
buying_signal="Strong Buy Signal"
volume_analysis="Trending High"
value_analysis="Bullish Trend"
Aroon_change="FALSE"
Aroon_momentum="10"
Volume_recent_avg="1406411"
Change_recent_avg="-0.08"
Delta_recent_avg="0.95"
Variance_recent_avg="0.48"
Change_ratio_recent_avg="-0.46"
RSI_change="FALSE"
ADX_change="FALSE"

event="aroon_milestone_positive_10"
Aroon_signal="positive"
Aroon_change="FALSE"
Aroon_momentum_positive="10"
Aroon_momentum_negative="90"
image_negative_thumbnail_id_1="495"
image_negative_url_1="https://hehge.com/wp-content/uploads/sites/16/2023/06/MI_Finance_Negative_Landscape_0110.jpeg"
image_negative_thumbnail_id_2="1111"
image_negative_url_2="https://hehge.com/wp-content/uploads/sites/16/2023/06/MI_Finance_Negative_Landscape_0144.jpeg"
image_neutral_thumbnail_id_1="566"
image_neutral_url_1="https://hehge.com/wp-content/uploads/sites/16/2023/06/MI_Finance_Neutral_Landscape_0033.jpeg"
image_neutral_thumbnail_id_2="557"
image_neutral_url_2="https://hehge.com/wp-content/uploads/sites/16/2023/06/MI_Finance_Neutral_Landscape_0042.jpeg"
image_positive_thumbnail_id_1="969"
image_positive_url_1="https://hehge.com/wp-content/uploads/sites/16/2023/06/MI_Finance_Positive_Landscape_0131.jpeg"
image_positive_thumbnail_id_2="701"
image_positive_url_2="https://hehge.com/wp-content/uploads/sites/16/2023/06/MI_Finance_Positive_Landscape_0007.jpeg"
image_professor_thumbnail_id_1="1187"
image_professor_url_1="https://hehge.com/wp-content/uploads/sites/16/2023/06/MI_Finance_Professor_Landscape_0021.jpeg"
image_professor_thumbnail_id_2="1190"
image_professor_url_2="https://hehge.com/wp-content/uploads/sites/16/2023/06/MI_Finance_Professor_Landscape_0024.jpeg"
