Symbol="CELH"
AssetType="Common Stock"
Name="Celsius Holdings Inc"
Description="Celsius Holdings, Inc. develops, markets, distributes, and sells calorie-burning functional fitness drinks in the United States and internationally. The company is headquartered in Boca Raton, Florida."
CIK="1341766"
Exchange="NASDAQ"
Currency="USD"
Country="USA"
Sector="MANUFACTURING"
Industry="BOTTLED & CANNED SOFT DRINKS & CARBONATED WATERS"
Address="2424 N. FEDERAL HWY, SUITE 208, BOCA RATON, FL, US"
FiscalYearEnd="December"
LatestQuarter="2023-06-30"
MarketCapitalization="13421984000"
EBITDA="-65788000"
PERatio="None"
PEGRatio="0"
BookValue="1.705"
DividendPerShare="0"
DividendYield="0"
EPS="-2.38"
RevenuePerShareTTM="12.48"
ProfitMargin="-0.116"
OperatingMarginTTM="-0.0716"
ReturnOnAssetsTTM="-0.0487"
ReturnOnEquityTTM="-0.185"
RevenueTTM="952018000"
GrossProfitTTM="270869000"
DilutedEPSTTM="-2.38"
QuarterlyEarningsGrowthYOY="3.333"
QuarterlyRevenueGrowthYOY="1.116"
AnalystTargetPrice="181"
TrailingPE="-"
ForwardPE="111.11"
PriceToSalesRatioTTM="14.08"
PriceToBookRatio="148.79"
EVToRevenue="15.66"
EVToEBITDA="-75.41"
Beta="1.813"
num_52WeekHigh="183.68"
num_52WeekLow="78.25"
num_50DayMovingAverage="150.68"
num_200DayMovingAverage="113.87"
SharesOutstanding="76789000"
DividendDate="None"
ExDividendDate="None"
symbol="CELH"
open="168.26"
high="176.40"
low="167.16"
price="174.79"
volume="1067955.00"
latest_trading_day="2023-08-18"
previous_close="169.35"
change="5.44"
change_percent="3.2123%"
aroon_positive_momentum_days="76"
aroon_negative_momentum_days="0"
trend_strength="Absent or Weak Trend"
buying_signal="Strong Buy Signal"
volume_analysis="Trending Low"
value_analysis="Bearish Trend"
Aroon_change="FALSE"
Aroon_momentum="76"
Volume_recent_avg="1238337"
Change_recent_avg="0.28"
Delta_recent_avg="5.26"
Variance_recent_avg="2.63"
Change_ratio_recent_avg="0.22"
RSI_change="FALSE"
ADX_change="FALSE"

event="FALSE"
Aroon_signal="positive"
Aroon_change="FALSE"
Aroon_momentum_positive="76"
Aroon_momentum_negative="24"
image_negative_thumbnail_id_1="1102"
image_negative_url_1="https://hehge.com/wp-content/uploads/sites/16/2023/06/MI_Finance_Negative_Landscape_0135.jpeg"
image_negative_thumbnail_id_2="505"
image_negative_url_2="https://hehge.com/wp-content/uploads/sites/16/2023/06/MI_Finance_Negative_Landscape_0100.jpeg"
image_neutral_thumbnail_id_1="594"
image_neutral_url_1="https://hehge.com/wp-content/uploads/sites/16/2023/06/MI_Finance_Neutral_Landscape_0005.jpeg"
image_neutral_thumbnail_id_2="598"
image_neutral_url_2="https://hehge.com/wp-content/uploads/sites/16/2023/06/MI_Finance_Neutral_Landscape_0001.jpeg"
image_positive_thumbnail_id_1="1010"
image_positive_url_1="https://hehge.com/wp-content/uploads/sites/16/2023/06/MI_Finance_Positive_Landscape_0172.jpeg"
image_positive_thumbnail_id_2="621"
image_positive_url_2="https://hehge.com/wp-content/uploads/sites/16/2023/06/MI_Finance_Positive_Landscape_0087.jpeg"
image_professor_thumbnail_id_1="1178"
image_professor_url_1="https://hehge.com/wp-content/uploads/sites/16/2023/06/MI_Finance_Professor_Landscape_0012.jpeg"
image_professor_thumbnail_id_2="1199"
image_professor_url_2="https://hehge.com/wp-content/uploads/sites/16/2023/06/MI_Finance_Professor_Landscape_0033.jpeg"
