Symbol="BW"
AssetType="Common Stock"
Name="Babcock & Wilcox Enterprises Inc"
Description="Babcock & Wilcox Enterprises, Inc., provides energy and environmental technologies and services for the energy and industrial markets globally. The company is headquartered in Akron, Ohio."
CIK="1630805"
Exchange="NYSE"
Currency="USD"
Country="USA"
Sector="MANUFACTURING"
Industry="HEATING EQUIPMENT, EXCEPT ELECTRIC & WARM AIR FURNACES"
Address="1200 E. MARKET STREET, SUITE 650, AKRON, OH, US"
FiscalYearEnd="December"
LatestQuarter="2023-03-31"
MarketCapitalization="459292000"
EBITDA="66702000"
PERatio="None"
PEGRatio="-0.08"
BookValue="-0.124"
DividendPerShare="0"
DividendYield="0"
EPS="-0.46"
RevenuePerShareTTM="10.66"
ProfitMargin="-0.0287"
OperatingMarginTTM="0.0462"
ReturnOnAssetsTTM="0.0283"
ReturnOnEquityTTM="-1.801"
RevenueTTM="943013000"
GrossProfitTTM="185623000"
DilutedEPSTTM="-0.46"
QuarterlyEarningsGrowthYOY="-0.935"
QuarterlyRevenueGrowthYOY="0.261"
AnalystTargetPrice="9"
TrailingPE="-"
ForwardPE="123.46"
PriceToSalesRatioTTM="0.534"
PriceToBookRatio="60.56"
EVToRevenue="0.96"
EVToEBITDA="14.23"
Beta="1.906"
num_52WeekHigh="8.62"
num_52WeekLow="3.89"
num_50DayMovingAverage="5.77"
num_200DayMovingAverage="5.78"
SharesOutstanding="88752000"
DividendDate="2019-07-24"
ExDividendDate="None"
symbol="BW"
open="5.18"
high="5.28"
low="5.10"
price="5.21"
volume="324197.00"
latest_trading_day="2023-08-03"
previous_close="5.20"
change="0.01"
change_percent="0.1923%"
aroon_positive_momentum_days="43"
aroon_negative_momentum_days="0"
trend_strength="Absent or Weak Trend"
buying_signal="Weak Buy Signal"
volume_analysis="Target Volume"
value_analysis="Expected Range"
Aroon_change="FALSE"
Aroon_momentum="43"
Volume_recent_avg="488298"
Change_recent_avg="-0.01"
Delta_recent_avg="0.26"
Variance_recent_avg="0.13"
Change_ratio_recent_avg="-0.24"
RSI_change="FALSE"
ADX_change="FALSE"

event="FALSE"
Aroon_signal="positive"
Aroon_change="FALSE"
Aroon_momentum_positive="43"
Aroon_momentum_negative="57"
image_negative_thumbnail_id_1="505"
image_negative_url_1="https://hehge.com/wp-content/uploads/sites/16/2023/06/MI_Finance_Negative_Landscape_0100.jpeg"
image_negative_thumbnail_id_2="164"
image_negative_url_2="https://hehge.com/wp-content/uploads/sites/16/2023/05/MI_Finance_Negative_Landscape_0012.jpeg"
image_neutral_thumbnail_id_1="546"
image_neutral_url_1="https://hehge.com/wp-content/uploads/sites/16/2023/06/MI_Finance_Neutral_Landscape_0053.jpeg"
image_neutral_thumbnail_id_2="570"
image_neutral_url_2="https://hehge.com/wp-content/uploads/sites/16/2023/06/MI_Finance_Neutral_Landscape_0029.jpeg"
image_positive_thumbnail_id_1="972"
image_positive_url_1="https://hehge.com/wp-content/uploads/sites/16/2023/06/MI_Finance_Positive_Landscape_0134.jpeg"
image_positive_thumbnail_id_2="703"
image_positive_url_2="https://hehge.com/wp-content/uploads/sites/16/2023/06/MI_Finance_Positive_Landscape_0005.jpeg"
image_professor_thumbnail_id_1="1190"
image_professor_url_1="https://hehge.com/wp-content/uploads/sites/16/2023/06/MI_Finance_Professor_Landscape_0024.jpeg"
image_professor_thumbnail_id_2="1168"
image_professor_url_2="https://hehge.com/wp-content/uploads/sites/16/2023/06/MI_Finance_Professor_Landscape_0002.jpeg"
