Symbol="FSR"
AssetType="Common Stock"
Name="Fisker Inc"
Description="Fisker, Inc. focuses on the design, development, manufacture and sale of electric vehicles. The company is headquartered in Manhattan Beach, California."
CIK="1720990"
Exchange="NYSE"
Currency="USD"
Country="USA"
Sector="MANUFACTURING"
Industry="MOTOR VEHICLES & PASSENGER CAR BODIES"
Address="9 WEST 57TH STREET, 43RD FLOOR, NEW YORK, NY, US"
FiscalYearEnd="December"
LatestQuarter="2023-03-31"
MarketCapitalization="2038071000"
EBITDA="-502711008"
PERatio="None"
PEGRatio="None"
BookValue="1.255"
DividendPerShare="0"
DividendYield="0"
EPS="-1.67"
RevenuePerShareTTM="0.004"
ProfitMargin="0"
OperatingMarginTTM="-392.89"
ReturnOnAssetsTTM="-0.211"
ReturnOnEquityTTM="-1.022"
RevenueTTM="1343000"
GrossProfitTTM="79000"
DilutedEPSTTM="-1.67"
QuarterlyEarningsGrowthYOY="0"
QuarterlyRevenueGrowthYOY="81.5"
AnalystTargetPrice="9.05"
TrailingPE="-"
ForwardPE="-"
PriceToSalesRatioTTM="28598.5"
PriceToBookRatio="4.779"
EVToRevenue="27596.35"
EVToEBITDA="-75.66"
Beta="0.993"
num_52WeekHigh="10.2"
num_52WeekLow="4.26"
num_50DayMovingAverage="6.02"
num_200DayMovingAverage="6.61"
SharesOutstanding="210179000"
DividendDate="None"
ExDividendDate="None"
symbol="FSR"
open="5.91"
high="5.96"
low="5.51"
price="5.95"
volume="10395166.00"
latest_trading_day="2023-08-07"
previous_close="5.85"
change="0.10"
change_percent="1.7094%"
aroon_positive_momentum_days="43"
aroon_negative_momentum_days="0"
trend_strength="Absent or Weak Trend"
buying_signal="High Volatility / Hold Signal"
volume_analysis="Target Volume"
value_analysis="Expected Range"
Aroon_change="FALSE"
Aroon_momentum="43"
Volume_recent_avg="8972909"
Change_recent_avg="0.01"
Delta_recent_avg="0.41"
Variance_recent_avg="0.21"
Change_ratio_recent_avg="-0.17"
RSI_change="FALSE"
ADX_change="FALSE"

event="FALSE"
Aroon_signal="positive"
Aroon_change="FALSE"
Aroon_momentum_positive="43"
Aroon_momentum_negative="57"
image_negative_thumbnail_id_1="141"
image_negative_url_1="https://hehge.com/wp-content/uploads/sites/16/2023/05/MI_Finance_Negative_Landscape_0035.jpeg"
image_negative_thumbnail_id_2="170"
image_negative_url_2="https://hehge.com/wp-content/uploads/sites/16/2023/05/MI_Finance_Negative_Landscape_0006.jpeg"
image_neutral_thumbnail_id_1="532"
image_neutral_url_1="https://hehge.com/wp-content/uploads/sites/16/2023/06/MI_Finance_Neutral_Landscape_0067.jpeg"
image_neutral_thumbnail_id_2="531"
image_neutral_url_2="https://hehge.com/wp-content/uploads/sites/16/2023/06/MI_Finance_Neutral_Landscape_0068.jpeg"
image_positive_thumbnail_id_1="679"
image_positive_url_1="https://hehge.com/wp-content/uploads/sites/16/2023/06/MI_Finance_Positive_Landscape_0029.jpeg"
image_positive_thumbnail_id_2="637"
image_positive_url_2="https://hehge.com/wp-content/uploads/sites/16/2023/06/MI_Finance_Positive_Landscape_0071.jpeg"
image_professor_thumbnail_id_1="1182"
image_professor_url_1="https://hehge.com/wp-content/uploads/sites/16/2023/06/MI_Finance_Professor_Landscape_0016.jpeg"
image_professor_thumbnail_id_2="1181"
image_professor_url_2="https://hehge.com/wp-content/uploads/sites/16/2023/06/MI_Finance_Professor_Landscape_0015.jpeg"
