Symbol="IHS"
AssetType="Common Stock"
Name="IHS Holding Ltd"
Description="IHS Holding Limited owns, operates and develops shared telecommunications infrastructure in Africa, Latin America, Europe and the Middle East. The company is headquartered in London, the United Kingdom."
CIK="1876183"
Exchange="NYSE"
Currency="USD"
Country="USA"
Sector="MANUFACTURING"
Industry="COMMUNICATIONS EQUIPMENT, NEC"
Address="1 CATHEDRAL PIAZZA, 123 VICTORIA STREET, LONDON, GB"
FiscalYearEnd="December"
LatestQuarter="2023-06-30"
MarketCapitalization="2395791000"
EBITDA="828690000"
PERatio="None"
PEGRatio="None"
BookValue="1.539"
DividendPerShare="0"
DividendYield="0"
EPS="-4.72"
RevenuePerShareTTM="6.61"
ProfitMargin="-0.699"
OperatingMarginTTM="0.222"
ReturnOnAssetsTTM="0.0504"
ReturnOnEquityTTM="-1.322"
RevenueTTM="2196216000"
GrossProfitTTM="859033000"
DilutedEPSTTM="-4.72"
QuarterlyEarningsGrowthYOY="-0.4"
QuarterlyRevenueGrowthYOY="0.168"
AnalystTargetPrice="14.36"
TrailingPE="-"
ForwardPE="18.87"
PriceToSalesRatioTTM="1.093"
PriceToBookRatio="1.67"
EVToRevenue="2.898"
EVToEBITDA="13.74"
Beta="None"
num_52WeekHigh="10.13"
num_52WeekLow="4.91"
num_50DayMovingAverage="8.47"
num_200DayMovingAverage="7.9"
SharesOutstanding="334141000"
DividendDate="None"
ExDividendDate="None"
symbol="IHS"
open="7.30"
high="7.30"
low="7.02"
price="7.17"
volume="164401.00"
latest_trading_day="2023-08-25"
previous_close="7.27"
change="-0.10"
change_percent="-1.3755%"
aroon_positive_momentum_days="0"
aroon_negative_momentum_days="18"
trend_strength="Absent or Weak Trend"
buying_signal="Weak Sell Signal"
volume_analysis="Target Volume"
value_analysis="Expected Range"
Aroon_change="FALSE"
Aroon_momentum="82"
Volume_recent_avg="272961"
Change_recent_avg="-0.01"
Delta_recent_avg="0.33"
Variance_recent_avg="0.17"
Change_ratio_recent_avg="-0.16"
RSI_change="FALSE"
ADX_change="FALSE"

event="FALSE"
Aroon_signal="negative"
Aroon_change="FALSE"
Aroon_momentum_positive="82"
Aroon_momentum_negative="18"
image_negative_thumbnail_id_1="1104"
image_negative_url_1="https://hehge.com/wp-content/uploads/sites/16/2023/06/MI_Finance_Negative_Landscape_0137.jpeg"
image_negative_thumbnail_id_2="157"
image_negative_url_2="https://hehge.com/wp-content/uploads/sites/16/2023/05/MI_Finance_Negative_Landscape_0019.jpeg"
image_neutral_thumbnail_id_1="592"
image_neutral_url_1="https://hehge.com/wp-content/uploads/sites/16/2023/06/MI_Finance_Neutral_Landscape_0007.jpeg"
image_neutral_thumbnail_id_2="586"
image_neutral_url_2="https://hehge.com/wp-content/uploads/sites/16/2023/06/MI_Finance_Neutral_Landscape_0013.jpeg"
image_positive_thumbnail_id_1="647"
image_positive_url_1="https://hehge.com/wp-content/uploads/sites/16/2023/06/MI_Finance_Positive_Landscape_0061.jpeg"
image_positive_thumbnail_id_2="608"
image_positive_url_2="https://hehge.com/wp-content/uploads/sites/16/2023/06/MI_Finance_Positive_Landscape_0100.jpeg"
image_professor_thumbnail_id_1="1171"
image_professor_url_1="https://hehge.com/wp-content/uploads/sites/16/2023/06/MI_Finance_Professor_Landscape_0005.jpeg"
image_professor_thumbnail_id_2="1187"
image_professor_url_2="https://hehge.com/wp-content/uploads/sites/16/2023/06/MI_Finance_Professor_Landscape_0021.jpeg"
