Symbol="DQ"
AssetType="Common Stock"
Name="Daqo New Energy Corp ADR"
Description="Daqo New Energy Corp. The company is headquartered in Shanghai, the People's Republic of China."
CIK="1477641"
Exchange="NYSE"
Currency="USD"
Country="China"
Sector="MANUFACTURING"
Industry="SEMICONDUCTORS & RELATED DEVICES"
Address="666 LONGDU AVENUE, WANZHOU, CHONGQING, CHINA"
FiscalYearEnd="December"
LatestQuarter="2023-06-30"
MarketCapitalization="2715131000"
EBITDA="2106987000"
PERatio="1.78"
PEGRatio="0.174"
BookValue="63.4"
DividendPerShare="0"
DividendYield="0"
EPS="19.74"
RevenuePerShareTTM="44.45"
ProfitMargin="0.303"
OperatingMarginTTM="0.581"
ReturnOnAssetsTTM="0.18"
ReturnOnEquityTTM="0.266"
RevenueTTM="3430499000"
GrossProfitTTM="3407921000"
DilutedEPSTTM="19.74"
QuarterlyEarningsGrowthYOY="-0.835"
QuarterlyRevenueGrowthYOY="-0.488"
AnalystTargetPrice="48.4"
TrailingPE="1.78"
ForwardPE="2.228"
PriceToSalesRatioTTM="0.826"
PriceToBookRatio="0.808"
EVToRevenue="0.827"
EVToEBITDA="1.293"
Beta="0.515"
num_52WeekHigh="73.36"
num_52WeekLow="33.4"
num_50DayMovingAverage="38.25"
num_200DayMovingAverage="43.78"
SharesOutstanding="77266000"
DividendDate="None"
ExDividendDate="None"
symbol="DQ"
open="34.91"
high="35.33"
low="34.35"
price="34.79"
volume="544280.00"
latest_trading_day="2023-08-21"
previous_close="35.14"
change="-0.35"
change_percent="-0.9960%"
aroon_positive_momentum_days="0"
aroon_negative_momentum_days="70"
trend_strength="Absent or Weak Trend"
buying_signal="Weak Sell Signal"
volume_analysis="Target Volume"
value_analysis="Expected Range"
Aroon_change="FALSE"
Aroon_momentum="30"
Volume_recent_avg="984311"
Change_recent_avg="-0.07"
Delta_recent_avg="1.63"
Variance_recent_avg="0.82"
Change_ratio_recent_avg="-0.2"
RSI_change="FALSE"
ADX_change="FALSE"

event="FALSE"
Aroon_signal="negative"
Aroon_change="FALSE"
Aroon_momentum_positive="30"
Aroon_momentum_negative="70"
image_negative_thumbnail_id_1="1148"
image_negative_url_1="https://hehge.com/wp-content/uploads/sites/16/2023/06/MI_Finance_Negative_Landscape_0181.jpeg"
image_negative_thumbnail_id_2="1145"
image_negative_url_2="https://hehge.com/wp-content/uploads/sites/16/2023/06/MI_Finance_Negative_Landscape_0178.jpeg"
image_neutral_thumbnail_id_1="592"
image_neutral_url_1="https://hehge.com/wp-content/uploads/sites/16/2023/06/MI_Finance_Neutral_Landscape_0007.jpeg"
image_neutral_thumbnail_id_2="531"
image_neutral_url_2="https://hehge.com/wp-content/uploads/sites/16/2023/06/MI_Finance_Neutral_Landscape_0068.jpeg"
image_positive_thumbnail_id_1="997"
image_positive_url_1="https://hehge.com/wp-content/uploads/sites/16/2023/06/MI_Finance_Positive_Landscape_0159.jpeg"
image_positive_thumbnail_id_2="978"
image_positive_url_2="https://hehge.com/wp-content/uploads/sites/16/2023/06/MI_Finance_Positive_Landscape_0140.jpeg"
image_professor_thumbnail_id_1="1180"
image_professor_url_1="https://hehge.com/wp-content/uploads/sites/16/2023/06/MI_Finance_Professor_Landscape_0014.jpeg"
image_professor_thumbnail_id_2="1191"
image_professor_url_2="https://hehge.com/wp-content/uploads/sites/16/2023/06/MI_Finance_Professor_Landscape_0025.jpeg"
