Symbol="EBON"
AssetType="Common Stock"
Name="Ebang International Holdings"
Description="Ebang International Holdings Inc. is dedicated to the research, design and development of application-specific integrated circuit chips and the manufacture of Bitcoin mining machines in China, the United States, Hong Kong and internationally. The company is headquartered in Hangzhou, China."
CIK="1799290"
Exchange="NASDAQ"
Currency="USD"
Country="China"
Sector="MANUFACTURING"
Industry="SEMICONDUCTORS & RELATED DEVICES"
Address="BUILDING 2, 1418-36, MOGANSHAN ROAD, HANGZHOU, CHINA"
FiscalYearEnd="December"
LatestQuarter="2023-03-31"
MarketCapitalization="57456000"
EBITDA="-37282696"
PERatio="None"
PEGRatio="None"
BookValue="50.99"
DividendPerShare="0"
DividendYield="0"
EPS="-6.63"
RevenuePerShareTTM="5.17"
ProfitMargin="-1.358"
OperatingMarginTTM="-1.485"
ReturnOnAssetsTTM="-0.0822"
ReturnOnEquityTTM="-0.133"
RevenueTTM="32328100"
GrossProfitTTM="29223200"
DilutedEPSTTM="-6.63"
QuarterlyEarningsGrowthYOY="0"
QuarterlyRevenueGrowthYOY="-0.781"
AnalystTargetPrice="None"
TrailingPE="-"
ForwardPE="-"
PriceToSalesRatioTTM="0.458"
PriceToBookRatio="0.0888"
EVToRevenue="1.212"
EVToEBITDA="54.73"
Beta="1.485"
num_52WeekHigh="18.7"
num_52WeekLow="2.52"
num_50DayMovingAverage="7.88"
num_200DayMovingAverage="7.04"
SharesOutstanding="4989800"
DividendDate="None"
ExDividendDate="None"
symbol="EBON"
open="8.72"
high="8.89"
low="8.48"
price="8.68"
volume="14574.00"
latest_trading_day="2023-08-03"
previous_close="8.78"
change="-0.10"
change_percent="-1.1390%"
aroon_positive_momentum_days="42"
aroon_negative_momentum_days="0"
trend_strength="Absent or Weak Trend"
buying_signal="Strong Buy Signal"
volume_analysis="Target Volume"
value_analysis="Expected Range"
Aroon_change="FALSE"
Aroon_momentum="42"
Volume_recent_avg="33158"
Change_recent_avg="0.03"
Delta_recent_avg="0.58"
Variance_recent_avg="0.29"
Change_ratio_recent_avg="0.18"
RSI_change="FALSE"
ADX_change="FALSE"

event="FALSE"
Aroon_signal="positive"
Aroon_change="FALSE"
Aroon_momentum_positive="42"
Aroon_momentum_negative="58"
image_negative_thumbnail_id_1="1155"
image_negative_url_1="https://hehge.com/wp-content/uploads/sites/16/2023/06/MI_Finance_Negative_Landscape_0189.jpeg"
image_negative_thumbnail_id_2="502"
image_negative_url_2="https://hehge.com/wp-content/uploads/sites/16/2023/06/MI_Finance_Negative_Landscape_0103.jpeg"
image_neutral_thumbnail_id_1="586"
image_neutral_url_1="https://hehge.com/wp-content/uploads/sites/16/2023/06/MI_Finance_Neutral_Landscape_0013.jpeg"
image_neutral_thumbnail_id_2="569"
image_neutral_url_2="https://hehge.com/wp-content/uploads/sites/16/2023/06/MI_Finance_Neutral_Landscape_0030.jpeg"
image_positive_thumbnail_id_1="1003"
image_positive_url_1="https://hehge.com/wp-content/uploads/sites/16/2023/06/MI_Finance_Positive_Landscape_0165.jpeg"
image_positive_thumbnail_id_2="636"
image_positive_url_2="https://hehge.com/wp-content/uploads/sites/16/2023/06/MI_Finance_Positive_Landscape_0072.jpeg"
image_professor_thumbnail_id_1="1187"
image_professor_url_1="https://hehge.com/wp-content/uploads/sites/16/2023/06/MI_Finance_Professor_Landscape_0021.jpeg"
image_professor_thumbnail_id_2="1167"
image_professor_url_2="https://hehge.com/wp-content/uploads/sites/16/2023/06/MI_Finance_Professor_Landscape_0001.jpeg"
