Symbol="CVU"
AssetType="Common Stock"
Name="CPI Aerostructures Inc"
Description="CPI Aerostructures, Inc. is engaged in contract production of aircraft structural parts for fixed-wing aircraft and helicopters in the commercial and defense markets. The company is headquartered in Edgewood, New York."
CIK="889348"
Exchange="NYSE"
Currency="USD"
Country="USA"
Sector="MANUFACTURING"
Industry="AIRCRAFT PARTS & AUXILIARY EQUIPMENT, NEC"
Address="200A EXECUTIVE DR, EDGEWOOD, NY, US"
FiscalYearEnd="December"
LatestQuarter="2023-06-30"
MarketCapitalization="47397000"
EBITDA="7803400"
PERatio="4.361"
PEGRatio="0.523"
BookValue="0.539"
DividendPerShare="0"
DividendYield="0"
EPS="0.86"
RevenuePerShareTTM="6.97"
ProfitMargin="0.125"
OperatingMarginTTM="0.0832"
ReturnOnAssetsTTM="0.0798"
ReturnOnEquityTTM="0.999"
RevenueTTM="86839000"
GrossProfitTTM="16304300"
DilutedEPSTTM="0.86"
QuarterlyEarningsGrowthYOY="1.25"
QuarterlyRevenueGrowthYOY="0.086"
AnalystTargetPrice="4"
TrailingPE="4.361"
ForwardPE="6.54"
PriceToSalesRatioTTM="0.522"
PriceToBookRatio="0.391"
EVToRevenue="0.832"
EVToEBITDA="16.05"
Beta="1.804"
num_52WeekHigh="4.6"
num_52WeekLow="0.86"
num_50DayMovingAverage="3.871"
num_200DayMovingAverage="3.614"
SharesOutstanding="12639200"
DividendDate="None"
ExDividendDate="None"
symbol="CVU"
open="3.75"
high="3.93"
low="3.65"
price="3.75"
volume="71175.00"
latest_trading_day="2023-08-28"
previous_close="3.75"
change="0.00"
change_percent="0.0000%"
aroon_positive_momentum_days="63"
aroon_negative_momentum_days="0"
trend_strength="Absent or Weak Trend"
buying_signal="Weak Buy Signal"
volume_analysis="Target Volume"
value_analysis="Expected Range"
Aroon_change="FALSE"
Aroon_momentum="63"
Volume_recent_avg="37074"
Change_recent_avg="0.01"
Delta_recent_avg="0.2"
Variance_recent_avg="0.1"
Change_ratio_recent_avg="0.02"
RSI_change="FALSE"
ADX_change="FALSE"

event="FALSE"
Aroon_signal="positive"
Aroon_change="FALSE"
Aroon_momentum_positive="63"
Aroon_momentum_negative="37"
image_negative_thumbnail_id_1="1128"
image_negative_url_1="https://hehge.com/wp-content/uploads/sites/16/2023/06/MI_Finance_Negative_Landscape_0161.jpeg"
image_negative_thumbnail_id_2="1147"
image_negative_url_2="https://hehge.com/wp-content/uploads/sites/16/2023/06/MI_Finance_Negative_Landscape_0180.jpeg"
image_neutral_thumbnail_id_1="570"
image_neutral_url_1="https://hehge.com/wp-content/uploads/sites/16/2023/06/MI_Finance_Neutral_Landscape_0029.jpeg"
image_neutral_thumbnail_id_2="571"
image_neutral_url_2="https://hehge.com/wp-content/uploads/sites/16/2023/06/MI_Finance_Neutral_Landscape_0028.jpeg"
image_positive_thumbnail_id_1="645"
image_positive_url_1="https://hehge.com/wp-content/uploads/sites/16/2023/06/MI_Finance_Positive_Landscape_0063.jpeg"
image_positive_thumbnail_id_2="637"
image_positive_url_2="https://hehge.com/wp-content/uploads/sites/16/2023/06/MI_Finance_Positive_Landscape_0071.jpeg"
image_professor_thumbnail_id_1="1179"
image_professor_url_1="https://hehge.com/wp-content/uploads/sites/16/2023/06/MI_Finance_Professor_Landscape_0013.jpeg"
image_professor_thumbnail_id_2="1178"
image_professor_url_2="https://hehge.com/wp-content/uploads/sites/16/2023/06/MI_Finance_Professor_Landscape_0012.jpeg"
