Symbol="ADNT"
AssetType="Common Stock"
Name="Adient PLC"
Description="Adient plc designs, manufactures and markets a range of seating systems and components for passenger cars, commercial vehicles and light trucks. The company is headquartered in Dublin, Ireland."
CIK="1670541"
Exchange="NYSE"
Currency="USD"
Country="USA"
Sector="MANUFACTURING"
Industry="MOTOR VEHICLE PARTS & ACCESSORIES"
Address="25-28 NORTH WALL QUAY, DUBLIN, IE"
FiscalYearEnd="September"
LatestQuarter="2023-06-30"
MarketCapitalization="3724618000"
EBITDA="794000000"
PERatio="302.54"
PEGRatio="0.145"
BookValue="23.21"
DividendPerShare="0"
DividendYield="0"
EPS="0.13"
RevenuePerShareTTM="161.43"
ProfitMargin="0.0075"
OperatingMarginTTM="0.0297"
ReturnOnAssetsTTM="0.0303"
ReturnOnEquityTTM="0.0825"
RevenueTTM="15316000000"
GrossProfitTTM="775000000"
DilutedEPSTTM="0.13"
QuarterlyEarningsGrowthYOY="-0.954"
QuarterlyRevenueGrowthYOY="0.164"
AnalystTargetPrice="47.86"
TrailingPE="302.54"
ForwardPE="20.08"
PriceToSalesRatioTTM="0.231"
PriceToBookRatio="1.641"
EVToRevenue="0.356"
EVToEBITDA="8.35"
Beta="2.791"
num_52WeekHigh="47.5"
num_52WeekLow="27.74"
num_50DayMovingAverage="40.0"
num_200DayMovingAverage="39.03"
SharesOutstanding="94702000"
DividendDate="2018-11-15"
ExDividendDate="2018-10-23"
symbol="ADNT"
open="42.08"
high="42.20"
low="39.24"
price="39.33"
volume="1810482.00"
latest_trading_day="2023-08-11"
previous_close="42.13"
change="-2.80"
change_percent="-6.6461%"
aroon_positive_momentum_days="39"
aroon_negative_momentum_days="0"
trend_strength="Absent or Weak Trend"
buying_signal="Strong Buy Signal"
volume_analysis="Target Volume"
value_analysis="Expected Range"
Aroon_change="FALSE"
Aroon_momentum="39"
Volume_recent_avg="821526"
Change_recent_avg="-0.04"
Delta_recent_avg="1.14"
Variance_recent_avg="0.57"
Change_ratio_recent_avg="-0.09"
RSI_change="FALSE"
ADX_change="FALSE"

event="FALSE"
Aroon_signal="positive"
Aroon_change="FALSE"
Aroon_momentum_positive="39"
Aroon_momentum_negative="61"
image_negative_thumbnail_id_1="1161"
image_negative_url_1="https://hehge.com/wp-content/uploads/sites/16/2023/06/MI_Finance_Negative_Landscape_0195.jpeg"
image_negative_thumbnail_id_2="1112"
image_negative_url_2="https://hehge.com/wp-content/uploads/sites/16/2023/06/MI_Finance_Negative_Landscape_0145.jpeg"
image_neutral_thumbnail_id_1="592"
image_neutral_url_1="https://hehge.com/wp-content/uploads/sites/16/2023/06/MI_Finance_Neutral_Landscape_0007.jpeg"
image_neutral_thumbnail_id_2="557"
image_neutral_url_2="https://hehge.com/wp-content/uploads/sites/16/2023/06/MI_Finance_Neutral_Landscape_0042.jpeg"
image_positive_thumbnail_id_1="977"
image_positive_url_1="https://hehge.com/wp-content/uploads/sites/16/2023/06/MI_Finance_Positive_Landscape_0139.jpeg"
image_positive_thumbnail_id_2="606"
image_positive_url_2="https://hehge.com/wp-content/uploads/sites/16/2023/06/MI_Finance_Positive_Landscape_0102.jpeg"
image_professor_thumbnail_id_1="1171"
image_professor_url_1="https://hehge.com/wp-content/uploads/sites/16/2023/06/MI_Finance_Professor_Landscape_0005.jpeg"
image_professor_thumbnail_id_2="1201"
image_professor_url_2="https://hehge.com/wp-content/uploads/sites/16/2023/06/MI_Finance_Professor_Landscape_0035.jpeg"
