Symbol="SCWO"
AssetType="Common Stock"
Name="374Water Inc. Common Stock"
Description="374Water, Inc. is focused on providing technology that addresses the challenges of environmental pollution. The company is headquartered in Durham, North Carolina."
CIK="933972"
Exchange="NASDAQ"
Currency="USD"
Country="USA"
Sector="MANUFACTURING"
Industry="MOTORS & GENERATORS"
Address="701 W. MAIN STREET, SUITE 410, DURHAM, NC, US"
FiscalYearEnd="December"
LatestQuarter="2023-03-31"
MarketCapitalization="261927000"
EBITDA="-5480791"
PERatio="None"
PEGRatio="None"
BookValue="0.118"
DividendPerShare="0"
DividendYield="0"
EPS="-0.04"
RevenuePerShareTTM="0.028"
ProfitMargin="-1.54"
OperatingMarginTTM="-1.569"
ReturnOnAssetsTTM="-0.242"
ReturnOnEquityTTM="-0.409"
RevenueTTM="3543700"
GrossProfitTTM="336500"
DilutedEPSTTM="-0.04"
QuarterlyEarningsGrowthYOY="0"
QuarterlyRevenueGrowthYOY="1.933"
AnalystTargetPrice="None"
TrailingPE="-"
ForwardPE="-"
PriceToSalesRatioTTM="155.46"
PriceToBookRatio="40.18"
EVToRevenue="174.88"
EVToEBITDA="-109.03"
Beta="0.248"
num_52WeekHigh="5.17"
num_52WeekLow="1.76"
num_50DayMovingAverage="2.816"
num_200DayMovingAverage="3.228"
SharesOutstanding="129028000"
DividendDate="None"
ExDividendDate="None"
symbol="SCWO"
open="2.16"
high="2.24"
low="1.94"
price="2.03"
volume="617691.00"
latest_trading_day="2023-07-07"
previous_close="2.16"
change="-0.13"
change_percent="-6.0185%"
aroon_positive_momentum_days="0"
aroon_negative_momentum_days="57"
trend_strength="Absent or Weak Trend"
buying_signal="Strong Sell Signal"
volume_analysis="Target Volume"
value_analysis="Expected Range"
Aroon_change="FALSE"
Aroon_momentum="43"
Volume_recent_avg="343918"
Change_recent_avg="-0.02"
Delta_recent_avg="0.25"
Variance_recent_avg="0.12"
Change_ratio_recent_avg="-0.84"
RSI_change="FALSE"
ADX_change="FALSE"

event="FALSE"
Aroon_signal="negative"
Aroon_change="FALSE"
Aroon_momentum_positive="43"
Aroon_momentum_negative="57"
image_negative_thumbnail_id_1="492"
image_negative_url_1="https://hehge.com/wp-content/uploads/sites/16/2023/06/MI_Finance_Negative_Landscape_0113.jpeg"
image_negative_thumbnail_id_2="140"
image_negative_url_2="https://hehge.com/wp-content/uploads/sites/16/2023/05/MI_Finance_Negative_Landscape_0036.jpeg"
image_neutral_thumbnail_id_1="541"
image_neutral_url_1="https://hehge.com/wp-content/uploads/sites/16/2023/06/MI_Finance_Neutral_Landscape_0058.jpeg"
image_neutral_thumbnail_id_2="547"
image_neutral_url_2="https://hehge.com/wp-content/uploads/sites/16/2023/06/MI_Finance_Neutral_Landscape_0052.jpeg"
image_positive_thumbnail_id_1="704"
image_positive_url_1="https://hehge.com/wp-content/uploads/sites/16/2023/06/MI_Finance_Positive_Landscape_0004.jpeg"
image_positive_thumbnail_id_2="698"
image_positive_url_2="https://hehge.com/wp-content/uploads/sites/16/2023/06/MI_Finance_Positive_Landscape_0010.jpeg"
image_professor_thumbnail_id_1="1174"
image_professor_url_1="https://hehge.com/wp-content/uploads/sites/16/2023/06/MI_Finance_Professor_Landscape_0008.jpeg"
image_professor_thumbnail_id_2="1175"
image_professor_url_2="https://hehge.com/wp-content/uploads/sites/16/2023/06/MI_Finance_Professor_Landscape_0009.jpeg"
