Symbol="SCX"
AssetType="Common Stock"
Name="LS Starrett Company"
Description="The LS Starrett Company manufactures and sells industrial, professional and consumer measuring and cutting tools and related products in the United States, Canada, Mexico, Brazil, China, the United Kingdom, Australia, and New Zealand. The company is headquartered in Athol, Massachusetts."
CIK="93676"
Exchange="NYSE"
Currency="USD"
Country="USA"
Sector="MANUFACTURING"
Industry="CUTLERY, HANDTOOLS & GENERAL HARDWARE"
Address="121 CRESCENT ST, ATHOL, MA, US"
FiscalYearEnd="June"
LatestQuarter="2023-03-31"
MarketCapitalization="77741000"
EBITDA="28199000"
PERatio="4.686"
PEGRatio="0"
BookValue="15.76"
DividendPerShare="0"
DividendYield="0"
EPS="2.23"
RevenuePerShareTTM="35.26"
ProfitMargin="0.0675"
OperatingMarginTTM="0.0831"
ReturnOnAssetsTTM="0.0674"
ReturnOnEquityTTM="0.164"
RevenueTTM="259304000"
GrossProfitTTM="84246000"
DilutedEPSTTM="2.23"
QuarterlyEarningsGrowthYOY="0.737"
QuarterlyRevenueGrowthYOY="0.02"
AnalystTargetPrice="None"
TrailingPE="4.686"
ForwardPE="-"
PriceToSalesRatioTTM="0.23"
PriceToBookRatio="0.58"
EVToRevenue="0.325"
EVToEBITDA="2.807"
Beta="0.478"
num_52WeekHigh="13.1"
num_52WeekLow="6.88"
num_50DayMovingAverage="11.07"
num_200DayMovingAverage="9.82"
SharesOutstanding="6835000"
DividendDate="2017-12-29"
ExDividendDate="2017-12-18"
symbol="SCX"
open="11.07"
high="11.65"
low="11.07"
price="11.48"
volume="7544.00"
latest_trading_day="2023-08-23"
previous_close="11.12"
change="0.36"
change_percent="3.2374%"
aroon_positive_momentum_days="79"
aroon_negative_momentum_days="0"
trend_strength="Absent or Weak Trend"
buying_signal="Weak Buy Signal"
volume_analysis="Target Volume"
value_analysis="Expected Range"
Aroon_change="FALSE"
Aroon_momentum="79"
Volume_recent_avg="19268"
Change_recent_avg="0.01"
Delta_recent_avg="0.53"
Variance_recent_avg="0.27"
Change_ratio_recent_avg="-0.06"
RSI_change="FALSE"
ADX_change="FALSE"

event="FALSE"
Aroon_signal="positive"
Aroon_change="FALSE"
Aroon_momentum_positive="79"
Aroon_momentum_negative="21"
image_negative_thumbnail_id_1="500"
image_negative_url_1="https://hehge.com/wp-content/uploads/sites/16/2023/06/MI_Finance_Negative_Landscape_0105.jpeg"
image_negative_thumbnail_id_2="501"
image_negative_url_2="https://hehge.com/wp-content/uploads/sites/16/2023/06/MI_Finance_Negative_Landscape_0104.jpeg"
image_neutral_thumbnail_id_1="545"
image_neutral_url_1="https://hehge.com/wp-content/uploads/sites/16/2023/06/MI_Finance_Neutral_Landscape_0054.jpeg"
image_neutral_thumbnail_id_2="580"
image_neutral_url_2="https://hehge.com/wp-content/uploads/sites/16/2023/06/MI_Finance_Neutral_Landscape_0019.jpeg"
image_positive_thumbnail_id_1="693"
image_positive_url_1="https://hehge.com/wp-content/uploads/sites/16/2023/06/MI_Finance_Positive_Landscape_0015.jpeg"
image_positive_thumbnail_id_2="962"
image_positive_url_2="https://hehge.com/wp-content/uploads/sites/16/2023/06/MI_Finance_Positive_Landscape_0124.jpeg"
image_professor_thumbnail_id_1="1199"
image_professor_url_1="https://hehge.com/wp-content/uploads/sites/16/2023/06/MI_Finance_Professor_Landscape_0033.jpeg"
image_professor_thumbnail_id_2="1185"
image_professor_url_2="https://hehge.com/wp-content/uploads/sites/16/2023/06/MI_Finance_Professor_Landscape_0019.jpeg"
