Symbol="AMD"
AssetType="Common Stock"
Name="Advanced Micro Devices Inc"
Description="Advanced Micro Devices, Inc. (AMD) is an American multinational semiconductor company based in Santa Clara, California, that develops computer processors and related technologies for business and consumer markets. AMD's main products include microprocessors, motherboard chipsets, embedded processors and graphics processors for servers, workstations, personal computers and embedded system applications."
CIK="2488"
Exchange="NASDAQ"
Currency="USD"
Country="USA"
Sector="MANUFACTURING"
Industry="SEMICONDUCTORS & RELATED DEVICES"
Address="2485 AUGUSTINE DRIVE, SANTA CLARA, CA, US"
FiscalYearEnd="December"
LatestQuarter="2023-06-30"
MarketCapitalization="177896473000"
EBITDA="3100000000"
PERatio="613.72"
PEGRatio="0.902"
BookValue="34.16"
DividendPerShare="0"
DividendYield="0"
EPS="0.18"
RevenuePerShareTTM="13.55"
ProfitMargin="-0.0011"
OperatingMarginTTM="-0.0173"
ReturnOnAssetsTTM="-0.0035"
ReturnOnEquityTTM="-0.0005"
RevenueTTM="21876001000"
GrossProfitTTM="12051000000"
DilutedEPSTTM="0.18"
QuarterlyEarningsGrowthYOY="-0.938"
QuarterlyRevenueGrowthYOY="-0.182"
AnalystTargetPrice="125.18"
TrailingPE="613.72"
ForwardPE="18.02"
PriceToSalesRatioTTM="4.699"
PriceToBookRatio="2.038"
EVToRevenue="4.75"
EVToEBITDA="18.86"
Beta="1.822"
num_52WeekHigh="132.83"
num_52WeekLow="54.57"
num_50DayMovingAverage="115.75"
num_200DayMovingAverage="89.37"
SharesOutstanding="1610360000"
DividendDate="None"
ExDividendDate="1995-04-27"
symbol="AMD"
open="111.20"
high="113.89"
low="109.47"
price="110.23"
volume="56602286.00"
latest_trading_day="2023-08-10"
previous_close="110.47"
change="-0.24"
change_percent="-0.2173%"
aroon_positive_momentum_days="100"
aroon_negative_momentum_days="0"
trend_strength="Absent or Weak Trend"
buying_signal="Weak Buy Signal"
volume_analysis="Target Volume"
value_analysis="Expected Range"
Aroon_change="FALSE"
Aroon_momentum="100"
Volume_recent_avg="67449691"
Change_recent_avg="-0.08"
Delta_recent_avg="4.12"
Variance_recent_avg="2.06"
Change_ratio_recent_avg="-0.06"
RSI_change="FALSE"
ADX_change="FALSE"
Aroon_signal="positive"
Aroon_change="FALSE"
Aroon_momentum_positive="100"
Aroon_momentum_negative="0"
image_negative_thumbnail_id_1="123"
image_negative_url_1="https://hehge.com/wp-content/uploads/sites/16/2023/05/MI_Finance_Negative_Landscape_0053.jpeg"
image_negative_thumbnail_id_2="1162"
image_negative_url_2="https://hehge.com/wp-content/uploads/sites/16/2023/06/MI_Finance_Negative_Landscape_0196.jpeg"
image_neutral_thumbnail_id_1="552"
image_neutral_url_1="https://hehge.com/wp-content/uploads/sites/16/2023/06/MI_Finance_Neutral_Landscape_0047.jpeg"
image_neutral_thumbnail_id_2="535"
image_neutral_url_2="https://hehge.com/wp-content/uploads/sites/16/2023/06/MI_Finance_Neutral_Landscape_0064.jpeg"
image_positive_thumbnail_id_1="961"
image_positive_url_1="https://hehge.com/wp-content/uploads/sites/16/2023/06/MI_Finance_Positive_Landscape_0123.jpeg"
image_positive_thumbnail_id_2="964"
image_positive_url_2="https://hehge.com/wp-content/uploads/sites/16/2023/06/MI_Finance_Positive_Landscape_0126.jpeg"
image_professor_thumbnail_id_1="1173"
image_professor_url_1="https://hehge.com/wp-content/uploads/sites/16/2023/06/MI_Finance_Professor_Landscape_0007.jpeg"
image_professor_thumbnail_id_2="1175"
image_professor_url_2="https://hehge.com/wp-content/uploads/sites/16/2023/06/MI_Finance_Professor_Landscape_0009.jpeg"
