Symbol="OI"
AssetType="Common Stock"
Name="O-I Glass Inc"
Description="OI Glass, Inc. manufactures and sells glass containers to food and beverage manufacturers primarily in the Americas, Europe, and Asia Pacific. The company is headquartered in Perrysburg, Ohio."
CIK="812074"
Exchange="NYSE"
Currency="USD"
Country="USA"
Sector="MANUFACTURING"
Industry="GLASS CONTAINERS"
Address="ONE MICHAEL OWENS WAY, PERRYSBURG, OH, US"
FiscalYearEnd="December"
LatestQuarter="2023-06-30"
MarketCapitalization="3097716000"
EBITDA="1229000000"
PERatio="4.576"
PEGRatio="0.621"
BookValue="13.04"
DividendPerShare="0"
DividendYield="0.0258"
EPS="4.36"
RevenuePerShareTTM="45.9"
ProfitMargin="0.0788"
OperatingMarginTTM="0.117"
ReturnOnAssetsTTM="0.0555"
ReturnOnEquityTTM="0.336"
RevenueTTM="7108000000"
GrossProfitTTM="1213000000"
DilutedEPSTTM="4.36"
QuarterlyEarningsGrowthYOY="-0.566"
QuarterlyRevenueGrowthYOY="0.063"
AnalystTargetPrice="26.5"
TrailingPE="4.576"
ForwardPE="7.12"
PriceToSalesRatioTTM="0.372"
PriceToBookRatio="1.923"
EVToRevenue="0.986"
EVToEBITDA="4.341"
Beta="1.351"
num_52WeekHigh="23.57"
num_52WeekLow="12.05"
num_50DayMovingAverage="21.52"
num_200DayMovingAverage="20.23"
SharesOutstanding="155274000"
DividendDate="2020-03-16"
ExDividendDate="2020-02-27"
symbol="OI"
open="20.15"
high="20.16"
low="19.69"
price="19.95"
volume="567693.00"
latest_trading_day="2023-08-11"
previous_close="20.23"
change="-0.28"
change_percent="-1.3841%"
aroon_positive_momentum_days="0"
aroon_negative_momentum_days="61"
trend_strength="Absent or Weak Trend"
buying_signal="High Volatility / Hold Signal"
volume_analysis="Target Volume"
value_analysis="Expected Range"
Aroon_change="FALSE"
Aroon_momentum="39"
Volume_recent_avg="966379"
Change_recent_avg="-0.04"
Delta_recent_avg="0.64"
Variance_recent_avg="0.32"
Change_ratio_recent_avg="-0.22"
RSI_change="FALSE"
ADX_change="FALSE"

event="FALSE"
Aroon_signal="negative"
Aroon_change="FALSE"
Aroon_momentum_positive="39"
Aroon_momentum_negative="61"
image_negative_thumbnail_id_1="1163"
image_negative_url_1="https://hehge.com/wp-content/uploads/sites/16/2023/06/MI_Finance_Negative_Landscape_0197.jpeg"
image_negative_thumbnail_id_2="99"
image_negative_url_2="https://hehge.com/wp-content/uploads/sites/16/2023/05/MI_Finance_Negative_Landscape_0077.jpeg"
image_neutral_thumbnail_id_1="524"
image_neutral_url_1="https://hehge.com/wp-content/uploads/sites/16/2023/06/MI_Finance_Neutral_Landscape_0075.jpeg"
image_neutral_thumbnail_id_2="546"
image_neutral_url_2="https://hehge.com/wp-content/uploads/sites/16/2023/06/MI_Finance_Neutral_Landscape_0053.jpeg"
image_positive_thumbnail_id_1="620"
image_positive_url_1="https://hehge.com/wp-content/uploads/sites/16/2023/06/MI_Finance_Positive_Landscape_0088.jpeg"
image_positive_thumbnail_id_2="1012"
image_positive_url_2="https://hehge.com/wp-content/uploads/sites/16/2023/06/MI_Finance_Positive_Landscape_0174.jpeg"
image_professor_thumbnail_id_1="1192"
image_professor_url_1="https://hehge.com/wp-content/uploads/sites/16/2023/06/MI_Finance_Professor_Landscape_0026.jpeg"
image_professor_thumbnail_id_2="1200"
image_professor_url_2="https://hehge.com/wp-content/uploads/sites/16/2023/06/MI_Finance_Professor_Landscape_0034.jpeg"
