Symbol="AUVI"
AssetType="Common Stock"
Name="Applied UV Inc"
Description="Applied UV, Inc. is dedicated to the design, manufacture, assembly and distribution of automated disinfectant mirror systems for use in hospitals and other healthcare facilities in the United States and internationally. The company is headquartered in Mount Vernon, New York."
CIK="1811109"
Exchange="NASDAQ"
Currency="USD"
Country="USA"
Sector="MANUFACTURING"
Industry="ELECTRIC LIGHTING & WIRING EQUIPMENT"
Address="150 N. MACQUESTEN PKWY, MOUNT VERNON, NY, US"
FiscalYearEnd="December"
LatestQuarter="2023-03-31"
MarketCapitalization="8193200"
EBITDA="-10403667"
PERatio="None"
PEGRatio="None"
BookValue="4.88"
DividendPerShare="0"
DividendYield="0"
EPS="-7.45"
RevenuePerShareTTM="9.9"
ProfitMargin="-0.71"
OperatingMarginTTM="-0.459"
ReturnOnAssetsTTM="-0.141"
ReturnOnEquityTTM="-0.7"
RevenueTTM="27438200"
GrossProfitTTM="4098400"
DilutedEPSTTM="-7.45"
QuarterlyEarningsGrowthYOY="0"
QuarterlyRevenueGrowthYOY="2.175"
AnalystTargetPrice="40"
TrailingPE="-"
ForwardPE="-"
PriceToSalesRatioTTM="0.646"
PriceToBookRatio="0.452"
EVToRevenue="0.72"
EVToEBITDA="-1.905"
Beta="-1.216"
num_52WeekHigh="12.0"
num_52WeekLow="0.83"
num_50DayMovingAverage="1.929"
num_200DayMovingAverage="4.372"
SharesOutstanding="8905600"
DividendDate="None"
ExDividendDate="None"
symbol="AUVI"
open="0.93"
high="1.19"
low="0.91"
price="1.05"
volume="569900.00"
latest_trading_day="2023-07-11"
previous_close="0.92"
change="0.13"
change_percent="14.1304%"
aroon_positive_momentum_days="0"
aroon_negative_momentum_days="87"
trend_strength="Absent or Weak Trend"
buying_signal="Strong Sell Signal"
volume_analysis="Trending High"
value_analysis="Bullish Trend"
Aroon_change="FALSE"
Aroon_momentum="13"
Volume_recent_avg="483161"
Change_recent_avg="-0.01"
Delta_recent_avg="0.09"
Variance_recent_avg="0.04"
Change_ratio_recent_avg="-1.12"
RSI_change="FALSE"
ADX_change="FALSE"

event="FALSE"
Aroon_signal="negative"
Aroon_change="FALSE"
Aroon_momentum_positive="13"
Aroon_momentum_negative="87"
image_negative_thumbnail_id_1="1117"
image_negative_url_1="https://hehge.com/wp-content/uploads/sites/16/2023/06/MI_Finance_Negative_Landscape_0150.jpeg"
image_negative_thumbnail_id_2="506"
image_negative_url_2="https://hehge.com/wp-content/uploads/sites/16/2023/06/MI_Finance_Negative_Landscape_0099.jpeg"
image_neutral_thumbnail_id_1="524"
image_neutral_url_1="https://hehge.com/wp-content/uploads/sites/16/2023/06/MI_Finance_Neutral_Landscape_0075.jpeg"
image_neutral_thumbnail_id_2="589"
image_neutral_url_2="https://hehge.com/wp-content/uploads/sites/16/2023/06/MI_Finance_Neutral_Landscape_0010.jpeg"
image_positive_thumbnail_id_1="958"
image_positive_url_1="https://hehge.com/wp-content/uploads/sites/16/2023/06/MI_Finance_Positive_Landscape_0120.jpeg"
image_positive_thumbnail_id_2="658"
image_positive_url_2="https://hehge.com/wp-content/uploads/sites/16/2023/06/MI_Finance_Positive_Landscape_0050.jpeg"
image_professor_thumbnail_id_1="1188"
image_professor_url_1="https://hehge.com/wp-content/uploads/sites/16/2023/06/MI_Finance_Professor_Landscape_0022.jpeg"
image_professor_thumbnail_id_2="1195"
image_professor_url_2="https://hehge.com/wp-content/uploads/sites/16/2023/06/MI_Finance_Professor_Landscape_0029.jpeg"
