Symbol="NOMD"
AssetType="Common Stock"
Name="Nomad Foods Ltd"
Description="Nomad Foods Limited produces, markets and distributes frozen foods in the UK, Italy, Germany, Sweden, France, Norway, Austria, Spain and the rest of Europe. The company is headquartered in Feltham, the United Kingdom."
CIK="1651717"
Exchange="NYSE"
Currency="USD"
Country="USA"
Sector="MANUFACTURING"
Industry="FOOD AND KINDRED PRODUCTS"
Address="NEMOURS CHAMBERS, ROAD TOWN, VG"
FiscalYearEnd="December"
LatestQuarter="2023-06-30"
MarketCapitalization="3182291000"
EBITDA="493700000"
PERatio="12.22"
PEGRatio="1.38"
BookValue="15.05"
DividendPerShare="0"
DividendYield="0"
EPS="1.48"
RevenuePerShareTTM="17.4"
ProfitMargin="0.0692"
OperatingMarginTTM="0.142"
ReturnOnAssetsTTM="0.042"
ReturnOnEquityTTM="0.0816"
RevenueTTM="3030000000"
GrossProfitTTM="815300000"
DilutedEPSTTM="1.48"
QuarterlyEarningsGrowthYOY="-0.347"
QuarterlyRevenueGrowthYOY="0.069"
AnalystTargetPrice="23.56"
TrailingPE="12.22"
ForwardPE="9.28"
PriceToSalesRatioTTM="1.017"
PriceToBookRatio="1.091"
EVToRevenue="1.816"
EVToEBITDA="12.44"
Beta="0.738"
num_52WeekHigh="19.76"
num_52WeekLow="12.5"
num_50DayMovingAverage="17.69"
num_200DayMovingAverage="17.55"
SharesOutstanding="174463000"
DividendDate="None"
ExDividendDate="None"
symbol="NOMD"
open="17.76"
high="18.14"
low="17.64"
price="18.07"
volume="287755.00"
latest_trading_day="2023-08-11"
previous_close="18.00"
change="0.07"
change_percent="0.3889%"
aroon_positive_momentum_days="49"
aroon_negative_momentum_days="0"
trend_strength="Absent or Weak Trend"
buying_signal="Weak Buy Signal"
volume_analysis="Target Volume"
value_analysis="Expected Range"
Aroon_change="FALSE"
Aroon_momentum="49"
Volume_recent_avg="498211"
Change_recent_avg="0.01"
Delta_recent_avg="0.4"
Variance_recent_avg="0.2"
Change_ratio_recent_avg="-0.03"
RSI_change="FALSE"
ADX_change="FALSE"

event="FALSE"
Aroon_signal="positive"
Aroon_change="FALSE"
Aroon_momentum_positive="49"
Aroon_momentum_negative="51"
image_negative_thumbnail_id_1="1161"
image_negative_url_1="https://hehge.com/wp-content/uploads/sites/16/2023/06/MI_Finance_Negative_Landscape_0195.jpeg"
image_negative_thumbnail_id_2="1126"
image_negative_url_2="https://hehge.com/wp-content/uploads/sites/16/2023/06/MI_Finance_Negative_Landscape_0159.jpeg"
image_neutral_thumbnail_id_1="592"
image_neutral_url_1="https://hehge.com/wp-content/uploads/sites/16/2023/06/MI_Finance_Neutral_Landscape_0007.jpeg"
image_neutral_thumbnail_id_2="532"
image_neutral_url_2="https://hehge.com/wp-content/uploads/sites/16/2023/06/MI_Finance_Neutral_Landscape_0067.jpeg"
image_positive_thumbnail_id_1="673"
image_positive_url_1="https://hehge.com/wp-content/uploads/sites/16/2023/06/MI_Finance_Positive_Landscape_0035.jpeg"
image_positive_thumbnail_id_2="622"
image_positive_url_2="https://hehge.com/wp-content/uploads/sites/16/2023/06/MI_Finance_Positive_Landscape_0086.jpeg"
image_professor_thumbnail_id_1="1194"
image_professor_url_1="https://hehge.com/wp-content/uploads/sites/16/2023/06/MI_Finance_Professor_Landscape_0028.jpeg"
image_professor_thumbnail_id_2="1176"
image_professor_url_2="https://hehge.com/wp-content/uploads/sites/16/2023/06/MI_Finance_Professor_Landscape_0010.jpeg"
