Symbol="GTX"
AssetType="Common Stock"
Name="Garrett Motion Inc"
Description="Garrett Motion Inc. designs, manufactures, and sells turbocharger and electric booster technologies to light and commercial vehicle OEMs worldwide. The company is headquartered in Rolle, Switzerland."
CIK="1735707"
Exchange="NASDAQ"
Currency="USD"
Country="USA"
Sector="MANUFACTURING"
Industry="MOTOR VEHICLE PARTS & ACCESSORIES"
Address="LA PIECE 16, ROLLE, CH"
FiscalYearEnd="December"
LatestQuarter="2023-03-31"
MarketCapitalization="1967903000"
EBITDA="601000000"
PERatio="10.29"
PEGRatio="None"
BookValue="-1.232"
DividendPerShare="0"
DividendYield="0"
EPS="0.72"
RevenuePerShareTTM="56.67"
ProfitMargin="0.104"
OperatingMarginTTM="0.141"
ReturnOnAssetsTTM="0.118"
ReturnOnEquityTTM="0"
RevenueTTM="3672000000"
GrossProfitTTM="687000000"
DilutedEPSTTM="0.72"
QuarterlyEarningsGrowthYOY="-0.133"
QuarterlyRevenueGrowthYOY="0.077"
AnalystTargetPrice="15"
TrailingPE="10.29"
ForwardPE="6.08"
PriceToSalesRatioTTM="0.135"
PriceToBookRatio="-"
EVToRevenue="0.426"
EVToEBITDA="2.501"
Beta="1.292"
num_52WeekHigh="8.68"
num_52WeekLow="5.57"
num_50DayMovingAverage="7.96"
num_200DayMovingAverage="7.52"
SharesOutstanding="265574000"
DividendDate="None"
ExDividendDate="None"
symbol="GTX"
open="7.45"
high="7.53"
low="7.39"
price="7.41"
volume="1591048.00"
latest_trading_day="2023-07-07"
previous_close="7.48"
change="-0.07"
change_percent="-0.9358%"
aroon_positive_momentum_days="0"
aroon_negative_momentum_days="48"
trend_strength="Absent or Weak Trend"
buying_signal="Weak Sell Signal"
volume_analysis="Target Volume"
value_analysis="Expected Range"
Aroon_change="FALSE"
Aroon_momentum="52"
Volume_recent_avg="474463"
Change_recent_avg="-0.01"
Delta_recent_avg="0.28"
Variance_recent_avg="0.14"
Change_ratio_recent_avg="-0.14"
RSI_change="FALSE"
ADX_change="FALSE"

event="FALSE"
Aroon_signal="negative"
Aroon_change="FALSE"
Aroon_momentum_positive="52"
Aroon_momentum_negative="48"
image_negative_thumbnail_id_1="1156"
image_negative_url_1="https://hehge.com/wp-content/uploads/sites/16/2023/06/MI_Finance_Negative_Landscape_0190.jpeg"
image_negative_thumbnail_id_2="1132"
image_negative_url_2="https://hehge.com/wp-content/uploads/sites/16/2023/06/MI_Finance_Negative_Landscape_0165.jpeg"
image_neutral_thumbnail_id_1="572"
image_neutral_url_1="https://hehge.com/wp-content/uploads/sites/16/2023/06/MI_Finance_Neutral_Landscape_0027.jpeg"
image_neutral_thumbnail_id_2="591"
image_neutral_url_2="https://hehge.com/wp-content/uploads/sites/16/2023/06/MI_Finance_Neutral_Landscape_0008.jpeg"
image_positive_thumbnail_id_1="625"
image_positive_url_1="https://hehge.com/wp-content/uploads/sites/16/2023/06/MI_Finance_Positive_Landscape_0083.jpeg"
image_positive_thumbnail_id_2="661"
image_positive_url_2="https://hehge.com/wp-content/uploads/sites/16/2023/06/MI_Finance_Positive_Landscape_0047.jpeg"
image_professor_thumbnail_id_1="1182"
image_professor_url_1="https://hehge.com/wp-content/uploads/sites/16/2023/06/MI_Finance_Professor_Landscape_0016.jpeg"
image_professor_thumbnail_id_2="1187"
image_professor_url_2="https://hehge.com/wp-content/uploads/sites/16/2023/06/MI_Finance_Professor_Landscape_0021.jpeg"
