Symbol="GTX"
AssetType="Common Stock"
Name="Garrett Motion Inc"
Description="Garrett Motion Inc. designs, manufactures, and sells turbocharger and electric booster technologies to light and commercial vehicle OEMs worldwide. The company is headquartered in Rolle, Switzerland."
CIK="1735707"
Exchange="NASDAQ"
Currency="USD"
Country="USA"
Sector="MANUFACTURING"
Industry="MOTOR VEHICLE PARTS & ACCESSORIES"
Address="LA PIECE 16, ROLLE, CH"
FiscalYearEnd="December"
LatestQuarter="2023-03-31"
MarketCapitalization="2063510000"
EBITDA="601000000"
PERatio="10.5"
PEGRatio="None"
BookValue="-1.232"
DividendPerShare="0"
DividendYield="0"
EPS="0.74"
RevenuePerShareTTM="56.67"
ProfitMargin="0.104"
OperatingMarginTTM="0.141"
ReturnOnAssetsTTM="0.118"
ReturnOnEquityTTM="0"
RevenueTTM="3672000000"
GrossProfitTTM="687000000"
DilutedEPSTTM="0.74"
QuarterlyEarningsGrowthYOY="-0.133"
QuarterlyRevenueGrowthYOY="0.077"
AnalystTargetPrice="15"
TrailingPE="10.5"
ForwardPE="6.08"
PriceToSalesRatioTTM="0.135"
PriceToBookRatio="-"
EVToRevenue="0.426"
EVToEBITDA="2.501"
Beta="1.292"
num_52WeekHigh="8.68"
num_52WeekLow="5.57"
num_50DayMovingAverage="7.76"
num_200DayMovingAverage="7.62"
SharesOutstanding="265574000"
DividendDate="None"
ExDividendDate="None"
symbol="GTX"
open="7.69"
high="8.02"
low="7.55"
price="7.77"
volume="2920985.00"
latest_trading_day="2023-07-27"
previous_close="7.44"
change="0.33"
change_percent="4.4355%"
aroon_positive_momentum_days="0"
aroon_negative_momentum_days="62"
trend_strength="Absent or Weak Trend"
buying_signal="Weak Sell Signal"
volume_analysis="Target Volume"
value_analysis="Expected Range"
Aroon_change="FALSE"
Aroon_momentum="38"
Volume_recent_avg="724992"
Change_recent_avg="-0.01"
Delta_recent_avg="0.26"
Variance_recent_avg="0.13"
Change_ratio_recent_avg="-0.18"
RSI_change="FALSE"
ADX_change="FALSE"

event="FALSE"
Aroon_signal="negative"
Aroon_change="FALSE"
Aroon_momentum_positive="38"
Aroon_momentum_negative="62"
image_negative_thumbnail_id_1="1108"
image_negative_url_1="https://hehge.com/wp-content/uploads/sites/16/2023/06/MI_Finance_Negative_Landscape_0141.jpeg"
image_negative_thumbnail_id_2="1122"
image_negative_url_2="https://hehge.com/wp-content/uploads/sites/16/2023/06/MI_Finance_Negative_Landscape_0155.jpeg"
image_neutral_thumbnail_id_1="539"
image_neutral_url_1="https://hehge.com/wp-content/uploads/sites/16/2023/06/MI_Finance_Neutral_Landscape_0060.jpeg"
image_neutral_thumbnail_id_2="589"
image_neutral_url_2="https://hehge.com/wp-content/uploads/sites/16/2023/06/MI_Finance_Neutral_Landscape_0010.jpeg"
image_positive_thumbnail_id_1="949"
image_positive_url_1="https://hehge.com/wp-content/uploads/sites/16/2023/06/MI_Finance_Positive_Landscape_0111.jpeg"
image_positive_thumbnail_id_2="605"
image_positive_url_2="https://hehge.com/wp-content/uploads/sites/16/2023/06/MI_Finance_Positive_Landscape_0103.jpeg"
image_professor_thumbnail_id_1="1196"
image_professor_url_1="https://hehge.com/wp-content/uploads/sites/16/2023/06/MI_Finance_Professor_Landscape_0030.jpeg"
image_professor_thumbnail_id_2="1168"
image_professor_url_2="https://hehge.com/wp-content/uploads/sites/16/2023/06/MI_Finance_Professor_Landscape_0002.jpeg"
