Symbol="TATT"
AssetType="Common Stock"
Name="Tat Techno"
Description="TAT Technologies Ltd., provides solutions and services to the commercial and military aerospace, and ground defense industries in the United States, Israel, and internationally. The company is headquartered in Gedera, Israel."
CIK="808439"
Exchange="NASDAQ"
Currency="USD"
Country="USA"
Sector="MANUFACTURING"
Industry="AIRCRAFT ENGINES & ENGINE PARTS"
Address="P.O. BOX 80, GEDERA ISRAEL, IL"
FiscalYearEnd="December"
LatestQuarter="2023-03-31"
MarketCapitalization="66584000"
EBITDA="5138000"
PERatio="106.74"
PEGRatio="0"
BookValue="8.56"
DividendPerShare="0"
DividendYield="0"
EPS="0.07"
RevenuePerShareTTM="10.07"
ProfitMargin="0.0073"
OperatingMarginTTM="0.0152"
ReturnOnAssetsTTM="0.0071"
ReturnOnEquityTTM="0.0087"
RevenueTTM="89819000"
GrossProfitTTM="8870000"
DilutedEPSTTM="0.07"
QuarterlyEarningsGrowthYOY="0.323"
QuarterlyRevenueGrowthYOY="0.264"
AnalystTargetPrice="None"
TrailingPE="106.74"
ForwardPE="-"
PriceToSalesRatioTTM="0.625"
PriceToBookRatio="0.742"
EVToRevenue="0.918"
EVToEBITDA="205.95"
Beta="0.705"
num_52WeekHigh="7.72"
num_52WeekLow="4.968"
num_50DayMovingAverage="6.52"
num_200DayMovingAverage="6.09"
SharesOutstanding="8911600"
DividendDate="2017-06-21"
ExDividendDate="2017-06-05"
symbol="TATT"
open="7.40"
high="7.51"
low="7.40"
price="7.47"
volume="5607.00"
latest_trading_day="2023-07-07"
previous_close="7.39"
change="0.08"
change_percent="1.1055%"
aroon_positive_momentum_days="86"
aroon_negative_momentum_days="0"
trend_strength="Absent or Weak Trend"
buying_signal="Weak Buy Signal"
volume_analysis="Target Volume"
value_analysis="Expected Range"
Aroon_change="FALSE"
Aroon_momentum="86"
Volume_recent_avg="5107"
Change_recent_avg="0.06"
Delta_recent_avg="0.19"
Variance_recent_avg="0.1"
Change_ratio_recent_avg="0.89"
RSI_change="FALSE"
ADX_change="FALSE"

event="FALSE"
Aroon_signal="positive"
Aroon_change="FALSE"
Aroon_momentum_positive="86"
Aroon_momentum_negative="14"
image_negative_thumbnail_id_1="139"
image_negative_url_1="https://hehge.com/wp-content/uploads/sites/16/2023/05/MI_Finance_Negative_Landscape_0037.jpeg"
image_negative_thumbnail_id_2="1143"
image_negative_url_2="https://hehge.com/wp-content/uploads/sites/16/2023/06/MI_Finance_Negative_Landscape_0176.jpeg"
image_neutral_thumbnail_id_1="559"
image_neutral_url_1="https://hehge.com/wp-content/uploads/sites/16/2023/06/MI_Finance_Neutral_Landscape_0040.jpeg"
image_neutral_thumbnail_id_2="573"
image_neutral_url_2="https://hehge.com/wp-content/uploads/sites/16/2023/06/MI_Finance_Neutral_Landscape_0026.jpeg"
image_positive_thumbnail_id_1="668"
image_positive_url_1="https://hehge.com/wp-content/uploads/sites/16/2023/06/MI_Finance_Positive_Landscape_0040.jpeg"
image_positive_thumbnail_id_2="979"
image_positive_url_2="https://hehge.com/wp-content/uploads/sites/16/2023/06/MI_Finance_Positive_Landscape_0141.jpeg"
image_professor_thumbnail_id_1="1191"
image_professor_url_1="https://hehge.com/wp-content/uploads/sites/16/2023/06/MI_Finance_Professor_Landscape_0025.jpeg"
image_professor_thumbnail_id_2="1177"
image_professor_url_2="https://hehge.com/wp-content/uploads/sites/16/2023/06/MI_Finance_Professor_Landscape_0011.jpeg"
