Symbol="VSTO"
AssetType="Common Stock"
Name="Vista Outdoor Inc"
Description="Vista Outdoor Inc. designs, manufactures, and markets consumer products in the outdoor sports and recreation markets in the United States and internationally. The company is headquartered in Anoka, Minnesota."
CIK="1616318"
Exchange="NYSE"
Currency="USD"
Country="USA"
Sector="MANUFACTURING"
Industry="ORDNANCE & ACCESSORIES, (NO VEHICLES/GUIDED MISSILES)"
Address="1 VISTA WAY, ANOKA, MN, US"
FiscalYearEnd="March"
LatestQuarter="2023-03-31"
MarketCapitalization="1604426000"
EBITDA="570536000"
PERatio="None"
PEGRatio="0.73"
BookValue="19.83"
DividendPerShare="0"
DividendYield="0"
EPS="-0.17"
RevenuePerShareTTM="54.41"
ProfitMargin="-0.0032"
OperatingMarginTTM="0.155"
ReturnOnAssetsTTM="0.115"
ReturnOnEquityTTM="-0.0086"
RevenueTTM="3079807000"
GrossProfitTTM="1038976000"
DilutedEPSTTM="-0.17"
QuarterlyEarningsGrowthYOY="-0.435"
QuarterlyRevenueGrowthYOY="-0.084"
AnalystTargetPrice="38.2"
TrailingPE="-"
ForwardPE="6.19"
PriceToSalesRatioTTM="0.424"
PriceToBookRatio="1.077"
EVToRevenue="0.876"
EVToEBITDA="3.998"
Beta="0.923"
num_52WeekHigh="32.6"
num_52WeekLow="22.97"
num_50DayMovingAverage="27.32"
num_200DayMovingAverage="26.82"
SharesOutstanding="57984000"
DividendDate="None"
ExDividendDate="None"
symbol="VSTO"
open="27.45"
high="28.00"
low="27.41"
price="27.79"
volume="416358.00"
latest_trading_day="2023-07-10"
previous_close="27.41"
change="0.38"
change_percent="1.3864%"
aroon_positive_momentum_days="79"
aroon_negative_momentum_days="0"
trend_strength="Absent or Weak Trend"
buying_signal="High Volatility / Hold Signal"
volume_analysis="Target Volume"
value_analysis="Expected Range"
Aroon_change="FALSE"
Aroon_momentum="79"
Volume_recent_avg="495777"
Change_recent_avg="0.02"
Delta_recent_avg="0.78"
Variance_recent_avg="0.39"
Change_ratio_recent_avg="0.03"
RSI_change="FALSE"
ADX_change="FALSE"

event="FALSE"
Aroon_signal="positive"
Aroon_change="FALSE"
Aroon_momentum_positive="79"
Aroon_momentum_negative="21"
image_negative_thumbnail_id_1="119"
image_negative_url_1="https://hehge.com/wp-content/uploads/sites/16/2023/05/MI_Finance_Negative_Landscape_0057.jpeg"
image_negative_thumbnail_id_2="133"
image_negative_url_2="https://hehge.com/wp-content/uploads/sites/16/2023/05/MI_Finance_Negative_Landscape_0043.jpeg"
image_neutral_thumbnail_id_1="568"
image_neutral_url_1="https://hehge.com/wp-content/uploads/sites/16/2023/06/MI_Finance_Neutral_Landscape_0031.jpeg"
image_neutral_thumbnail_id_2="567"
image_neutral_url_2="https://hehge.com/wp-content/uploads/sites/16/2023/06/MI_Finance_Neutral_Landscape_0032.jpeg"
image_positive_thumbnail_id_1="636"
image_positive_url_1="https://hehge.com/wp-content/uploads/sites/16/2023/06/MI_Finance_Positive_Landscape_0072.jpeg"
image_positive_thumbnail_id_2="688"
image_positive_url_2="https://hehge.com/wp-content/uploads/sites/16/2023/06/MI_Finance_Positive_Landscape_0020.jpeg"
image_professor_thumbnail_id_1="1169"
image_professor_url_1="https://hehge.com/wp-content/uploads/sites/16/2023/06/MI_Finance_Professor_Landscape_0003.jpeg"
image_professor_thumbnail_id_2="1180"
image_professor_url_2="https://hehge.com/wp-content/uploads/sites/16/2023/06/MI_Finance_Professor_Landscape_0014.jpeg"
