Symbol="VSTO"
AssetType="Common Stock"
Name="Vista Outdoor Inc"
Description="Vista Outdoor Inc. designs, manufactures, and markets consumer products in the outdoor sports and recreation markets in the United States and internationally. The company is headquartered in Anoka, Minnesota."
CIK="1616318"
Exchange="NYSE"
Currency="USD"
Country="USA"
Sector="MANUFACTURING"
Industry="ORDNANCE & ACCESSORIES, (NO VEHICLES/GUIDED MISSILES)"
Address="1 VISTA WAY, ANOKA, MN, US"
FiscalYearEnd="March"
LatestQuarter="2023-06-30"
MarketCapitalization="1655454000"
EBITDA="496020000"
PERatio="None"
PEGRatio="0.73"
BookValue="20.35"
DividendPerShare="0"
DividendYield="0"
EPS="-1.38"
RevenuePerShareTTM="52.26"
ProfitMargin="-0.0261"
OperatingMarginTTM="0.134"
ReturnOnAssetsTTM="0.0945"
ReturnOnEquityTTM="-0.0639"
RevenueTTM="2970528000"
GrossProfitTTM="1038976000"
DilutedEPSTTM="-1.38"
QuarterlyEarningsGrowthYOY="-0.542"
QuarterlyRevenueGrowthYOY="-0.136"
AnalystTargetPrice="38.4"
TrailingPE="-"
ForwardPE="6.19"
PriceToSalesRatioTTM="0.424"
PriceToBookRatio="1.077"
EVToRevenue="0.876"
EVToEBITDA="3.998"
Beta="0.93"
num_52WeekHigh="32.05"
num_52WeekLow="22.97"
num_50DayMovingAverage="28.85"
num_200DayMovingAverage="27.38"
SharesOutstanding="58005000"
DividendDate="None"
ExDividendDate="None"
symbol="VSTO"
open="28.44"
high="28.70"
low="28.20"
price="28.54"
volume="302208.00"
latest_trading_day="2023-08-25"
previous_close="28.34"
change="0.20"
change_percent="0.7057%"
aroon_positive_momentum_days="79"
aroon_negative_momentum_days="0"
trend_strength="Absent or Weak Trend"
buying_signal="Weak Buy Signal"
volume_analysis="Target Volume"
value_analysis="Expected Range"
Aroon_change="FALSE"
Aroon_momentum="79"
Volume_recent_avg="465303"
Change_recent_avg="0.01"
Delta_recent_avg="0.79"
Variance_recent_avg="0.4"
Change_ratio_recent_avg="0.01"
RSI_change="FALSE"
ADX_change="FALSE"

event="FALSE"
Aroon_signal="positive"
Aroon_change="FALSE"
Aroon_momentum_positive="79"
Aroon_momentum_negative="21"
image_negative_thumbnail_id_1="157"
image_negative_url_1="https://hehge.com/wp-content/uploads/sites/16/2023/05/MI_Finance_Negative_Landscape_0019.jpeg"
image_negative_thumbnail_id_2="126"
image_negative_url_2="https://hehge.com/wp-content/uploads/sites/16/2023/05/MI_Finance_Negative_Landscape_0050.jpeg"
image_neutral_thumbnail_id_1="537"
image_neutral_url_1="https://hehge.com/wp-content/uploads/sites/16/2023/06/MI_Finance_Neutral_Landscape_0062.jpeg"
image_neutral_thumbnail_id_2="590"
image_neutral_url_2="https://hehge.com/wp-content/uploads/sites/16/2023/06/MI_Finance_Neutral_Landscape_0009.jpeg"
image_positive_thumbnail_id_1="979"
image_positive_url_1="https://hehge.com/wp-content/uploads/sites/16/2023/06/MI_Finance_Positive_Landscape_0141.jpeg"
image_positive_thumbnail_id_2="678"
image_positive_url_2="https://hehge.com/wp-content/uploads/sites/16/2023/06/MI_Finance_Positive_Landscape_0030.jpeg"
image_professor_thumbnail_id_1="1172"
image_professor_url_1="https://hehge.com/wp-content/uploads/sites/16/2023/06/MI_Finance_Professor_Landscape_0006.jpeg"
image_professor_thumbnail_id_2="1194"
image_professor_url_2="https://hehge.com/wp-content/uploads/sites/16/2023/06/MI_Finance_Professor_Landscape_0028.jpeg"
