Symbol="OCC"
AssetType="Common Stock"
Name="Optical Cable Corporation"
Description="Optical Cable Corporation manufactures and sells fiber optic and copper data communications cabling and connectivity solutions primarily for the enterprise market in the United States and internationally. The company is headquartered in Roanoke, Virginia."
CIK="1000230"
Exchange="NASDAQ"
Currency="USD"
Country="USA"
Sector="MANUFACTURING"
Industry="DRAWING & INSULATING OF NONFERROUS WIRE"
Address="5290 CONCOURSE DR, ROANOKE, VA, US"
FiscalYearEnd="October"
LatestQuarter="2023-04-30"
MarketCapitalization="30595300"
EBITDA="4395400"
PERatio="7.94"
PEGRatio="0"
BookValue="3.251"
DividendPerShare="0"
DividendYield="0"
EPS="0.49"
RevenuePerShareTTM="9.74"
ProfitMargin="0.0538"
OperatingMarginTTM="0.045"
ReturnOnAssetsTTM="0.0483"
ReturnOnEquityTTM="0.173"
RevenueTTM="75342000"
GrossProfitTTM="20510900"
DilutedEPSTTM="0.49"
QuarterlyEarningsGrowthYOY="0"
QuarterlyRevenueGrowthYOY="0.141"
AnalystTargetPrice="None"
TrailingPE="7.94"
ForwardPE="-"
PriceToSalesRatioTTM="0.45"
PriceToBookRatio="1.422"
EVToRevenue="0.617"
EVToEBITDA="138.52"
Beta="0.599"
num_52WeekHigh="4.85"
num_52WeekLow="3.28"
num_50DayMovingAverage="4.123"
num_200DayMovingAverage="4.003"
SharesOutstanding="7865100"
DividendDate="2015-11-20"
ExDividendDate="2015-10-28"
symbol="OCC"
open="3.95"
high="3.95"
low="3.86"
price="3.89"
volume="5011.00"
latest_trading_day="2023-07-12"
previous_close="3.89"
change="0.00"
change_percent="0.0000%"
aroon_positive_momentum_days="0"
aroon_negative_momentum_days="35"
trend_strength="Absent or Weak Trend"
buying_signal="Strong Sell Signal"
volume_analysis="Target Volume"
value_analysis="Expected Range"
Aroon_change="FALSE"
Aroon_momentum="65"
Volume_recent_avg="6358"
Change_recent_avg="0.01"
Delta_recent_avg="0.13"
Variance_recent_avg="0.07"
Change_ratio_recent_avg="0.02"
RSI_change="FALSE"
ADX_change="FALSE"

event="FALSE"
Aroon_signal="negative"
Aroon_change="FALSE"
Aroon_momentum_positive="65"
Aroon_momentum_negative="35"
image_negative_thumbnail_id_1="1100"
image_negative_url_1="https://hehge.com/wp-content/uploads/sites/16/2023/06/MI_Finance_Negative_Landscape_0133.jpeg"
image_negative_thumbnail_id_2="1103"
image_negative_url_2="https://hehge.com/wp-content/uploads/sites/16/2023/06/MI_Finance_Negative_Landscape_0136.jpeg"
image_neutral_thumbnail_id_1="534"
image_neutral_url_1="https://hehge.com/wp-content/uploads/sites/16/2023/06/MI_Finance_Neutral_Landscape_0065.jpeg"
image_neutral_thumbnail_id_2="553"
image_neutral_url_2="https://hehge.com/wp-content/uploads/sites/16/2023/06/MI_Finance_Neutral_Landscape_0046.jpeg"
image_positive_thumbnail_id_1="1016"
image_positive_url_1="https://hehge.com/wp-content/uploads/sites/16/2023/06/MI_Finance_Positive_Landscape_0178.jpeg"
image_positive_thumbnail_id_2="612"
image_positive_url_2="https://hehge.com/wp-content/uploads/sites/16/2023/06/MI_Finance_Positive_Landscape_0096.jpeg"
image_professor_thumbnail_id_1="1186"
image_professor_url_1="https://hehge.com/wp-content/uploads/sites/16/2023/06/MI_Finance_Professor_Landscape_0020.jpeg"
image_professor_thumbnail_id_2="1185"
image_professor_url_2="https://hehge.com/wp-content/uploads/sites/16/2023/06/MI_Finance_Professor_Landscape_0019.jpeg"
