Symbol="WRAP"
AssetType="Common Stock"
Name="Wrap Technologies Inc"
Description="Wrap Technologies, Inc., a public safety technology and services company, develops policing solutions for law enforcement and security personnel. The company is headquartered in Tempe, Arizona."
CIK="1702924"
Exchange="NASDAQ"
Currency="USD"
Country="USA"
Sector="MANUFACTURING"
Industry="ORDNANCE & ACCESSORIES, (NO VEHICLES/GUIDED MISSILES)"
Address="1817 W 4TH STREET, TEMPE, AZ, US"
FiscalYearEnd="December"
LatestQuarter="2023-06-30"
MarketCapitalization="71662000"
EBITDA="-16019000"
PERatio="None"
PEGRatio="None"
BookValue="0.657"
DividendPerShare="0"
DividendYield="0"
EPS="-0.4"
RevenuePerShareTTM="0.195"
ProfitMargin="0"
OperatingMarginTTM="0"
ReturnOnAssetsTTM="-0.312"
ReturnOnEquityTTM="-0.536"
RevenueTTM="7161000"
GrossProfitTTM="3734000"
DilutedEPSTTM="-0.4"
QuarterlyEarningsGrowthYOY="0"
QuarterlyRevenueGrowthYOY="-0.555"
AnalystTargetPrice="2.5"
TrailingPE="-"
ForwardPE="-"
PriceToSalesRatioTTM="14.4"
PriceToBookRatio="3.817"
EVToRevenue="13.16"
EVToEBITDA="-4.877"
Beta="1.902"
num_52WeekHigh="2.9"
num_52WeekLow="0.95"
num_50DayMovingAverage="1.519"
num_200DayMovingAverage="1.74"
SharesOutstanding="41663900"
DividendDate="None"
ExDividendDate="None"
symbol="WRAP"
open="1.74"
high="1.80"
low="1.68"
price="1.72"
volume="86449.00"
latest_trading_day="2023-08-11"
previous_close="1.78"
change="-0.06"
change_percent="-3.3708%"
aroon_positive_momentum_days="27"
aroon_negative_momentum_days="0"
trend_strength="Absent or Weak Trend"
buying_signal="Weak Buy Signal"
volume_analysis="Target Volume"
value_analysis="Expected Range"
Aroon_change="FALSE"
Aroon_momentum="27"
Volume_recent_avg="118170"
Change_recent_avg="-0.01"
Delta_recent_avg="0.11"
Variance_recent_avg="0.05"
Change_ratio_recent_avg="-0.53"
RSI_change="FALSE"
ADX_change="FALSE"

event="FALSE"
Aroon_signal="positive"
Aroon_change="FALSE"
Aroon_momentum_positive="27"
Aroon_momentum_negative="73"
image_negative_thumbnail_id_1="1104"
image_negative_url_1="https://hehge.com/wp-content/uploads/sites/16/2023/06/MI_Finance_Negative_Landscape_0137.jpeg"
image_negative_thumbnail_id_2="517"
image_negative_url_2="https://hehge.com/wp-content/uploads/sites/16/2023/06/MI_Finance_Negative_Landscape_0088.jpeg"
image_neutral_thumbnail_id_1="536"
image_neutral_url_1="https://hehge.com/wp-content/uploads/sites/16/2023/06/MI_Finance_Neutral_Landscape_0063.jpeg"
image_neutral_thumbnail_id_2="523"
image_neutral_url_2="https://hehge.com/wp-content/uploads/sites/16/2023/06/MI_Finance_Neutral_Landscape_0076.jpeg"
image_positive_thumbnail_id_1="690"
image_positive_url_1="https://hehge.com/wp-content/uploads/sites/16/2023/06/MI_Finance_Positive_Landscape_0018.jpeg"
image_positive_thumbnail_id_2="1010"
image_positive_url_2="https://hehge.com/wp-content/uploads/sites/16/2023/06/MI_Finance_Positive_Landscape_0172.jpeg"
image_professor_thumbnail_id_1="1188"
image_professor_url_1="https://hehge.com/wp-content/uploads/sites/16/2023/06/MI_Finance_Professor_Landscape_0022.jpeg"
image_professor_thumbnail_id_2="1173"
image_professor_url_2="https://hehge.com/wp-content/uploads/sites/16/2023/06/MI_Finance_Professor_Landscape_0007.jpeg"
