Symbol="WRAP"
AssetType="Common Stock"
Name="Wrap Technologies Inc"
Description="Wrap Technologies, Inc., a public safety technology and services company, develops policing solutions for law enforcement and security personnel. The company is headquartered in Tempe, Arizona."
CIK="1702924"
Exchange="NASDAQ"
Currency="USD"
Country="USA"
Sector="MANUFACTURING"
Industry="ORDNANCE & ACCESSORIES, (NO VEHICLES/GUIDED MISSILES)"
Address="1817 W 4TH STREET, TEMPE, AZ, US"
FiscalYearEnd="December"
LatestQuarter="2023-06-30"
MarketCapitalization="73903000"
EBITDA="-14909000"
PERatio="None"
PEGRatio="None"
BookValue="0.472"
DividendPerShare="0"
DividendYield="0"
EPS="-0.37"
RevenuePerShareTTM="0.174"
ProfitMargin="-2.283"
OperatingMarginTTM="-2.18"
ReturnOnAssetsTTM="-0.294"
ReturnOnEquityTTM="-0.624"
RevenueTTM="7198000"
GrossProfitTTM="3734000"
DilutedEPSTTM="-0.37"
QuarterlyEarningsGrowthYOY="0"
QuarterlyRevenueGrowthYOY="0.032"
AnalystTargetPrice="2.5"
TrailingPE="-"
ForwardPE="-"
PriceToSalesRatioTTM="14.4"
PriceToBookRatio="3.817"
EVToRevenue="13.16"
EVToEBITDA="-4.877"
Beta="1.902"
num_52WeekHigh="2.9"
num_52WeekLow="0.95"
num_50DayMovingAverage="1.655"
num_200DayMovingAverage="1.767"
SharesOutstanding="43218400"
DividendDate="None"
ExDividendDate="None"
symbol="WRAP"
open="1.73"
high="1.75"
low="1.67"
price="1.74"
volume="78669.00"
latest_trading_day="2023-08-31"
previous_close="1.71"
change="0.03"
change_percent="1.7544%"
aroon_positive_momentum_days="41"
aroon_negative_momentum_days="0"
trend_strength="Absent or Weak Trend"
buying_signal="Weak Buy Signal"
volume_analysis="Target Volume"
value_analysis="Expected Range"
Aroon_change="FALSE"
Aroon_momentum="41"
Volume_recent_avg="125906"
Change_recent_avg="0.01"
Delta_recent_avg="0.11"
Variance_recent_avg="0.05"
Change_ratio_recent_avg="-0.36"
RSI_change="FALSE"
ADX_change="FALSE"

event="FALSE"
Aroon_signal="positive"
Aroon_change="FALSE"
Aroon_momentum_positive="41"
Aroon_momentum_negative="59"
image_negative_thumbnail_id_1="115"
image_negative_url_1="https://hehge.com/wp-content/uploads/sites/16/2023/05/MI_Finance_Negative_Landscape_0061.jpeg"
image_negative_thumbnail_id_2="138"
image_negative_url_2="https://hehge.com/wp-content/uploads/sites/16/2023/05/MI_Finance_Negative_Landscape_0038.jpeg"
image_neutral_thumbnail_id_1="543"
image_neutral_url_1="https://hehge.com/wp-content/uploads/sites/16/2023/06/MI_Finance_Neutral_Landscape_0056.jpeg"
image_neutral_thumbnail_id_2="547"
image_neutral_url_2="https://hehge.com/wp-content/uploads/sites/16/2023/06/MI_Finance_Neutral_Landscape_0052.jpeg"
image_positive_thumbnail_id_1="607"
image_positive_url_1="https://hehge.com/wp-content/uploads/sites/16/2023/06/MI_Finance_Positive_Landscape_0101.jpeg"
image_positive_thumbnail_id_2="683"
image_positive_url_2="https://hehge.com/wp-content/uploads/sites/16/2023/06/MI_Finance_Positive_Landscape_0025.jpeg"
image_professor_thumbnail_id_1="1182"
image_professor_url_1="https://hehge.com/wp-content/uploads/sites/16/2023/06/MI_Finance_Professor_Landscape_0016.jpeg"
image_professor_thumbnail_id_2="1197"
image_professor_url_2="https://hehge.com/wp-content/uploads/sites/16/2023/06/MI_Finance_Professor_Landscape_0031.jpeg"
