Symbol="WRAP"
AssetType="Common Stock"
Name="Wrap Technologies Inc"
Description="Wrap Technologies, Inc., a public safety technology and services company, develops policing solutions for law enforcement and security personnel. The company is headquartered in Tempe, Arizona."
CIK="1702924"
Exchange="NASDAQ"
Currency="USD"
Country="USA"
Sector="MANUFACTURING"
Industry="ORDNANCE & ACCESSORIES, (NO VEHICLES/GUIDED MISSILES)"
Address="1817 W 4TH STREET, TEMPE, AZ, US"
FiscalYearEnd="December"
LatestQuarter="2023-03-31"
MarketCapitalization="63954000"
EBITDA="-16019000"
PERatio="None"
PEGRatio="None"
BookValue="0.571"
DividendPerShare="0"
DividendYield="0"
EPS="-0.41"
RevenuePerShareTTM="0.173"
ProfitMargin="-2.264"
OperatingMarginTTM="-2.346"
ReturnOnAssetsTTM="-0.312"
ReturnOnEquityTTM="-0.536"
RevenueTTM="7161000"
GrossProfitTTM="3734000"
DilutedEPSTTM="-0.41"
QuarterlyEarningsGrowthYOY="0"
QuarterlyRevenueGrowthYOY="-0.555"
AnalystTargetPrice="2.5"
TrailingPE="-"
ForwardPE="-"
PriceToSalesRatioTTM="14.4"
PriceToBookRatio="3.817"
EVToRevenue="13.16"
EVToEBITDA="-4.877"
Beta="1.869"
num_52WeekHigh="2.9"
num_52WeekLow="0.95"
num_50DayMovingAverage="1.242"
num_200DayMovingAverage="1.715"
SharesOutstanding="41663900"
DividendDate="None"
ExDividendDate="None"
symbol="WRAP"
open="1.60"
high="1.61"
low="1.50"
price="1.51"
volume="85523.00"
latest_trading_day="2023-07-14"
previous_close="1.59"
change="-0.08"
change_percent="-5.0314%"
aroon_positive_momentum_days="8"
aroon_negative_momentum_days="0"
trend_strength="Absent or Weak Trend"
buying_signal="Weak Buy Signal"
volume_analysis="Target Volume"
value_analysis="Expected Range"
Aroon_change="FALSE"
Aroon_momentum="8"
Volume_recent_avg="102303"
Change_recent_avg="-0.02"
Delta_recent_avg="0.11"
Variance_recent_avg="0.06"
Change_ratio_recent_avg="-1.05"
RSI_change="FALSE"
ADX_change="FALSE"

event="FALSE"
Aroon_signal="positive"
Aroon_change="FALSE"
Aroon_momentum_positive="8"
Aroon_momentum_negative="92"
image_negative_thumbnail_id_1="156"
image_negative_url_1="https://hehge.com/wp-content/uploads/sites/16/2023/05/MI_Finance_Negative_Landscape_0020.jpeg"
image_negative_thumbnail_id_2="127"
image_negative_url_2="https://hehge.com/wp-content/uploads/sites/16/2023/05/MI_Finance_Negative_Landscape_0049.jpeg"
image_neutral_thumbnail_id_1="527"
image_neutral_url_1="https://hehge.com/wp-content/uploads/sites/16/2023/06/MI_Finance_Neutral_Landscape_0072.jpeg"
image_neutral_thumbnail_id_2="530"
image_neutral_url_2="https://hehge.com/wp-content/uploads/sites/16/2023/06/MI_Finance_Neutral_Landscape_0069.jpeg"
image_positive_thumbnail_id_1="957"
image_positive_url_1="https://hehge.com/wp-content/uploads/sites/16/2023/06/MI_Finance_Positive_Landscape_0119.jpeg"
image_positive_thumbnail_id_2="671"
image_positive_url_2="https://hehge.com/wp-content/uploads/sites/16/2023/06/MI_Finance_Positive_Landscape_0037.jpeg"
image_professor_thumbnail_id_1="1178"
image_professor_url_1="https://hehge.com/wp-content/uploads/sites/16/2023/06/MI_Finance_Professor_Landscape_0012.jpeg"
image_professor_thumbnail_id_2="1184"
image_professor_url_2="https://hehge.com/wp-content/uploads/sites/16/2023/06/MI_Finance_Professor_Landscape_0018.jpeg"
