Symbol="PLXS"
AssetType="Common Stock"
Name="Plexus Corp"
Description="Plexus Corp. The company is headquartered in Neenah, Wisconsin."
CIK="785786"
Exchange="NASDAQ"
Currency="USD"
Country="USA"
Sector="MANUFACTURING"
Industry="PRINTED CIRCUIT BOARDS"
Address="PLEXUS CORP, ONE PLEXUS WAY, NEENAH, WI, US"
FiscalYearEnd="September"
LatestQuarter="2023-06-30"
MarketCapitalization="2734919000"
EBITDA="295164000"
PERatio="18.57"
PEGRatio="1.61"
BookValue="43.07"
DividendPerShare="0"
DividendYield="0"
EPS="5.36"
RevenuePerShareTTM="155.93"
ProfitMargin="0.0346"
OperatingMarginTTM="0.0529"
ReturnOnAssetsTTM="0.043"
ReturnOnEquityTTM="0.133"
RevenueTTM="4310206000"
GrossProfitTTM="347229000"
DilutedEPSTTM="5.36"
QuarterlyEarningsGrowthYOY="-0.579"
QuarterlyRevenueGrowthYOY="0.041"
AnalystTargetPrice="106.8"
TrailingPE="18.57"
ForwardPE="-"
PriceToSalesRatioTTM="0.783"
PriceToBookRatio="2.68"
EVToRevenue="0.829"
EVToEBITDA="13.33"
Beta="1.108"
num_52WeekHigh="115.36"
num_52WeekLow="83.84"
num_50DayMovingAverage="98.0"
num_200DayMovingAverage="98.39"
SharesOutstanding="27481100"
DividendDate="None"
ExDividendDate="None"
symbol="PLXS"
open="99.64"
high="100.36"
low="98.52"
price="99.52"
volume="52003.00"
latest_trading_day="2023-08-25"
previous_close="99.48"
change="0.04"
change_percent="0.0402%"
aroon_positive_momentum_days="40"
aroon_negative_momentum_days="0"
trend_strength="Absent or Weak Trend"
buying_signal="Weak Buy Signal"
volume_analysis="Target Volume"
value_analysis="Expected Range"
Aroon_change="FALSE"
Aroon_momentum="40"
Volume_recent_avg="119793"
Change_recent_avg="0.08"
Delta_recent_avg="1.98"
Variance_recent_avg="0.99"
Change_ratio_recent_avg="0.07"
RSI_change="FALSE"
ADX_change="FALSE"

event="FALSE"
Aroon_signal="positive"
Aroon_change="FALSE"
Aroon_momentum_positive="40"
Aroon_momentum_negative="60"
image_negative_thumbnail_id_1="132"
image_negative_url_1="https://hehge.com/wp-content/uploads/sites/16/2023/05/MI_Finance_Negative_Landscape_0044.jpeg"
image_negative_thumbnail_id_2="98"
image_negative_url_2="https://hehge.com/wp-content/uploads/sites/16/2023/05/MI_Finance_Negative_Landscape_0078.jpeg"
image_neutral_thumbnail_id_1="540"
image_neutral_url_1="https://hehge.com/wp-content/uploads/sites/16/2023/06/MI_Finance_Neutral_Landscape_0059.jpeg"
image_neutral_thumbnail_id_2="581"
image_neutral_url_2="https://hehge.com/wp-content/uploads/sites/16/2023/06/MI_Finance_Neutral_Landscape_0018.jpeg"
image_positive_thumbnail_id_1="626"
image_positive_url_1="https://hehge.com/wp-content/uploads/sites/16/2023/06/MI_Finance_Positive_Landscape_0082.jpeg"
image_positive_thumbnail_id_2="687"
image_positive_url_2="https://hehge.com/wp-content/uploads/sites/16/2023/06/MI_Finance_Positive_Landscape_0021.jpeg"
image_professor_thumbnail_id_1="1176"
image_professor_url_1="https://hehge.com/wp-content/uploads/sites/16/2023/06/MI_Finance_Professor_Landscape_0010.jpeg"
image_professor_thumbnail_id_2="1198"
image_professor_url_2="https://hehge.com/wp-content/uploads/sites/16/2023/06/MI_Finance_Professor_Landscape_0032.jpeg"
