Symbol="AXTI"
AssetType="Common Stock"
Name="AXT Inc"
Description="AXT, Inc. designs, develops, manufactures and distributes single element and composite semiconductor substrates. The company is headquartered in Fremont, California."
CIK="1051627"
Exchange="NASDAQ"
Currency="USD"
Country="USA"
Sector="MANUFACTURING"
Industry="SEMICONDUCTORS & RELATED DEVICES"
Address="4281 TECHNOLOGY DR., FREMONT, CA, US"
FiscalYearEnd="December"
LatestQuarter="2023-06-30"
MarketCapitalization="113326000"
EBITDA="651000"
PERatio="11.82"
PEGRatio="3.77"
BookValue="4.827"
DividendPerShare="0"
DividendYield="0"
EPS="0.22"
RevenuePerShareTTM="2.358"
ProfitMargin="-0.0134"
OperatingMarginTTM="-0.0772"
ReturnOnAssetsTTM="-0.0136"
ReturnOnEquityTTM="-0.0028"
RevenueTTM="99978000"
GrossProfitTTM="52121000"
DilutedEPSTTM="0.22"
QuarterlyEarningsGrowthYOY="-0.571"
QuarterlyRevenueGrowthYOY="-0.529"
AnalystTargetPrice="4.46"
TrailingPE="11.82"
ForwardPE="13.89"
PriceToSalesRatioTTM="1.349"
PriceToBookRatio="1.013"
EVToRevenue="1.478"
EVToEBITDA="8.1"
Beta="1.991"
num_52WeekHigh="9.78"
num_52WeekLow="2.47"
num_50DayMovingAverage="3.169"
num_200DayMovingAverage="4.127"
SharesOutstanding="43586900"
DividendDate="None"
ExDividendDate="None"
symbol="AXTI"
open="2.66"
high="2.66"
low="2.59"
price="2.60"
volume="179166.00"
latest_trading_day="2023-08-11"
previous_close="2.66"
change="-0.06"
change_percent="-2.2556%"
aroon_positive_momentum_days="0"
aroon_negative_momentum_days="79"
trend_strength="Absent or Weak Trend"
buying_signal="Weak Sell Signal"
volume_analysis="Target Volume"
value_analysis="Expected Range"
Aroon_change="FALSE"
Aroon_momentum="21"
Volume_recent_avg="388299"
Change_recent_avg="-0.01"
Delta_recent_avg="0.17"
Variance_recent_avg="0.08"
Change_ratio_recent_avg="-0.23"
RSI_change="FALSE"
ADX_change="FALSE"

event="FALSE"
Aroon_signal="negative"
Aroon_change="FALSE"
Aroon_momentum_positive="21"
Aroon_momentum_negative="79"
image_negative_thumbnail_id_1="501"
image_negative_url_1="https://hehge.com/wp-content/uploads/sites/16/2023/06/MI_Finance_Negative_Landscape_0104.jpeg"
image_negative_thumbnail_id_2="151"
image_negative_url_2="https://hehge.com/wp-content/uploads/sites/16/2023/05/MI_Finance_Negative_Landscape_0025.jpeg"
image_neutral_thumbnail_id_1="565"
image_neutral_url_1="https://hehge.com/wp-content/uploads/sites/16/2023/06/MI_Finance_Neutral_Landscape_0034.jpeg"
image_neutral_thumbnail_id_2="558"
image_neutral_url_2="https://hehge.com/wp-content/uploads/sites/16/2023/06/MI_Finance_Neutral_Landscape_0041.jpeg"
image_positive_thumbnail_id_1="675"
image_positive_url_1="https://hehge.com/wp-content/uploads/sites/16/2023/06/MI_Finance_Positive_Landscape_0033.jpeg"
image_positive_thumbnail_id_2="669"
image_positive_url_2="https://hehge.com/wp-content/uploads/sites/16/2023/06/MI_Finance_Positive_Landscape_0039.jpeg"
image_professor_thumbnail_id_1="1184"
image_professor_url_1="https://hehge.com/wp-content/uploads/sites/16/2023/06/MI_Finance_Professor_Landscape_0018.jpeg"
image_professor_thumbnail_id_2="1199"
image_professor_url_2="https://hehge.com/wp-content/uploads/sites/16/2023/06/MI_Finance_Professor_Landscape_0033.jpeg"
