Symbol="AXTI"
AssetType="Common Stock"
Name="AXT Inc"
Description="AXT, Inc. designs, develops, manufactures and distributes single element and composite semiconductor substrates. The company is headquartered in Fremont, California."
CIK="1051627"
Exchange="NASDAQ"
Currency="USD"
Country="USA"
Sector="MANUFACTURING"
Industry="SEMICONDUCTORS & RELATED DEVICES"
Address="4281 TECHNOLOGY DR., FREMONT, CA, US"
FiscalYearEnd="December"
LatestQuarter="2023-03-31"
MarketCapitalization="128581000"
EBITDA="12672000"
PERatio="13.41"
PEGRatio="3.77"
BookValue="5.08"
DividendPerShare="0"
DividendYield="0"
EPS="0.22"
RevenuePerShareTTM="2.86"
ProfitMargin="0.0769"
OperatingMarginTTM="0.0366"
ReturnOnAssetsTTM="0.0078"
ReturnOnEquityTTM="0.0386"
RevenueTTM="120870000"
GrossProfitTTM="52121000"
DilutedEPSTTM="0.22"
QuarterlyEarningsGrowthYOY="-0.571"
QuarterlyRevenueGrowthYOY="-0.511"
AnalystTargetPrice="5.49"
TrailingPE="13.41"
ForwardPE="13.89"
PriceToSalesRatioTTM="1.349"
PriceToBookRatio="1.013"
EVToRevenue="1.478"
EVToEBITDA="8.1"
Beta="2.009"
num_52WeekHigh="9.94"
num_52WeekLow="2.47"
num_50DayMovingAverage="3.299"
num_200DayMovingAverage="4.318"
SharesOutstanding="43586900"
DividendDate="None"
ExDividendDate="None"
symbol="AXTI"
open="2.91"
high="3.05"
low="2.90"
price="2.95"
volume="349105.00"
latest_trading_day="2023-07-18"
previous_close="2.94"
change="0.01"
change_percent="0.3401%"
aroon_positive_momentum_days="17"
aroon_negative_momentum_days="0"
trend_strength="Absent or Weak Trend"
buying_signal="Weak Buy Signal"
volume_analysis="Target Volume"
value_analysis="Expected Range"
Aroon_change="FALSE"
Aroon_momentum="17"
Volume_recent_avg="380227"
Change_recent_avg="-0.01"
Delta_recent_avg="0.18"
Variance_recent_avg="0.09"
Change_ratio_recent_avg="-0.36"
RSI_change="FALSE"
ADX_change="FALSE"

event="FALSE"
Aroon_signal="positive"
Aroon_change="FALSE"
Aroon_momentum_positive="17"
Aroon_momentum_negative="83"
image_negative_thumbnail_id_1="1113"
image_negative_url_1="https://hehge.com/wp-content/uploads/sites/16/2023/06/MI_Finance_Negative_Landscape_0146.jpeg"
image_negative_thumbnail_id_2="1135"
image_negative_url_2="https://hehge.com/wp-content/uploads/sites/16/2023/06/MI_Finance_Negative_Landscape_0168.jpeg"
image_neutral_thumbnail_id_1="555"
image_neutral_url_1="https://hehge.com/wp-content/uploads/sites/16/2023/06/MI_Finance_Neutral_Landscape_0044.jpeg"
image_neutral_thumbnail_id_2="523"
image_neutral_url_2="https://hehge.com/wp-content/uploads/sites/16/2023/06/MI_Finance_Neutral_Landscape_0076.jpeg"
image_positive_thumbnail_id_1="953"
image_positive_url_1="https://hehge.com/wp-content/uploads/sites/16/2023/06/MI_Finance_Positive_Landscape_0115.jpeg"
image_positive_thumbnail_id_2="973"
image_positive_url_2="https://hehge.com/wp-content/uploads/sites/16/2023/06/MI_Finance_Positive_Landscape_0135.jpeg"
image_professor_thumbnail_id_1="1183"
image_professor_url_1="https://hehge.com/wp-content/uploads/sites/16/2023/06/MI_Finance_Professor_Landscape_0017.jpeg"
image_professor_thumbnail_id_2="1179"
image_professor_url_2="https://hehge.com/wp-content/uploads/sites/16/2023/06/MI_Finance_Professor_Landscape_0013.jpeg"
