Symbol="AOUT"
AssetType="Common Stock"
Name="American Outdoor Brands Inc"
Description="American Outdoor Brands, Inc. provides outdoor products and accessories for outdoor enthusiasts in the United States and internationally. The company is headquartered in Columbia, Missouri."
CIK="1808997"
Exchange="NASDAQ"
Currency="USD"
Country="USA"
Sector="MANUFACTURING"
Industry="SPORTING & ATHLETIC GOODS, NEC"
Address="1800 NORTH ROUTE Z, COLUMBIA, MO, US"
FiscalYearEnd="April"
LatestQuarter="2023-04-30"
MarketCapitalization="111750000"
EBITDA="3858000"
PERatio="None"
PEGRatio="None"
BookValue="14.5"
DividendPerShare="0"
DividendYield="0"
EPS="-6.52"
RevenuePerShareTTM="14.3"
ProfitMargin="-0.0629"
OperatingMarginTTM="-0.0662"
ReturnOnAssetsTTM="-0.0303"
ReturnOnEquityTTM="-0.0609"
RevenueTTM="191209000"
GrossProfitTTM="88064000"
DilutedEPSTTM="-6.52"
QuarterlyEarningsGrowthYOY="-0.914"
QuarterlyRevenueGrowthYOY="-0.08"
AnalystTargetPrice="12.17"
TrailingPE="-"
ForwardPE="19.92"
PriceToSalesRatioTTM="0.633"
PriceToBookRatio="0.681"
EVToRevenue="0.768"
EVToEBITDA="-3.072"
Beta="0.338"
num_52WeekHigh="11.6"
num_52WeekLow="6.97"
num_50DayMovingAverage="8.06"
num_200DayMovingAverage="9.18"
SharesOutstanding="13178100"
DividendDate="None"
ExDividendDate="None"
symbol="AOUT"
open="8.49"
high="8.79"
low="8.49"
price="8.60"
volume="90870.00"
latest_trading_day="2023-07-11"
previous_close="8.48"
change="0.12"
change_percent="1.4151%"
aroon_positive_momentum_days="0"
aroon_negative_momentum_days="95"
trend_strength="Absent or Weak Trend"
buying_signal="Weak Sell Signal"
volume_analysis="Target Volume"
value_analysis="Expected Range"
Aroon_change="FALSE"
Aroon_momentum="5"
Volume_recent_avg="32894"
Change_recent_avg="-0.02"
Delta_recent_avg="0.38"
Variance_recent_avg="0.19"
Change_ratio_recent_avg="-0.24"
RSI_change="FALSE"
ADX_change="FALSE"

event="FALSE"
Aroon_signal="negative"
Aroon_change="FALSE"
Aroon_momentum_positive="5"
Aroon_momentum_negative="95"
image_negative_thumbnail_id_1="507"
image_negative_url_1="https://hehge.com/wp-content/uploads/sites/16/2023/06/MI_Finance_Negative_Landscape_0098.jpeg"
image_negative_thumbnail_id_2="120"
image_negative_url_2="https://hehge.com/wp-content/uploads/sites/16/2023/05/MI_Finance_Negative_Landscape_0056.jpeg"
image_neutral_thumbnail_id_1="568"
image_neutral_url_1="https://hehge.com/wp-content/uploads/sites/16/2023/06/MI_Finance_Neutral_Landscape_0031.jpeg"
image_neutral_thumbnail_id_2="522"
image_neutral_url_2="https://hehge.com/wp-content/uploads/sites/16/2023/06/MI_Finance_Neutral_Landscape_0077.jpeg"
image_positive_thumbnail_id_1="1015"
image_positive_url_1="https://hehge.com/wp-content/uploads/sites/16/2023/06/MI_Finance_Positive_Landscape_0177.jpeg"
image_positive_thumbnail_id_2="666"
image_positive_url_2="https://hehge.com/wp-content/uploads/sites/16/2023/06/MI_Finance_Positive_Landscape_0042.jpeg"
image_professor_thumbnail_id_1="1184"
image_professor_url_1="https://hehge.com/wp-content/uploads/sites/16/2023/06/MI_Finance_Professor_Landscape_0018.jpeg"
image_professor_thumbnail_id_2="1204"
image_professor_url_2="https://hehge.com/wp-content/uploads/sites/16/2023/06/MI_Finance_Professor_Landscape_0038.jpeg"
