Symbol="TWNK"
AssetType="Common Stock"
Name="Hostess Brands Inc"
Description="Hostess Brands, Inc., a packaged food company, develops, manufactures, markets, sells and distributes snack food products in the United States. The company is headquartered in Lenexa, Kansas."
CIK="1644406"
Exchange="NASDAQ"
Currency="USD"
Country="USA"
Sector="MANUFACTURING"
Industry="BAKERY PRODUCTS"
Address="1 EAST ARMOUR BOULEVARD, KANSAS CITY, MO, US"
FiscalYearEnd="December"
LatestQuarter="2023-03-31"
MarketCapitalization="3159173000"
EBITDA="280480000"
PERatio="19.65"
PEGRatio="1.373"
BookValue="13.65"
DividendPerShare="0"
DividendYield="0"
EPS="1.21"
RevenuePerShareTTM="10.12"
ProfitMargin="0.122"
OperatingMarginTTM="0.163"
ReturnOnAssetsTTM="0.0396"
ReturnOnEquityTTM="0.0939"
RevenueTTM="1371559000"
GrossProfitTTM="465679000"
DilutedEPSTTM="1.21"
QuarterlyEarningsGrowthYOY="0.123"
QuarterlyRevenueGrowthYOY="0.04"
AnalystTargetPrice="29.22"
TrailingPE="19.65"
ForwardPE="20.75"
PriceToSalesRatioTTM="2.356"
PriceToBookRatio="1.785"
EVToRevenue="3.1"
EVToEBITDA="13.2"
Beta="0.626"
num_52WeekHigh="29"
num_52WeekLow="21.09"
num_50DayMovingAverage="25.28"
num_200DayMovingAverage="24.8"
SharesOutstanding="132850000"
DividendDate="None"
ExDividendDate="None"
symbol="TWNK"
open="23.61"
high="23.85"
low="23.18"
price="23.23"
volume="2046002.00"
latest_trading_day="2023-08-02"
previous_close="23.64"
change="-0.41"
change_percent="-1.7343%"
aroon_positive_momentum_days="0"
aroon_negative_momentum_days="12"
trend_strength="Absent or Weak Trend"
buying_signal="Strong Sell Signal"
volume_analysis="Target Volume"
value_analysis="Expected Range"
Aroon_change="FALSE"
Aroon_momentum="88"
Volume_recent_avg="855269"
Change_recent_avg="-0.01"
Delta_recent_avg="0.51"
Variance_recent_avg="0.26"
Change_ratio_recent_avg="-0.04"
RSI_change="FALSE"
ADX_change="FALSE"

event="FALSE"
Aroon_signal="negative"
Aroon_change="FALSE"
Aroon_momentum_positive="88"
Aroon_momentum_negative="12"
image_negative_thumbnail_id_1="170"
image_negative_url_1="https://hehge.com/wp-content/uploads/sites/16/2023/05/MI_Finance_Negative_Landscape_0006.jpeg"
image_negative_thumbnail_id_2="127"
image_negative_url_2="https://hehge.com/wp-content/uploads/sites/16/2023/05/MI_Finance_Negative_Landscape_0049.jpeg"
image_neutral_thumbnail_id_1="591"
image_neutral_url_1="https://hehge.com/wp-content/uploads/sites/16/2023/06/MI_Finance_Neutral_Landscape_0008.jpeg"
image_neutral_thumbnail_id_2="598"
image_neutral_url_2="https://hehge.com/wp-content/uploads/sites/16/2023/06/MI_Finance_Neutral_Landscape_0001.jpeg"
image_positive_thumbnail_id_1="987"
image_positive_url_1="https://hehge.com/wp-content/uploads/sites/16/2023/06/MI_Finance_Positive_Landscape_0149.jpeg"
image_positive_thumbnail_id_2="993"
image_positive_url_2="https://hehge.com/wp-content/uploads/sites/16/2023/06/MI_Finance_Positive_Landscape_0155.jpeg"
image_professor_thumbnail_id_1="1185"
image_professor_url_1="https://hehge.com/wp-content/uploads/sites/16/2023/06/MI_Finance_Professor_Landscape_0019.jpeg"
image_professor_thumbnail_id_2="1190"
image_professor_url_2="https://hehge.com/wp-content/uploads/sites/16/2023/06/MI_Finance_Professor_Landscape_0024.jpeg"
