Symbol="LMT"
AssetType="Common Stock"
Name="Lockheed Martin Corporation"
Description="Lockheed Martin Corporation is an American aerospace, defense, information security, and technology company with worldwide interests. It is headquartered in North Bethesda, Maryland, in the Washington, D.C., area."
CIK="936468"
Exchange="NYSE"
Currency="USD"
Country="USA"
Sector="MANUFACTURING"
Industry="GUIDED MISSILES & SPACE VEHICLES & PARTS"
Address="6801 ROCKLEDGE DR, BETHESDA, MD, US"
FiscalYearEnd="December"
LatestQuarter="2023-06-30"
MarketCapitalization="111707400000"
EBITDA="10301000000"
PERatio="16.45"
PEGRatio="3.585"
BookValue="36.81"
DividendPerShare="11.8"
DividendYield="0.0267"
EPS="27.36"
RevenuePerShareTTM="262.18"
ProfitMargin="0.105"
OperatingMarginTTM="0.136"
ReturnOnAssetsTTM="0.105"
ReturnOnEquityTTM="68.31"
RevenueTTM="67392999000"
GrossProfitTTM="8387000000"
DilutedEPSTTM="27.26"
QuarterlyEarningsGrowthYOY="4.716"
QuarterlyRevenueGrowthYOY="0.081"
AnalystTargetPrice="502.85"
TrailingPE="16.39"
ForwardPE="17.95"
PriceToSalesRatioTTM="1.939"
PriceToBookRatio="10.63"
EVToRevenue="2.104"
EVToEBITDA="15.34"
Beta="0.647"
num_52WeekHigh="504.7"
num_52WeekLow="374.29"
num_50DayMovingAverage="455.94"
num_200DayMovingAverage="468.15"
SharesOutstanding="251831000"
DividendDate="2023-09-22"
ExDividendDate="2023-08-31"
symbol="LMT"
open="445.42"
high="455.37"
low="445.38"
price="450.06"
volume="1075714.00"
latest_trading_day="2023-08-18"
previous_close="446.68"
change="3.38"
change_percent="0.7567%"
aroon_positive_momentum_days="46"
aroon_negative_momentum_days="0"
trend_strength="Absent or Weak Trend"
buying_signal="Weak Buy Signal"
volume_analysis="Target Volume"
value_analysis="Expected Range"
Aroon_change="FALSE"
Aroon_momentum="46"
Volume_recent_avg="1049808"
Change_recent_avg="-0.33"
Delta_recent_avg="6.45"
Variance_recent_avg="3.22"
Change_ratio_recent_avg="-0.08"
RSI_change="FALSE"
ADX_change="FALSE"

event="FALSE"
Aroon_signal="positive"
Aroon_change="FALSE"
Aroon_momentum_positive="46"
Aroon_momentum_negative="54"
image_negative_thumbnail_id_1="1146"
image_negative_url_1="https://hehge.com/wp-content/uploads/sites/16/2023/06/MI_Finance_Negative_Landscape_0179.jpeg"
image_negative_thumbnail_id_2="1151"
image_negative_url_2="https://hehge.com/wp-content/uploads/sites/16/2023/06/MI_Finance_Negative_Landscape_0184.jpeg"
image_neutral_thumbnail_id_1="576"
image_neutral_url_1="https://hehge.com/wp-content/uploads/sites/16/2023/06/MI_Finance_Neutral_Landscape_0023.jpeg"
image_neutral_thumbnail_id_2="534"
image_neutral_url_2="https://hehge.com/wp-content/uploads/sites/16/2023/06/MI_Finance_Neutral_Landscape_0065.jpeg"
image_positive_thumbnail_id_1="954"
image_positive_url_1="https://hehge.com/wp-content/uploads/sites/16/2023/06/MI_Finance_Positive_Landscape_0116.jpeg"
image_positive_thumbnail_id_2="679"
image_positive_url_2="https://hehge.com/wp-content/uploads/sites/16/2023/06/MI_Finance_Positive_Landscape_0029.jpeg"
image_professor_thumbnail_id_1="1176"
image_professor_url_1="https://hehge.com/wp-content/uploads/sites/16/2023/06/MI_Finance_Professor_Landscape_0010.jpeg"
image_professor_thumbnail_id_2="1179"
image_professor_url_2="https://hehge.com/wp-content/uploads/sites/16/2023/06/MI_Finance_Professor_Landscape_0013.jpeg"
